[2026-05-19 19:09:57] START: Dataset Creation Run
[2026-05-19 19:09:57] Loading config from /Users/rabinatwayana/2_CDE_MT/CL/CDE_Master_Thesis_Wildfire_CL/dataset_creation/output_events_yaml/manual_selected_events_2022_viirs_nan.yaml
[2026-05-19 19:09:57] Using key file: key/gcloud_key.json
[2026-05-19 19:09:57] Using service account: None
[2026-05-19 19:09:57] Using VIIRS AF asset path: projects/wsts-dataset-creation/assets/viirs_snpp_fire_archive_jun2016_apr2026
[2026-05-19 19:09:57] START: Earth Engine Initialization
[2026-05-19 19:10:00] VIIRS AF asset accessible: projects/wsts-dataset-creation/assets/viirs_snpp_fire_archive_jun2016_apr2026
[2026-05-19 19:10:00] END: Earth Engine Initialization (Duration: 2.30s)
[2026-05-19 19:10:00] Total fire events to process: 11
[2026-05-19 19:10:00] =======Config=============
[2026-05-19 19:10:00] output_bucket: wsts_dataset
[2026-05-19 19:10:00] global_degree_bbox_size: 1.0
[2026-05-19 19:10:00] year: 2021
[2026-05-19 19:10:00] export_crs: EPSG:5070
[2026-05-19 19:10:00] export_resolution: 375
[2026-05-19 19:10:00] pre_buffer_days: 0
[2026-05-19 19:10:00] post_buffer_days: 0
[2026-05-19 19:10:00] START: ----------Event fire_150-----------
[2026-05-19 19:10:00] ------ Processing date=2022-07-25 ------
[2026-05-19 19:10:00] Using viirs_af_path: viirs_af_path
[2026-05-19 19:10:00] VIIRS Image Date: ['2022-07-25 00:00:00']
[2026-05-19 19:10:01] Weather image size: 1
[2026-05-19 19:10:01] Forecast duration: 2022-07-26 00:00:00 to 2022-07-27 00:00:00
[2026-05-19 19:10:02] Number of forecast images: 24
[2026-05-19 19:10:02] Using forecast run: 2022-07-25 18:00:00 UTC
[2026-05-19 19:10:03] Forecast Rain Available hours: [6, 7, 8, 9, 10, 11, 12, 13, 14, 15, 16, 17, 18, 19, 20, 21, 22, 23, 24, 25, 26, 27, 28, 29]
[2026-05-19 19:10:03] Valid hours for sum: [12, 18, 24, 29]
[2026-05-19 19:10:06] Drought composite end date: 2022-07-24 06:00:00
[2026-05-19 19:10:06] Land cover year: 2021
[2026-05-19 19:10:08] VIIRS Veg composite: 2022-07-04 → 2022-07-20
[2026-05-19 19:10:12] Started export task: fire_150_static
[2026-05-19 19:10:12] Started export task: fire_150_dynamic_2022-07-25
[2026-05-19 19:10:13] ------ Processing date=2022-07-26 ------
[2026-05-19 19:10:13] Using viirs_af_path: viirs_af_path
[2026-05-19 19:10:14] VIIRS Image Date: ['2022-07-26 00:00:00']
[2026-05-19 19:10:14] *** ERROR FLAG ***: VIIRS: data exists for 2022-07-26 but all pixels NaN → attempting interpolation...
[2026-05-19 19:10:24] VIIRS interpolation gap: 2022-07-25 → 2022-08-11 (17 days apart)
[2026-05-19 19:10:24] VIIRS interpolated: prev=2022-07-25, next=2022-08-11, weight=0.059
[2026-05-19 19:10:25] Weather image size: 1
[2026-05-19 19:10:25] Forecast duration: 2022-07-27 00:00:00 to 2022-07-28 00:00:00
[2026-05-19 19:10:26] Number of forecast images: 24
[2026-05-19 19:10:26] Using forecast run: 2022-07-26 18:00:00 UTC
[2026-05-19 19:10:27] Forecast Rain Available hours: [6, 7, 8, 9, 10, 11, 12, 13, 14, 15, 16, 17, 18, 19, 20, 21, 22, 23, 24, 25, 26, 27, 28, 29]
[2026-05-19 19:10:27] Valid hours for sum: [12, 18, 24, 29]
[2026-05-19 19:10:29] Drought composite end date: 2022-07-24 06:00:00
[2026-05-19 19:10:29] Land cover year: 2021
[2026-05-19 19:10:31] VIIRS Veg composite: 2022-07-04 → 2022-07-20
[2026-05-19 19:10:37] Started export task: fire_150_dynamic_2022-07-26
[2026-05-19 19:10:38] ------ Processing date=2022-07-27 ------
[2026-05-19 19:10:38] Using viirs_af_path: viirs_af_path
[2026-05-19 19:10:38] VIIRS Image Date: []
[2026-05-19 19:10:38] *** ERROR FLAG ***: VIIRS: no data for 2022-07-27, attempting interpolation...
[2026-05-19 19:10:45] VIIRS interpolation gap: 2022-07-25 → 2022-08-11 (17 days apart)
[2026-05-19 19:10:45] VIIRS interpolated: prev=2022-07-25, next=2022-08-11, weight=0.118
[2026-05-19 19:10:46] Weather image size: 1
[2026-05-19 19:10:46] Forecast duration: 2022-07-28 00:00:00 to 2022-07-29 00:00:00
[2026-05-19 19:10:47] Number of forecast images: 24
[2026-05-19 19:10:47] Using forecast run: 2022-07-27 18:00:00 UTC
[2026-05-19 19:10:48] Forecast Rain Available hours: [6, 7, 8, 9, 10, 11, 12, 13, 14, 15, 16, 17, 18, 19, 20, 21, 22, 23, 24, 25, 26, 27, 28, 29]
[2026-05-19 19:10:48] Valid hours for sum: [12, 18, 24, 29]
[2026-05-19 19:10:50] Drought composite end date: 2022-07-24 06:00:00
[2026-05-19 19:10:50] Land cover year: 2021
[2026-05-19 19:10:51] VIIRS Veg composite: 2022-07-04 → 2022-07-20
[2026-05-19 19:10:55] Started export task: fire_150_dynamic_2022-07-27
[2026-05-19 19:10:55] ------ Processing date=2022-07-28 ------
[2026-05-19 19:10:55] Using viirs_af_path: viirs_af_path
[2026-05-19 19:10:55] VIIRS Image Date: []
[2026-05-19 19:10:55] *** ERROR FLAG ***: VIIRS: no data for 2022-07-28, attempting interpolation...
[2026-05-19 19:11:05] VIIRS interpolation gap: 2022-07-25 → 2022-08-11 (17 days apart)
[2026-05-19 19:11:05] VIIRS interpolated: prev=2022-07-25, next=2022-08-11, weight=0.176
[2026-05-19 19:11:06] Weather image size: 1
[2026-05-19 19:11:06] Forecast duration: 2022-07-29 00:00:00 to 2022-07-30 00:00:00
[2026-05-19 19:11:08] Number of forecast images: 24
[2026-05-19 19:11:08] Using forecast run: 2022-07-28 18:00:00 UTC
[2026-05-19 19:11:08] Forecast Rain Available hours: [6, 7, 8, 9, 10, 11, 12, 13, 14, 15, 16, 17, 18, 19, 20, 21, 22, 23, 24, 25, 26, 27, 28, 29]
[2026-05-19 19:11:08] Valid hours for sum: [12, 18, 24, 29]
[2026-05-19 19:11:10] Drought composite end date: 2022-07-24 06:00:00
[2026-05-19 19:11:10] Land cover year: 2021
[2026-05-19 19:11:12] VIIRS Veg composite: 2022-07-04 → 2022-07-20
[2026-05-19 19:11:16] Started export task: fire_150_dynamic_2022-07-28
[2026-05-19 19:11:17] END: ----------Event fire_150----------- (Duration: 1.29m)
[2026-05-19 19:11:17] START: ----------Event fire_169-----------
[2026-05-19 19:11:17] ------ Processing date=2022-08-03 ------
[2026-05-19 19:11:17] Using viirs_af_path: viirs_af_path
[2026-05-19 19:11:18] VIIRS Image Date: []
[2026-05-19 19:11:18] *** ERROR FLAG ***: VIIRS: no data for 2022-08-03, attempting interpolation...
[2026-05-19 19:11:26] VIIRS interpolation gap: 2022-07-25 → 2022-08-11 (17 days apart)
[2026-05-19 19:11:26] VIIRS interpolated: prev=2022-07-25, next=2022-08-11, weight=0.529
[2026-05-19 19:11:27] Weather image size: 1
[2026-05-19 19:11:27] Forecast duration: 2022-08-04 00:00:00 to 2022-08-05 00:00:00
[2026-05-19 19:11:28] Number of forecast images: 24
[2026-05-19 19:11:28] Using forecast run: 2022-08-03 18:00:00 UTC
[2026-05-19 19:11:28] Forecast Rain Available hours: [6, 7, 8, 9, 10, 11, 12, 13, 14, 15, 16, 17, 18, 19, 20, 21, 22, 23, 24, 25, 26, 27, 28, 29]
[2026-05-19 19:11:28] Valid hours for sum: [12, 18, 24, 29]
[2026-05-19 19:11:30] Drought composite end date: 2022-07-29 06:00:00
[2026-05-19 19:11:31] Land cover year: 2021
[2026-05-19 19:11:31] VIIRS Veg composite: 2022-07-12 → 2022-07-28
[2026-05-19 19:11:35] Started export task: fire_169_static
[2026-05-19 19:11:36] Started export task: fire_169_dynamic_2022-08-03
[2026-05-19 19:11:36] ------ Processing date=2022-08-04 ------
[2026-05-19 19:11:36] Using viirs_af_path: viirs_af_path
[2026-05-19 19:11:36] VIIRS Image Date: []
[2026-05-19 19:11:36] *** ERROR FLAG ***: VIIRS: no data for 2022-08-04, attempting interpolation...
[2026-05-19 19:11:44] VIIRS interpolation gap: 2022-07-25 → 2022-08-11 (17 days apart)
[2026-05-19 19:11:44] VIIRS interpolated: prev=2022-07-25, next=2022-08-11, weight=0.588
[2026-05-19 19:11:44] Weather image size: 1
[2026-05-19 19:11:44] Forecast duration: 2022-08-05 00:00:00 to 2022-08-06 00:00:00
[2026-05-19 19:11:46] Number of forecast images: 24
[2026-05-19 19:11:46] Using forecast run: 2022-08-04 18:00:00 UTC
[2026-05-19 19:11:46] Forecast Rain Available hours: [6, 7, 8, 9, 10, 11, 12, 13, 14, 15, 16, 17, 18, 19, 20, 21, 22, 23, 24, 25, 26, 27, 28, 29]
[2026-05-19 19:11:46] Valid hours for sum: [12, 18, 24, 29]
[2026-05-19 19:11:48] Drought composite end date: 2022-08-03 06:00:00
[2026-05-19 19:11:49] Land cover year: 2021
[2026-05-19 19:11:50] VIIRS Veg composite: 2022-07-12 → 2022-07-28
[2026-05-19 19:11:56] Started export task: fire_169_dynamic_2022-08-04
[2026-05-19 19:11:56] ------ Processing date=2022-08-05 ------
[2026-05-19 19:11:56] Using viirs_af_path: viirs_af_path
[2026-05-19 19:11:56] VIIRS Image Date: []
[2026-05-19 19:11:56] *** ERROR FLAG ***: VIIRS: no data for 2022-08-05, attempting interpolation...
[2026-05-19 19:12:04] VIIRS interpolation gap: 2022-07-25 → 2022-08-11 (17 days apart)
[2026-05-19 19:12:04] VIIRS interpolated: prev=2022-07-25, next=2022-08-11, weight=0.647
[2026-05-19 19:12:04] Weather image size: 1
[2026-05-19 19:12:04] Forecast duration: 2022-08-06 00:00:00 to 2022-08-07 00:00:00
[2026-05-19 19:12:05] Number of forecast images: 24
[2026-05-19 19:12:05] Using forecast run: 2022-08-05 18:00:00 UTC
[2026-05-19 19:12:05] Forecast Rain Available hours: [6, 7, 8, 9, 10, 11, 12, 13, 14, 15, 16, 17, 18, 19, 20, 21, 22, 23, 24, 25, 26, 27, 28, 29]
[2026-05-19 19:12:05] Valid hours for sum: [12, 18, 24, 29]
[2026-05-19 19:12:08] Drought composite end date: 2022-08-03 06:00:00
[2026-05-19 19:12:08] Land cover year: 2021
[2026-05-19 19:12:09] VIIRS Veg composite: 2022-07-12 → 2022-07-28
[2026-05-19 19:12:14] Started export task: fire_169_dynamic_2022-08-05
[2026-05-19 19:12:14] ------ Processing date=2022-08-06 ------
[2026-05-19 19:12:14] Using viirs_af_path: viirs_af_path
[2026-05-19 19:12:14] VIIRS Image Date: []
[2026-05-19 19:12:14] *** ERROR FLAG ***: VIIRS: no data for 2022-08-06, attempting interpolation...
[2026-05-19 19:12:20] VIIRS interpolation gap: 2022-07-25 → 2022-08-11 (17 days apart)
[2026-05-19 19:12:20] VIIRS interpolated: prev=2022-07-25, next=2022-08-11, weight=0.706
[2026-05-19 19:12:20] Weather image size: 1
[2026-05-19 19:12:20] Forecast duration: 2022-08-07 00:00:00 to 2022-08-08 00:00:00
[2026-05-19 19:12:21] Number of forecast images: 24
[2026-05-19 19:12:21] Using forecast run: 2022-08-06 18:00:00 UTC
[2026-05-19 19:12:21] Forecast Rain Available hours: [6, 7, 8, 9, 10, 11, 12, 13, 14, 15, 16, 17, 18, 19, 20, 21, 22, 23, 24, 25, 26, 27, 28, 29]
[2026-05-19 19:12:21] Valid hours for sum: [12, 18, 24, 29]
[2026-05-19 19:12:24] Drought composite end date: 2022-08-03 06:00:00
[2026-05-19 19:12:24] Land cover year: 2021
[2026-05-19 19:12:26] VIIRS Veg composite: 2022-07-12 → 2022-07-28
[2026-05-19 19:12:30] Started export task: fire_169_dynamic_2022-08-06
[2026-05-19 19:12:30] ------ Processing date=2022-08-07 ------
[2026-05-19 19:12:30] Using viirs_af_path: viirs_af_path
[2026-05-19 19:12:31] VIIRS Image Date: []
[2026-05-19 19:12:31] *** ERROR FLAG ***: VIIRS: no data for 2022-08-07, attempting interpolation...
[2026-05-19 19:12:36] VIIRS interpolation gap: 2022-07-25 → 2022-08-11 (17 days apart)
[2026-05-19 19:12:36] VIIRS interpolated: prev=2022-07-25, next=2022-08-11, weight=0.765
[2026-05-19 19:12:36] Weather image size: 1
[2026-05-19 19:12:36] Forecast duration: 2022-08-08 00:00:00 to 2022-08-09 00:00:00
[2026-05-19 19:12:38] Number of forecast images: 24
[2026-05-19 19:12:38] Using forecast run: 2022-08-07 18:00:00 UTC
[2026-05-19 19:12:38] Forecast Rain Available hours: [6, 7, 8, 9, 10, 11, 12, 13, 14, 15, 16, 17, 18, 19, 20, 21, 22, 23, 24, 25, 26, 27, 28, 29]
[2026-05-19 19:12:38] Valid hours for sum: [12, 18, 24, 29]
[2026-05-19 19:12:40] Drought composite end date: 2022-08-03 06:00:00
[2026-05-19 19:12:40] Land cover year: 2021
[2026-05-19 19:12:41] VIIRS Veg composite: 2022-07-12 → 2022-07-28
[2026-05-19 19:12:46] Started export task: fire_169_dynamic_2022-08-07
[2026-05-19 19:12:46] ------ Processing date=2022-08-08 ------
[2026-05-19 19:12:46] Using viirs_af_path: viirs_af_path
[2026-05-19 19:12:47] VIIRS Image Date: []
[2026-05-19 19:12:47] *** ERROR FLAG ***: VIIRS: no data for 2022-08-08, attempting interpolation...
[2026-05-19 19:12:53] VIIRS interpolation gap: 2022-07-25 → 2022-08-11 (17 days apart)
[2026-05-19 19:12:53] VIIRS interpolated: prev=2022-07-25, next=2022-08-11, weight=0.824
[2026-05-19 19:12:53] Weather image size: 1
[2026-05-19 19:12:53] Forecast duration: 2022-08-09 00:00:00 to 2022-08-10 00:00:00
[2026-05-19 19:12:54] Number of forecast images: 24
[2026-05-19 19:12:54] Using forecast run: 2022-08-08 18:00:00 UTC
[2026-05-19 19:12:54] Forecast Rain Available hours: [6, 7, 8, 9, 10, 11, 12, 13, 14, 15, 16, 17, 18, 19, 20, 21, 22, 23, 24, 25, 26, 27, 28, 29]
[2026-05-19 19:12:54] Valid hours for sum: [12, 18, 24, 29]
[2026-05-19 19:12:56] Drought composite end date: 2022-08-03 06:00:00
[2026-05-19 19:12:56] Land cover year: 2021
[2026-05-19 19:12:57] VIIRS Veg composite: 2022-07-12 → 2022-07-28
[2026-05-19 19:13:01] Started export task: fire_169_dynamic_2022-08-08
[2026-05-19 19:13:02] ------ Processing date=2022-08-09 ------
[2026-05-19 19:13:02] Using viirs_af_path: viirs_af_path
[2026-05-19 19:13:02] VIIRS Image Date: []
[2026-05-19 19:13:02] *** ERROR FLAG ***: VIIRS: no data for 2022-08-09, attempting interpolation...
[2026-05-19 19:13:08] VIIRS interpolation gap: 2022-07-25 → 2022-08-11 (17 days apart)
[2026-05-19 19:13:08] VIIRS interpolated: prev=2022-07-25, next=2022-08-11, weight=0.882
[2026-05-19 19:13:09] Weather image size: 1
[2026-05-19 19:13:09] Forecast duration: 2022-08-10 00:00:00 to 2022-08-11 00:00:00
[2026-05-19 19:13:09] Number of forecast images: 24
[2026-05-19 19:13:09] Using forecast run: 2022-08-09 18:00:00 UTC
[2026-05-19 19:13:10] Forecast Rain Available hours: [6, 7, 8, 9, 10, 11, 12, 13, 14, 15, 16, 17, 18, 19, 20, 21, 22, 23, 24, 25, 26, 27, 28, 29]
[2026-05-19 19:13:10] Valid hours for sum: [12, 18, 24, 29]
[2026-05-19 19:13:12] Drought composite end date: 2022-08-08 06:00:00
[2026-05-19 19:13:13] Land cover year: 2021
[2026-05-19 19:13:14] VIIRS Veg composite: 2022-07-12 → 2022-07-28
[2026-05-19 19:13:18] Started export task: fire_169_dynamic_2022-08-09
[2026-05-19 19:13:18] ------ Processing date=2022-08-10 ------
[2026-05-19 19:13:18] Using viirs_af_path: viirs_af_path
[2026-05-19 19:13:18] VIIRS Image Date: []
[2026-05-19 19:13:18] *** ERROR FLAG ***: VIIRS: no data for 2022-08-10, attempting interpolation...
[2026-05-19 19:13:24] VIIRS interpolation gap: 2022-07-25 → 2022-08-11 (17 days apart)
[2026-05-19 19:13:24] VIIRS interpolated: prev=2022-07-25, next=2022-08-11, weight=0.941
[2026-05-19 19:13:24] Weather image size: 1
[2026-05-19 19:13:24] Forecast duration: 2022-08-11 00:00:00 to 2022-08-12 00:00:00
[2026-05-19 19:13:25] Number of forecast images: 24
[2026-05-19 19:13:25] Using forecast run: 2022-08-10 18:00:00 UTC
[2026-05-19 19:13:25] Forecast Rain Available hours: [6, 7, 8, 9, 10, 11, 12, 13, 14, 15, 16, 17, 18, 19, 20, 21, 22, 23, 24, 25, 26, 27, 28, 29]
[2026-05-19 19:13:25] Valid hours for sum: [12, 18, 24, 29]
[2026-05-19 19:13:27] Drought composite end date: 2022-08-08 06:00:00
[2026-05-19 19:13:27] Land cover year: 2021
[2026-05-19 19:13:28] VIIRS Veg composite: 2022-07-12 → 2022-07-28
[2026-05-19 19:13:32] Started export task: fire_169_dynamic_2022-08-10
[2026-05-19 19:13:32] END: ----------Event fire_169----------- (Duration: 2.25m)
[2026-05-19 19:13:32] START: ----------Event fire_170-----------
[2026-05-19 19:13:33] ------ Processing date=2022-08-03 ------
[2026-05-19 19:13:33] Using viirs_af_path: viirs_af_path
[2026-05-19 19:13:33] VIIRS Image Date: []
[2026-05-19 19:13:33] *** ERROR FLAG ***: VIIRS: no data for 2022-08-03, attempting interpolation...
[2026-05-19 19:13:41] VIIRS interpolation gap: 2022-07-25 → 2022-08-11 (17 days apart)
[2026-05-19 19:13:41] VIIRS interpolated: prev=2022-07-25, next=2022-08-11, weight=0.529
[2026-05-19 19:13:41] Weather image size: 1
[2026-05-19 19:13:41] Forecast duration: 2022-08-04 00:00:00 to 2022-08-05 00:00:00
[2026-05-19 19:13:42] Number of forecast images: 24
[2026-05-19 19:13:42] Using forecast run: 2022-08-03 18:00:00 UTC
[2026-05-19 19:13:43] Forecast Rain Available hours: [6, 7, 8, 9, 10, 11, 12, 13, 14, 15, 16, 17, 18, 19, 20, 21, 22, 23, 24, 25, 26, 27, 28, 29]
[2026-05-19 19:13:43] Valid hours for sum: [12, 18, 24, 29]
[2026-05-19 19:13:44] Drought composite end date: 2022-07-29 06:00:00
[2026-05-19 19:13:44] Land cover year: 2021
[2026-05-19 19:13:45] VIIRS Veg composite: 2022-07-12 → 2022-07-28
[2026-05-19 19:13:49] Started export task: fire_170_static
[2026-05-19 19:13:49] Started export task: fire_170_dynamic_2022-08-03
[2026-05-19 19:13:50] ------ Processing date=2022-08-04 ------
[2026-05-19 19:13:50] Using viirs_af_path: viirs_af_path
[2026-05-19 19:13:50] VIIRS Image Date: []
[2026-05-19 19:13:50] *** ERROR FLAG ***: VIIRS: no data for 2022-08-04, attempting interpolation...
[2026-05-19 19:13:54] VIIRS interpolation gap: 2022-07-25 → 2022-08-11 (17 days apart)
[2026-05-19 19:13:54] VIIRS interpolated: prev=2022-07-25, next=2022-08-11, weight=0.588
[2026-05-19 19:13:55] Weather image size: 1
[2026-05-19 19:13:55] Forecast duration: 2022-08-05 00:00:00 to 2022-08-06 00:00:00
[2026-05-19 19:13:56] Number of forecast images: 24
[2026-05-19 19:13:56] Using forecast run: 2022-08-04 18:00:00 UTC
[2026-05-19 19:13:56] Forecast Rain Available hours: [6, 7, 8, 9, 10, 11, 12, 13, 14, 15, 16, 17, 18, 19, 20, 21, 22, 23, 24, 25, 26, 27, 28, 29]
[2026-05-19 19:13:56] Valid hours for sum: [12, 18, 24, 29]
[2026-05-19 19:13:58] Drought composite end date: 2022-08-03 06:00:00
[2026-05-19 19:13:59] Land cover year: 2021
[2026-05-19 19:14:00] VIIRS Veg composite: 2022-07-12 → 2022-07-28
[2026-05-19 19:14:03] Started export task: fire_170_dynamic_2022-08-04
[2026-05-19 19:14:04] ------ Processing date=2022-08-05 ------
[2026-05-19 19:14:04] Using viirs_af_path: viirs_af_path
[2026-05-19 19:14:04] VIIRS Image Date: []
[2026-05-19 19:14:04] *** ERROR FLAG ***: VIIRS: no data for 2022-08-05, attempting interpolation...
[2026-05-19 19:14:09] VIIRS interpolation gap: 2022-07-25 → 2022-08-11 (17 days apart)
[2026-05-19 19:14:09] VIIRS interpolated: prev=2022-07-25, next=2022-08-11, weight=0.647
[2026-05-19 19:14:09] Weather image size: 1
[2026-05-19 19:14:09] Forecast duration: 2022-08-06 00:00:00 to 2022-08-07 00:00:00
[2026-05-19 19:14:10] Number of forecast images: 24
[2026-05-19 19:14:10] Using forecast run: 2022-08-05 18:00:00 UTC
[2026-05-19 19:14:10] Forecast Rain Available hours: [6, 7, 8, 9, 10, 11, 12, 13, 14, 15, 16, 17, 18, 19, 20, 21, 22, 23, 24, 25, 26, 27, 28, 29]
[2026-05-19 19:14:10] Valid hours for sum: [12, 18, 24, 29]
[2026-05-19 19:14:13] Drought composite end date: 2022-08-03 06:00:00
[2026-05-19 19:14:13] Land cover year: 2021
[2026-05-19 19:14:14] VIIRS Veg composite: 2022-07-12 → 2022-07-28
[2026-05-19 19:14:18] Started export task: fire_170_dynamic_2022-08-05
[2026-05-19 19:14:18] ------ Processing date=2022-08-06 ------
[2026-05-19 19:14:18] Using viirs_af_path: viirs_af_path
[2026-05-19 19:14:19] VIIRS Image Date: []
[2026-05-19 19:14:19] *** ERROR FLAG ***: VIIRS: no data for 2022-08-06, attempting interpolation...
[2026-05-19 19:14:23] VIIRS interpolation gap: 2022-07-25 → 2022-08-11 (17 days apart)
[2026-05-19 19:14:23] VIIRS interpolated: prev=2022-07-25, next=2022-08-11, weight=0.706
[2026-05-19 19:14:24] Weather image size: 1
[2026-05-19 19:14:24] Forecast duration: 2022-08-07 00:00:00 to 2022-08-08 00:00:00
[2026-05-19 19:14:24] Number of forecast images: 24
[2026-05-19 19:14:24] Using forecast run: 2022-08-06 18:00:00 UTC
[2026-05-19 19:14:25] Forecast Rain Available hours: [6, 7, 8, 9, 10, 11, 12, 13, 14, 15, 16, 17, 18, 19, 20, 21, 22, 23, 24, 25, 26, 27, 28, 29]
[2026-05-19 19:14:25] Valid hours for sum: [12, 18, 24, 29]
[2026-05-19 19:14:26] Drought composite end date: 2022-08-03 06:00:00
[2026-05-19 19:14:27] Land cover year: 2021
[2026-05-19 19:14:28] VIIRS Veg composite: 2022-07-12 → 2022-07-28
[2026-05-19 19:14:31] Started export task: fire_170_dynamic_2022-08-06
[2026-05-19 19:14:32] ------ Processing date=2022-08-07 ------
[2026-05-19 19:14:32] Using viirs_af_path: viirs_af_path
[2026-05-19 19:14:32] VIIRS Image Date: []
[2026-05-19 19:14:32] *** ERROR FLAG ***: VIIRS: no data for 2022-08-07, attempting interpolation...
[2026-05-19 19:14:36] VIIRS interpolation gap: 2022-07-25 → 2022-08-11 (17 days apart)
[2026-05-19 19:14:36] VIIRS interpolated: prev=2022-07-25, next=2022-08-11, weight=0.765
[2026-05-19 19:14:37] Weather image size: 1
[2026-05-19 19:14:37] Forecast duration: 2022-08-08 00:00:00 to 2022-08-09 00:00:00
[2026-05-19 19:14:38] Number of forecast images: 24
[2026-05-19 19:14:38] Using forecast run: 2022-08-07 18:00:00 UTC
[2026-05-19 19:14:38] Forecast Rain Available hours: [6, 7, 8, 9, 10, 11, 12, 13, 14, 15, 16, 17, 18, 19, 20, 21, 22, 23, 24, 25, 26, 27, 28, 29]
[2026-05-19 19:14:38] Valid hours for sum: [12, 18, 24, 29]
[2026-05-19 19:14:40] Drought composite end date: 2022-08-03 06:00:00
[2026-05-19 19:14:40] Land cover year: 2021
[2026-05-19 19:14:41] VIIRS Veg composite: 2022-07-12 → 2022-07-28
[2026-05-19 19:14:45] Started export task: fire_170_dynamic_2022-08-07
[2026-05-19 19:14:46] ------ Processing date=2022-08-08 ------
[2026-05-19 19:14:46] Using viirs_af_path: viirs_af_path
[2026-05-19 19:14:46] VIIRS Image Date: []
[2026-05-19 19:14:46] *** ERROR FLAG ***: VIIRS: no data for 2022-08-08, attempting interpolation...
[2026-05-19 19:14:50] VIIRS interpolation gap: 2022-07-25 → 2022-08-11 (17 days apart)
[2026-05-19 19:14:50] VIIRS interpolated: prev=2022-07-25, next=2022-08-11, weight=0.824
[2026-05-19 19:14:50] Weather image size: 1
[2026-05-19 19:14:50] Forecast duration: 2022-08-09 00:00:00 to 2022-08-10 00:00:00
[2026-05-19 19:14:52] Number of forecast images: 24
[2026-05-19 19:14:52] Using forecast run: 2022-08-08 18:00:00 UTC
[2026-05-19 19:14:52] Forecast Rain Available hours: [6, 7, 8, 9, 10, 11, 12, 13, 14, 15, 16, 17, 18, 19, 20, 21, 22, 23, 24, 25, 26, 27, 28, 29]
[2026-05-19 19:14:52] Valid hours for sum: [12, 18, 24, 29]
[2026-05-19 19:14:54] Drought composite end date: 2022-08-03 06:00:00
[2026-05-19 19:14:55] Land cover year: 2021
[2026-05-19 19:14:55] VIIRS Veg composite: 2022-07-12 → 2022-07-28
[2026-05-19 19:15:00] Started export task: fire_170_dynamic_2022-08-08
[2026-05-19 19:15:00] ------ Processing date=2022-08-09 ------
[2026-05-19 19:15:00] Using viirs_af_path: viirs_af_path
[2026-05-19 19:15:01] VIIRS Image Date: []
[2026-05-19 19:15:01] *** ERROR FLAG ***: VIIRS: no data for 2022-08-09, attempting interpolation...
[2026-05-19 19:15:06] VIIRS interpolation gap: 2022-07-25 → 2022-08-11 (17 days apart)
[2026-05-19 19:15:06] VIIRS interpolated: prev=2022-07-25, next=2022-08-11, weight=0.882
[2026-05-19 19:15:06] Weather image size: 1
[2026-05-19 19:15:06] Forecast duration: 2022-08-10 00:00:00 to 2022-08-11 00:00:00
[2026-05-19 19:15:07] Number of forecast images: 24
[2026-05-19 19:15:07] Using forecast run: 2022-08-09 18:00:00 UTC
[2026-05-19 19:15:08] Forecast Rain Available hours: [6, 7, 8, 9, 10, 11, 12, 13, 14, 15, 16, 17, 18, 19, 20, 21, 22, 23, 24, 25, 26, 27, 28, 29]
[2026-05-19 19:15:08] Valid hours for sum: [12, 18, 24, 29]
[2026-05-19 19:15:10] Drought composite end date: 2022-08-08 06:00:00
[2026-05-19 19:15:11] Land cover year: 2021
[2026-05-19 19:15:12] VIIRS Veg composite: 2022-07-12 → 2022-07-28
[2026-05-19 19:15:16] Started export task: fire_170_dynamic_2022-08-09
[2026-05-19 19:15:16] ------ Processing date=2022-08-10 ------
[2026-05-19 19:15:16] Using viirs_af_path: viirs_af_path
[2026-05-19 19:15:17] VIIRS Image Date: []
[2026-05-19 19:15:17] *** ERROR FLAG ***: VIIRS: no data for 2022-08-10, attempting interpolation...
[2026-05-19 19:15:21] VIIRS interpolation gap: 2022-07-25 → 2022-08-11 (17 days apart)
[2026-05-19 19:15:21] VIIRS interpolated: prev=2022-07-25, next=2022-08-11, weight=0.941
[2026-05-19 19:15:21] Weather image size: 1
[2026-05-19 19:15:21] Forecast duration: 2022-08-11 00:00:00 to 2022-08-12 00:00:00
[2026-05-19 19:15:22] Number of forecast images: 24
[2026-05-19 19:15:22] Using forecast run: 2022-08-10 18:00:00 UTC
[2026-05-19 19:15:23] Forecast Rain Available hours: [6, 7, 8, 9, 10, 11, 12, 13, 14, 15, 16, 17, 18, 19, 20, 21, 22, 23, 24, 25, 26, 27, 28, 29]
[2026-05-19 19:15:23] Valid hours for sum: [12, 18, 24, 29]
[2026-05-19 19:15:24] Drought composite end date: 2022-08-08 06:00:00
[2026-05-19 19:15:24] Land cover year: 2021
[2026-05-19 19:15:26] VIIRS Veg composite: 2022-07-12 → 2022-07-28
[2026-05-19 19:15:30] Started export task: fire_170_dynamic_2022-08-10
[2026-05-19 19:15:30] END: ----------Event fire_170----------- (Duration: 1.96m)
[2026-05-19 19:15:30] START: ----------Event fire_171-----------
[2026-05-19 19:15:30] ------ Processing date=2022-08-03 ------
[2026-05-19 19:15:30] Using viirs_af_path: viirs_af_path
[2026-05-19 19:15:31] VIIRS Image Date: []
[2026-05-19 19:15:31] *** ERROR FLAG ***: VIIRS: no data for 2022-08-03, attempting interpolation...
[2026-05-19 19:15:36] VIIRS interpolation gap: 2022-07-25 → 2022-08-11 (17 days apart)
[2026-05-19 19:15:36] VIIRS interpolated: prev=2022-07-25, next=2022-08-11, weight=0.529
[2026-05-19 19:15:36] Weather image size: 1
[2026-05-19 19:15:36] Forecast duration: 2022-08-04 00:00:00 to 2022-08-05 00:00:00
[2026-05-19 19:15:37] Number of forecast images: 24
[2026-05-19 19:15:37] Using forecast run: 2022-08-03 18:00:00 UTC
[2026-05-19 19:15:37] Forecast Rain Available hours: [6, 7, 8, 9, 10, 11, 12, 13, 14, 15, 16, 17, 18, 19, 20, 21, 22, 23, 24, 25, 26, 27, 28, 29]
[2026-05-19 19:15:37] Valid hours for sum: [12, 18, 24, 29]
[2026-05-19 19:15:40] Drought composite end date: 2022-07-29 06:00:00
[2026-05-19 19:15:40] Land cover year: 2021
[2026-05-19 19:15:41] VIIRS Veg composite: 2022-07-12 → 2022-07-28
[2026-05-19 19:15:45] Started export task: fire_171_static
[2026-05-19 19:15:46] Started export task: fire_171_dynamic_2022-08-03
[2026-05-19 19:15:46] ------ Processing date=2022-08-04 ------
[2026-05-19 19:15:46] Using viirs_af_path: viirs_af_path
[2026-05-19 19:15:46] VIIRS Image Date: []
[2026-05-19 19:15:46] *** ERROR FLAG ***: VIIRS: no data for 2022-08-04, attempting interpolation...
[2026-05-19 19:15:51] VIIRS interpolation gap: 2022-07-25 → 2022-08-11 (17 days apart)
[2026-05-19 19:15:51] VIIRS interpolated: prev=2022-07-25, next=2022-08-11, weight=0.588
[2026-05-19 19:15:51] Weather image size: 1
[2026-05-19 19:15:51] Forecast duration: 2022-08-05 00:00:00 to 2022-08-06 00:00:00
[2026-05-19 19:15:52] Number of forecast images: 24
[2026-05-19 19:15:52] Using forecast run: 2022-08-04 18:00:00 UTC
[2026-05-19 19:15:53] Forecast Rain Available hours: [6, 7, 8, 9, 10, 11, 12, 13, 14, 15, 16, 17, 18, 19, 20, 21, 22, 23, 24, 25, 26, 27, 28, 29]
[2026-05-19 19:15:53] Valid hours for sum: [12, 18, 24, 29]
[2026-05-19 19:15:55] Drought composite end date: 2022-08-03 06:00:00
[2026-05-19 19:15:55] Land cover year: 2021
[2026-05-19 19:15:56] VIIRS Veg composite: 2022-07-12 → 2022-07-28
[2026-05-19 19:16:00] Started export task: fire_171_dynamic_2022-08-04
[2026-05-19 19:16:00] ------ Processing date=2022-08-05 ------
[2026-05-19 19:16:00] Using viirs_af_path: viirs_af_path
[2026-05-19 19:16:00] VIIRS Image Date: []
[2026-05-19 19:16:00] *** ERROR FLAG ***: VIIRS: no data for 2022-08-05, attempting interpolation...
[2026-05-19 19:16:05] VIIRS interpolation gap: 2022-07-25 → 2022-08-11 (17 days apart)
[2026-05-19 19:16:05] VIIRS interpolated: prev=2022-07-25, next=2022-08-11, weight=0.647
[2026-05-19 19:16:05] Weather image size: 1
[2026-05-19 19:16:05] Forecast duration: 2022-08-06 00:00:00 to 2022-08-07 00:00:00
[2026-05-19 19:16:06] Number of forecast images: 24
[2026-05-19 19:16:06] Using forecast run: 2022-08-05 18:00:00 UTC
[2026-05-19 19:16:07] Forecast Rain Available hours: [6, 7, 8, 9, 10, 11, 12, 13, 14, 15, 16, 17, 18, 19, 20, 21, 22, 23, 24, 25, 26, 27, 28, 29]
[2026-05-19 19:16:07] Valid hours for sum: [12, 18, 24, 29]
[2026-05-19 19:16:09] Drought composite end date: 2022-08-03 06:00:00
[2026-05-19 19:16:09] Land cover year: 2021
[2026-05-19 19:16:10] VIIRS Veg composite: 2022-07-12 → 2022-07-28
[2026-05-19 19:16:14] Started export task: fire_171_dynamic_2022-08-05
[2026-05-19 19:16:14] ------ Processing date=2022-08-06 ------
[2026-05-19 19:16:14] Using viirs_af_path: viirs_af_path
[2026-05-19 19:16:15] VIIRS Image Date: []
[2026-05-19 19:16:15] *** ERROR FLAG ***: VIIRS: no data for 2022-08-06, attempting interpolation...
[2026-05-19 19:16:19] VIIRS interpolation gap: 2022-07-25 → 2022-08-11 (17 days apart)
[2026-05-19 19:16:19] VIIRS interpolated: prev=2022-07-25, next=2022-08-11, weight=0.706
[2026-05-19 19:16:19] Weather image size: 1
[2026-05-19 19:16:19] Forecast duration: 2022-08-07 00:00:00 to 2022-08-08 00:00:00
[2026-05-19 19:16:20] Number of forecast images: 24
[2026-05-19 19:16:20] Using forecast run: 2022-08-06 18:00:00 UTC
[2026-05-19 19:16:21] Forecast Rain Available hours: [6, 7, 8, 9, 10, 11, 12, 13, 14, 15, 16, 17, 18, 19, 20, 21, 22, 23, 24, 25, 26, 27, 28, 29]
[2026-05-19 19:16:21] Valid hours for sum: [12, 18, 24, 29]
[2026-05-19 19:16:23] Drought composite end date: 2022-08-03 06:00:00
[2026-05-19 19:16:23] Land cover year: 2021
[2026-05-19 19:16:24] VIIRS Veg composite: 2022-07-12 → 2022-07-28
[2026-05-19 19:16:27] Started export task: fire_171_dynamic_2022-08-06
[2026-05-19 19:16:27] ------ Processing date=2022-08-07 ------
[2026-05-19 19:16:27] Using viirs_af_path: viirs_af_path
[2026-05-19 19:16:28] VIIRS Image Date: []
[2026-05-19 19:16:28] *** ERROR FLAG ***: VIIRS: no data for 2022-08-07, attempting interpolation...
[2026-05-19 19:16:33] VIIRS interpolation gap: 2022-07-25 → 2022-08-11 (17 days apart)
[2026-05-19 19:16:33] VIIRS interpolated: prev=2022-07-25, next=2022-08-11, weight=0.765
[2026-05-19 19:16:34] Weather image size: 1
[2026-05-19 19:16:34] Forecast duration: 2022-08-08 00:00:00 to 2022-08-09 00:00:00
[2026-05-19 19:16:35] Number of forecast images: 24
[2026-05-19 19:16:35] Using forecast run: 2022-08-07 18:00:00 UTC
[2026-05-19 19:16:35] Forecast Rain Available hours: [6, 7, 8, 9, 10, 11, 12, 13, 14, 15, 16, 17, 18, 19, 20, 21, 22, 23, 24, 25, 26, 27, 28, 29]
[2026-05-19 19:16:35] Valid hours for sum: [12, 18, 24, 29]
[2026-05-19 19:16:38] Drought composite end date: 2022-08-03 06:00:00
[2026-05-19 19:16:38] Land cover year: 2021
[2026-05-19 19:16:39] VIIRS Veg composite: 2022-07-12 → 2022-07-28
[2026-05-19 19:16:42] Started export task: fire_171_dynamic_2022-08-07
[2026-05-19 19:16:42] ------ Processing date=2022-08-08 ------
[2026-05-19 19:16:42] Using viirs_af_path: viirs_af_path
[2026-05-19 19:16:43] VIIRS Image Date: []
[2026-05-19 19:16:43] *** ERROR FLAG ***: VIIRS: no data for 2022-08-08, attempting interpolation...
[2026-05-19 19:16:47] VIIRS interpolation gap: 2022-07-25 → 2022-08-11 (17 days apart)
[2026-05-19 19:16:47] VIIRS interpolated: prev=2022-07-25, next=2022-08-11, weight=0.824
[2026-05-19 19:16:48] Weather image size: 1
[2026-05-19 19:16:48] Forecast duration: 2022-08-09 00:00:00 to 2022-08-10 00:00:00
[2026-05-19 19:16:49] Number of forecast images: 24
[2026-05-19 19:16:49] Using forecast run: 2022-08-08 18:00:00 UTC
[2026-05-19 19:16:49] Forecast Rain Available hours: [6, 7, 8, 9, 10, 11, 12, 13, 14, 15, 16, 17, 18, 19, 20, 21, 22, 23, 24, 25, 26, 27, 28, 29]
[2026-05-19 19:16:49] Valid hours for sum: [12, 18, 24, 29]
[2026-05-19 19:16:51] Drought composite end date: 2022-08-03 06:00:00
[2026-05-19 19:16:51] Land cover year: 2021
[2026-05-19 19:16:53] VIIRS Veg composite: 2022-07-12 → 2022-07-28
[2026-05-19 19:16:56] Started export task: fire_171_dynamic_2022-08-08
[2026-05-19 19:16:57] ------ Processing date=2022-08-09 ------
[2026-05-19 19:16:57] Using viirs_af_path: viirs_af_path
[2026-05-19 19:16:57] VIIRS Image Date: []
[2026-05-19 19:16:57] *** ERROR FLAG ***: VIIRS: no data for 2022-08-09, attempting interpolation...
[2026-05-19 19:17:02] VIIRS interpolation gap: 2022-07-25 → 2022-08-11 (17 days apart)
[2026-05-19 19:17:02] VIIRS interpolated: prev=2022-07-25, next=2022-08-11, weight=0.882
[2026-05-19 19:17:03] Weather image size: 1
[2026-05-19 19:17:03] Forecast duration: 2022-08-10 00:00:00 to 2022-08-11 00:00:00
[2026-05-19 19:17:04] Number of forecast images: 24
[2026-05-19 19:17:04] Using forecast run: 2022-08-09 18:00:00 UTC
[2026-05-19 19:17:04] Forecast Rain Available hours: [6, 7, 8, 9, 10, 11, 12, 13, 14, 15, 16, 17, 18, 19, 20, 21, 22, 23, 24, 25, 26, 27, 28, 29]
[2026-05-19 19:17:04] Valid hours for sum: [12, 18, 24, 29]
[2026-05-19 19:17:06] Drought composite end date: 2022-08-08 06:00:00
[2026-05-19 19:17:07] Land cover year: 2021
[2026-05-19 19:17:08] VIIRS Veg composite: 2022-07-12 → 2022-07-28
[2026-05-19 19:17:12] Started export task: fire_171_dynamic_2022-08-09
[2026-05-19 19:17:13] ------ Processing date=2022-08-10 ------
[2026-05-19 19:17:13] Using viirs_af_path: viirs_af_path
[2026-05-19 19:17:13] VIIRS Image Date: []
[2026-05-19 19:17:13] *** ERROR FLAG ***: VIIRS: no data for 2022-08-10, attempting interpolation...
[2026-05-19 19:17:17] VIIRS interpolation gap: 2022-07-25 → 2022-08-11 (17 days apart)
[2026-05-19 19:17:17] VIIRS interpolated: prev=2022-07-25, next=2022-08-11, weight=0.941
[2026-05-19 19:17:18] Weather image size: 1
[2026-05-19 19:17:18] Forecast duration: 2022-08-11 00:00:00 to 2022-08-12 00:00:00
[2026-05-19 19:17:18] Number of forecast images: 24
[2026-05-19 19:17:18] Using forecast run: 2022-08-10 18:00:00 UTC
[2026-05-19 19:17:19] Forecast Rain Available hours: [6, 7, 8, 9, 10, 11, 12, 13, 14, 15, 16, 17, 18, 19, 20, 21, 22, 23, 24, 25, 26, 27, 28, 29]
[2026-05-19 19:17:19] Valid hours for sum: [12, 18, 24, 29]
[2026-05-19 19:17:22] Drought composite end date: 2022-08-08 06:00:00
[2026-05-19 19:17:22] Land cover year: 2021
[2026-05-19 19:17:23] VIIRS Veg composite: 2022-07-12 → 2022-07-28
[2026-05-19 19:17:26] Started export task: fire_171_dynamic_2022-08-10
[2026-05-19 19:17:27] END: ----------Event fire_171----------- (Duration: 1.94m)
[2026-05-19 19:17:27] START: ----------Event fire_172-----------
[2026-05-19 19:17:27] ------ Processing date=2022-08-04 ------
[2026-05-19 19:17:27] Using viirs_af_path: viirs_af_path
[2026-05-19 19:17:27] VIIRS Image Date: []
[2026-05-19 19:17:27] *** ERROR FLAG ***: VIIRS: no data for 2022-08-04, attempting interpolation...
[2026-05-19 19:17:32] VIIRS interpolation gap: 2022-07-25 → 2022-08-11 (17 days apart)
[2026-05-19 19:17:32] VIIRS interpolated: prev=2022-07-25, next=2022-08-11, weight=0.588
[2026-05-19 19:17:32] Weather image size: 1
[2026-05-19 19:17:32] Forecast duration: 2022-08-05 00:00:00 to 2022-08-06 00:00:00
[2026-05-19 19:17:33] Number of forecast images: 24
[2026-05-19 19:17:33] Using forecast run: 2022-08-04 18:00:00 UTC
[2026-05-19 19:17:34] Forecast Rain Available hours: [6, 7, 8, 9, 10, 11, 12, 13, 14, 15, 16, 17, 18, 19, 20, 21, 22, 23, 24, 25, 26, 27, 28, 29]
[2026-05-19 19:17:34] Valid hours for sum: [12, 18, 24, 29]
[2026-05-19 19:17:35] Drought composite end date: 2022-08-03 06:00:00
[2026-05-19 19:17:36] Land cover year: 2021
[2026-05-19 19:17:36] VIIRS Veg composite: 2022-07-12 → 2022-07-28
[2026-05-19 19:17:41] Started export task: fire_172_static
[2026-05-19 19:17:41] Started export task: fire_172_dynamic_2022-08-04
[2026-05-19 19:17:42] ------ Processing date=2022-08-05 ------
[2026-05-19 19:17:42] Using viirs_af_path: viirs_af_path
[2026-05-19 19:17:42] VIIRS Image Date: []
[2026-05-19 19:17:42] *** ERROR FLAG ***: VIIRS: no data for 2022-08-05, attempting interpolation...
[2026-05-19 19:17:48] VIIRS interpolation gap: 2022-07-25 → 2022-08-11 (17 days apart)
[2026-05-19 19:17:48] VIIRS interpolated: prev=2022-07-25, next=2022-08-11, weight=0.647
[2026-05-19 19:17:48] Weather image size: 1
[2026-05-19 19:17:48] Forecast duration: 2022-08-06 00:00:00 to 2022-08-07 00:00:00
[2026-05-19 19:17:49] Number of forecast images: 24
[2026-05-19 19:17:49] Using forecast run: 2022-08-05 18:00:00 UTC
[2026-05-19 19:17:49] Forecast Rain Available hours: [6, 7, 8, 9, 10, 11, 12, 13, 14, 15, 16, 17, 18, 19, 20, 21, 22, 23, 24, 25, 26, 27, 28, 29]
[2026-05-19 19:17:49] Valid hours for sum: [12, 18, 24, 29]
[2026-05-19 19:17:51] Drought composite end date: 2022-08-03 06:00:00
[2026-05-19 19:17:52] Land cover year: 2021
[2026-05-19 19:17:53] VIIRS Veg composite: 2022-07-12 → 2022-07-28
[2026-05-19 19:17:58] Started export task: fire_172_dynamic_2022-08-05
[2026-05-19 19:17:58] ------ Processing date=2022-08-06 ------
[2026-05-19 19:17:58] Using viirs_af_path: viirs_af_path
[2026-05-19 19:17:58] VIIRS Image Date: []
[2026-05-19 19:17:58] *** ERROR FLAG ***: VIIRS: no data for 2022-08-06, attempting interpolation...
[2026-05-19 19:18:03] VIIRS interpolation gap: 2022-07-25 → 2022-08-11 (17 days apart)
[2026-05-19 19:18:03] VIIRS interpolated: prev=2022-07-25, next=2022-08-11, weight=0.706
[2026-05-19 19:18:03] Weather image size: 1
[2026-05-19 19:18:03] Forecast duration: 2022-08-07 00:00:00 to 2022-08-08 00:00:00
[2026-05-19 19:18:04] Number of forecast images: 24
[2026-05-19 19:18:04] Using forecast run: 2022-08-06 18:00:00 UTC
[2026-05-19 19:18:04] Forecast Rain Available hours: [6, 7, 8, 9, 10, 11, 12, 13, 14, 15, 16, 17, 18, 19, 20, 21, 22, 23, 24, 25, 26, 27, 28, 29]
[2026-05-19 19:18:04] Valid hours for sum: [12, 18, 24, 29]
[2026-05-19 19:18:06] Drought composite end date: 2022-08-03 06:00:00
[2026-05-19 19:18:06] Land cover year: 2021
[2026-05-19 19:18:07] VIIRS Veg composite: 2022-07-12 → 2022-07-28
[2026-05-19 19:18:11] Started export task: fire_172_dynamic_2022-08-06
[2026-05-19 19:18:11] ------ Processing date=2022-08-07 ------
[2026-05-19 19:18:11] Using viirs_af_path: viirs_af_path
[2026-05-19 19:18:12] VIIRS Image Date: []
[2026-05-19 19:18:12] *** ERROR FLAG ***: VIIRS: no data for 2022-08-07, attempting interpolation...
[2026-05-19 19:18:17] VIIRS interpolation gap: 2022-07-25 → 2022-08-11 (17 days apart)
[2026-05-19 19:18:17] VIIRS interpolated: prev=2022-07-25, next=2022-08-11, weight=0.765
[2026-05-19 19:18:17] Weather image size: 1
[2026-05-19 19:18:17] Forecast duration: 2022-08-08 00:00:00 to 2022-08-09 00:00:00
[2026-05-19 19:18:19] Number of forecast images: 24
[2026-05-19 19:18:19] Using forecast run: 2022-08-07 18:00:00 UTC
[2026-05-19 19:18:24] Forecast Rain Available hours: [6, 7, 8, 9, 10, 11, 12, 13, 14, 15, 16, 17, 18, 19, 20, 21, 22, 23, 24, 25, 26, 27, 28, 29]
[2026-05-19 19:18:24] Valid hours for sum: [12, 18, 24, 29]
[2026-05-19 19:18:27] Drought composite end date: 2022-08-03 06:00:00
[2026-05-19 19:18:27] Land cover year: 2021
[2026-05-19 19:18:30] VIIRS Veg composite: 2022-07-12 → 2022-07-28
[2026-05-19 19:18:40] Started export task: fire_172_dynamic_2022-08-07
[2026-05-19 19:18:41] ------ Processing date=2022-08-08 ------
[2026-05-19 19:18:41] Using viirs_af_path: viirs_af_path
[2026-05-19 19:18:41] VIIRS Image Date: []
[2026-05-19 19:18:41] *** ERROR FLAG ***: VIIRS: no data for 2022-08-08, attempting interpolation...
[2026-05-19 19:18:48] VIIRS interpolation gap: 2022-07-25 → 2022-08-11 (17 days apart)
[2026-05-19 19:18:48] VIIRS interpolated: prev=2022-07-25, next=2022-08-11, weight=0.824
[2026-05-19 19:18:49] Weather image size: 1
[2026-05-19 19:18:49] Forecast duration: 2022-08-09 00:00:00 to 2022-08-10 00:00:00
[2026-05-19 19:18:50] Number of forecast images: 24
[2026-05-19 19:18:50] Using forecast run: 2022-08-08 18:00:00 UTC
[2026-05-19 19:18:50] Forecast Rain Available hours: [6, 7, 8, 9, 10, 11, 12, 13, 14, 15, 16, 17, 18, 19, 20, 21, 22, 23, 24, 25, 26, 27, 28, 29]
[2026-05-19 19:18:50] Valid hours for sum: [12, 18, 24, 29]
[2026-05-19 19:18:52] Drought composite end date: 2022-08-03 06:00:00
[2026-05-19 19:18:53] Land cover year: 2021
[2026-05-19 19:18:55] VIIRS Veg composite: 2022-07-12 → 2022-07-28
[2026-05-19 19:19:00] Started export task: fire_172_dynamic_2022-08-08
[2026-05-19 19:19:00] ------ Processing date=2022-08-09 ------
[2026-05-19 19:19:00] Using viirs_af_path: viirs_af_path
[2026-05-19 19:19:01] VIIRS Image Date: []
[2026-05-19 19:19:01] *** ERROR FLAG ***: VIIRS: no data for 2022-08-09, attempting interpolation...
[2026-05-19 19:19:08] VIIRS interpolation gap: 2022-07-25 → 2022-08-11 (17 days apart)
[2026-05-19 19:19:08] VIIRS interpolated: prev=2022-07-25, next=2022-08-11, weight=0.882
[2026-05-19 19:19:08] Weather image size: 1
[2026-05-19 19:19:08] Forecast duration: 2022-08-10 00:00:00 to 2022-08-11 00:00:00
[2026-05-19 19:19:09] Number of forecast images: 24
[2026-05-19 19:19:09] Using forecast run: 2022-08-09 18:00:00 UTC
[2026-05-19 19:19:10] Forecast Rain Available hours: [6, 7, 8, 9, 10, 11, 12, 13, 14, 15, 16, 17, 18, 19, 20, 21, 22, 23, 24, 25, 26, 27, 28, 29]
[2026-05-19 19:19:10] Valid hours for sum: [12, 18, 24, 29]
[2026-05-19 19:19:13] Drought composite end date: 2022-08-08 06:00:00
[2026-05-19 19:19:13] Land cover year: 2021
[2026-05-19 19:19:14] VIIRS Veg composite: 2022-07-12 → 2022-07-28
[2026-05-19 19:19:17] Started export task: fire_172_dynamic_2022-08-09
[2026-05-19 19:19:17] ------ Processing date=2022-08-10 ------
[2026-05-19 19:19:17] Using viirs_af_path: viirs_af_path
[2026-05-19 19:19:18] VIIRS Image Date: []
[2026-05-19 19:19:18] *** ERROR FLAG ***: VIIRS: no data for 2022-08-10, attempting interpolation...
[2026-05-19 19:19:24] VIIRS interpolation gap: 2022-07-25 → 2022-08-11 (17 days apart)
[2026-05-19 19:19:24] VIIRS interpolated: prev=2022-07-25, next=2022-08-11, weight=0.941
[2026-05-19 19:19:25] Weather image size: 1
[2026-05-19 19:19:25] Forecast duration: 2022-08-11 00:00:00 to 2022-08-12 00:00:00
[2026-05-19 19:19:27] Number of forecast images: 24
[2026-05-19 19:19:27] Using forecast run: 2022-08-10 18:00:00 UTC
[2026-05-19 19:19:27] Forecast Rain Available hours: [6, 7, 8, 9, 10, 11, 12, 13, 14, 15, 16, 17, 18, 19, 20, 21, 22, 23, 24, 25, 26, 27, 28, 29]
[2026-05-19 19:19:27] Valid hours for sum: [12, 18, 24, 29]
[2026-05-19 19:19:30] Drought composite end date: 2022-08-08 06:00:00
[2026-05-19 19:19:30] Land cover year: 2021
[2026-05-19 19:19:32] VIIRS Veg composite: 2022-07-12 → 2022-07-28
[2026-05-19 19:19:36] Started export task: fire_172_dynamic_2022-08-10
[2026-05-19 19:19:36] END: ----------Event fire_172----------- (Duration: 2.16m)
[2026-05-19 19:19:36] START: ----------Event fire_173-----------
[2026-05-19 19:19:37] ------ Processing date=2022-08-04 ------
[2026-05-19 19:19:37] Using viirs_af_path: viirs_af_path
[2026-05-19 19:19:37] VIIRS Image Date: []
[2026-05-19 19:19:37] *** ERROR FLAG ***: VIIRS: no data for 2022-08-04, attempting interpolation...
[2026-05-19 19:19:45] VIIRS interpolation gap: 2022-07-25 → 2022-08-11 (17 days apart)
[2026-05-19 19:19:45] VIIRS interpolated: prev=2022-07-25, next=2022-08-11, weight=0.588
[2026-05-19 19:19:45] Weather image size: 1
[2026-05-19 19:19:45] Forecast duration: 2022-08-05 00:00:00 to 2022-08-06 00:00:00
[2026-05-19 19:19:46] Number of forecast images: 24
[2026-05-19 19:19:46] Using forecast run: 2022-08-04 18:00:00 UTC
[2026-05-19 19:19:47] Forecast Rain Available hours: [6, 7, 8, 9, 10, 11, 12, 13, 14, 15, 16, 17, 18, 19, 20, 21, 22, 23, 24, 25, 26, 27, 28, 29]
[2026-05-19 19:19:47] Valid hours for sum: [12, 18, 24, 29]
[2026-05-19 19:19:49] Drought composite end date: 2022-08-03 06:00:00
[2026-05-19 19:19:50] Land cover year: 2021
[2026-05-19 19:19:51] VIIRS Veg composite: 2022-07-12 → 2022-07-28
[2026-05-19 19:19:56] Started export task: fire_173_static
[2026-05-19 19:19:57] Started export task: fire_173_dynamic_2022-08-04
[2026-05-19 19:19:58] ------ Processing date=2022-08-05 ------
[2026-05-19 19:19:58] Using viirs_af_path: viirs_af_path
[2026-05-19 19:19:58] VIIRS Image Date: []
[2026-05-19 19:19:58] *** ERROR FLAG ***: VIIRS: no data for 2022-08-05, attempting interpolation...
[2026-05-19 19:20:07] VIIRS interpolation gap: 2022-07-25 → 2022-08-11 (17 days apart)
[2026-05-19 19:20:07] VIIRS interpolated: prev=2022-07-25, next=2022-08-11, weight=0.647
[2026-05-19 19:20:08] Weather image size: 1
[2026-05-19 19:20:08] Forecast duration: 2022-08-06 00:00:00 to 2022-08-07 00:00:00
[2026-05-19 19:20:09] Number of forecast images: 24
[2026-05-19 19:20:09] Using forecast run: 2022-08-05 18:00:00 UTC
[2026-05-19 19:20:10] Forecast Rain Available hours: [6, 7, 8, 9, 10, 11, 12, 13, 14, 15, 16, 17, 18, 19, 20, 21, 22, 23, 24, 25, 26, 27, 28, 29]
[2026-05-19 19:20:10] Valid hours for sum: [12, 18, 24, 29]
[2026-05-19 19:20:12] Drought composite end date: 2022-08-03 06:00:00
[2026-05-19 19:20:13] Land cover year: 2021
[2026-05-19 19:20:14] VIIRS Veg composite: 2022-07-12 → 2022-07-28
[2026-05-19 19:20:19] Started export task: fire_173_dynamic_2022-08-05
[2026-05-19 19:20:19] ------ Processing date=2022-08-06 ------
[2026-05-19 19:20:19] Using viirs_af_path: viirs_af_path
[2026-05-19 19:20:20] VIIRS Image Date: []
[2026-05-19 19:20:20] *** ERROR FLAG ***: VIIRS: no data for 2022-08-06, attempting interpolation...
[2026-05-19 19:20:28] VIIRS interpolation gap: 2022-07-25 → 2022-08-11 (17 days apart)
[2026-05-19 19:20:28] VIIRS interpolated: prev=2022-07-25, next=2022-08-11, weight=0.706
[2026-05-19 19:20:28] Weather image size: 1
[2026-05-19 19:20:28] Forecast duration: 2022-08-07 00:00:00 to 2022-08-08 00:00:00
[2026-05-19 19:20:30] Number of forecast images: 24
[2026-05-19 19:20:30] Using forecast run: 2022-08-06 18:00:00 UTC
[2026-05-19 19:20:30] Forecast Rain Available hours: [6, 7, 8, 9, 10, 11, 12, 13, 14, 15, 16, 17, 18, 19, 20, 21, 22, 23, 24, 25, 26, 27, 28, 29]
[2026-05-19 19:20:30] Valid hours for sum: [12, 18, 24, 29]
[2026-05-19 19:20:32] Drought composite end date: 2022-08-03 06:00:00
[2026-05-19 19:20:33] Land cover year: 2021
[2026-05-19 19:20:34] VIIRS Veg composite: 2022-07-12 → 2022-07-28
[2026-05-19 19:20:38] Started export task: fire_173_dynamic_2022-08-06
[2026-05-19 19:20:38] ------ Processing date=2022-08-07 ------
[2026-05-19 19:20:38] Using viirs_af_path: viirs_af_path
[2026-05-19 19:20:39] VIIRS Image Date: []
[2026-05-19 19:20:39] *** ERROR FLAG ***: VIIRS: no data for 2022-08-07, attempting interpolation...
[2026-05-19 19:20:48] VIIRS interpolation gap: 2022-07-25 → 2022-08-11 (17 days apart)
[2026-05-19 19:20:48] VIIRS interpolated: prev=2022-07-25, next=2022-08-11, weight=0.765
[2026-05-19 19:20:48] Weather image size: 1
[2026-05-19 19:20:48] Forecast duration: 2022-08-08 00:00:00 to 2022-08-09 00:00:00
[2026-05-19 19:20:49] Number of forecast images: 24
[2026-05-19 19:20:49] Using forecast run: 2022-08-07 18:00:00 UTC
[2026-05-19 19:20:49] Forecast Rain Available hours: [6, 7, 8, 9, 10, 11, 12, 13, 14, 15, 16, 17, 18, 19, 20, 21, 22, 23, 24, 25, 26, 27, 28, 29]
[2026-05-19 19:20:49] Valid hours for sum: [12, 18, 24, 29]
[2026-05-19 19:20:51] Drought composite end date: 2022-08-03 06:00:00
[2026-05-19 19:20:52] Land cover year: 2021
[2026-05-19 19:20:53] VIIRS Veg composite: 2022-07-12 → 2022-07-28
[2026-05-19 19:20:58] Started export task: fire_173_dynamic_2022-08-07
[2026-05-19 19:20:58] ------ Processing date=2022-08-08 ------
[2026-05-19 19:20:58] Using viirs_af_path: viirs_af_path
[2026-05-19 19:20:59] VIIRS Image Date: []
[2026-05-19 19:20:59] *** ERROR FLAG ***: VIIRS: no data for 2022-08-08, attempting interpolation...
[2026-05-19 19:21:06] VIIRS interpolation gap: 2022-07-25 → 2022-08-11 (17 days apart)
[2026-05-19 19:21:06] VIIRS interpolated: prev=2022-07-25, next=2022-08-11, weight=0.824
[2026-05-19 19:21:07] Weather image size: 1
[2026-05-19 19:21:07] Forecast duration: 2022-08-09 00:00:00 to 2022-08-10 00:00:00
[2026-05-19 19:21:08] Number of forecast images: 24
[2026-05-19 19:21:08] Using forecast run: 2022-08-08 18:00:00 UTC
[2026-05-19 19:21:08] Forecast Rain Available hours: [6, 7, 8, 9, 10, 11, 12, 13, 14, 15, 16, 17, 18, 19, 20, 21, 22, 23, 24, 25, 26, 27, 28, 29]
[2026-05-19 19:21:08] Valid hours for sum: [12, 18, 24, 29]
[2026-05-19 19:21:10] Drought composite end date: 2022-08-03 06:00:00
[2026-05-19 19:21:11] Land cover year: 2021
[2026-05-19 19:21:12] VIIRS Veg composite: 2022-07-12 → 2022-07-28
[2026-05-19 19:21:14] Started export task: fire_173_dynamic_2022-08-08
[2026-05-19 19:21:15] ------ Processing date=2022-08-09 ------
[2026-05-19 19:21:15] Using viirs_af_path: viirs_af_path
[2026-05-19 19:21:15] VIIRS Image Date: []
[2026-05-19 19:21:15] *** ERROR FLAG ***: VIIRS: no data for 2022-08-09, attempting interpolation...
[2026-05-19 19:21:21] VIIRS interpolation gap: 2022-07-25 → 2022-08-11 (17 days apart)
[2026-05-19 19:21:21] VIIRS interpolated: prev=2022-07-25, next=2022-08-11, weight=0.882
[2026-05-19 19:21:21] Weather image size: 1
[2026-05-19 19:21:21] Forecast duration: 2022-08-10 00:00:00 to 2022-08-11 00:00:00
[2026-05-19 19:21:22] Number of forecast images: 24
[2026-05-19 19:21:22] Using forecast run: 2022-08-09 18:00:00 UTC
[2026-05-19 19:21:23] Forecast Rain Available hours: [6, 7, 8, 9, 10, 11, 12, 13, 14, 15, 16, 17, 18, 19, 20, 21, 22, 23, 24, 25, 26, 27, 28, 29]
[2026-05-19 19:21:23] Valid hours for sum: [12, 18, 24, 29]
[2026-05-19 19:21:25] Drought composite end date: 2022-08-08 06:00:00
[2026-05-19 19:21:26] Land cover year: 2021
[2026-05-19 19:21:27] VIIRS Veg composite: 2022-07-12 → 2022-07-28
[2026-05-19 19:21:32] Started export task: fire_173_dynamic_2022-08-09
[2026-05-19 19:21:33] ------ Processing date=2022-08-10 ------
[2026-05-19 19:21:33] Using viirs_af_path: viirs_af_path
[2026-05-19 19:21:33] VIIRS Image Date: []
[2026-05-19 19:21:33] *** ERROR FLAG ***: VIIRS: no data for 2022-08-10, attempting interpolation...
[2026-05-19 19:21:40] VIIRS interpolation gap: 2022-07-25 → 2022-08-11 (17 days apart)
[2026-05-19 19:21:40] VIIRS interpolated: prev=2022-07-25, next=2022-08-11, weight=0.941
[2026-05-19 19:21:40] Weather image size: 1
[2026-05-19 19:21:40] Forecast duration: 2022-08-11 00:00:00 to 2022-08-12 00:00:00
[2026-05-19 19:21:41] Number of forecast images: 24
[2026-05-19 19:21:41] Using forecast run: 2022-08-10 18:00:00 UTC
[2026-05-19 19:21:42] Forecast Rain Available hours: [6, 7, 8, 9, 10, 11, 12, 13, 14, 15, 16, 17, 18, 19, 20, 21, 22, 23, 24, 25, 26, 27, 28, 29]
[2026-05-19 19:21:42] Valid hours for sum: [12, 18, 24, 29]
[2026-05-19 19:21:44] Drought composite end date: 2022-08-08 06:00:00
[2026-05-19 19:21:45] Land cover year: 2021
[2026-05-19 19:21:47] VIIRS Veg composite: 2022-07-12 → 2022-07-28
[2026-05-19 19:21:54] Started export task: fire_173_dynamic_2022-08-10
[2026-05-19 19:21:55] END: ----------Event fire_173----------- (Duration: 2.31m)
[2026-05-19 19:21:55] START: ----------Event fire_177-----------
[2026-05-19 19:21:55] ------ Processing date=2022-08-06 ------
[2026-05-19 19:21:55] Using viirs_af_path: viirs_af_path
[2026-05-19 19:21:55] VIIRS Image Date: []
[2026-05-19 19:21:55] *** ERROR FLAG ***: VIIRS: no data for 2022-08-06, attempting interpolation...
[2026-05-19 19:22:02] VIIRS interpolation gap: 2022-07-25 → 2022-08-11 (17 days apart)
[2026-05-19 19:22:02] VIIRS interpolated: prev=2022-07-25, next=2022-08-11, weight=0.706
[2026-05-19 19:22:03] Weather image size: 1
[2026-05-19 19:22:03] Forecast duration: 2022-08-07 00:00:00 to 2022-08-08 00:00:00
[2026-05-19 19:22:04] Number of forecast images: 24
[2026-05-19 19:22:04] Using forecast run: 2022-08-06 18:00:00 UTC
[2026-05-19 19:22:04] Forecast Rain Available hours: [6, 7, 8, 9, 10, 11, 12, 13, 14, 15, 16, 17, 18, 19, 20, 21, 22, 23, 24, 25, 26, 27, 28, 29]
[2026-05-19 19:22:04] Valid hours for sum: [12, 18, 24, 29]
[2026-05-19 19:22:07] Drought composite end date: 2022-08-03 06:00:00
[2026-05-19 19:22:07] Land cover year: 2021
[2026-05-19 19:22:08] VIIRS Veg composite: 2022-07-20 → 2022-08-05
[2026-05-19 19:22:15] Started export task: fire_177_static
[2026-05-19 19:22:15] Started export task: fire_177_dynamic_2022-08-06
[2026-05-19 19:22:15] ------ Processing date=2022-08-07 ------
[2026-05-19 19:22:15] Using viirs_af_path: viirs_af_path
[2026-05-19 19:22:15] VIIRS Image Date: []
[2026-05-19 19:22:15] *** ERROR FLAG ***: VIIRS: no data for 2022-08-07, attempting interpolation...
[2026-05-19 19:22:20] VIIRS interpolation gap: 2022-07-25 → 2022-08-11 (17 days apart)
[2026-05-19 19:22:20] VIIRS interpolated: prev=2022-07-25, next=2022-08-11, weight=0.765
[2026-05-19 19:22:20] Weather image size: 1
[2026-05-19 19:22:20] Forecast duration: 2022-08-08 00:00:00 to 2022-08-09 00:00:00
[2026-05-19 19:22:21] Number of forecast images: 24
[2026-05-19 19:22:21] Using forecast run: 2022-08-07 18:00:00 UTC
[2026-05-19 19:22:22] Forecast Rain Available hours: [6, 7, 8, 9, 10, 11, 12, 13, 14, 15, 16, 17, 18, 19, 20, 21, 22, 23, 24, 25, 26, 27, 28, 29]
[2026-05-19 19:22:22] Valid hours for sum: [12, 18, 24, 29]
[2026-05-19 19:22:23] Drought composite end date: 2022-08-03 06:00:00
[2026-05-19 19:22:24] Land cover year: 2021
[2026-05-19 19:22:25] VIIRS Veg composite: 2022-07-20 → 2022-08-05
[2026-05-19 19:22:29] Started export task: fire_177_dynamic_2022-08-07
[2026-05-19 19:22:29] ------ Processing date=2022-08-08 ------
[2026-05-19 19:22:29] Using viirs_af_path: viirs_af_path
[2026-05-19 19:22:29] VIIRS Image Date: []
[2026-05-19 19:22:29] *** ERROR FLAG ***: VIIRS: no data for 2022-08-08, attempting interpolation...
[2026-05-19 19:22:35] VIIRS interpolation gap: 2022-07-25 → 2022-08-11 (17 days apart)
[2026-05-19 19:22:35] VIIRS interpolated: prev=2022-07-25, next=2022-08-11, weight=0.824
[2026-05-19 19:22:35] Weather image size: 1
[2026-05-19 19:22:35] Forecast duration: 2022-08-09 00:00:00 to 2022-08-10 00:00:00
[2026-05-19 19:22:36] Number of forecast images: 24
[2026-05-19 19:22:36] Using forecast run: 2022-08-08 18:00:00 UTC
[2026-05-19 19:22:36] Forecast Rain Available hours: [6, 7, 8, 9, 10, 11, 12, 13, 14, 15, 16, 17, 18, 19, 20, 21, 22, 23, 24, 25, 26, 27, 28, 29]
[2026-05-19 19:22:36] Valid hours for sum: [12, 18, 24, 29]
[2026-05-19 19:22:38] Drought composite end date: 2022-08-03 06:00:00
[2026-05-19 19:22:38] Land cover year: 2021
[2026-05-19 19:22:39] VIIRS Veg composite: 2022-07-20 → 2022-08-05
[2026-05-19 19:22:42] Started export task: fire_177_dynamic_2022-08-08
[2026-05-19 19:22:42] ------ Processing date=2022-08-09 ------
[2026-05-19 19:22:42] Using viirs_af_path: viirs_af_path
[2026-05-19 19:22:43] VIIRS Image Date: []
[2026-05-19 19:22:43] *** ERROR FLAG ***: VIIRS: no data for 2022-08-09, attempting interpolation...
[2026-05-19 19:22:49] VIIRS interpolation gap: 2022-07-25 → 2022-08-11 (17 days apart)
[2026-05-19 19:22:49] VIIRS interpolated: prev=2022-07-25, next=2022-08-11, weight=0.882
[2026-05-19 19:22:49] Weather image size: 1
[2026-05-19 19:22:49] Forecast duration: 2022-08-10 00:00:00 to 2022-08-11 00:00:00
[2026-05-19 19:22:50] Number of forecast images: 24
[2026-05-19 19:22:50] Using forecast run: 2022-08-09 18:00:00 UTC
[2026-05-19 19:22:50] Forecast Rain Available hours: [6, 7, 8, 9, 10, 11, 12, 13, 14, 15, 16, 17, 18, 19, 20, 21, 22, 23, 24, 25, 26, 27, 28, 29]
[2026-05-19 19:22:50] Valid hours for sum: [12, 18, 24, 29]
[2026-05-19 19:22:53] Drought composite end date: 2022-08-08 06:00:00
[2026-05-19 19:22:53] Land cover year: 2021
[2026-05-19 19:22:55] VIIRS Veg composite: 2022-07-20 → 2022-08-05
[2026-05-19 19:22:59] Started export task: fire_177_dynamic_2022-08-09
[2026-05-19 19:22:59] ------ Processing date=2022-08-10 ------
[2026-05-19 19:22:59] Using viirs_af_path: viirs_af_path
[2026-05-19 19:23:00] VIIRS Image Date: []
[2026-05-19 19:23:00] *** ERROR FLAG ***: VIIRS: no data for 2022-08-10, attempting interpolation...
[2026-05-19 19:23:06] VIIRS interpolation gap: 2022-07-25 → 2022-08-11 (17 days apart)
[2026-05-19 19:23:06] VIIRS interpolated: prev=2022-07-25, next=2022-08-11, weight=0.941
[2026-05-19 19:23:07] Weather image size: 1
[2026-05-19 19:23:07] Forecast duration: 2022-08-11 00:00:00 to 2022-08-12 00:00:00
[2026-05-19 19:23:08] Number of forecast images: 24
[2026-05-19 19:23:08] Using forecast run: 2022-08-10 18:00:00 UTC
[2026-05-19 19:23:08] Forecast Rain Available hours: [6, 7, 8, 9, 10, 11, 12, 13, 14, 15, 16, 17, 18, 19, 20, 21, 22, 23, 24, 25, 26, 27, 28, 29]
[2026-05-19 19:23:08] Valid hours for sum: [12, 18, 24, 29]
[2026-05-19 19:23:11] Drought composite end date: 2022-08-08 06:00:00
[2026-05-19 19:23:11] Land cover year: 2021
[2026-05-19 19:23:12] VIIRS Veg composite: 2022-07-20 → 2022-08-05
[2026-05-19 19:23:17] Started export task: fire_177_dynamic_2022-08-10
[2026-05-19 19:23:17] END: ----------Event fire_177----------- (Duration: 1.37m)
[2026-05-19 19:23:17] START: ----------Event fire_178-----------
[2026-05-19 19:23:17] ------ Processing date=2022-08-06 ------
[2026-05-19 19:23:17] Using viirs_af_path: viirs_af_path
[2026-05-19 19:23:18] VIIRS Image Date: []
[2026-05-19 19:23:18] *** ERROR FLAG ***: VIIRS: no data for 2022-08-06, attempting interpolation...
[2026-05-19 19:23:23] VIIRS interpolation gap: 2022-07-25 → 2022-08-11 (17 days apart)
[2026-05-19 19:23:23] VIIRS interpolated: prev=2022-07-25, next=2022-08-11, weight=0.706
[2026-05-19 19:23:23] Weather image size: 1
[2026-05-19 19:23:23] Forecast duration: 2022-08-07 00:00:00 to 2022-08-08 00:00:00
[2026-05-19 19:23:24] Number of forecast images: 24
[2026-05-19 19:23:24] Using forecast run: 2022-08-06 18:00:00 UTC
[2026-05-19 19:23:24] Forecast Rain Available hours: [6, 7, 8, 9, 10, 11, 12, 13, 14, 15, 16, 17, 18, 19, 20, 21, 22, 23, 24, 25, 26, 27, 28, 29]
[2026-05-19 19:23:24] Valid hours for sum: [12, 18, 24, 29]
[2026-05-19 19:23:26] Drought composite end date: 2022-08-03 06:00:00
[2026-05-19 19:23:26] Land cover year: 2021
[2026-05-19 19:23:27] VIIRS Veg composite: 2022-07-20 → 2022-08-05
[2026-05-19 19:23:30] Started export task: fire_178_static
[2026-05-19 19:23:31] Started export task: fire_178_dynamic_2022-08-06
[2026-05-19 19:23:31] ------ Processing date=2022-08-07 ------
[2026-05-19 19:23:31] Using viirs_af_path: viirs_af_path
[2026-05-19 19:23:31] VIIRS Image Date: []
[2026-05-19 19:23:31] *** ERROR FLAG ***: VIIRS: no data for 2022-08-07, attempting interpolation...
[2026-05-19 19:23:36] VIIRS interpolation gap: 2022-07-25 → 2022-08-11 (17 days apart)
[2026-05-19 19:23:36] VIIRS interpolated: prev=2022-07-25, next=2022-08-11, weight=0.765
[2026-05-19 19:23:36] Weather image size: 1
[2026-05-19 19:23:36] Forecast duration: 2022-08-08 00:00:00 to 2022-08-09 00:00:00
[2026-05-19 19:23:37] Number of forecast images: 24
[2026-05-19 19:23:37] Using forecast run: 2022-08-07 18:00:00 UTC
[2026-05-19 19:23:38] Forecast Rain Available hours: [6, 7, 8, 9, 10, 11, 12, 13, 14, 15, 16, 17, 18, 19, 20, 21, 22, 23, 24, 25, 26, 27, 28, 29]
[2026-05-19 19:23:38] Valid hours for sum: [12, 18, 24, 29]
[2026-05-19 19:23:40] Drought composite end date: 2022-08-03 06:00:00
[2026-05-19 19:23:40] Land cover year: 2021
[2026-05-19 19:23:41] VIIRS Veg composite: 2022-07-20 → 2022-08-05
[2026-05-19 19:23:46] Started export task: fire_178_dynamic_2022-08-07
[2026-05-19 19:23:46] ------ Processing date=2022-08-08 ------
[2026-05-19 19:23:46] Using viirs_af_path: viirs_af_path
[2026-05-19 19:23:47] VIIRS Image Date: []
[2026-05-19 19:23:47] *** ERROR FLAG ***: VIIRS: no data for 2022-08-08, attempting interpolation...
[2026-05-19 19:23:54] VIIRS interpolation gap: 2022-07-25 → 2022-08-11 (17 days apart)
[2026-05-19 19:23:54] VIIRS interpolated: prev=2022-07-25, next=2022-08-11, weight=0.824
[2026-05-19 19:23:54] Weather image size: 1
[2026-05-19 19:23:54] Forecast duration: 2022-08-09 00:00:00 to 2022-08-10 00:00:00
[2026-05-19 19:23:55] Number of forecast images: 24
[2026-05-19 19:23:55] Using forecast run: 2022-08-08 18:00:00 UTC
[2026-05-19 19:23:55] Forecast Rain Available hours: [6, 7, 8, 9, 10, 11, 12, 13, 14, 15, 16, 17, 18, 19, 20, 21, 22, 23, 24, 25, 26, 27, 28, 29]
[2026-05-19 19:23:55] Valid hours for sum: [12, 18, 24, 29]
[2026-05-19 19:23:57] Drought composite end date: 2022-08-03 06:00:00
[2026-05-19 19:23:57] Land cover year: 2021
[2026-05-19 19:23:58] VIIRS Veg composite: 2022-07-20 → 2022-08-05
[2026-05-19 19:24:01] Started export task: fire_178_dynamic_2022-08-08
[2026-05-19 19:24:02] ------ Processing date=2022-08-09 ------
[2026-05-19 19:24:02] Using viirs_af_path: viirs_af_path
[2026-05-19 19:24:02] VIIRS Image Date: []
[2026-05-19 19:24:02] *** ERROR FLAG ***: VIIRS: no data for 2022-08-09, attempting interpolation...
[2026-05-19 19:24:07] VIIRS interpolation gap: 2022-07-25 → 2022-08-11 (17 days apart)
[2026-05-19 19:24:07] VIIRS interpolated: prev=2022-07-25, next=2022-08-11, weight=0.882
[2026-05-19 19:24:07] Weather image size: 1
[2026-05-19 19:24:07] Forecast duration: 2022-08-10 00:00:00 to 2022-08-11 00:00:00
[2026-05-19 19:24:08] Number of forecast images: 24
[2026-05-19 19:24:08] Using forecast run: 2022-08-09 18:00:00 UTC
[2026-05-19 19:24:09] Forecast Rain Available hours: [6, 7, 8, 9, 10, 11, 12, 13, 14, 15, 16, 17, 18, 19, 20, 21, 22, 23, 24, 25, 26, 27, 28, 29]
[2026-05-19 19:24:09] Valid hours for sum: [12, 18, 24, 29]
[2026-05-19 19:24:11] Drought composite end date: 2022-08-08 06:00:00
[2026-05-19 19:24:12] Land cover year: 2021
[2026-05-19 19:24:13] VIIRS Veg composite: 2022-07-20 → 2022-08-05
[2026-05-19 19:24:18] Started export task: fire_178_dynamic_2022-08-09
[2026-05-19 19:24:18] ------ Processing date=2022-08-10 ------
[2026-05-19 19:24:18] Using viirs_af_path: viirs_af_path
[2026-05-19 19:24:19] VIIRS Image Date: []
[2026-05-19 19:24:19] *** ERROR FLAG ***: VIIRS: no data for 2022-08-10, attempting interpolation...
[2026-05-19 19:24:23] VIIRS interpolation gap: 2022-07-25 → 2022-08-11 (17 days apart)
[2026-05-19 19:24:23] VIIRS interpolated: prev=2022-07-25, next=2022-08-11, weight=0.941
[2026-05-19 19:24:23] Weather image size: 1
[2026-05-19 19:24:23] Forecast duration: 2022-08-11 00:00:00 to 2022-08-12 00:00:00
[2026-05-19 19:24:24] Number of forecast images: 24
[2026-05-19 19:24:24] Using forecast run: 2022-08-10 18:00:00 UTC
[2026-05-19 19:24:24] Forecast Rain Available hours: [6, 7, 8, 9, 10, 11, 12, 13, 14, 15, 16, 17, 18, 19, 20, 21, 22, 23, 24, 25, 26, 27, 28, 29]
[2026-05-19 19:24:24] Valid hours for sum: [12, 18, 24, 29]
[2026-05-19 19:24:26] Drought composite end date: 2022-08-08 06:00:00
[2026-05-19 19:24:27] Land cover year: 2021
[2026-05-19 19:24:27] VIIRS Veg composite: 2022-07-20 → 2022-08-05
[2026-05-19 19:24:31] Started export task: fire_178_dynamic_2022-08-10
[2026-05-19 19:24:32] END: ----------Event fire_178----------- (Duration: 1.24m)
[2026-05-19 19:24:32] START: ----------Event fire_179-----------
[2026-05-19 19:24:32] ------ Processing date=2022-08-07 ------
[2026-05-19 19:24:32] Using viirs_af_path: viirs_af_path
[2026-05-19 19:24:32] VIIRS Image Date: []
[2026-05-19 19:24:32] *** ERROR FLAG ***: VIIRS: no data for 2022-08-07, attempting interpolation...
[2026-05-19 19:24:37] VIIRS interpolation gap: 2022-07-25 → 2022-08-11 (17 days apart)
[2026-05-19 19:24:37] VIIRS interpolated: prev=2022-07-25, next=2022-08-11, weight=0.765
[2026-05-19 19:24:38] Weather image size: 1
[2026-05-19 19:24:38] Forecast duration: 2022-08-08 00:00:00 to 2022-08-09 00:00:00
[2026-05-19 19:24:39] Number of forecast images: 24
[2026-05-19 19:24:39] Using forecast run: 2022-08-07 18:00:00 UTC
[2026-05-19 19:24:39] Forecast Rain Available hours: [6, 7, 8, 9, 10, 11, 12, 13, 14, 15, 16, 17, 18, 19, 20, 21, 22, 23, 24, 25, 26, 27, 28, 29]
[2026-05-19 19:24:39] Valid hours for sum: [12, 18, 24, 29]
[2026-05-19 19:24:41] Drought composite end date: 2022-08-03 06:00:00
[2026-05-19 19:24:41] Land cover year: 2021
[2026-05-19 19:24:42] VIIRS Veg composite: 2022-07-20 → 2022-08-05
[2026-05-19 19:24:46] Started export task: fire_179_static
[2026-05-19 19:24:47] Started export task: fire_179_dynamic_2022-08-07
[2026-05-19 19:24:48] ------ Processing date=2022-08-08 ------
[2026-05-19 19:24:48] Using viirs_af_path: viirs_af_path
[2026-05-19 19:24:48] VIIRS Image Date: []
[2026-05-19 19:24:48] *** ERROR FLAG ***: VIIRS: no data for 2022-08-08, attempting interpolation...
[2026-05-19 19:24:52] VIIRS interpolation gap: 2022-07-25 → 2022-08-11 (17 days apart)
[2026-05-19 19:24:52] VIIRS interpolated: prev=2022-07-25, next=2022-08-11, weight=0.824
[2026-05-19 19:24:53] Weather image size: 1
[2026-05-19 19:24:53] Forecast duration: 2022-08-09 00:00:00 to 2022-08-10 00:00:00
[2026-05-19 19:24:54] Number of forecast images: 24
[2026-05-19 19:24:54] Using forecast run: 2022-08-08 18:00:00 UTC
[2026-05-19 19:24:54] Forecast Rain Available hours: [6, 7, 8, 9, 10, 11, 12, 13, 14, 15, 16, 17, 18, 19, 20, 21, 22, 23, 24, 25, 26, 27, 28, 29]
[2026-05-19 19:24:54] Valid hours for sum: [12, 18, 24, 29]
[2026-05-19 19:24:55] Drought composite end date: 2022-08-03 06:00:00
[2026-05-19 19:24:56] Land cover year: 2021
[2026-05-19 19:24:57] VIIRS Veg composite: 2022-07-20 → 2022-08-05
[2026-05-19 19:24:59] Started export task: fire_179_dynamic_2022-08-08
[2026-05-19 19:25:00] ------ Processing date=2022-08-09 ------
[2026-05-19 19:25:00] Using viirs_af_path: viirs_af_path
[2026-05-19 19:25:00] VIIRS Image Date: []
[2026-05-19 19:25:00] *** ERROR FLAG ***: VIIRS: no data for 2022-08-09, attempting interpolation...
[2026-05-19 19:25:05] VIIRS interpolation gap: 2022-07-25 → 2022-08-11 (17 days apart)
[2026-05-19 19:25:05] VIIRS interpolated: prev=2022-07-25, next=2022-08-11, weight=0.882
[2026-05-19 19:25:05] Weather image size: 1
[2026-05-19 19:25:05] Forecast duration: 2022-08-10 00:00:00 to 2022-08-11 00:00:00
[2026-05-19 19:25:06] Number of forecast images: 24
[2026-05-19 19:25:06] Using forecast run: 2022-08-09 18:00:00 UTC
[2026-05-19 19:25:06] Forecast Rain Available hours: [6, 7, 8, 9, 10, 11, 12, 13, 14, 15, 16, 17, 18, 19, 20, 21, 22, 23, 24, 25, 26, 27, 28, 29]
[2026-05-19 19:25:06] Valid hours for sum: [12, 18, 24, 29]
[2026-05-19 19:25:08] Drought composite end date: 2022-08-08 06:00:00
[2026-05-19 19:25:08] Land cover year: 2021
[2026-05-19 19:25:09] VIIRS Veg composite: 2022-07-20 → 2022-08-05
[2026-05-19 19:25:13] Started export task: fire_179_dynamic_2022-08-09
[2026-05-19 19:25:14] ------ Processing date=2022-08-10 ------
[2026-05-19 19:25:14] Using viirs_af_path: viirs_af_path
[2026-05-19 19:25:14] VIIRS Image Date: []
[2026-05-19 19:25:14] *** ERROR FLAG ***: VIIRS: no data for 2022-08-10, attempting interpolation...
[2026-05-19 19:25:18] VIIRS interpolation gap: 2022-07-25 → 2022-08-11 (17 days apart)
[2026-05-19 19:25:18] VIIRS interpolated: prev=2022-07-25, next=2022-08-11, weight=0.941
[2026-05-19 19:25:18] Weather image size: 1
[2026-05-19 19:25:18] Forecast duration: 2022-08-11 00:00:00 to 2022-08-12 00:00:00
[2026-05-19 19:25:19] Number of forecast images: 24
[2026-05-19 19:25:19] Using forecast run: 2022-08-10 18:00:00 UTC
[2026-05-19 19:25:20] Forecast Rain Available hours: [6, 7, 8, 9, 10, 11, 12, 13, 14, 15, 16, 17, 18, 19, 20, 21, 22, 23, 24, 25, 26, 27, 28, 29]
[2026-05-19 19:25:20] Valid hours for sum: [12, 18, 24, 29]
[2026-05-19 19:25:22] Drought composite end date: 2022-08-08 06:00:00
[2026-05-19 19:25:22] Land cover year: 2021
[2026-05-19 19:25:23] VIIRS Veg composite: 2022-07-20 → 2022-08-05
[2026-05-19 19:25:28] Started export task: fire_179_dynamic_2022-08-10
[2026-05-19 19:25:28] END: ----------Event fire_179----------- (Duration: 56.40s)
[2026-05-19 19:25:28] START: ----------Event fire_180-----------
[2026-05-19 19:25:28] ------ Processing date=2022-08-06 ------
[2026-05-19 19:25:28] Using viirs_af_path: viirs_af_path
[2026-05-19 19:25:28] VIIRS Image Date: []
[2026-05-19 19:25:28] *** ERROR FLAG ***: VIIRS: no data for 2022-08-06, attempting interpolation...
[2026-05-19 19:25:33] VIIRS interpolation gap: 2022-07-25 → 2022-08-11 (17 days apart)
[2026-05-19 19:25:33] VIIRS interpolated: prev=2022-07-25, next=2022-08-11, weight=0.706
[2026-05-19 19:25:34] Weather image size: 1
[2026-05-19 19:25:34] Forecast duration: 2022-08-07 00:00:00 to 2022-08-08 00:00:00
[2026-05-19 19:25:34] Number of forecast images: 24
[2026-05-19 19:25:34] Using forecast run: 2022-08-06 18:00:00 UTC
[2026-05-19 19:25:35] Forecast Rain Available hours: [6, 7, 8, 9, 10, 11, 12, 13, 14, 15, 16, 17, 18, 19, 20, 21, 22, 23, 24, 25, 26, 27, 28, 29]
[2026-05-19 19:25:35] Valid hours for sum: [12, 18, 24, 29]
[2026-05-19 19:25:37] Drought composite end date: 2022-08-03 06:00:00
[2026-05-19 19:25:38] Land cover year: 2021
[2026-05-19 19:25:38] VIIRS Veg composite: 2022-07-20 → 2022-08-05
[2026-05-19 19:25:45] Started export task: fire_180_static
[2026-05-19 19:25:46] Started export task: fire_180_dynamic_2022-08-06
[2026-05-19 19:25:46] ------ Processing date=2022-08-07 ------
[2026-05-19 19:25:46] Using viirs_af_path: viirs_af_path
[2026-05-19 19:25:47] VIIRS Image Date: []
[2026-05-19 19:25:47] *** ERROR FLAG ***: VIIRS: no data for 2022-08-07, attempting interpolation...
[2026-05-19 19:25:52] VIIRS interpolation gap: 2022-07-25 → 2022-08-11 (17 days apart)
[2026-05-19 19:25:52] VIIRS interpolated: prev=2022-07-25, next=2022-08-11, weight=0.765
[2026-05-19 19:25:52] Weather image size: 1
[2026-05-19 19:25:52] Forecast duration: 2022-08-08 00:00:00 to 2022-08-09 00:00:00
[2026-05-19 19:25:53] Number of forecast images: 24
[2026-05-19 19:25:53] Using forecast run: 2022-08-07 18:00:00 UTC
[2026-05-19 19:25:53] Forecast Rain Available hours: [6, 7, 8, 9, 10, 11, 12, 13, 14, 15, 16, 17, 18, 19, 20, 21, 22, 23, 24, 25, 26, 27, 28, 29]
[2026-05-19 19:25:53] Valid hours for sum: [12, 18, 24, 29]
[2026-05-19 19:25:55] Drought composite end date: 2022-08-03 06:00:00
[2026-05-19 19:25:55] Land cover year: 2021
[2026-05-19 19:25:56] VIIRS Veg composite: 2022-07-20 → 2022-08-05
[2026-05-19 19:25:59] Started export task: fire_180_dynamic_2022-08-07
[2026-05-19 19:26:00] ------ Processing date=2022-08-08 ------
[2026-05-19 19:26:00] Using viirs_af_path: viirs_af_path
[2026-05-19 19:26:00] VIIRS Image Date: []
[2026-05-19 19:26:00] *** ERROR FLAG ***: VIIRS: no data for 2022-08-08, attempting interpolation...
[2026-05-19 19:26:04] VIIRS interpolation gap: 2022-07-25 → 2022-08-11 (17 days apart)
[2026-05-19 19:26:04] VIIRS interpolated: prev=2022-07-25, next=2022-08-11, weight=0.824
[2026-05-19 19:26:05] Weather image size: 1
[2026-05-19 19:26:05] Forecast duration: 2022-08-09 00:00:00 to 2022-08-10 00:00:00
[2026-05-19 19:26:06] Number of forecast images: 24
[2026-05-19 19:26:06] Using forecast run: 2022-08-08 18:00:00 UTC
[2026-05-19 19:26:06] Forecast Rain Available hours: [6, 7, 8, 9, 10, 11, 12, 13, 14, 15, 16, 17, 18, 19, 20, 21, 22, 23, 24, 25, 26, 27, 28, 29]
[2026-05-19 19:26:06] Valid hours for sum: [12, 18, 24, 29]
[2026-05-19 19:26:09] Drought composite end date: 2022-08-03 06:00:00
[2026-05-19 19:26:09] Land cover year: 2021
[2026-05-19 19:26:10] VIIRS Veg composite: 2022-07-20 → 2022-08-05
[2026-05-19 19:26:14] Started export task: fire_180_dynamic_2022-08-08
[2026-05-19 19:26:15] ------ Processing date=2022-08-09 ------
[2026-05-19 19:26:15] Using viirs_af_path: viirs_af_path
[2026-05-19 19:26:15] VIIRS Image Date: []
[2026-05-19 19:26:15] *** ERROR FLAG ***: VIIRS: no data for 2022-08-09, attempting interpolation...
[2026-05-19 19:26:21] VIIRS interpolation gap: 2022-07-25 → 2022-08-11 (17 days apart)
[2026-05-19 19:26:21] VIIRS interpolated: prev=2022-07-25, next=2022-08-11, weight=0.882
[2026-05-19 19:26:21] Weather image size: 1
[2026-05-19 19:26:21] Forecast duration: 2022-08-10 00:00:00 to 2022-08-11 00:00:00
[2026-05-19 19:26:22] Number of forecast images: 24
[2026-05-19 19:26:22] Using forecast run: 2022-08-09 18:00:00 UTC
[2026-05-19 19:26:23] Forecast Rain Available hours: [6, 7, 8, 9, 10, 11, 12, 13, 14, 15, 16, 17, 18, 19, 20, 21, 22, 23, 24, 25, 26, 27, 28, 29]
[2026-05-19 19:26:23] Valid hours for sum: [12, 18, 24, 29]
[2026-05-19 19:26:25] Drought composite end date: 2022-08-08 06:00:00
[2026-05-19 19:26:25] Land cover year: 2021
[2026-05-19 19:26:26] VIIRS Veg composite: 2022-07-20 → 2022-08-05
[2026-05-19 19:26:29] Started export task: fire_180_dynamic_2022-08-09
[2026-05-19 19:26:30] ------ Processing date=2022-08-10 ------
[2026-05-19 19:26:30] Using viirs_af_path: viirs_af_path
[2026-05-19 19:26:30] VIIRS Image Date: []
[2026-05-19 19:26:30] *** ERROR FLAG ***: VIIRS: no data for 2022-08-10, attempting interpolation...
[2026-05-19 19:26:35] VIIRS interpolation gap: 2022-07-25 → 2022-08-11 (17 days apart)
[2026-05-19 19:26:35] VIIRS interpolated: prev=2022-07-25, next=2022-08-11, weight=0.941
[2026-05-19 19:26:35] Weather image size: 1
[2026-05-19 19:26:35] Forecast duration: 2022-08-11 00:00:00 to 2022-08-12 00:00:00
[2026-05-19 19:26:36] Number of forecast images: 24
[2026-05-19 19:26:36] Using forecast run: 2022-08-10 18:00:00 UTC
[2026-05-19 19:26:37] Forecast Rain Available hours: [6, 7, 8, 9, 10, 11, 12, 13, 14, 15, 16, 17, 18, 19, 20, 21, 22, 23, 24, 25, 26, 27, 28, 29]
[2026-05-19 19:26:37] Valid hours for sum: [12, 18, 24, 29]
[2026-05-19 19:26:39] Drought composite end date: 2022-08-08 06:00:00
[2026-05-19 19:26:39] Land cover year: 2021
[2026-05-19 19:26:40] VIIRS Veg composite: 2022-07-20 → 2022-08-05
[2026-05-19 19:26:45] Started export task: fire_180_dynamic_2022-08-10
[2026-05-19 19:26:46] END: ----------Event fire_180----------- (Duration: 1.29m)
[2026-05-19 19:26:46] START: ----------Event fire_181-----------
[2026-05-19 19:26:46] ------ Processing date=2022-08-08 ------
[2026-05-19 19:26:46] Using viirs_af_path: viirs_af_path
[2026-05-19 19:26:46] VIIRS Image Date: []
[2026-05-19 19:26:46] *** ERROR FLAG ***: VIIRS: no data for 2022-08-08, attempting interpolation...
[2026-05-19 19:26:50] VIIRS interpolation gap: 2022-07-25 → 2022-08-11 (17 days apart)
[2026-05-19 19:26:50] VIIRS interpolated: prev=2022-07-25, next=2022-08-11, weight=0.824
[2026-05-19 19:26:51] Weather image size: 1
[2026-05-19 19:26:51] Forecast duration: 2022-08-09 00:00:00 to 2022-08-10 00:00:00
[2026-05-19 19:26:52] Number of forecast images: 24
[2026-05-19 19:26:52] Using forecast run: 2022-08-08 18:00:00 UTC
[2026-05-19 19:26:52] Forecast Rain Available hours: [6, 7, 8, 9, 10, 11, 12, 13, 14, 15, 16, 17, 18, 19, 20, 21, 22, 23, 24, 25, 26, 27, 28, 29]
[2026-05-19 19:26:52] Valid hours for sum: [12, 18, 24, 29]
[2026-05-19 19:26:54] Drought composite end date: 2022-08-03 06:00:00
[2026-05-19 19:26:54] Land cover year: 2021
[2026-05-19 19:26:55] VIIRS Veg composite: 2022-07-20 → 2022-08-05
[2026-05-19 19:26:59] Started export task: fire_181_static
[2026-05-19 19:26:59] Started export task: fire_181_dynamic_2022-08-08
[2026-05-19 19:27:00] ------ Processing date=2022-08-09 ------
[2026-05-19 19:27:00] Using viirs_af_path: viirs_af_path
[2026-05-19 19:27:00] VIIRS Image Date: []
[2026-05-19 19:27:00] *** ERROR FLAG ***: VIIRS: no data for 2022-08-09, attempting interpolation...
[2026-05-19 19:27:05] VIIRS interpolation gap: 2022-07-25 → 2022-08-11 (17 days apart)
[2026-05-19 19:27:05] VIIRS interpolated: prev=2022-07-25, next=2022-08-11, weight=0.882
[2026-05-19 19:27:05] Weather image size: 1
[2026-05-19 19:27:05] Forecast duration: 2022-08-10 00:00:00 to 2022-08-11 00:00:00
[2026-05-19 19:27:06] Number of forecast images: 24
[2026-05-19 19:27:06] Using forecast run: 2022-08-09 18:00:00 UTC
[2026-05-19 19:27:06] Forecast Rain Available hours: [6, 7, 8, 9, 10, 11, 12, 13, 14, 15, 16, 17, 18, 19, 20, 21, 22, 23, 24, 25, 26, 27, 28, 29]
[2026-05-19 19:27:06] Valid hours for sum: [12, 18, 24, 29]
[2026-05-19 19:27:09] Drought composite end date: 2022-08-08 06:00:00
[2026-05-19 19:27:09] Land cover year: 2021
[2026-05-19 19:27:10] VIIRS Veg composite: 2022-07-20 → 2022-08-05
[2026-05-19 19:27:13] Started export task: fire_181_dynamic_2022-08-09
[2026-05-19 19:27:14] ------ Processing date=2022-08-10 ------
[2026-05-19 19:27:14] Using viirs_af_path: viirs_af_path
[2026-05-19 19:27:14] VIIRS Image Date: []
[2026-05-19 19:27:14] *** ERROR FLAG ***: VIIRS: no data for 2022-08-10, attempting interpolation...
[2026-05-19 19:27:18] VIIRS interpolation gap: 2022-07-25 → 2022-08-11 (17 days apart)
[2026-05-19 19:27:18] VIIRS interpolated: prev=2022-07-25, next=2022-08-11, weight=0.941
[2026-05-19 19:27:18] Weather image size: 1
[2026-05-19 19:27:19] Forecast duration: 2022-08-11 00:00:00 to 2022-08-12 00:00:00
[2026-05-19 19:27:19] Number of forecast images: 24
[2026-05-19 19:27:19] Using forecast run: 2022-08-10 18:00:00 UTC
[2026-05-19 19:27:20] Forecast Rain Available hours: [6, 7, 8, 9, 10, 11, 12, 13, 14, 15, 16, 17, 18, 19, 20, 21, 22, 23, 24, 25, 26, 27, 28, 29]
[2026-05-19 19:27:20] Valid hours for sum: [12, 18, 24, 29]
[2026-05-19 19:27:21] Drought composite end date: 2022-08-08 06:00:00
[2026-05-19 19:27:21] Land cover year: 2021
[2026-05-19 19:27:22] VIIRS Veg composite: 2022-07-20 → 2022-08-05
[2026-05-19 19:27:25] Started export task: fire_181_dynamic_2022-08-10
[2026-05-19 19:27:25] END: ----------Event fire_181----------- (Duration: 39.35s)
[2026-05-19 19:27:25] ========= Run finished. ========= 

[2026-05-19 19:27:25] Success count: 11
[2026-05-19 19:27:25] Failure count: 0
[2026-05-19 19:27:25] END: Dataset Creation Run (Duration: 17.46m)