[2026-05-19 07:43:56] START: Dataset Creation Run
[2026-05-19 07:43:56] Loading config from /Users/rabinatwayana/2_CDE_MT/CL/CDE_Master_Thesis_Wildfire_CL/dataset_creation/output_events_yaml/manual_selected_events_2017.yaml
[2026-05-19 07:43:56] Using key file: key/gcloud_key.json
[2026-05-19 07:43:56] Using service account: None
[2026-05-19 07:43:56] Using VIIRS AF asset path: projects/wsts-dataset-creation/assets/viirs_snpp_fire_archive_jun2016_apr2026
[2026-05-19 07:43:56] START: Earth Engine Initialization
[2026-05-19 07:43:59] VIIRS AF asset accessible: projects/wsts-dataset-creation/assets/viirs_snpp_fire_archive_jun2016_apr2026
[2026-05-19 07:43:59] END: Earth Engine Initialization (Duration: 2.79s)
[2026-05-19 07:43:59] Total fire events to process: 1
[2026-05-19 07:43:59] =======Config=============
[2026-05-19 07:43:59] output_bucket: wsts_dataset
[2026-05-19 07:43:59] global_degree_bbox_size: 1.0
[2026-05-19 07:43:59] year: 2017
[2026-05-19 07:43:59] export_crs: EPSG:5070
[2026-05-19 07:43:59] export_resolution: 375
[2026-05-19 07:43:59] pre_buffer_days: 8
[2026-05-19 07:43:59] post_buffer_days: 2
[2026-05-19 07:43:59] START: ----------Event fire_167-----------
[2026-05-19 07:44:00] ------ Processing date=2017-07-01 ------
[2026-05-19 07:44:00] Using viirs_af_path: viirs_af_path
[2026-05-19 07:44:00] VIIRS Image Date: ['2017-07-01 00:00:00']
[2026-05-19 07:44:00] Weather image size: 1
[2026-05-19 07:44:00] Forecast duration: 2017-07-02 00:00:00 to 2017-07-03 00:00:00
[2026-05-19 07:44:01] Number of forecast images: 24
[2026-05-19 07:44:01] Using forecast run: 2017-07-01 18:00:00 UTC
[2026-05-19 07:44:02] Forecast Rain Available hours: [6, 7, 8, 9, 10, 11, 12, 13, 14, 15, 16, 17, 18, 19, 20, 21, 22, 23, 24, 25, 26, 27, 28, 29]
[2026-05-19 07:44:02] Valid hours for sum: [12, 18, 24, 29]
[2026-05-19 07:44:04] Drought composite end date: 2017-06-29 06:00:00
[2026-05-19 07:44:04] Land cover year: 2016
[2026-05-19 07:44:06] VIIRS Veg composite: 2017-06-18 → 2017-07-04
[2026-05-19 07:44:10] Started export task: fire_167_static
[2026-05-19 07:44:11] Started export task: fire_167_dynamic_2017-07-01
[2026-05-19 07:44:11] ------ Processing date=2017-07-02 ------
[2026-05-19 07:44:11] Using viirs_af_path: viirs_af_path
[2026-05-19 07:44:11] VIIRS Image Date: ['2017-07-02 00:00:00']
[2026-05-19 07:44:11] Weather image size: 1
[2026-05-19 07:44:11] Forecast duration: 2017-07-03 00:00:00 to 2017-07-04 00:00:00
[2026-05-19 07:44:12] Number of forecast images: 24
[2026-05-19 07:44:12] Using forecast run: 2017-07-02 18:00:00 UTC
[2026-05-19 07:44:13] Forecast Rain Available hours: [6, 7, 8, 9, 10, 11, 12, 13, 14, 15, 16, 17, 18, 19, 20, 21, 22, 23, 24, 25, 26, 27, 28, 29]
[2026-05-19 07:44:13] Valid hours for sum: [12, 18, 24, 29]
[2026-05-19 07:44:14] Drought composite end date: 2017-06-29 06:00:00
[2026-05-19 07:44:15] Land cover year: 2016
[2026-05-19 07:44:15] VIIRS Veg composite: 2017-06-18 → 2017-07-04
[2026-05-19 07:44:19] Started export task: fire_167_dynamic_2017-07-02
[2026-05-19 07:44:19] ------ Processing date=2017-07-03 ------
[2026-05-19 07:44:19] Using viirs_af_path: viirs_af_path
[2026-05-19 07:44:19] VIIRS Image Date: ['2017-07-03 00:00:00']
[2026-05-19 07:44:20] Weather image size: 1
[2026-05-19 07:44:20] Forecast duration: 2017-07-04 00:00:00 to 2017-07-05 00:00:00
[2026-05-19 07:44:21] Number of forecast images: 24
[2026-05-19 07:44:21] Using forecast run: 2017-07-03 18:00:00 UTC
[2026-05-19 07:44:21] Forecast Rain Available hours: [6, 7, 8, 9, 10, 11, 12, 13, 14, 15, 16, 17, 18, 19, 20, 21, 22, 23, 24, 25, 26, 27, 28, 29]
[2026-05-19 07:44:21] Valid hours for sum: [12, 18, 24, 29]
[2026-05-19 07:44:24] Drought composite end date: 2017-06-29 06:00:00
[2026-05-19 07:44:24] Land cover year: 2016
[2026-05-19 07:44:25] VIIRS Veg composite: 2017-06-18 → 2017-07-04
[2026-05-19 07:44:28] Started export task: fire_167_dynamic_2017-07-03
[2026-05-19 07:44:29] ------ Processing date=2017-07-04 ------
[2026-05-19 07:44:29] Using viirs_af_path: viirs_af_path
[2026-05-19 07:44:29] VIIRS Image Date: ['2017-07-04 00:00:00']
[2026-05-19 07:44:29] Weather image size: 1
[2026-05-19 07:44:29] Forecast duration: 2017-07-05 00:00:00 to 2017-07-06 00:00:00
[2026-05-19 07:44:31] Number of forecast images: 24
[2026-05-19 07:44:31] Using forecast run: 2017-07-04 18:00:00 UTC
[2026-05-19 07:44:31] Forecast Rain Available hours: [6, 7, 8, 9, 10, 11, 12, 13, 14, 15, 16, 17, 18, 19, 20, 21, 22, 23, 24, 25, 26, 27, 28, 29]
[2026-05-19 07:44:31] Valid hours for sum: [12, 18, 24, 29]
[2026-05-19 07:44:34] Drought composite end date: 2017-06-29 06:00:00
[2026-05-19 07:44:34] Land cover year: 2016
[2026-05-19 07:44:35] VIIRS Veg composite: 2017-06-18 → 2017-07-04
[2026-05-19 07:44:39] Started export task: fire_167_dynamic_2017-07-04
[2026-05-19 07:44:40] ------ Processing date=2017-07-05 ------
[2026-05-19 07:44:40] Using viirs_af_path: viirs_af_path
[2026-05-19 07:44:40] VIIRS Image Date: ['2017-07-05 00:00:00']
[2026-05-19 07:44:40] Weather image size: 1
[2026-05-19 07:44:40] Forecast duration: 2017-07-06 00:00:00 to 2017-07-07 00:00:00
[2026-05-19 07:44:41] Number of forecast images: 24
[2026-05-19 07:44:41] Using forecast run: 2017-07-05 18:00:00 UTC
[2026-05-19 07:44:42] Forecast Rain Available hours: [6, 7, 8, 9, 10, 11, 12, 13, 14, 15, 16, 17, 18, 19, 20, 21, 22, 23, 24, 25, 26, 27, 28, 29]
[2026-05-19 07:44:42] Valid hours for sum: [12, 18, 24, 29]
[2026-05-19 07:44:44] Drought composite end date: 2017-07-04 06:00:00
[2026-05-19 07:44:44] Land cover year: 2016
[2026-05-19 07:44:45] VIIRS Veg composite: 2017-06-18 → 2017-07-04
[2026-05-19 07:44:49] Started export task: fire_167_dynamic_2017-07-05
[2026-05-19 07:44:49] ------ Processing date=2017-07-06 ------
[2026-05-19 07:44:49] Using viirs_af_path: viirs_af_path
[2026-05-19 07:44:50] VIIRS Image Date: ['2017-07-06 00:00:00']
[2026-05-19 07:44:50] Weather image size: 1
[2026-05-19 07:44:50] Forecast duration: 2017-07-07 00:00:00 to 2017-07-08 00:00:00
[2026-05-19 07:44:51] Number of forecast images: 24
[2026-05-19 07:44:51] Using forecast run: 2017-07-06 18:00:00 UTC
[2026-05-19 07:44:51] Forecast Rain Available hours: [6, 7, 8, 9, 10, 11, 12, 13, 14, 15, 16, 17, 18, 19, 20, 21, 22, 23, 24, 25, 26, 27, 28, 29]
[2026-05-19 07:44:51] Valid hours for sum: [12, 18, 24, 29]
[2026-05-19 07:44:53] Drought composite end date: 2017-07-04 06:00:00
[2026-05-19 07:44:53] Land cover year: 2016
[2026-05-19 07:44:54] VIIRS Veg composite: 2017-06-18 → 2017-07-04
[2026-05-19 07:44:57] Started export task: fire_167_dynamic_2017-07-06
[2026-05-19 07:44:58] ------ Processing date=2017-07-07 ------
[2026-05-19 07:44:58] Using viirs_af_path: viirs_af_path
[2026-05-19 07:44:58] VIIRS Image Date: ['2017-07-07 00:00:00']
[2026-05-19 07:44:58] Weather image size: 1
[2026-05-19 07:44:58] Forecast duration: 2017-07-08 00:00:00 to 2017-07-09 00:00:00
[2026-05-19 07:44:59] Number of forecast images: 24
[2026-05-19 07:44:59] Using forecast run: 2017-07-07 18:00:00 UTC
[2026-05-19 07:44:59] Forecast Rain Available hours: [6, 7, 8, 9, 10, 11, 12, 13, 14, 15, 16, 17, 18, 19, 20, 21, 22, 23, 24, 25, 26, 27, 28, 29]
[2026-05-19 07:44:59] Valid hours for sum: [12, 18, 24, 29]
[2026-05-19 07:45:02] Drought composite end date: 2017-07-04 06:00:00
[2026-05-19 07:45:02] Land cover year: 2016
[2026-05-19 07:45:02] VIIRS Veg composite: 2017-06-18 → 2017-07-04
[2026-05-19 07:45:07] Started export task: fire_167_dynamic_2017-07-07
[2026-05-19 07:45:07] ------ Processing date=2017-07-08 ------
[2026-05-19 07:45:07] Using viirs_af_path: viirs_af_path
[2026-05-19 07:45:07] VIIRS Image Date: ['2017-07-08 00:00:00']
[2026-05-19 07:45:08] Weather image size: 1
[2026-05-19 07:45:08] Forecast duration: 2017-07-09 00:00:00 to 2017-07-10 00:00:00
[2026-05-19 07:45:09] Number of forecast images: 24
[2026-05-19 07:45:09] Using forecast run: 2017-07-08 18:00:00 UTC
[2026-05-19 07:45:09] Forecast Rain Available hours: [6, 7, 8, 9, 10, 11, 12, 13, 14, 15, 16, 17, 18, 19, 20, 21, 22, 23, 24, 25, 26, 27, 28, 29]
[2026-05-19 07:45:09] Valid hours for sum: [12, 18, 24, 29]
[2026-05-19 07:45:11] Drought composite end date: 2017-07-04 06:00:00
[2026-05-19 07:45:11] Land cover year: 2016
[2026-05-19 07:45:12] VIIRS Veg composite: 2017-06-18 → 2017-07-04
[2026-05-19 07:45:14] Started export task: fire_167_dynamic_2017-07-08
[2026-05-19 07:45:15] ------ Processing date=2017-07-09 ------
[2026-05-19 07:45:15] Using viirs_af_path: viirs_af_path
[2026-05-19 07:45:15] VIIRS Image Date: ['2017-07-09 00:00:00']
[2026-05-19 07:45:16] Weather image size: 1
[2026-05-19 07:45:16] Forecast duration: 2017-07-10 00:00:00 to 2017-07-11 00:00:00
[2026-05-19 07:45:16] Number of forecast images: 24
[2026-05-19 07:45:16] Using forecast run: 2017-07-09 18:00:00 UTC
[2026-05-19 07:45:17] Forecast Rain Available hours: [6, 7, 8, 9, 10, 11, 12, 13, 14, 15, 16, 17, 18, 19, 20, 21, 22, 23, 24, 25, 26, 27, 28, 29]
[2026-05-19 07:45:17] Valid hours for sum: [12, 18, 24, 29]
[2026-05-19 07:45:19] Drought composite end date: 2017-07-04 06:00:00
[2026-05-19 07:45:20] Land cover year: 2016
[2026-05-19 07:45:21] VIIRS Veg composite: 2017-06-18 → 2017-07-04
[2026-05-19 07:45:24] Started export task: fire_167_dynamic_2017-07-09
[2026-05-19 07:45:25] ------ Processing date=2017-07-10 ------
[2026-05-19 07:45:25] Using viirs_af_path: viirs_af_path
[2026-05-19 07:45:25] VIIRS Image Date: ['2017-07-10 00:00:00']
[2026-05-19 07:45:25] Weather image size: 1
[2026-05-19 07:45:25] Forecast duration: 2017-07-11 00:00:00 to 2017-07-12 00:00:00
[2026-05-19 07:45:26] Number of forecast images: 24
[2026-05-19 07:45:26] Using forecast run: 2017-07-10 18:00:00 UTC
[2026-05-19 07:45:26] Forecast Rain Available hours: [6, 7, 8, 9, 10, 11, 12, 13, 14, 15, 16, 17, 18, 19, 20, 21, 22, 23, 24, 25, 26, 27, 28, 29]
[2026-05-19 07:45:26] Valid hours for sum: [12, 18, 24, 29]
[2026-05-19 07:45:28] Drought composite end date: 2017-07-09 06:00:00
[2026-05-19 07:45:28] Land cover year: 2016
[2026-05-19 07:45:29] VIIRS Veg composite: 2017-06-18 → 2017-07-04
[2026-05-19 07:45:33] Started export task: fire_167_dynamic_2017-07-10
[2026-05-19 07:45:34] ------ Processing date=2017-07-11 ------
[2026-05-19 07:45:34] Using viirs_af_path: viirs_af_path
[2026-05-19 07:45:34] VIIRS Image Date: ['2017-07-11 00:00:00']
[2026-05-19 07:45:34] Weather image size: 1
[2026-05-19 07:45:34] Forecast duration: 2017-07-12 00:00:00 to 2017-07-13 00:00:00
[2026-05-19 07:45:35] Number of forecast images: 24
[2026-05-19 07:45:35] Using forecast run: 2017-07-11 18:00:00 UTC
[2026-05-19 07:45:36] Forecast Rain Available hours: [6, 7, 8, 9, 10, 11, 12, 13, 14, 15, 16, 17, 18, 19, 20, 21, 22, 23, 24, 25, 26, 27, 28, 29]
[2026-05-19 07:45:36] Valid hours for sum: [12, 18, 24, 29]
[2026-05-19 07:45:37] Drought composite end date: 2017-07-09 06:00:00
[2026-05-19 07:45:38] Land cover year: 2016
[2026-05-19 07:45:38] VIIRS Veg composite: 2017-06-18 → 2017-07-04
[2026-05-19 07:45:41] Started export task: fire_167_dynamic_2017-07-11
[2026-05-19 07:45:42] ------ Processing date=2017-07-12 ------
[2026-05-19 07:45:42] Using viirs_af_path: viirs_af_path
[2026-05-19 07:45:42] VIIRS Image Date: ['2017-07-12 00:00:00']
[2026-05-19 07:45:42] Weather image size: 1
[2026-05-19 07:45:42] Forecast duration: 2017-07-13 00:00:00 to 2017-07-14 00:00:00
[2026-05-19 07:45:43] Number of forecast images: 24
[2026-05-19 07:45:43] Using forecast run: 2017-07-12 18:00:00 UTC
[2026-05-19 07:45:44] Forecast Rain Available hours: [6, 7, 8, 9, 10, 11, 12, 13, 14, 15, 16, 17, 18, 19, 20, 21, 22, 23, 24, 25, 26, 27, 28, 29]
[2026-05-19 07:45:44] Valid hours for sum: [12, 18, 24, 29]
[2026-05-19 07:45:45] Drought composite end date: 2017-07-09 06:00:00
[2026-05-19 07:45:45] Land cover year: 2016
[2026-05-19 07:45:46] VIIRS Veg composite: 2017-06-18 → 2017-07-04
[2026-05-19 07:45:51] Started export task: fire_167_dynamic_2017-07-12
[2026-05-19 07:45:51] ------ Processing date=2017-07-13 ------
[2026-05-19 07:45:51] Using viirs_af_path: viirs_af_path
[2026-05-19 07:45:51] VIIRS Image Date: ['2017-07-13 00:00:00']
[2026-05-19 07:45:52] Weather image size: 1
[2026-05-19 07:45:52] Forecast duration: 2017-07-14 00:00:00 to 2017-07-15 00:00:00
[2026-05-19 07:45:52] Number of forecast images: 24
[2026-05-19 07:45:52] Using forecast run: 2017-07-13 18:00:00 UTC
[2026-05-19 07:45:53] Forecast Rain Available hours: [6, 7, 8, 9, 10, 11, 12, 13, 14, 15, 16, 17, 18, 19, 20, 21, 22, 23, 24, 25, 26, 27, 28, 29]
[2026-05-19 07:45:53] Valid hours for sum: [12, 18, 24, 29]
[2026-05-19 07:45:54] Drought composite end date: 2017-07-09 06:00:00
[2026-05-19 07:45:54] Land cover year: 2016
[2026-05-19 07:45:55] VIIRS Veg composite: 2017-06-18 → 2017-07-04
[2026-05-19 07:46:00] Started export task: fire_167_dynamic_2017-07-13
[2026-05-19 07:46:01] ------ Processing date=2017-07-14 ------
[2026-05-19 07:46:01] Using viirs_af_path: viirs_af_path
[2026-05-19 07:46:01] VIIRS Image Date: ['2017-07-14 00:00:00']
[2026-05-19 07:46:01] Weather image size: 1
[2026-05-19 07:46:01] Forecast duration: 2017-07-15 00:00:00 to 2017-07-16 00:00:00
[2026-05-19 07:46:02] Number of forecast images: 24
[2026-05-19 07:46:02] Using forecast run: 2017-07-14 18:00:00 UTC
[2026-05-19 07:46:03] Forecast Rain Available hours: [6, 7, 8, 9, 10, 11, 12, 13, 14, 15, 16, 17, 18, 19, 20, 21, 22, 23, 24, 25, 26, 27, 28, 29]
[2026-05-19 07:46:03] Valid hours for sum: [12, 18, 24, 29]
[2026-05-19 07:46:04] Drought composite end date: 2017-07-09 06:00:00
[2026-05-19 07:46:04] Land cover year: 2016
[2026-05-19 07:46:05] VIIRS Veg composite: 2017-06-18 → 2017-07-04
[2026-05-19 07:46:08] Started export task: fire_167_dynamic_2017-07-14
[2026-05-19 07:46:09] ------ Processing date=2017-07-15 ------
[2026-05-19 07:46:09] Using viirs_af_path: viirs_af_path
[2026-05-19 07:46:09] VIIRS Image Date: ['2017-07-15 00:00:00']
[2026-05-19 07:46:10] Weather image size: 1
[2026-05-19 07:46:10] Forecast duration: 2017-07-16 00:00:00 to 2017-07-17 00:00:00
[2026-05-19 07:46:11] Number of forecast images: 24
[2026-05-19 07:46:11] Using forecast run: 2017-07-15 18:00:00 UTC
[2026-05-19 07:46:11] Forecast Rain Available hours: [6, 7, 8, 9, 10, 11, 12, 13, 14, 15, 16, 17, 18, 19, 20, 21, 22, 23, 24, 25, 26, 27, 28, 29]
[2026-05-19 07:46:11] Valid hours for sum: [12, 18, 24, 29]
[2026-05-19 07:46:13] Drought composite end date: 2017-07-14 06:00:00
[2026-05-19 07:46:13] Land cover year: 2016
[2026-05-19 07:46:14] VIIRS Veg composite: 2017-06-18 → 2017-07-04
[2026-05-19 07:46:17] Started export task: fire_167_dynamic_2017-07-15
[2026-05-19 07:46:18] ------ Processing date=2017-07-16 ------
[2026-05-19 07:46:18] Using viirs_af_path: viirs_af_path
[2026-05-19 07:46:18] VIIRS Image Date: ['2017-07-16 00:00:00']
[2026-05-19 07:46:18] Weather image size: 1
[2026-05-19 07:46:18] Forecast duration: 2017-07-17 00:00:00 to 2017-07-18 00:00:00
[2026-05-19 07:46:19] Number of forecast images: 24
[2026-05-19 07:46:19] Using forecast run: 2017-07-16 18:00:00 UTC
[2026-05-19 07:46:19] Forecast Rain Available hours: [6, 7, 8, 9, 10, 11, 12, 13, 14, 15, 16, 17, 18, 19, 20, 21, 22, 23, 24, 25, 26, 27, 28, 29]
[2026-05-19 07:46:19] Valid hours for sum: [12, 18, 24, 29]
[2026-05-19 07:46:22] Drought composite end date: 2017-07-14 06:00:00
[2026-05-19 07:46:22] Land cover year: 2016
[2026-05-19 07:46:23] VIIRS Veg composite: 2017-06-18 → 2017-07-04
[2026-05-19 07:46:25] Started export task: fire_167_dynamic_2017-07-16
[2026-05-19 07:46:26] ------ Processing date=2017-07-17 ------
[2026-05-19 07:46:26] Using viirs_af_path: viirs_af_path
[2026-05-19 07:46:26] VIIRS Image Date: ['2017-07-17 00:00:00']
[2026-05-19 07:46:26] Weather image size: 1
[2026-05-19 07:46:26] Forecast duration: 2017-07-18 00:00:00 to 2017-07-19 00:00:00
[2026-05-19 07:46:27] Number of forecast images: 24
[2026-05-19 07:46:27] Using forecast run: 2017-07-17 18:00:00 UTC
[2026-05-19 07:46:27] Forecast Rain Available hours: [6, 7, 8, 9, 10, 11, 12, 13, 14, 15, 16, 17, 18, 19, 20, 21, 22, 23, 24, 25, 26, 27, 28, 29]
[2026-05-19 07:46:27] Valid hours for sum: [12, 18, 24, 29]
[2026-05-19 07:46:29] Drought composite end date: 2017-07-14 06:00:00
[2026-05-19 07:46:29] Land cover year: 2016
[2026-05-19 07:46:29] VIIRS Veg composite: 2017-06-18 → 2017-07-04
[2026-05-19 07:46:33] Started export task: fire_167_dynamic_2017-07-17
[2026-05-19 07:46:34] ------ Processing date=2017-07-18 ------
[2026-05-19 07:46:34] Using viirs_af_path: viirs_af_path
[2026-05-19 07:46:34] VIIRS Image Date: ['2017-07-18 00:00:00']
[2026-05-19 07:46:34] Weather image size: 1
[2026-05-19 07:46:34] Forecast duration: 2017-07-19 00:00:00 to 2017-07-20 00:00:00
[2026-05-19 07:46:35] Number of forecast images: 24
[2026-05-19 07:46:35] Using forecast run: 2017-07-18 18:00:00 UTC
[2026-05-19 07:46:36] Forecast Rain Available hours: [6, 7, 8, 9, 10, 11, 12, 13, 14, 15, 16, 17, 18, 19, 20, 21, 22, 23, 24, 25, 26, 27, 28, 29]
[2026-05-19 07:46:36] Valid hours for sum: [12, 18, 24, 29]
[2026-05-19 07:46:38] Drought composite end date: 2017-07-14 06:00:00
[2026-05-19 07:46:38] Land cover year: 2016
[2026-05-19 07:46:39] VIIRS Veg composite: 2017-06-18 → 2017-07-04
[2026-05-19 07:46:41] Started export task: fire_167_dynamic_2017-07-18
[2026-05-19 07:46:41] ------ Processing date=2017-07-19 ------
[2026-05-19 07:46:41] Using viirs_af_path: viirs_af_path
[2026-05-19 07:46:42] VIIRS Image Date: ['2017-07-19 00:00:00']
[2026-05-19 07:46:42] Weather image size: 1
[2026-05-19 07:46:42] Forecast duration: 2017-07-20 00:00:00 to 2017-07-21 00:00:00
[2026-05-19 07:46:43] Number of forecast images: 24
[2026-05-19 07:46:43] Using forecast run: 2017-07-19 18:00:00 UTC
[2026-05-19 07:46:43] Forecast Rain Available hours: [6, 7, 8, 9, 10, 11, 12, 13, 14, 15, 16, 17, 18, 19, 20, 21, 22, 23, 24, 25, 26, 27, 28, 29]
[2026-05-19 07:46:43] Valid hours for sum: [12, 18, 24, 29]
[2026-05-19 07:46:45] Drought composite end date: 2017-07-14 06:00:00
[2026-05-19 07:46:45] Land cover year: 2016
[2026-05-19 07:46:46] VIIRS Veg composite: 2017-06-18 → 2017-07-04
[2026-05-19 07:46:49] Started export task: fire_167_dynamic_2017-07-19
[2026-05-19 07:46:50] ------ Processing date=2017-07-20 ------
[2026-05-19 07:46:50] Using viirs_af_path: viirs_af_path
[2026-05-19 07:46:50] VIIRS Image Date: ['2017-07-20 00:00:00']
[2026-05-19 07:46:50] Weather image size: 1
[2026-05-19 07:46:50] Forecast duration: 2017-07-21 00:00:00 to 2017-07-22 00:00:00
[2026-05-19 07:46:51] Number of forecast images: 24
[2026-05-19 07:46:51] Using forecast run: 2017-07-20 18:00:00 UTC
[2026-05-19 07:46:51] Forecast Rain Available hours: [6, 7, 8, 9, 10, 11, 12, 13, 14, 15, 16, 17, 18, 19, 20, 21, 22, 23, 24, 25, 26, 27, 28, 29]
[2026-05-19 07:46:51] Valid hours for sum: [12, 18, 24, 29]
[2026-05-19 07:46:53] Drought composite end date: 2017-07-19 06:00:00
[2026-05-19 07:46:54] Land cover year: 2016
[2026-05-19 07:46:54] VIIRS Veg composite: 2017-06-18 → 2017-07-04
[2026-05-19 07:46:57] Started export task: fire_167_dynamic_2017-07-20
[2026-05-19 07:46:58] ------ Processing date=2017-07-21 ------
[2026-05-19 07:46:58] Using viirs_af_path: viirs_af_path
[2026-05-19 07:46:58] VIIRS Image Date: ['2017-07-21 00:00:00']
[2026-05-19 07:46:58] Weather image size: 1
[2026-05-19 07:46:58] Forecast duration: 2017-07-22 00:00:00 to 2017-07-23 00:00:00
[2026-05-19 07:46:59] Number of forecast images: 24
[2026-05-19 07:46:59] Using forecast run: 2017-07-21 18:00:00 UTC
[2026-05-19 07:47:00] Forecast Rain Available hours: [6, 7, 8, 9, 10, 11, 12, 13, 14, 15, 16, 17, 18, 19, 20, 21, 22, 23, 24, 25, 26, 27, 28, 29]
[2026-05-19 07:47:00] Valid hours for sum: [12, 18, 24, 29]
[2026-05-19 07:47:01] Drought composite end date: 2017-07-19 06:00:00
[2026-05-19 07:47:01] Land cover year: 2016
[2026-05-19 07:47:02] VIIRS Veg composite: 2017-06-18 → 2017-07-04
[2026-05-19 07:47:05] Started export task: fire_167_dynamic_2017-07-21
[2026-05-19 07:47:06] ------ Processing date=2017-07-22 ------
[2026-05-19 07:47:06] Using viirs_af_path: viirs_af_path
[2026-05-19 07:47:06] VIIRS Image Date: ['2017-07-22 00:00:00']
[2026-05-19 07:47:06] Weather image size: 1
[2026-05-19 07:47:06] Forecast duration: 2017-07-23 00:00:00 to 2017-07-24 00:00:00
[2026-05-19 07:47:07] Number of forecast images: 24
[2026-05-19 07:47:07] Using forecast run: 2017-07-22 18:00:00 UTC
[2026-05-19 07:47:07] Forecast Rain Available hours: [6, 7, 8, 9, 10, 11, 12, 13, 14, 15, 16, 17, 18, 19, 20, 21, 22, 23, 24, 25, 26, 27, 28, 29]
[2026-05-19 07:47:07] Valid hours for sum: [12, 18, 24, 29]
[2026-05-19 07:47:09] Drought composite end date: 2017-07-19 06:00:00
[2026-05-19 07:47:09] Land cover year: 2016
[2026-05-19 07:47:10] VIIRS Veg composite: 2017-06-18 → 2017-07-04
[2026-05-19 07:47:13] Started export task: fire_167_dynamic_2017-07-22
[2026-05-19 07:47:13] ------ Processing date=2017-07-23 ------
[2026-05-19 07:47:13] Using viirs_af_path: viirs_af_path
[2026-05-19 07:47:14] VIIRS Image Date: ['2017-07-23 00:00:00']
[2026-05-19 07:47:14] Weather image size: 1
[2026-05-19 07:47:14] Forecast duration: 2017-07-24 00:00:00 to 2017-07-25 00:00:00
[2026-05-19 07:47:15] Number of forecast images: 24
[2026-05-19 07:47:15] Using forecast run: 2017-07-23 18:00:00 UTC
[2026-05-19 07:47:15] Forecast Rain Available hours: [6, 7, 8, 9, 10, 11, 12, 13, 14, 15, 16, 17, 18, 19, 20, 21, 22, 23, 24, 25, 26, 27, 28, 29]
[2026-05-19 07:47:15] Valid hours for sum: [12, 18, 24, 29]
[2026-05-19 07:47:17] Drought composite end date: 2017-07-19 06:00:00
[2026-05-19 07:47:17] Land cover year: 2016
[2026-05-19 07:47:18] VIIRS Veg composite: 2017-06-18 → 2017-07-04
[2026-05-19 07:47:20] Started export task: fire_167_dynamic_2017-07-23
[2026-05-19 07:47:21] ------ Processing date=2017-07-24 ------
[2026-05-19 07:47:21] Using viirs_af_path: viirs_af_path
[2026-05-19 07:47:21] VIIRS Image Date: ['2017-07-24 00:00:00']
[2026-05-19 07:47:21] Weather image size: 1
[2026-05-19 07:47:21] Forecast duration: 2017-07-25 00:00:00 to 2017-07-26 00:00:00
[2026-05-19 07:47:22] Number of forecast images: 24
[2026-05-19 07:47:22] Using forecast run: 2017-07-24 18:00:00 UTC
[2026-05-19 07:47:23] Forecast Rain Available hours: [6, 7, 8, 9, 10, 11, 12, 13, 14, 15, 16, 17, 18, 19, 20, 21, 22, 23, 24, 25, 26, 27, 28, 29]
[2026-05-19 07:47:23] Valid hours for sum: [12, 18, 24, 29]
[2026-05-19 07:47:25] Drought composite end date: 2017-07-19 06:00:00
[2026-05-19 07:47:25] Land cover year: 2016
[2026-05-19 07:47:26] VIIRS Veg composite: 2017-06-18 → 2017-07-04
[2026-05-19 07:47:29] Started export task: fire_167_dynamic_2017-07-24
[2026-05-19 07:47:29] ------ Processing date=2017-07-25 ------
[2026-05-19 07:47:29] Using viirs_af_path: viirs_af_path
[2026-05-19 07:47:30] VIIRS Image Date: ['2017-07-25 00:00:00']
[2026-05-19 07:47:30] Weather image size: 1
[2026-05-19 07:47:30] Forecast duration: 2017-07-26 00:00:00 to 2017-07-27 00:00:00
[2026-05-19 07:47:31] Number of forecast images: 24
[2026-05-19 07:47:31] Using forecast run: 2017-07-25 18:00:00 UTC
[2026-05-19 07:47:31] Forecast Rain Available hours: [6, 7, 8, 9, 10, 11, 12, 13, 14, 15, 16, 17, 18, 19, 20, 21, 22, 23, 24, 25, 26, 27, 28, 29]
[2026-05-19 07:47:31] Valid hours for sum: [12, 18, 24, 29]
[2026-05-19 07:47:32] Drought composite end date: 2017-07-24 06:00:00
[2026-05-19 07:47:33] Land cover year: 2016
[2026-05-19 07:47:33] VIIRS Veg composite: 2017-06-18 → 2017-07-04
[2026-05-19 07:47:36] Started export task: fire_167_dynamic_2017-07-25
[2026-05-19 07:47:37] ------ Processing date=2017-07-26 ------
[2026-05-19 07:47:37] Using viirs_af_path: viirs_af_path
[2026-05-19 07:47:37] VIIRS Image Date: ['2017-07-26 00:00:00']
[2026-05-19 07:47:37] Weather image size: 1
[2026-05-19 07:47:37] Forecast duration: 2017-07-27 00:00:00 to 2017-07-28 00:00:00
[2026-05-19 07:47:38] Number of forecast images: 24
[2026-05-19 07:47:38] Using forecast run: 2017-07-26 18:00:00 UTC
[2026-05-19 07:47:38] Forecast Rain Available hours: [6, 7, 8, 9, 10, 11, 12, 13, 14, 15, 16, 17, 18, 19, 20, 21, 22, 23, 24, 25, 26, 27, 28, 29]
[2026-05-19 07:47:38] Valid hours for sum: [12, 18, 24, 29]
[2026-05-19 07:47:39] Drought composite end date: 2017-07-24 06:00:00
[2026-05-19 07:47:40] Land cover year: 2016
[2026-05-19 07:47:40] VIIRS Veg composite: 2017-06-18 → 2017-07-04
[2026-05-19 07:47:45] Started export task: fire_167_dynamic_2017-07-26
[2026-05-19 07:47:45] ------ Processing date=2017-07-27 ------
[2026-05-19 07:47:45] Using viirs_af_path: viirs_af_path
[2026-05-19 07:47:45] VIIRS Image Date: ['2017-07-27 00:00:00']
[2026-05-19 07:47:46] Weather image size: 1
[2026-05-19 07:47:46] Forecast duration: 2017-07-28 00:00:00 to 2017-07-29 00:00:00
[2026-05-19 07:47:47] Number of forecast images: 24
[2026-05-19 07:47:47] Using forecast run: 2017-07-27 18:00:00 UTC
[2026-05-19 07:47:48] Forecast Rain Available hours: [6, 7, 8, 9, 10, 11, 12, 13, 14, 15, 16, 17, 18, 19, 20, 21, 22, 23, 24, 25, 26, 27, 28, 29]
[2026-05-19 07:47:48] Valid hours for sum: [12, 18, 24, 29]
[2026-05-19 07:47:49] Drought composite end date: 2017-07-24 06:00:00
[2026-05-19 07:47:49] Land cover year: 2016
[2026-05-19 07:47:50] VIIRS Veg composite: 2017-06-18 → 2017-07-04
[2026-05-19 07:47:52] Started export task: fire_167_dynamic_2017-07-27
[2026-05-19 07:47:52] ------ Processing date=2017-07-28 ------
[2026-05-19 07:47:52] Using viirs_af_path: viirs_af_path
[2026-05-19 07:47:53] VIIRS Image Date: ['2017-07-28 00:00:00']
[2026-05-19 07:47:53] Weather image size: 1
[2026-05-19 07:47:53] Forecast duration: 2017-07-29 00:00:00 to 2017-07-30 00:00:00
[2026-05-19 07:47:53] Number of forecast images: 24
[2026-05-19 07:47:53] Using forecast run: 2017-07-28 18:00:00 UTC
[2026-05-19 07:47:54] Forecast Rain Available hours: [6, 7, 8, 9, 10, 11, 12, 13, 14, 15, 16, 17, 18, 19, 20, 21, 22, 23, 24, 25, 26, 27, 28, 29]
[2026-05-19 07:47:54] Valid hours for sum: [12, 18, 24, 29]
[2026-05-19 07:47:56] Drought composite end date: 2017-07-24 06:00:00
[2026-05-19 07:47:56] Land cover year: 2016
[2026-05-19 07:47:57] VIIRS Veg composite: 2017-06-18 → 2017-07-04
[2026-05-19 07:48:00] Started export task: fire_167_dynamic_2017-07-28
[2026-05-19 07:48:00] ------ Processing date=2017-07-29 ------
[2026-05-19 07:48:00] Using viirs_af_path: viirs_af_path
[2026-05-19 07:48:00] VIIRS Image Date: ['2017-07-29 00:00:00']
[2026-05-19 07:48:00] Weather image size: 1
[2026-05-19 07:48:00] Forecast duration: 2017-07-30 00:00:00 to 2017-07-31 00:00:00
[2026-05-19 07:48:02] Number of forecast images: 24
[2026-05-19 07:48:02] Using forecast run: 2017-07-29 18:00:00 UTC
[2026-05-19 07:48:02] Forecast Rain Available hours: [6, 7, 8, 9, 10, 11, 12, 13, 14, 15, 16, 17, 18, 19, 20, 21, 22, 23, 24, 25, 26, 27, 28, 29]
[2026-05-19 07:48:02] Valid hours for sum: [12, 18, 24, 29]
[2026-05-19 07:48:04] Drought composite end date: 2017-07-24 06:00:00
[2026-05-19 07:48:04] Land cover year: 2016
[2026-05-19 07:48:05] VIIRS Veg composite: 2017-06-18 → 2017-07-04
[2026-05-19 07:48:09] Started export task: fire_167_dynamic_2017-07-29
[2026-05-19 07:48:10] ------ Processing date=2017-07-30 ------
[2026-05-19 07:48:10] Using viirs_af_path: viirs_af_path
[2026-05-19 07:48:10] VIIRS Image Date: ['2017-07-30 00:00:00']
[2026-05-19 07:48:10] Weather image size: 1
[2026-05-19 07:48:10] Forecast duration: 2017-07-31 00:00:00 to 2017-08-01 00:00:00
[2026-05-19 07:48:11] Number of forecast images: 24
[2026-05-19 07:48:11] Using forecast run: 2017-07-30 18:00:00 UTC
[2026-05-19 07:48:12] Forecast Rain Available hours: [6, 7, 8, 9, 10, 11, 12, 13, 14, 15, 16, 17, 18, 19, 20, 21, 22, 23, 24, 25, 26, 27, 28, 29]
[2026-05-19 07:48:12] Valid hours for sum: [12, 18, 24, 29]
[2026-05-19 07:48:14] Drought composite end date: 2017-07-29 06:00:00
[2026-05-19 07:48:14] Land cover year: 2016
[2026-05-19 07:48:15] VIIRS Veg composite: 2017-06-18 → 2017-07-04
[2026-05-19 07:48:18] Started export task: fire_167_dynamic_2017-07-30
[2026-05-19 07:48:19] ------ Processing date=2017-07-31 ------
[2026-05-19 07:48:19] Using viirs_af_path: viirs_af_path
[2026-05-19 07:48:19] VIIRS Image Date: ['2017-07-31 00:00:00']
[2026-05-19 07:48:20] Weather image size: 1
[2026-05-19 07:48:20] Forecast duration: 2017-08-01 00:00:00 to 2017-08-02 00:00:00
[2026-05-19 07:48:20] Number of forecast images: 24
[2026-05-19 07:48:20] Using forecast run: 2017-07-31 18:00:00 UTC
[2026-05-19 07:48:21] Forecast Rain Available hours: [6, 7, 8, 9, 10, 11, 12, 13, 14, 15, 16, 17, 18, 19, 20, 21, 22, 23, 24, 25, 26, 27, 28, 29]
[2026-05-19 07:48:21] Valid hours for sum: [12, 18, 24, 29]
[2026-05-19 07:48:22] Drought composite end date: 2017-07-29 06:00:00
[2026-05-19 07:48:22] Land cover year: 2016
[2026-05-19 07:48:23] VIIRS Veg composite: 2017-06-18 → 2017-07-04
[2026-05-19 07:48:26] Started export task: fire_167_dynamic_2017-07-31
[2026-05-19 07:48:27] ------ Processing date=2017-08-01 ------
[2026-05-19 07:48:27] Using viirs_af_path: viirs_af_path
[2026-05-19 07:48:27] VIIRS Image Date: ['2017-08-01 00:00:00']
[2026-05-19 07:48:27] Weather image size: 1
[2026-05-19 07:48:27] Forecast duration: 2017-08-02 00:00:00 to 2017-08-03 00:00:00
[2026-05-19 07:48:28] Number of forecast images: 24
[2026-05-19 07:48:28] Using forecast run: 2017-08-01 18:00:00 UTC
[2026-05-19 07:48:29] Forecast Rain Available hours: [6, 7, 8, 9, 10, 11, 12, 13, 14, 15, 16, 17, 18, 19, 20, 21, 22, 23, 24, 25, 26, 27, 28, 29]
[2026-05-19 07:48:29] Valid hours for sum: [12, 18, 24, 29]
[2026-05-19 07:48:30] Drought composite end date: 2017-07-29 06:00:00
[2026-05-19 07:48:30] Land cover year: 2016
[2026-05-19 07:48:31] VIIRS Veg composite: 2017-06-18 → 2017-07-04
[2026-05-19 07:48:34] Started export task: fire_167_dynamic_2017-08-01
[2026-05-19 07:48:35] ------ Processing date=2017-08-02 ------
[2026-05-19 07:48:35] Using viirs_af_path: viirs_af_path
[2026-05-19 07:48:35] VIIRS Image Date: ['2017-08-02 00:00:00']
[2026-05-19 07:48:35] Weather image size: 1
[2026-05-19 07:48:35] Forecast duration: 2017-08-03 00:00:00 to 2017-08-04 00:00:00
[2026-05-19 07:48:36] Number of forecast images: 24
[2026-05-19 07:48:36] Using forecast run: 2017-08-02 18:00:00 UTC
[2026-05-19 07:48:37] Forecast Rain Available hours: [6, 7, 8, 9, 10, 11, 12, 13, 14, 15, 16, 17, 18, 19, 20, 21, 22, 23, 24, 25, 26, 27, 28, 29]
[2026-05-19 07:48:37] Valid hours for sum: [12, 18, 24, 29]
[2026-05-19 07:48:39] Drought composite end date: 2017-07-29 06:00:00
[2026-05-19 07:48:39] Land cover year: 2016
[2026-05-19 07:48:40] VIIRS Veg composite: 2017-06-18 → 2017-07-04
[2026-05-19 07:48:44] Started export task: fire_167_dynamic_2017-08-02
[2026-05-19 07:48:44] ------ Processing date=2017-08-03 ------
[2026-05-19 07:48:44] Using viirs_af_path: viirs_af_path
[2026-05-19 07:48:44] VIIRS Image Date: ['2017-08-03 00:00:00']
[2026-05-19 07:48:45] Weather image size: 1
[2026-05-19 07:48:45] Forecast duration: 2017-08-04 00:00:00 to 2017-08-05 00:00:00
[2026-05-19 07:48:46] Number of forecast images: 24
[2026-05-19 07:48:46] Using forecast run: 2017-08-03 18:00:00 UTC
[2026-05-19 07:48:46] Forecast Rain Available hours: [6, 7, 8, 9, 10, 11, 12, 13, 14, 15, 16, 17, 18, 19, 20, 21, 22, 23, 24, 25, 26, 27, 28, 29]
[2026-05-19 07:48:46] Valid hours for sum: [12, 18, 24, 29]
[2026-05-19 07:48:49] Drought composite end date: 2017-07-29 06:00:00
[2026-05-19 07:48:49] Land cover year: 2016
[2026-05-19 07:48:50] VIIRS Veg composite: 2017-06-18 → 2017-07-04
[2026-05-19 07:48:54] Started export task: fire_167_dynamic_2017-08-03
[2026-05-19 07:48:55] ------ Processing date=2017-08-04 ------
[2026-05-19 07:48:55] Using viirs_af_path: viirs_af_path
[2026-05-19 07:48:55] VIIRS Image Date: ['2017-08-04 00:00:00']
[2026-05-19 07:48:55] Weather image size: 1
[2026-05-19 07:48:55] Forecast duration: 2017-08-05 00:00:00 to 2017-08-06 00:00:00
[2026-05-19 07:48:56] Number of forecast images: 24
[2026-05-19 07:48:56] Using forecast run: 2017-08-04 18:00:00 UTC
[2026-05-19 07:48:56] Forecast Rain Available hours: [6, 7, 8, 9, 10, 11, 12, 13, 14, 15, 16, 17, 18, 19, 20, 21, 22, 23, 24, 25, 26, 27, 28, 29]
[2026-05-19 07:48:56] Valid hours for sum: [12, 18, 24, 29]
[2026-05-19 07:48:58] Drought composite end date: 2017-08-03 06:00:00
[2026-05-19 07:48:58] Land cover year: 2016
[2026-05-19 07:48:59] VIIRS Veg composite: 2017-06-18 → 2017-07-04
[2026-05-19 07:49:02] Started export task: fire_167_dynamic_2017-08-04
[2026-05-19 07:49:03] ------ Processing date=2017-08-05 ------
[2026-05-19 07:49:03] Using viirs_af_path: viirs_af_path
[2026-05-19 07:49:03] VIIRS Image Date: ['2017-08-05 00:00:00']
[2026-05-19 07:49:03] Weather image size: 1
[2026-05-19 07:49:03] Forecast duration: 2017-08-06 00:00:00 to 2017-08-07 00:00:00
[2026-05-19 07:49:04] Number of forecast images: 24
[2026-05-19 07:49:04] Using forecast run: 2017-08-05 18:00:00 UTC
[2026-05-19 07:49:04] Forecast Rain Available hours: [6, 7, 8, 9, 10, 11, 12, 13, 14, 15, 16, 17, 18, 19, 20, 21, 22, 23, 24, 25, 26, 27, 28, 29]
[2026-05-19 07:49:04] Valid hours for sum: [12, 18, 24, 29]
[2026-05-19 07:49:07] Drought composite end date: 2017-08-03 06:00:00
[2026-05-19 07:49:07] Land cover year: 2016
[2026-05-19 07:49:08] VIIRS Veg composite: 2017-06-18 → 2017-07-04
[2026-05-19 07:49:11] Started export task: fire_167_dynamic_2017-08-05
[2026-05-19 07:49:12] ------ Processing date=2017-08-06 ------
[2026-05-19 07:49:12] Using viirs_af_path: viirs_af_path
[2026-05-19 07:49:12] VIIRS Image Date: ['2017-08-06 00:00:00']
[2026-05-19 07:49:12] Weather image size: 1
[2026-05-19 07:49:12] Forecast duration: 2017-08-07 00:00:00 to 2017-08-08 00:00:00
[2026-05-19 07:49:13] Number of forecast images: 24
[2026-05-19 07:49:13] Using forecast run: 2017-08-06 18:00:00 UTC
[2026-05-19 07:49:13] Forecast Rain Available hours: [6, 7, 8, 9, 10, 11, 12, 13, 14, 15, 16, 17, 18, 19, 20, 21, 22, 23, 24, 25, 26, 27, 28, 29]
[2026-05-19 07:49:13] Valid hours for sum: [12, 18, 24, 29]
[2026-05-19 07:49:16] Drought composite end date: 2017-08-03 06:00:00
[2026-05-19 07:49:16] Land cover year: 2016
[2026-05-19 07:49:17] VIIRS Veg composite: 2017-06-18 → 2017-07-04
[2026-05-19 07:49:20] Started export task: fire_167_dynamic_2017-08-06
[2026-05-19 07:49:20] ------ Processing date=2017-08-07 ------
[2026-05-19 07:49:20] Using viirs_af_path: viirs_af_path
[2026-05-19 07:49:21] VIIRS Image Date: ['2017-08-07 00:00:00']
[2026-05-19 07:49:21] Weather image size: 1
[2026-05-19 07:49:21] Forecast duration: 2017-08-08 00:00:00 to 2017-08-09 00:00:00
[2026-05-19 07:49:22] Number of forecast images: 24
[2026-05-19 07:49:22] Using forecast run: 2017-08-07 18:00:00 UTC
[2026-05-19 07:49:22] Forecast Rain Available hours: [6, 7, 8, 9, 10, 11, 12, 13, 14, 15, 16, 17, 18, 19, 20, 21, 22, 23, 24, 25, 26, 27, 28, 29]
[2026-05-19 07:49:22] Valid hours for sum: [12, 18, 24, 29]
[2026-05-19 07:49:24] Drought composite end date: 2017-08-03 06:00:00
[2026-05-19 07:49:24] Land cover year: 2016
[2026-05-19 07:49:25] VIIRS Veg composite: 2017-06-18 → 2017-07-04
[2026-05-19 07:49:29] Started export task: fire_167_dynamic_2017-08-07
[2026-05-19 07:49:29] ------ Processing date=2017-08-08 ------
[2026-05-19 07:49:29] Using viirs_af_path: viirs_af_path
[2026-05-19 07:49:29] VIIRS Image Date: ['2017-08-08 00:00:00']
[2026-05-19 07:49:30] Weather image size: 1
[2026-05-19 07:49:30] Forecast duration: 2017-08-09 00:00:00 to 2017-08-10 00:00:00
[2026-05-19 07:49:30] Number of forecast images: 24
[2026-05-19 07:49:30] Using forecast run: 2017-08-08 18:00:00 UTC
[2026-05-19 07:49:31] Forecast Rain Available hours: [6, 7, 8, 9, 10, 11, 12, 13, 14, 15, 16, 17, 18, 19, 20, 21, 22, 23, 24, 25, 26, 27, 28, 29]
[2026-05-19 07:49:31] Valid hours for sum: [12, 18, 24, 29]
[2026-05-19 07:49:32] Drought composite end date: 2017-08-03 06:00:00
[2026-05-19 07:49:33] Land cover year: 2016
[2026-05-19 07:49:33] VIIRS Veg composite: 2017-06-18 → 2017-07-04
[2026-05-19 07:49:38] Started export task: fire_167_dynamic_2017-08-08
[2026-05-19 07:49:38] ------ Processing date=2017-08-09 ------
[2026-05-19 07:49:38] Using viirs_af_path: viirs_af_path
[2026-05-19 07:49:38] VIIRS Image Date: ['2017-08-09 00:00:00']
[2026-05-19 07:49:39] Weather image size: 1
[2026-05-19 07:49:39] Forecast duration: 2017-08-10 00:00:00 to 2017-08-11 00:00:00
[2026-05-19 07:49:40] Number of forecast images: 24
[2026-05-19 07:49:40] Using forecast run: 2017-08-09 18:00:00 UTC
[2026-05-19 07:49:40] Forecast Rain Available hours: [6, 7, 8, 9, 10, 11, 12, 13, 14, 15, 16, 17, 18, 19, 20, 21, 22, 23, 24, 25, 26, 27, 28, 29]
[2026-05-19 07:49:40] Valid hours for sum: [12, 18, 24, 29]
[2026-05-19 07:49:41] Drought composite end date: 2017-08-08 06:00:00
[2026-05-19 07:49:42] Land cover year: 2016
[2026-05-19 07:49:42] VIIRS Veg composite: 2017-06-18 → 2017-07-04
[2026-05-19 07:49:45] Started export task: fire_167_dynamic_2017-08-09
[2026-05-19 07:49:45] ------ Processing date=2017-08-10 ------
[2026-05-19 07:49:45] Using viirs_af_path: viirs_af_path
[2026-05-19 07:49:45] VIIRS Image Date: ['2017-08-10 00:00:00']
[2026-05-19 07:49:46] Weather image size: 1
[2026-05-19 07:49:46] Forecast duration: 2017-08-11 00:00:00 to 2017-08-12 00:00:00
[2026-05-19 07:49:46] Number of forecast images: 24
[2026-05-19 07:49:46] Using forecast run: 2017-08-10 18:00:00 UTC
[2026-05-19 07:49:47] Forecast Rain Available hours: [6, 7, 8, 9, 10, 11, 12, 13, 14, 15, 16, 17, 18, 19, 20, 21, 22, 23, 24, 25, 26, 27, 28, 29]
[2026-05-19 07:49:47] Valid hours for sum: [12, 18, 24, 29]
[2026-05-19 07:49:49] Drought composite end date: 2017-08-08 06:00:00
[2026-05-19 07:49:49] Land cover year: 2016
[2026-05-19 07:49:49] VIIRS Veg composite: 2017-06-18 → 2017-07-04
[2026-05-19 07:49:52] Started export task: fire_167_dynamic_2017-08-10
[2026-05-19 07:49:52] ------ Processing date=2017-08-11 ------
[2026-05-19 07:49:52] Using viirs_af_path: viirs_af_path
[2026-05-19 07:49:52] VIIRS Image Date: ['2017-08-11 00:00:00']
[2026-05-19 07:49:52] Weather image size: 1
[2026-05-19 07:49:52] Forecast duration: 2017-08-12 00:00:00 to 2017-08-13 00:00:00
[2026-05-19 07:49:53] Number of forecast images: 24
[2026-05-19 07:49:53] Using forecast run: 2017-08-11 18:00:00 UTC
[2026-05-19 07:49:54] Forecast Rain Available hours: [6, 7, 8, 9, 10, 11, 12, 13, 14, 15, 16, 17, 18, 19, 20, 21, 22, 23, 24, 25, 26, 27, 28, 29]
[2026-05-19 07:49:54] Valid hours for sum: [12, 18, 24, 29]
[2026-05-19 07:49:55] Drought composite end date: 2017-08-08 06:00:00
[2026-05-19 07:49:56] Land cover year: 2016
[2026-05-19 07:49:56] VIIRS Veg composite: 2017-06-18 → 2017-07-04
[2026-05-19 07:50:00] Started export task: fire_167_dynamic_2017-08-11
[2026-05-19 07:50:01] ------ Processing date=2017-08-12 ------
[2026-05-19 07:50:01] Using viirs_af_path: viirs_af_path
[2026-05-19 07:50:01] VIIRS Image Date: ['2017-08-12 00:00:00']
[2026-05-19 07:50:01] Weather image size: 1
[2026-05-19 07:50:01] Forecast duration: 2017-08-13 00:00:00 to 2017-08-14 00:00:00
[2026-05-19 07:50:02] Number of forecast images: 24
[2026-05-19 07:50:02] Using forecast run: 2017-08-12 18:00:00 UTC
[2026-05-19 07:50:03] Forecast Rain Available hours: [6, 7, 8, 9, 10, 11, 12, 13, 14, 15, 16, 17, 18, 19, 20, 21, 22, 23, 24, 25, 26, 27, 28, 29]
[2026-05-19 07:50:03] Valid hours for sum: [12, 18, 24, 29]
[2026-05-19 07:50:04] Drought composite end date: 2017-08-08 06:00:00
[2026-05-19 07:50:04] Land cover year: 2016
[2026-05-19 07:50:05] VIIRS Veg composite: 2017-06-18 → 2017-07-04
[2026-05-19 07:50:08] Started export task: fire_167_dynamic_2017-08-12
[2026-05-19 07:50:09] ------ Processing date=2017-08-13 ------
[2026-05-19 07:50:09] Using viirs_af_path: viirs_af_path
[2026-05-19 07:50:09] VIIRS Image Date: ['2017-08-13 00:00:00']
[2026-05-19 07:50:09] Weather image size: 1
[2026-05-19 07:50:09] Forecast duration: 2017-08-14 00:00:00 to 2017-08-15 00:00:00
[2026-05-19 07:50:10] Number of forecast images: 24
[2026-05-19 07:50:10] Using forecast run: 2017-08-13 18:00:00 UTC
[2026-05-19 07:50:10] Forecast Rain Available hours: [6, 7, 8, 9, 10, 11, 12, 13, 14, 15, 16, 17, 18, 19, 20, 21, 22, 23, 24, 25, 26, 27, 28, 29]
[2026-05-19 07:50:10] Valid hours for sum: [12, 18, 24, 29]
[2026-05-19 07:50:12] Drought composite end date: 2017-08-08 06:00:00
[2026-05-19 07:50:13] Land cover year: 2016
[2026-05-19 07:50:14] VIIRS Veg composite: 2017-06-18 → 2017-07-04
[2026-05-19 07:50:17] Started export task: fire_167_dynamic_2017-08-13
[2026-05-19 07:50:17] ------ Processing date=2017-08-14 ------
[2026-05-19 07:50:17] Using viirs_af_path: viirs_af_path
[2026-05-19 07:50:17] VIIRS Image Date: ['2017-08-14 00:00:00']
[2026-05-19 07:50:18] Weather image size: 1
[2026-05-19 07:50:18] Forecast duration: 2017-08-15 00:00:00 to 2017-08-16 00:00:00
[2026-05-19 07:50:19] Number of forecast images: 24
[2026-05-19 07:50:19] Using forecast run: 2017-08-14 18:00:00 UTC
[2026-05-19 07:50:19] Forecast Rain Available hours: [6, 7, 8, 9, 10, 11, 12, 13, 14, 15, 16, 17, 18, 19, 20, 21, 22, 23, 24, 25, 26, 27, 28, 29]
[2026-05-19 07:50:19] Valid hours for sum: [12, 18, 24, 29]
[2026-05-19 07:50:21] Drought composite end date: 2017-08-13 06:00:00
[2026-05-19 07:50:21] Land cover year: 2016
[2026-05-19 07:50:22] VIIRS Veg composite: 2017-06-18 → 2017-07-04
[2026-05-19 07:50:24] Started export task: fire_167_dynamic_2017-08-14
[2026-05-19 07:50:25] ------ Processing date=2017-08-15 ------
[2026-05-19 07:50:25] Using viirs_af_path: viirs_af_path
[2026-05-19 07:50:25] VIIRS Image Date: ['2017-08-15 00:00:00']
[2026-05-19 07:50:25] Weather image size: 1
[2026-05-19 07:50:25] Forecast duration: 2017-08-16 00:00:00 to 2017-08-17 00:00:00
[2026-05-19 07:50:26] Number of forecast images: 24
[2026-05-19 07:50:26] Using forecast run: 2017-08-15 18:00:00 UTC
[2026-05-19 07:50:26] Forecast Rain Available hours: [6, 7, 8, 9, 10, 11, 12, 13, 14, 15, 16, 17, 18, 19, 20, 21, 22, 23, 24, 25, 26, 27, 28, 29]
[2026-05-19 07:50:26] Valid hours for sum: [12, 18, 24, 29]
[2026-05-19 07:50:29] Drought composite end date: 2017-08-13 06:00:00
[2026-05-19 07:50:29] Land cover year: 2016
[2026-05-19 07:50:29] VIIRS Veg composite: 2017-06-18 → 2017-07-04
[2026-05-19 07:50:33] Started export task: fire_167_dynamic_2017-08-15
[2026-05-19 07:50:33] ------ Processing date=2017-08-16 ------
[2026-05-19 07:50:33] Using viirs_af_path: viirs_af_path
[2026-05-19 07:50:33] VIIRS Image Date: ['2017-08-16 00:00:00']
[2026-05-19 07:50:34] Weather image size: 1
[2026-05-19 07:50:34] Forecast duration: 2017-08-17 00:00:00 to 2017-08-18 00:00:00
[2026-05-19 07:50:34] Number of forecast images: 24
[2026-05-19 07:50:34] Using forecast run: 2017-08-16 18:00:00 UTC
[2026-05-19 07:50:35] Forecast Rain Available hours: [6, 7, 8, 9, 10, 11, 12, 13, 14, 15, 16, 17, 18, 19, 20, 21, 22, 23, 24, 25, 26, 27, 28, 29]
[2026-05-19 07:50:35] Valid hours for sum: [12, 18, 24, 29]
[2026-05-19 07:50:36] Drought composite end date: 2017-08-13 06:00:00
[2026-05-19 07:50:37] Land cover year: 2016
[2026-05-19 07:50:38] VIIRS Veg composite: 2017-06-18 → 2017-07-04
[2026-05-19 07:50:40] Started export task: fire_167_dynamic_2017-08-16
[2026-05-19 07:50:41] ------ Processing date=2017-08-17 ------
[2026-05-19 07:50:41] Using viirs_af_path: viirs_af_path
[2026-05-19 07:50:41] VIIRS Image Date: ['2017-08-17 00:00:00']
[2026-05-19 07:50:41] Weather image size: 1
[2026-05-19 07:50:41] Forecast duration: 2017-08-18 00:00:00 to 2017-08-19 00:00:00
[2026-05-19 07:50:42] Number of forecast images: 24
[2026-05-19 07:50:42] Using forecast run: 2017-08-17 18:00:00 UTC
[2026-05-19 07:50:43] Forecast Rain Available hours: [6, 7, 8, 9, 10, 11, 12, 13, 14, 15, 16, 17, 18, 19, 20, 21, 22, 23, 24, 25, 26, 27, 28, 29]
[2026-05-19 07:50:43] Valid hours for sum: [12, 18, 24, 29]
[2026-05-19 07:50:45] Drought composite end date: 2017-08-13 06:00:00
[2026-05-19 07:50:45] Land cover year: 2016
[2026-05-19 07:50:45] VIIRS Veg composite: 2017-06-18 → 2017-07-04
[2026-05-19 07:50:49] Started export task: fire_167_dynamic_2017-08-17
[2026-05-19 07:50:49] ------ Processing date=2017-08-18 ------
[2026-05-19 07:50:49] Using viirs_af_path: viirs_af_path
[2026-05-19 07:50:50] VIIRS Image Date: ['2017-08-18 00:00:00']
[2026-05-19 07:50:50] Weather image size: 1
[2026-05-19 07:50:50] Forecast duration: 2017-08-19 00:00:00 to 2017-08-20 00:00:00
[2026-05-19 07:50:51] Number of forecast images: 24
[2026-05-19 07:50:51] Using forecast run: 2017-08-18 18:00:00 UTC
[2026-05-19 07:50:51] Forecast Rain Available hours: [6, 7, 8, 9, 10, 11, 12, 13, 14, 15, 16, 17, 18, 19, 20, 21, 22, 23, 24, 25, 26, 27, 28, 29]
[2026-05-19 07:50:51] Valid hours for sum: [12, 18, 24, 29]
[2026-05-19 07:50:52] Drought composite end date: 2017-08-13 06:00:00
[2026-05-19 07:50:53] Land cover year: 2016
[2026-05-19 07:50:53] VIIRS Veg composite: 2017-06-18 → 2017-07-04
[2026-05-19 07:50:58] Started export task: fire_167_dynamic_2017-08-18
[2026-05-19 07:50:58] ------ Processing date=2017-08-19 ------
[2026-05-19 07:50:58] Using viirs_af_path: viirs_af_path
[2026-05-19 07:50:58] VIIRS Image Date: ['2017-08-19 00:00:00']
[2026-05-19 07:50:59] Weather image size: 1
[2026-05-19 07:50:59] Forecast duration: 2017-08-20 00:00:00 to 2017-08-21 00:00:00
[2026-05-19 07:50:59] Number of forecast images: 24
[2026-05-19 07:50:59] Using forecast run: 2017-08-19 18:00:00 UTC
[2026-05-19 07:51:00] Forecast Rain Available hours: [6, 7, 8, 9, 10, 11, 12, 13, 14, 15, 16, 17, 18, 19, 20, 21, 22, 23, 24, 25, 26, 27, 28, 29]
[2026-05-19 07:51:00] Valid hours for sum: [12, 18, 24, 29]
[2026-05-19 07:51:01] Drought composite end date: 2017-08-18 06:00:00
[2026-05-19 07:51:01] Land cover year: 2016
[2026-05-19 07:51:02] VIIRS Veg composite: 2017-06-18 → 2017-07-04
[2026-05-19 07:51:06] Started export task: fire_167_dynamic_2017-08-19
[2026-05-19 07:51:07] ------ Processing date=2017-08-20 ------
[2026-05-19 07:51:07] Using viirs_af_path: viirs_af_path
[2026-05-19 07:51:07] VIIRS Image Date: ['2017-08-20 00:00:00']
[2026-05-19 07:51:07] Weather image size: 1
[2026-05-19 07:51:07] Forecast duration: 2017-08-21 00:00:00 to 2017-08-22 00:00:00
[2026-05-19 07:51:08] Number of forecast images: 24
[2026-05-19 07:51:08] Using forecast run: 2017-08-20 18:00:00 UTC
[2026-05-19 07:51:08] Forecast Rain Available hours: [6, 7, 8, 9, 10, 11, 12, 13, 14, 15, 16, 17, 18, 19, 20, 21, 22, 23, 24, 25, 26, 27, 28, 29]
[2026-05-19 07:51:08] Valid hours for sum: [12, 18, 24, 29]
[2026-05-19 07:51:10] Drought composite end date: 2017-08-18 06:00:00
[2026-05-19 07:51:10] Land cover year: 2016
[2026-05-19 07:51:11] VIIRS Veg composite: 2017-06-18 → 2017-07-04
[2026-05-19 07:51:14] Started export task: fire_167_dynamic_2017-08-20
[2026-05-19 07:51:14] ------ Processing date=2017-08-21 ------
[2026-05-19 07:51:14] Using viirs_af_path: viirs_af_path
[2026-05-19 07:51:14] VIIRS Image Date: ['2017-08-21 00:00:00']
[2026-05-19 07:51:14] Weather image size: 1
[2026-05-19 07:51:15] Forecast duration: 2017-08-22 00:00:00 to 2017-08-23 00:00:00
[2026-05-19 07:51:15] Number of forecast images: 24
[2026-05-19 07:51:15] Using forecast run: 2017-08-21 18:00:00 UTC
[2026-05-19 07:51:16] Forecast Rain Available hours: [6, 7, 8, 9, 10, 11, 12, 13, 14, 15, 16, 17, 18, 19, 20, 21, 22, 23, 24, 25, 26, 27, 28, 29]
[2026-05-19 07:51:16] Valid hours for sum: [12, 18, 24, 29]
[2026-05-19 07:51:17] Drought composite end date: 2017-08-18 06:00:00
[2026-05-19 07:51:18] Land cover year: 2016
[2026-05-19 07:51:18] VIIRS Veg composite: 2017-06-18 → 2017-07-04
[2026-05-19 07:51:22] Started export task: fire_167_dynamic_2017-08-21
[2026-05-19 07:51:22] ------ Processing date=2017-08-22 ------
[2026-05-19 07:51:22] Using viirs_af_path: viirs_af_path
[2026-05-19 07:51:23] VIIRS Image Date: ['2017-08-22 00:00:00']
[2026-05-19 07:51:23] Weather image size: 1
[2026-05-19 07:51:23] Forecast duration: 2017-08-23 00:00:00 to 2017-08-24 00:00:00
[2026-05-19 07:51:23] Number of forecast images: 24
[2026-05-19 07:51:23] Using forecast run: 2017-08-22 18:00:00 UTC
[2026-05-19 07:51:24] Forecast Rain Available hours: [6, 7, 8, 9, 10, 11, 12, 13, 14, 15, 16, 17, 18, 19, 20, 21, 22, 23, 24, 25, 26, 27, 28, 29]
[2026-05-19 07:51:24] Valid hours for sum: [12, 18, 24, 29]
[2026-05-19 07:51:25] Drought composite end date: 2017-08-18 06:00:00
[2026-05-19 07:51:25] Land cover year: 2016
[2026-05-19 07:51:26] VIIRS Veg composite: 2017-06-18 → 2017-07-04
[2026-05-19 07:51:29] Started export task: fire_167_dynamic_2017-08-22
[2026-05-19 07:51:30] ------ Processing date=2017-08-23 ------
[2026-05-19 07:51:30] Using viirs_af_path: viirs_af_path
[2026-05-19 07:51:30] VIIRS Image Date: ['2017-08-23 00:00:00']
[2026-05-19 07:51:30] Weather image size: 1
[2026-05-19 07:51:30] Forecast duration: 2017-08-24 00:00:00 to 2017-08-25 00:00:00
[2026-05-19 07:51:31] Number of forecast images: 24
[2026-05-19 07:51:31] Using forecast run: 2017-08-23 18:00:00 UTC
[2026-05-19 07:51:31] Forecast Rain Available hours: [6, 7, 8, 9, 10, 11, 12, 13, 14, 15, 16, 17, 18, 19, 20, 21, 22, 23, 24, 25, 26, 27, 28, 29]
[2026-05-19 07:51:31] Valid hours for sum: [12, 18, 24, 29]
[2026-05-19 07:51:34] Drought composite end date: 2017-08-18 06:00:00
[2026-05-19 07:51:34] Land cover year: 2016
[2026-05-19 07:51:35] VIIRS Veg composite: 2017-06-18 → 2017-07-04
[2026-05-19 07:51:38] Started export task: fire_167_dynamic_2017-08-23
[2026-05-19 07:51:38] ------ Processing date=2017-08-24 ------
[2026-05-19 07:51:38] Using viirs_af_path: viirs_af_path
[2026-05-19 07:51:38] VIIRS Image Date: ['2017-08-24 00:00:00']
[2026-05-19 07:51:38] Weather image size: 1
[2026-05-19 07:51:38] Forecast duration: 2017-08-25 00:00:00 to 2017-08-26 00:00:00
[2026-05-19 07:51:39] Number of forecast images: 24
[2026-05-19 07:51:39] Using forecast run: 2017-08-24 18:00:00 UTC
[2026-05-19 07:51:40] Forecast Rain Available hours: [6, 7, 8, 9, 10, 11, 12, 13, 14, 15, 16, 17, 18, 19, 20, 21, 22, 23, 24, 25, 26, 27, 28, 29]
[2026-05-19 07:51:40] Valid hours for sum: [12, 18, 24, 29]
[2026-05-19 07:51:42] Drought composite end date: 2017-08-23 06:00:00
[2026-05-19 07:51:42] Land cover year: 2016
[2026-05-19 07:51:43] VIIRS Veg composite: 2017-06-18 → 2017-07-04
[2026-05-19 07:51:45] Started export task: fire_167_dynamic_2017-08-24
[2026-05-19 07:51:45] ------ Processing date=2017-08-25 ------
[2026-05-19 07:51:45] Using viirs_af_path: viirs_af_path
[2026-05-19 07:51:46] VIIRS Image Date: ['2017-08-25 00:00:00']
[2026-05-19 07:51:46] Weather image size: 1
[2026-05-19 07:51:46] Forecast duration: 2017-08-26 00:00:00 to 2017-08-27 00:00:00
[2026-05-19 07:51:47] Number of forecast images: 24
[2026-05-19 07:51:47] Using forecast run: 2017-08-25 18:00:00 UTC
[2026-05-19 07:51:47] Forecast Rain Available hours: [6, 7, 8, 9, 10, 11, 12, 13, 14, 15, 16, 17, 18, 19, 20, 21, 22, 23, 24, 25, 26, 27, 28, 29]
[2026-05-19 07:51:47] Valid hours for sum: [12, 18, 24, 29]
[2026-05-19 07:51:49] Drought composite end date: 2017-08-23 06:00:00
[2026-05-19 07:51:49] Land cover year: 2016
[2026-05-19 07:51:50] VIIRS Veg composite: 2017-06-18 → 2017-07-04
[2026-05-19 07:51:55] Started export task: fire_167_dynamic_2017-08-25
[2026-05-19 07:51:56] ------ Processing date=2017-08-26 ------
[2026-05-19 07:51:56] Using viirs_af_path: viirs_af_path
[2026-05-19 07:51:56] VIIRS Image Date: ['2017-08-26 00:00:00']
[2026-05-19 07:51:56] Weather image size: 1
[2026-05-19 07:51:56] Forecast duration: 2017-08-27 00:00:00 to 2017-08-28 00:00:00
[2026-05-19 07:51:57] Number of forecast images: 24
[2026-05-19 07:51:57] Using forecast run: 2017-08-26 18:00:00 UTC
[2026-05-19 07:51:58] Forecast Rain Available hours: [6, 7, 8, 9, 10, 11, 12, 13, 14, 15, 16, 17, 18, 19, 20, 21, 22, 23, 24, 25, 26, 27, 28, 29]
[2026-05-19 07:51:58] Valid hours for sum: [12, 18, 24, 29]
[2026-05-19 07:51:59] Drought composite end date: 2017-08-23 06:00:00
[2026-05-19 07:51:59] Land cover year: 2016
[2026-05-19 07:52:00] VIIRS Veg composite: 2017-06-18 → 2017-07-04
[2026-05-19 07:52:04] Started export task: fire_167_dynamic_2017-08-26
[2026-05-19 07:52:04] ------ Processing date=2017-08-27 ------
[2026-05-19 07:52:04] Using viirs_af_path: viirs_af_path
[2026-05-19 07:52:05] VIIRS Image Date: ['2017-08-27 00:00:00']
[2026-05-19 07:52:05] Weather image size: 1
[2026-05-19 07:52:05] Forecast duration: 2017-08-28 00:00:00 to 2017-08-29 00:00:00
[2026-05-19 07:52:06] Number of forecast images: 24
[2026-05-19 07:52:06] Using forecast run: 2017-08-27 18:00:00 UTC
[2026-05-19 07:52:06] Forecast Rain Available hours: [6, 7, 8, 9, 10, 11, 12, 13, 14, 15, 16, 17, 18, 19, 20, 21, 22, 23, 24, 25, 26, 27, 28, 29]
[2026-05-19 07:52:06] Valid hours for sum: [12, 18, 24, 29]
[2026-05-19 07:52:08] Drought composite end date: 2017-08-23 06:00:00
[2026-05-19 07:52:08] Land cover year: 2016
[2026-05-19 07:52:09] VIIRS Veg composite: 2017-06-18 → 2017-07-04
[2026-05-19 07:52:11] Started export task: fire_167_dynamic_2017-08-27
[2026-05-19 07:52:12] ------ Processing date=2017-08-28 ------
[2026-05-19 07:52:12] Using viirs_af_path: viirs_af_path
[2026-05-19 07:52:13] VIIRS Image Date: ['2017-08-28 00:00:00']
[2026-05-19 07:52:13] Weather image size: 1
[2026-05-19 07:52:13] Forecast duration: 2017-08-29 00:00:00 to 2017-08-30 00:00:00
[2026-05-19 07:52:14] Number of forecast images: 24
[2026-05-19 07:52:14] Using forecast run: 2017-08-28 18:00:00 UTC
[2026-05-19 07:52:14] Forecast Rain Available hours: [6, 7, 8, 9, 10, 11, 12, 13, 14, 15, 16, 17, 18, 19, 20, 21, 22, 23, 24, 25, 26, 27, 28, 29]
[2026-05-19 07:52:14] Valid hours for sum: [12, 18, 24, 29]
[2026-05-19 07:52:16] Drought composite end date: 2017-08-23 06:00:00
[2026-05-19 07:52:16] Land cover year: 2016
[2026-05-19 07:52:17] VIIRS Veg composite: 2017-06-18 → 2017-07-04
[2026-05-19 07:52:20] Started export task: fire_167_dynamic_2017-08-28
[2026-05-19 07:52:20] ------ Processing date=2017-08-29 ------
[2026-05-19 07:52:20] Using viirs_af_path: viirs_af_path
[2026-05-19 07:52:21] VIIRS Image Date: ['2017-08-29 00:00:00']
[2026-05-19 07:52:21] Weather image size: 1
[2026-05-19 07:52:21] Forecast duration: 2017-08-30 00:00:00 to 2017-08-31 00:00:00
[2026-05-19 07:52:22] Number of forecast images: 24
[2026-05-19 07:52:22] Using forecast run: 2017-08-29 18:00:00 UTC
[2026-05-19 07:52:22] Forecast Rain Available hours: [6, 7, 8, 9, 10, 11, 12, 13, 14, 15, 16, 17, 18, 19, 20, 21, 22, 23, 24, 25, 26, 27, 28, 29]
[2026-05-19 07:52:22] Valid hours for sum: [12, 18, 24, 29]
[2026-05-19 07:52:24] Drought composite end date: 2017-08-28 06:00:00
[2026-05-19 07:52:24] Land cover year: 2016
[2026-05-19 07:52:25] VIIRS Veg composite: 2017-06-18 → 2017-07-04
[2026-05-19 07:52:29] Started export task: fire_167_dynamic_2017-08-29
[2026-05-19 07:52:30] ------ Processing date=2017-08-30 ------
[2026-05-19 07:52:30] Using viirs_af_path: viirs_af_path
[2026-05-19 07:52:30] VIIRS Image Date: ['2017-08-30 00:00:00']
[2026-05-19 07:52:30] Weather image size: 1
[2026-05-19 07:52:30] Forecast duration: 2017-08-31 00:00:00 to 2017-09-01 00:00:00
[2026-05-19 07:52:31] Number of forecast images: 24
[2026-05-19 07:52:31] Using forecast run: 2017-08-30 18:00:00 UTC
[2026-05-19 07:52:31] Forecast Rain Available hours: [6, 7, 8, 9, 10, 11, 12, 13, 14, 15, 16, 17, 18, 19, 20, 21, 22, 23, 24, 25, 26, 27, 28, 29]
[2026-05-19 07:52:31] Valid hours for sum: [12, 18, 24, 29]
[2026-05-19 07:52:33] Drought composite end date: 2017-08-28 06:00:00
[2026-05-19 07:52:33] Land cover year: 2016
[2026-05-19 07:52:34] VIIRS Veg composite: 2017-06-18 → 2017-07-04
[2026-05-19 07:52:37] Started export task: fire_167_dynamic_2017-08-30
[2026-05-19 07:52:38] ------ Processing date=2017-08-31 ------
[2026-05-19 07:52:38] Using viirs_af_path: viirs_af_path
[2026-05-19 07:52:38] VIIRS Image Date: ['2017-08-31 00:00:00']
[2026-05-19 07:52:38] Weather image size: 1
[2026-05-19 07:52:38] Forecast duration: 2017-09-01 00:00:00 to 2017-09-02 00:00:00
[2026-05-19 07:52:39] Number of forecast images: 24
[2026-05-19 07:52:39] Using forecast run: 2017-08-31 18:00:00 UTC
[2026-05-19 07:52:39] Forecast Rain Available hours: [6, 7, 8, 9, 10, 11, 12, 13, 14, 15, 16, 17, 18, 19, 20, 21, 22, 23, 24, 25, 26, 27, 28, 29]
[2026-05-19 07:52:39] Valid hours for sum: [12, 18, 24, 29]
[2026-05-19 07:52:41] Drought composite end date: 2017-08-28 06:00:00
[2026-05-19 07:52:41] Land cover year: 2016
[2026-05-19 07:52:42] VIIRS Veg composite: 2017-06-18 → 2017-07-04
[2026-05-19 07:52:45] Started export task: fire_167_dynamic_2017-08-31
[2026-05-19 07:52:46] ------ Processing date=2017-09-01 ------
[2026-05-19 07:52:46] Using viirs_af_path: viirs_af_path
[2026-05-19 07:52:46] VIIRS Image Date: ['2017-09-01 00:00:00']
[2026-05-19 07:52:46] Weather image size: 1
[2026-05-19 07:52:46] Forecast duration: 2017-09-02 00:00:00 to 2017-09-03 00:00:00
[2026-05-19 07:52:47] Number of forecast images: 24
[2026-05-19 07:52:47] Using forecast run: 2017-09-01 18:00:00 UTC
[2026-05-19 07:52:47] Forecast Rain Available hours: [6, 7, 8, 9, 10, 11, 12, 13, 14, 15, 16, 17, 18, 19, 20, 21, 22, 23, 24, 25, 26, 27, 28, 29]
[2026-05-19 07:52:47] Valid hours for sum: [12, 18, 24, 29]
[2026-05-19 07:52:49] Drought composite end date: 2017-08-28 06:00:00
[2026-05-19 07:52:49] Land cover year: 2016
[2026-05-19 07:52:50] VIIRS Veg composite: 2017-06-18 → 2017-07-04
[2026-05-19 07:52:53] Started export task: fire_167_dynamic_2017-09-01
[2026-05-19 07:52:53] ------ Processing date=2017-09-02 ------
[2026-05-19 07:52:53] Using viirs_af_path: viirs_af_path
[2026-05-19 07:52:53] VIIRS Image Date: ['2017-09-02 00:00:00']
[2026-05-19 07:52:54] Weather image size: 1
[2026-05-19 07:52:54] Forecast duration: 2017-09-03 00:00:00 to 2017-09-04 00:00:00
[2026-05-19 07:52:54] Number of forecast images: 24
[2026-05-19 07:52:54] Using forecast run: 2017-09-02 18:00:00 UTC
[2026-05-19 07:52:55] Forecast Rain Available hours: [6, 7, 8, 9, 10, 11, 12, 13, 14, 15, 16, 17, 18, 19, 20, 21, 22, 23, 24, 25, 26, 27, 28, 29]
[2026-05-19 07:52:55] Valid hours for sum: [12, 18, 24, 29]
[2026-05-19 07:52:58] Drought composite end date: 2017-08-28 06:00:00
[2026-05-19 07:52:58] Land cover year: 2016
[2026-05-19 07:52:59] VIIRS Veg composite: 2017-06-18 → 2017-07-04
[2026-05-19 07:53:03] Started export task: fire_167_dynamic_2017-09-02
[2026-05-19 07:53:03] ------ Processing date=2017-09-03 ------
[2026-05-19 07:53:03] Using viirs_af_path: viirs_af_path
[2026-05-19 07:53:03] VIIRS Image Date: ['2017-09-03 00:00:00']
[2026-05-19 07:53:04] Weather image size: 1
[2026-05-19 07:53:04] Forecast duration: 2017-09-04 00:00:00 to 2017-09-05 00:00:00
[2026-05-19 07:53:04] Number of forecast images: 24
[2026-05-19 07:53:04] Using forecast run: 2017-09-03 18:00:00 UTC
[2026-05-19 07:53:05] Forecast Rain Available hours: [6, 7, 8, 9, 10, 11, 12, 13, 14, 15, 16, 17, 18, 19, 20, 21, 22, 23, 24, 25, 26, 27, 28, 29]
[2026-05-19 07:53:05] Valid hours for sum: [12, 18, 24, 29]
[2026-05-19 07:53:07] Drought composite end date: 2017-09-02 06:00:00
[2026-05-19 07:53:07] Land cover year: 2016
[2026-05-19 07:53:08] VIIRS Veg composite: 2017-06-18 → 2017-07-04
[2026-05-19 07:53:12] Started export task: fire_167_dynamic_2017-09-03
[2026-05-19 07:53:12] ------ Processing date=2017-09-04 ------
[2026-05-19 07:53:12] Using viirs_af_path: viirs_af_path
[2026-05-19 07:53:12] VIIRS Image Date: ['2017-09-04 00:00:00']
[2026-05-19 07:53:12] Weather image size: 1
[2026-05-19 07:53:12] Forecast duration: 2017-09-05 00:00:00 to 2017-09-06 00:00:00
[2026-05-19 07:53:13] Number of forecast images: 24
[2026-05-19 07:53:13] Using forecast run: 2017-09-04 18:00:00 UTC
[2026-05-19 07:53:14] Forecast Rain Available hours: [6, 7, 8, 9, 10, 11, 12, 13, 14, 15, 16, 17, 18, 19, 20, 21, 22, 23, 24, 25, 26, 27, 28, 29]
[2026-05-19 07:53:14] Valid hours for sum: [12, 18, 24, 29]
[2026-05-19 07:53:15] Drought composite end date: 2017-09-02 06:00:00
[2026-05-19 07:53:16] Land cover year: 2016
[2026-05-19 07:53:17] VIIRS Veg composite: 2017-06-18 → 2017-07-04
[2026-05-19 07:53:20] Started export task: fire_167_dynamic_2017-09-04
[2026-05-19 07:53:21] ------ Processing date=2017-09-05 ------
[2026-05-19 07:53:21] Using viirs_af_path: viirs_af_path
[2026-05-19 07:53:21] VIIRS Image Date: ['2017-09-05 00:00:00']
[2026-05-19 07:53:21] Weather image size: 1
[2026-05-19 07:53:21] Forecast duration: 2017-09-06 00:00:00 to 2017-09-07 00:00:00
[2026-05-19 07:53:22] Number of forecast images: 24
[2026-05-19 07:53:22] Using forecast run: 2017-09-05 18:00:00 UTC
[2026-05-19 07:53:23] Forecast Rain Available hours: [6, 7, 8, 9, 10, 11, 12, 13, 14, 15, 16, 17, 18, 19, 20, 21, 22, 23, 24, 25, 26, 27, 28, 29]
[2026-05-19 07:53:23] Valid hours for sum: [12, 18, 24, 29]
[2026-05-19 07:53:25] Drought composite end date: 2017-09-02 06:00:00
[2026-05-19 07:53:25] Land cover year: 2016
[2026-05-19 07:53:26] VIIRS Veg composite: 2017-06-18 → 2017-07-04
[2026-05-19 07:53:30] Started export task: fire_167_dynamic_2017-09-05
[2026-05-19 07:53:30] ------ Processing date=2017-09-06 ------
[2026-05-19 07:53:30] Using viirs_af_path: viirs_af_path
[2026-05-19 07:53:31] VIIRS Image Date: ['2017-09-06 00:00:00']
[2026-05-19 07:53:31] Weather image size: 1
[2026-05-19 07:53:31] Forecast duration: 2017-09-07 00:00:00 to 2017-09-08 00:00:00
[2026-05-19 07:53:32] Number of forecast images: 24
[2026-05-19 07:53:32] Using forecast run: 2017-09-06 18:00:00 UTC
[2026-05-19 07:53:32] Forecast Rain Available hours: [6, 7, 8, 9, 10, 11, 12, 13, 14, 15, 16, 17, 18, 19, 20, 21, 22, 23, 24, 25, 26, 27, 28, 29]
[2026-05-19 07:53:32] Valid hours for sum: [12, 18, 24, 29]
[2026-05-19 07:53:33] Drought composite end date: 2017-09-02 06:00:00
[2026-05-19 07:53:34] Land cover year: 2016
[2026-05-19 07:53:35] VIIRS Veg composite: 2017-06-18 → 2017-07-04
[2026-05-19 07:53:37] Started export task: fire_167_dynamic_2017-09-06
[2026-05-19 07:53:38] ------ Processing date=2017-09-07 ------
[2026-05-19 07:53:38] Using viirs_af_path: viirs_af_path
[2026-05-19 07:53:38] VIIRS Image Date: ['2017-09-07 00:00:00']
[2026-05-19 07:53:38] Weather image size: 1
[2026-05-19 07:53:38] Forecast duration: 2017-09-08 00:00:00 to 2017-09-09 00:00:00
[2026-05-19 07:53:39] Number of forecast images: 24
[2026-05-19 07:53:39] Using forecast run: 2017-09-07 18:00:00 UTC
[2026-05-19 07:53:39] Forecast Rain Available hours: [6, 7, 8, 9, 10, 11, 12, 13, 14, 15, 16, 17, 18, 19, 20, 21, 22, 23, 24, 25, 26, 27, 28, 29]
[2026-05-19 07:53:39] Valid hours for sum: [12, 18, 24, 29]
[2026-05-19 07:53:41] Drought composite end date: 2017-09-02 06:00:00
[2026-05-19 07:53:41] Land cover year: 2016
[2026-05-19 07:53:42] VIIRS Veg composite: 2017-06-18 → 2017-07-04
[2026-05-19 07:53:45] Started export task: fire_167_dynamic_2017-09-07
[2026-05-19 07:53:46] ------ Processing date=2017-09-08 ------
[2026-05-19 07:53:46] Using viirs_af_path: viirs_af_path
[2026-05-19 07:53:46] VIIRS Image Date: ['2017-09-08 00:00:00']
[2026-05-19 07:53:46] Weather image size: 1
[2026-05-19 07:53:46] Forecast duration: 2017-09-09 00:00:00 to 2017-09-10 00:00:00
[2026-05-19 07:53:47] Number of forecast images: 24
[2026-05-19 07:53:47] Using forecast run: 2017-09-08 18:00:00 UTC
[2026-05-19 07:53:48] Forecast Rain Available hours: [6, 7, 8, 9, 10, 11, 12, 13, 14, 15, 16, 17, 18, 19, 20, 21, 22, 23, 24, 25, 26, 27, 28, 29]
[2026-05-19 07:53:48] Valid hours for sum: [12, 18, 24, 29]
[2026-05-19 07:53:50] Drought composite end date: 2017-09-07 06:00:00
[2026-05-19 07:53:50] Land cover year: 2016
[2026-05-19 07:53:51] VIIRS Veg composite: 2017-06-18 → 2017-07-04
[2026-05-19 07:53:54] Started export task: fire_167_dynamic_2017-09-08
[2026-05-19 07:53:54] ------ Processing date=2017-09-09 ------
[2026-05-19 07:53:54] Using viirs_af_path: viirs_af_path
[2026-05-19 07:53:54] VIIRS Image Date: ['2017-09-09 00:00:00']
[2026-05-19 07:53:54] Weather image size: 1
[2026-05-19 07:53:54] Forecast duration: 2017-09-10 00:00:00 to 2017-09-11 00:00:00
[2026-05-19 07:53:55] Number of forecast images: 24
[2026-05-19 07:53:55] Using forecast run: 2017-09-09 18:00:00 UTC
[2026-05-19 07:53:56] Forecast Rain Available hours: [6, 7, 8, 9, 10, 11, 12, 13, 14, 15, 16, 17, 18, 19, 20, 21, 22, 23, 24, 25, 26, 27, 28, 29]
[2026-05-19 07:53:56] Valid hours for sum: [12, 18, 24, 29]
[2026-05-19 07:53:57] Drought composite end date: 2017-09-07 06:00:00
[2026-05-19 07:53:58] Land cover year: 2016
[2026-05-19 07:53:58] VIIRS Veg composite: 2017-06-18 → 2017-07-04
[2026-05-19 07:54:01] Started export task: fire_167_dynamic_2017-09-09
[2026-05-19 07:54:01] ------ Processing date=2017-09-10 ------
[2026-05-19 07:54:01] Using viirs_af_path: viirs_af_path
[2026-05-19 07:54:02] VIIRS Image Date: ['2017-09-10 00:00:00']
[2026-05-19 07:54:02] Weather image size: 1
[2026-05-19 07:54:02] Forecast duration: 2017-09-11 00:00:00 to 2017-09-12 00:00:00
[2026-05-19 07:54:03] Number of forecast images: 24
[2026-05-19 07:54:03] Using forecast run: 2017-09-10 18:00:00 UTC
[2026-05-19 07:54:03] Forecast Rain Available hours: [6, 7, 8, 9, 10, 11, 12, 13, 14, 15, 16, 17, 18, 19, 20, 21, 22, 23, 24, 25, 26, 27, 28, 29]
[2026-05-19 07:54:03] Valid hours for sum: [12, 18, 24, 29]
[2026-05-19 07:54:04] Drought composite end date: 2017-09-07 06:00:00
[2026-05-19 07:54:05] Land cover year: 2016
[2026-05-19 07:54:06] VIIRS Veg composite: 2017-06-18 → 2017-07-04
[2026-05-19 07:54:09] Started export task: fire_167_dynamic_2017-09-10
[2026-05-19 07:54:09] ------ Processing date=2017-09-11 ------
[2026-05-19 07:54:09] Using viirs_af_path: viirs_af_path
[2026-05-19 07:54:10] VIIRS Image Date: ['2017-09-11 00:00:00']
[2026-05-19 07:54:10] Weather image size: 1
[2026-05-19 07:54:10] Forecast duration: 2017-09-12 00:00:00 to 2017-09-13 00:00:00
[2026-05-19 07:54:11] Number of forecast images: 24
[2026-05-19 07:54:11] Using forecast run: 2017-09-11 18:00:00 UTC
[2026-05-19 07:54:11] Forecast Rain Available hours: [6, 7, 8, 9, 10, 11, 12, 13, 14, 15, 16, 17, 18, 19, 20, 21, 22, 23, 24, 25, 26, 27, 28, 29]
[2026-05-19 07:54:11] Valid hours for sum: [12, 18, 24, 29]
[2026-05-19 07:54:13] Drought composite end date: 2017-09-07 06:00:00
[2026-05-19 07:54:13] Land cover year: 2016
[2026-05-19 07:54:14] VIIRS Veg composite: 2017-06-18 → 2017-07-04
[2026-05-19 07:54:17] Started export task: fire_167_dynamic_2017-09-11
[2026-05-19 07:54:17] ------ Processing date=2017-09-12 ------
[2026-05-19 07:54:17] Using viirs_af_path: viirs_af_path
[2026-05-19 07:54:18] VIIRS Image Date: ['2017-09-12 00:00:00']
[2026-05-19 07:54:18] Weather image size: 1
[2026-05-19 07:54:18] Forecast duration: 2017-09-13 00:00:00 to 2017-09-14 00:00:00
[2026-05-19 07:54:19] Number of forecast images: 24
[2026-05-19 07:54:19] Using forecast run: 2017-09-12 18:00:00 UTC
[2026-05-19 07:54:19] Forecast Rain Available hours: [6, 7, 8, 9, 10, 11, 12, 13, 14, 15, 16, 17, 18, 19, 20, 21, 22, 23, 24, 25, 26, 27, 28, 29]
[2026-05-19 07:54:19] Valid hours for sum: [12, 18, 24, 29]
[2026-05-19 07:54:22] Drought composite end date: 2017-09-07 06:00:00
[2026-05-19 07:54:22] Land cover year: 2016
[2026-05-19 07:54:22] VIIRS Veg composite: 2017-06-18 → 2017-07-04
[2026-05-19 07:54:26] Started export task: fire_167_dynamic_2017-09-12
[2026-05-19 07:54:26] ------ Processing date=2017-09-13 ------
[2026-05-19 07:54:26] Using viirs_af_path: viirs_af_path
[2026-05-19 07:54:26] VIIRS Image Date: ['2017-09-13 00:00:00']
[2026-05-19 07:54:27] Weather image size: 1
[2026-05-19 07:54:27] Forecast duration: 2017-09-14 00:00:00 to 2017-09-15 00:00:00
[2026-05-19 07:54:27] Number of forecast images: 24
[2026-05-19 07:54:27] Using forecast run: 2017-09-13 18:00:00 UTC
[2026-05-19 07:54:28] Forecast Rain Available hours: [6, 7, 8, 9, 10, 11, 12, 13, 14, 15, 16, 17, 18, 19, 20, 21, 22, 23, 24, 25, 26, 27, 28, 29]
[2026-05-19 07:54:28] Valid hours for sum: [12, 18, 24, 29]
[2026-05-19 07:54:29] Drought composite end date: 2017-09-12 06:00:00
[2026-05-19 07:54:29] Land cover year: 2016
[2026-05-19 07:54:30] VIIRS Veg composite: 2017-06-18 → 2017-07-04
[2026-05-19 07:54:33] Started export task: fire_167_dynamic_2017-09-13
[2026-05-19 07:54:34] ------ Processing date=2017-09-14 ------
[2026-05-19 07:54:34] Using viirs_af_path: viirs_af_path
[2026-05-19 07:54:34] VIIRS Image Date: ['2017-09-14 00:00:00']
[2026-05-19 07:54:34] Weather image size: 1
[2026-05-19 07:54:34] Forecast duration: 2017-09-15 00:00:00 to 2017-09-16 00:00:00
[2026-05-19 07:54:35] Number of forecast images: 24
[2026-05-19 07:54:35] Using forecast run: 2017-09-14 18:00:00 UTC
[2026-05-19 07:54:35] Forecast Rain Available hours: [6, 7, 8, 9, 10, 11, 12, 13, 14, 15, 16, 17, 18, 19, 20, 21, 22, 23, 24, 25, 26, 27, 28, 29]
[2026-05-19 07:54:35] Valid hours for sum: [12, 18, 24, 29]
[2026-05-19 07:54:37] Drought composite end date: 2017-09-12 06:00:00
[2026-05-19 07:54:37] Land cover year: 2016
[2026-05-19 07:54:38] VIIRS Veg composite: 2017-06-18 → 2017-07-04
[2026-05-19 07:54:41] Started export task: fire_167_dynamic_2017-09-14
[2026-05-19 07:54:41] ------ Processing date=2017-09-15 ------
[2026-05-19 07:54:41] Using viirs_af_path: viirs_af_path
[2026-05-19 07:54:42] VIIRS Image Date: ['2017-09-15 00:00:00']
[2026-05-19 07:54:42] Weather image size: 1
[2026-05-19 07:54:42] Forecast duration: 2017-09-16 00:00:00 to 2017-09-17 00:00:00
[2026-05-19 07:54:42] Number of forecast images: 24
[2026-05-19 07:54:42] Using forecast run: 2017-09-15 18:00:00 UTC
[2026-05-19 07:54:43] Forecast Rain Available hours: [6, 7, 8, 9, 10, 11, 12, 13, 14, 15, 16, 17, 18, 19, 20, 21, 22, 23, 24, 25, 26, 27, 28, 29]
[2026-05-19 07:54:43] Valid hours for sum: [12, 18, 24, 29]
[2026-05-19 07:54:44] Drought composite end date: 2017-09-12 06:00:00
[2026-05-19 07:54:44] Land cover year: 2016
[2026-05-19 07:54:45] VIIRS Veg composite: 2017-06-18 → 2017-07-04
[2026-05-19 07:54:48] Started export task: fire_167_dynamic_2017-09-15
[2026-05-19 07:54:49] ------ Processing date=2017-09-16 ------
[2026-05-19 07:54:49] Using viirs_af_path: viirs_af_path
[2026-05-19 07:54:49] VIIRS Image Date: ['2017-09-16 00:00:00']
[2026-05-19 07:54:49] Weather image size: 1
[2026-05-19 07:54:49] Forecast duration: 2017-09-17 00:00:00 to 2017-09-18 00:00:00
[2026-05-19 07:54:50] Number of forecast images: 24
[2026-05-19 07:54:50] Using forecast run: 2017-09-16 18:00:00 UTC
[2026-05-19 07:54:51] Forecast Rain Available hours: [6, 7, 8, 9, 10, 11, 12, 13, 14, 15, 16, 17, 18, 19, 20, 21, 22, 23, 24, 25, 26, 27, 28, 29]
[2026-05-19 07:54:51] Valid hours for sum: [12, 18, 24, 29]
[2026-05-19 07:54:53] Drought composite end date: 2017-09-12 06:00:00
[2026-05-19 07:54:53] Land cover year: 2016
[2026-05-19 07:54:54] VIIRS Veg composite: 2017-06-18 → 2017-07-04
[2026-05-19 07:54:57] Started export task: fire_167_dynamic_2017-09-16
[2026-05-19 07:54:57] ------ Processing date=2017-09-17 ------
[2026-05-19 07:54:57] Using viirs_af_path: viirs_af_path
[2026-05-19 07:54:57] VIIRS Image Date: ['2017-09-17 00:00:00']
[2026-05-19 07:54:58] Weather image size: 1
[2026-05-19 07:54:58] Forecast duration: 2017-09-18 00:00:00 to 2017-09-19 00:00:00
[2026-05-19 07:54:59] Number of forecast images: 24
[2026-05-19 07:54:59] Using forecast run: 2017-09-17 18:00:00 UTC
[2026-05-19 07:54:59] Forecast Rain Available hours: [6, 7, 8, 9, 10, 11, 12, 13, 14, 15, 16, 17, 18, 19, 20, 21, 22, 23, 24, 25, 26, 27, 28, 29]
[2026-05-19 07:54:59] Valid hours for sum: [12, 18, 24, 29]
[2026-05-19 07:55:01] Drought composite end date: 2017-09-12 06:00:00
[2026-05-19 07:55:01] Land cover year: 2016
[2026-05-19 07:55:02] VIIRS Veg composite: 2017-06-18 → 2017-07-04
[2026-05-19 07:55:05] Started export task: fire_167_dynamic_2017-09-17
[2026-05-19 07:55:05] ------ Processing date=2017-09-18 ------
[2026-05-19 07:55:05] Using viirs_af_path: viirs_af_path
[2026-05-19 07:55:05] VIIRS Image Date: ['2017-09-18 00:00:00']
[2026-05-19 07:55:06] Weather image size: 1
[2026-05-19 07:55:06] Forecast duration: 2017-09-19 00:00:00 to 2017-09-20 00:00:00
[2026-05-19 07:55:06] Number of forecast images: 24
[2026-05-19 07:55:06] Using forecast run: 2017-09-18 18:00:00 UTC
[2026-05-19 07:55:07] Forecast Rain Available hours: [6, 7, 8, 9, 10, 11, 12, 13, 14, 15, 16, 17, 18, 19, 20, 21, 22, 23, 24, 25, 26, 27, 28, 29]
[2026-05-19 07:55:07] Valid hours for sum: [12, 18, 24, 29]
[2026-05-19 07:55:08] Drought composite end date: 2017-09-17 06:00:00
[2026-05-19 07:55:08] Land cover year: 2016
[2026-05-19 07:55:09] VIIRS Veg composite: 2017-06-18 → 2017-07-04
[2026-05-19 07:55:12] Started export task: fire_167_dynamic_2017-09-18
[2026-05-19 07:55:12] ------ Processing date=2017-09-19 ------
[2026-05-19 07:55:12] Using viirs_af_path: viirs_af_path
[2026-05-19 07:55:13] VIIRS Image Date: ['2017-09-19 00:00:00']
[2026-05-19 07:55:13] Weather image size: 1
[2026-05-19 07:55:13] Forecast duration: 2017-09-20 00:00:00 to 2017-09-21 00:00:00
[2026-05-19 07:55:13] Number of forecast images: 24
[2026-05-19 07:55:13] Using forecast run: 2017-09-19 18:00:00 UTC
[2026-05-19 07:55:14] Forecast Rain Available hours: [6, 7, 8, 9, 10, 11, 12, 13, 14, 15, 16, 17, 18, 19, 20, 21, 22, 23, 24, 25, 26, 27, 28, 29]
[2026-05-19 07:55:14] Valid hours for sum: [12, 18, 24, 29]
[2026-05-19 07:55:16] Drought composite end date: 2017-09-17 06:00:00
[2026-05-19 07:55:16] Land cover year: 2016
[2026-05-19 07:55:17] VIIRS Veg composite: 2017-06-18 → 2017-07-04
[2026-05-19 07:55:22] Started export task: fire_167_dynamic_2017-09-19
[2026-05-19 07:55:22] END: ----------Event fire_167----------- (Duration: 11.39m)
[2026-05-19 07:55:22] ========= Run finished. ========= 

[2026-05-19 07:55:22] Success count: 1
[2026-05-19 07:55:22] Failure count: 0
[2026-05-19 07:55:22] END: Dataset Creation Run (Duration: 11.44m)