[2026-05-19 07:39:48] START: Dataset Creation Run
[2026-05-19 07:39:48] Loading config from /Users/rabinatwayana/2_CDE_MT/CL/CDE_Master_Thesis_Wildfire_CL/dataset_creation/output_events_yaml/manual_selected_events_2016.yaml
[2026-05-19 07:39:48] Using key file: key/gcloud_key.json
[2026-05-19 07:39:48] Using service account: None
[2026-05-19 07:39:48] Using VIIRS AF asset path: projects/wsts-dataset-creation/assets/viirs_snpp_fire_archive_jun2016_apr2026
[2026-05-19 07:39:48] START: Earth Engine Initialization
[2026-05-19 07:39:50] VIIRS AF asset accessible: projects/wsts-dataset-creation/assets/viirs_snpp_fire_archive_jun2016_apr2026
[2026-05-19 07:39:50] END: Earth Engine Initialization (Duration: 1.84s)
[2026-05-19 07:39:50] Total fire events to process: 1
[2026-05-19 07:39:50] =======Config=============
[2026-05-19 07:39:50] output_bucket: wsts_dataset
[2026-05-19 07:39:50] global_degree_bbox_size: 1.0
[2026-05-19 07:39:50] year: 2016
[2026-05-19 07:39:50] export_crs: EPSG:5070
[2026-05-19 07:39:50] export_resolution: 375
[2026-05-19 07:39:50] pre_buffer_days: 8
[2026-05-19 07:39:50] post_buffer_days: 2
[2026-05-19 07:39:50] START: ----------Event fire_209-----------
[2026-05-19 07:39:50] ------ Processing date=2016-08-13 ------
[2026-05-19 07:39:50] Using viirs_af_path: viirs_af_path
[2026-05-19 07:39:50] VIIRS Image Date: ['2016-08-13 00:00:00']
[2026-05-19 07:39:50] Weather image size: 1
[2026-05-19 07:39:50] Forecast duration: 2016-08-14 00:00:00 to 2016-08-15 00:00:00
[2026-05-19 07:39:52] Number of forecast images: 24
[2026-05-19 07:39:52] Using forecast run: 2016-08-13 18:00:00 UTC
[2026-05-19 07:39:52] Forecast Rain Available hours: [6, 7, 8, 9, 10, 11, 12, 13, 14, 15, 16, 17, 18, 19, 20, 21, 22, 23, 24, 25, 26, 27, 28, 29]
[2026-05-19 07:39:52] Valid hours for sum: [12, 18, 24, 29]
[2026-05-19 07:39:54] Drought composite end date: 2016-08-12 06:00:00
[2026-05-19 07:39:54] Land cover year: 2015
[2026-05-19 07:39:55] VIIRS Veg composite: 2016-08-04 → 2016-08-20
[2026-05-19 07:39:58] Started export task: fire_209_static
[2026-05-19 07:39:59] Started export task: fire_209_dynamic_2016-08-13
[2026-05-19 07:39:59] ------ Processing date=2016-08-14 ------
[2026-05-19 07:39:59] Using viirs_af_path: viirs_af_path
[2026-05-19 07:40:00] VIIRS Image Date: ['2016-08-14 00:00:00']
[2026-05-19 07:40:00] Weather image size: 1
[2026-05-19 07:40:00] Forecast duration: 2016-08-15 00:00:00 to 2016-08-16 00:00:00
[2026-05-19 07:40:01] Number of forecast images: 24
[2026-05-19 07:40:01] Using forecast run: 2016-08-14 18:00:00 UTC
[2026-05-19 07:40:01] Forecast Rain Available hours: [6, 7, 8, 9, 10, 11, 12, 13, 14, 15, 16, 17, 18, 19, 20, 21, 22, 23, 24, 25, 26, 27, 28, 29]
[2026-05-19 07:40:01] Valid hours for sum: [12, 18, 24, 29]
[2026-05-19 07:40:03] Drought composite end date: 2016-08-12 06:00:00
[2026-05-19 07:40:03] Land cover year: 2015
[2026-05-19 07:40:05] VIIRS Veg composite: 2016-08-04 → 2016-08-20
[2026-05-19 07:40:07] Started export task: fire_209_dynamic_2016-08-14
[2026-05-19 07:40:08] ------ Processing date=2016-08-15 ------
[2026-05-19 07:40:08] Using viirs_af_path: viirs_af_path
[2026-05-19 07:40:09] VIIRS Image Date: ['2016-08-15 00:00:00']
[2026-05-19 07:40:09] Weather image size: 1
[2026-05-19 07:40:09] Forecast duration: 2016-08-16 00:00:00 to 2016-08-17 00:00:00
[2026-05-19 07:40:11] Number of forecast images: 24
[2026-05-19 07:40:11] Using forecast run: 2016-08-15 18:00:00 UTC
[2026-05-19 07:40:11] Forecast Rain Available hours: [6, 7, 8, 9, 10, 11, 12, 13, 14, 15, 16, 17, 18, 19, 20, 21, 22, 23, 24, 25, 26, 27, 28, 29]
[2026-05-19 07:40:11] Valid hours for sum: [12, 18, 24, 29]
[2026-05-19 07:40:13] Drought composite end date: 2016-08-12 06:00:00
[2026-05-19 07:40:13] Land cover year: 2015
[2026-05-19 07:40:14] VIIRS Veg composite: 2016-08-04 → 2016-08-20
[2026-05-19 07:40:16] Started export task: fire_209_dynamic_2016-08-15
[2026-05-19 07:40:17] ------ Processing date=2016-08-16 ------
[2026-05-19 07:40:17] Using viirs_af_path: viirs_af_path
[2026-05-19 07:40:18] VIIRS Image Date: ['2016-08-16 00:00:00']
[2026-05-19 07:40:18] Weather image size: 1
[2026-05-19 07:40:18] Forecast duration: 2016-08-17 00:00:00 to 2016-08-18 00:00:00
[2026-05-19 07:40:21] Number of forecast images: 24
[2026-05-19 07:40:21] Using forecast run: 2016-08-16 18:00:00 UTC
[2026-05-19 07:40:22] Forecast Rain Available hours: [6, 7, 8, 9, 10, 11, 12, 13, 14, 15, 16, 17, 18, 19, 20, 21, 22, 23, 24, 25, 26, 27, 28, 29]
[2026-05-19 07:40:22] Valid hours for sum: [12, 18, 24, 29]
[2026-05-19 07:40:24] Drought composite end date: 2016-08-12 06:00:00
[2026-05-19 07:40:24] Land cover year: 2015
[2026-05-19 07:40:25] VIIRS Veg composite: 2016-08-04 → 2016-08-20
[2026-05-19 07:40:27] Started export task: fire_209_dynamic_2016-08-16
[2026-05-19 07:40:28] ------ Processing date=2016-08-17 ------
[2026-05-19 07:40:28] Using viirs_af_path: viirs_af_path
[2026-05-19 07:40:28] VIIRS Image Date: ['2016-08-17 00:00:00']
[2026-05-19 07:40:28] Weather image size: 1
[2026-05-19 07:40:28] Forecast duration: 2016-08-18 00:00:00 to 2016-08-19 00:00:00
[2026-05-19 07:40:29] Number of forecast images: 24
[2026-05-19 07:40:29] Using forecast run: 2016-08-17 18:00:00 UTC
[2026-05-19 07:40:29] Forecast Rain Available hours: [6, 7, 8, 9, 10, 11, 12, 13, 14, 15, 16, 17, 18, 19, 20, 21, 22, 23, 24, 25, 26, 27, 28, 29]
[2026-05-19 07:40:29] Valid hours for sum: [12, 18, 24, 29]
[2026-05-19 07:40:31] Drought composite end date: 2016-08-12 06:00:00
[2026-05-19 07:40:31] Land cover year: 2015
[2026-05-19 07:40:32] VIIRS Veg composite: 2016-08-04 → 2016-08-20
[2026-05-19 07:40:35] Started export task: fire_209_dynamic_2016-08-17
[2026-05-19 07:40:35] ------ Processing date=2016-08-18 ------
[2026-05-19 07:40:35] Using viirs_af_path: viirs_af_path
[2026-05-19 07:40:36] VIIRS Image Date: ['2016-08-18 00:00:00']
[2026-05-19 07:40:36] Weather image size: 1
[2026-05-19 07:40:36] Forecast duration: 2016-08-19 00:00:00 to 2016-08-20 00:00:00
[2026-05-19 07:40:37] Number of forecast images: 24
[2026-05-19 07:40:37] Using forecast run: 2016-08-18 18:00:00 UTC
[2026-05-19 07:40:37] Forecast Rain Available hours: [6, 7, 8, 9, 10, 11, 12, 13, 14, 15, 16, 17, 18, 19, 20, 21, 22, 23, 24, 25, 26, 27, 28, 29]
[2026-05-19 07:40:37] Valid hours for sum: [12, 18, 24, 29]
[2026-05-19 07:40:39] Drought composite end date: 2016-08-17 06:00:00
[2026-05-19 07:40:40] Land cover year: 2015
[2026-05-19 07:40:40] VIIRS Veg composite: 2016-08-04 → 2016-08-20
[2026-05-19 07:40:42] Started export task: fire_209_dynamic_2016-08-18
[2026-05-19 07:40:43] ------ Processing date=2016-08-19 ------
[2026-05-19 07:40:43] Using viirs_af_path: viirs_af_path
[2026-05-19 07:40:43] VIIRS Image Date: ['2016-08-19 00:00:00']
[2026-05-19 07:40:44] Weather image size: 1
[2026-05-19 07:40:44] Forecast duration: 2016-08-20 00:00:00 to 2016-08-21 00:00:00
[2026-05-19 07:40:45] Number of forecast images: 24
[2026-05-19 07:40:45] Using forecast run: 2016-08-19 18:00:00 UTC
[2026-05-19 07:40:45] Forecast Rain Available hours: [6, 7, 8, 9, 10, 11, 12, 13, 14, 15, 16, 17, 18, 19, 20, 21, 22, 23, 24, 25, 26, 27, 28, 29]
[2026-05-19 07:40:45] Valid hours for sum: [12, 18, 24, 29]
[2026-05-19 07:40:47] Drought composite end date: 2016-08-17 06:00:00
[2026-05-19 07:40:47] Land cover year: 2015
[2026-05-19 07:40:48] VIIRS Veg composite: 2016-08-04 → 2016-08-20
[2026-05-19 07:40:52] Started export task: fire_209_dynamic_2016-08-19
[2026-05-19 07:40:52] ------ Processing date=2016-08-20 ------
[2026-05-19 07:40:52] Using viirs_af_path: viirs_af_path
[2026-05-19 07:40:53] VIIRS Image Date: ['2016-08-20 00:00:00']
[2026-05-19 07:40:53] Weather image size: 1
[2026-05-19 07:40:53] Forecast duration: 2016-08-21 00:00:00 to 2016-08-22 00:00:00
[2026-05-19 07:40:54] Number of forecast images: 24
[2026-05-19 07:40:54] Using forecast run: 2016-08-20 18:00:00 UTC
[2026-05-19 07:40:54] Forecast Rain Available hours: [6, 7, 8, 9, 10, 11, 12, 13, 14, 15, 16, 17, 18, 19, 20, 21, 22, 23, 24, 25, 26, 27, 28, 29]
[2026-05-19 07:40:54] Valid hours for sum: [12, 18, 24, 29]
[2026-05-19 07:40:57] Drought composite end date: 2016-08-17 06:00:00
[2026-05-19 07:40:57] Land cover year: 2015
[2026-05-19 07:40:58] VIIRS Veg composite: 2016-08-04 → 2016-08-20
[2026-05-19 07:41:01] Started export task: fire_209_dynamic_2016-08-20
[2026-05-19 07:41:02] ------ Processing date=2016-08-21 ------
[2026-05-19 07:41:02] Using viirs_af_path: viirs_af_path
[2026-05-19 07:41:02] VIIRS Image Date: ['2016-08-21 00:00:00']
[2026-05-19 07:41:02] Weather image size: 1
[2026-05-19 07:41:02] Forecast duration: 2016-08-22 00:00:00 to 2016-08-23 00:00:00
[2026-05-19 07:41:03] Number of forecast images: 24
[2026-05-19 07:41:03] Using forecast run: 2016-08-21 18:00:00 UTC
[2026-05-19 07:41:04] Forecast Rain Available hours: [6, 7, 8, 9, 10, 11, 12, 13, 14, 15, 16, 17, 18, 19, 20, 21, 22, 23, 24, 25, 26, 27, 28, 29]
[2026-05-19 07:41:04] Valid hours for sum: [12, 18, 24, 29]
[2026-05-19 07:41:06] Drought composite end date: 2016-08-17 06:00:00
[2026-05-19 07:41:07] Land cover year: 2015
[2026-05-19 07:41:07] VIIRS Veg composite: 2016-08-04 → 2016-08-20
[2026-05-19 07:41:10] Started export task: fire_209_dynamic_2016-08-21
[2026-05-19 07:41:11] ------ Processing date=2016-08-22 ------
[2026-05-19 07:41:11] Using viirs_af_path: viirs_af_path
[2026-05-19 07:41:11] VIIRS Image Date: ['2016-08-22 00:00:00']
[2026-05-19 07:41:11] Weather image size: 1
[2026-05-19 07:41:11] Forecast duration: 2016-08-23 00:00:00 to 2016-08-24 00:00:00
[2026-05-19 07:41:12] Number of forecast images: 24
[2026-05-19 07:41:12] Using forecast run: 2016-08-22 18:00:00 UTC
[2026-05-19 07:41:13] Forecast Rain Available hours: [6, 7, 8, 9, 10, 11, 12, 13, 14, 15, 16, 17, 18, 19, 20, 21, 22, 23, 24, 25, 26, 27, 28, 29]
[2026-05-19 07:41:13] Valid hours for sum: [12, 18, 24, 29]
[2026-05-19 07:41:15] Drought composite end date: 2016-08-17 06:00:00
[2026-05-19 07:41:15] Land cover year: 2015
[2026-05-19 07:41:16] VIIRS Veg composite: 2016-08-04 → 2016-08-20
[2026-05-19 07:41:20] Started export task: fire_209_dynamic_2016-08-22
[2026-05-19 07:41:20] ------ Processing date=2016-08-23 ------
[2026-05-19 07:41:20] Using viirs_af_path: viirs_af_path
[2026-05-19 07:41:21] VIIRS Image Date: ['2016-08-23 00:00:00']
[2026-05-19 07:41:21] Weather image size: 1
[2026-05-19 07:41:21] Forecast duration: 2016-08-24 00:00:00 to 2016-08-25 00:00:00
[2026-05-19 07:41:22] Number of forecast images: 24
[2026-05-19 07:41:22] Using forecast run: 2016-08-23 18:00:00 UTC
[2026-05-19 07:41:22] Forecast Rain Available hours: [6, 7, 8, 9, 10, 11, 12, 13, 14, 15, 16, 17, 18, 19, 20, 21, 22, 23, 24, 25, 26, 27, 28, 29]
[2026-05-19 07:41:22] Valid hours for sum: [12, 18, 24, 29]
[2026-05-19 07:41:25] Drought composite end date: 2016-08-22 06:00:00
[2026-05-19 07:41:25] Land cover year: 2015
[2026-05-19 07:41:26] VIIRS Veg composite: 2016-08-04 → 2016-08-20
[2026-05-19 07:41:29] Started export task: fire_209_dynamic_2016-08-23
[2026-05-19 07:41:30] ------ Processing date=2016-08-24 ------
[2026-05-19 07:41:30] Using viirs_af_path: viirs_af_path
[2026-05-19 07:41:30] VIIRS Image Date: ['2016-08-24 00:00:00']
[2026-05-19 07:41:30] Weather image size: 1
[2026-05-19 07:41:30] Forecast duration: 2016-08-25 00:00:00 to 2016-08-26 00:00:00
[2026-05-19 07:41:31] Number of forecast images: 24
[2026-05-19 07:41:31] Using forecast run: 2016-08-24 18:00:00 UTC
[2026-05-19 07:41:31] Forecast Rain Available hours: [6, 7, 8, 9, 10, 11, 12, 13, 14, 15, 16, 17, 18, 19, 20, 21, 22, 23, 24, 25, 26, 27, 28, 29]
[2026-05-19 07:41:31] Valid hours for sum: [12, 18, 24, 29]
[2026-05-19 07:41:33] Drought composite end date: 2016-08-22 06:00:00
[2026-05-19 07:41:33] Land cover year: 2015
[2026-05-19 07:41:34] VIIRS Veg composite: 2016-08-04 → 2016-08-20
[2026-05-19 07:41:38] Started export task: fire_209_dynamic_2016-08-24
[2026-05-19 07:41:39] ------ Processing date=2016-08-25 ------
[2026-05-19 07:41:39] Using viirs_af_path: viirs_af_path
[2026-05-19 07:41:39] VIIRS Image Date: ['2016-08-25 00:00:00']
[2026-05-19 07:41:39] Weather image size: 1
[2026-05-19 07:41:39] Forecast duration: 2016-08-26 00:00:00 to 2016-08-27 00:00:00
[2026-05-19 07:41:40] Number of forecast images: 24
[2026-05-19 07:41:40] Using forecast run: 2016-08-25 18:00:00 UTC
[2026-05-19 07:41:41] Forecast Rain Available hours: [6, 7, 8, 9, 10, 11, 12, 13, 14, 15, 16, 17, 18, 19, 20, 21, 22, 23, 24, 25, 26, 27, 28, 29]
[2026-05-19 07:41:41] Valid hours for sum: [12, 18, 24, 29]
[2026-05-19 07:41:43] Drought composite end date: 2016-08-22 06:00:00
[2026-05-19 07:41:43] Land cover year: 2015
[2026-05-19 07:41:44] VIIRS Veg composite: 2016-08-04 → 2016-08-20
[2026-05-19 07:41:46] Started export task: fire_209_dynamic_2016-08-25
[2026-05-19 07:41:47] ------ Processing date=2016-08-26 ------
[2026-05-19 07:41:47] Using viirs_af_path: viirs_af_path
[2026-05-19 07:41:47] VIIRS Image Date: ['2016-08-26 00:00:00']
[2026-05-19 07:41:47] Weather image size: 1
[2026-05-19 07:41:47] Forecast duration: 2016-08-27 00:00:00 to 2016-08-28 00:00:00
[2026-05-19 07:41:48] Number of forecast images: 24
[2026-05-19 07:41:48] Using forecast run: 2016-08-26 18:00:00 UTC
[2026-05-19 07:41:49] Forecast Rain Available hours: [6, 7, 8, 9, 10, 11, 12, 13, 14, 15, 16, 17, 18, 19, 20, 21, 22, 23, 24, 25, 26, 27, 28, 29]
[2026-05-19 07:41:49] Valid hours for sum: [12, 18, 24, 29]
[2026-05-19 07:41:50] Drought composite end date: 2016-08-22 06:00:00
[2026-05-19 07:41:50] Land cover year: 2015
[2026-05-19 07:41:51] VIIRS Veg composite: 2016-08-04 → 2016-08-20
[2026-05-19 07:41:54] Started export task: fire_209_dynamic_2016-08-26
[2026-05-19 07:41:55] ------ Processing date=2016-08-27 ------
[2026-05-19 07:41:55] Using viirs_af_path: viirs_af_path
[2026-05-19 07:41:55] VIIRS Image Date: ['2016-08-27 00:00:00']
[2026-05-19 07:41:55] Weather image size: 1
[2026-05-19 07:41:55] Forecast duration: 2016-08-28 00:00:00 to 2016-08-29 00:00:00
[2026-05-19 07:41:56] Number of forecast images: 24
[2026-05-19 07:41:56] Using forecast run: 2016-08-27 18:00:00 UTC
[2026-05-19 07:41:56] Forecast Rain Available hours: [6, 7, 8, 9, 10, 11, 12, 13, 14, 15, 16, 17, 18, 19, 20, 21, 22, 23, 24, 25, 26, 27, 28, 29]
[2026-05-19 07:41:56] Valid hours for sum: [12, 18, 24, 29]
[2026-05-19 07:41:58] Drought composite end date: 2016-08-22 06:00:00
[2026-05-19 07:41:58] Land cover year: 2015
[2026-05-19 07:42:00] VIIRS Veg composite: 2016-08-04 → 2016-08-20
[2026-05-19 07:42:03] Started export task: fire_209_dynamic_2016-08-27
[2026-05-19 07:42:03] ------ Processing date=2016-08-28 ------
[2026-05-19 07:42:03] Using viirs_af_path: viirs_af_path
[2026-05-19 07:42:04] VIIRS Image Date: ['2016-08-28 00:00:00']
[2026-05-19 07:42:04] Weather image size: 1
[2026-05-19 07:42:04] Forecast duration: 2016-08-29 00:00:00 to 2016-08-30 00:00:00
[2026-05-19 07:42:05] Number of forecast images: 24
[2026-05-19 07:42:05] Using forecast run: 2016-08-28 18:00:00 UTC
[2026-05-19 07:42:06] Forecast Rain Available hours: [6, 7, 8, 9, 10, 11, 12, 13, 14, 15, 16, 17, 18, 19, 20, 21, 22, 23, 24, 25, 26, 27, 28, 29]
[2026-05-19 07:42:06] Valid hours for sum: [12, 18, 24, 29]
[2026-05-19 07:42:08] Drought composite end date: 2016-08-27 06:00:00
[2026-05-19 07:42:08] Land cover year: 2015
[2026-05-19 07:42:09] VIIRS Veg composite: 2016-08-04 → 2016-08-20
[2026-05-19 07:42:13] Started export task: fire_209_dynamic_2016-08-28
[2026-05-19 07:42:13] ------ Processing date=2016-08-29 ------
[2026-05-19 07:42:13] Using viirs_af_path: viirs_af_path
[2026-05-19 07:42:13] VIIRS Image Date: ['2016-08-29 00:00:00']
[2026-05-19 07:42:13] Weather image size: 1
[2026-05-19 07:42:13] Forecast duration: 2016-08-30 00:00:00 to 2016-08-31 00:00:00
[2026-05-19 07:42:15] Number of forecast images: 24
[2026-05-19 07:42:15] Using forecast run: 2016-08-29 18:00:00 UTC
[2026-05-19 07:42:15] Forecast Rain Available hours: [6, 7, 8, 9, 10, 11, 12, 13, 14, 15, 16, 17, 18, 19, 20, 21, 22, 23, 24, 25, 26, 27, 28, 29]
[2026-05-19 07:42:15] Valid hours for sum: [12, 18, 24, 29]
[2026-05-19 07:42:17] Drought composite end date: 2016-08-27 06:00:00
[2026-05-19 07:42:17] Land cover year: 2015
[2026-05-19 07:42:18] VIIRS Veg composite: 2016-08-04 → 2016-08-20
[2026-05-19 07:42:21] Started export task: fire_209_dynamic_2016-08-29
[2026-05-19 07:42:21] ------ Processing date=2016-08-30 ------
[2026-05-19 07:42:21] Using viirs_af_path: viirs_af_path
[2026-05-19 07:42:22] VIIRS Image Date: ['2016-08-30 00:00:00']
[2026-05-19 07:42:22] Weather image size: 1
[2026-05-19 07:42:22] Forecast duration: 2016-08-31 00:00:00 to 2016-09-01 00:00:00
[2026-05-19 07:42:23] Number of forecast images: 24
[2026-05-19 07:42:23] Using forecast run: 2016-08-30 18:00:00 UTC
[2026-05-19 07:42:23] Forecast Rain Available hours: [6, 7, 8, 9, 10, 11, 12, 13, 14, 15, 16, 17, 18, 19, 20, 21, 22, 23, 24, 25, 26, 27, 28, 29]
[2026-05-19 07:42:23] Valid hours for sum: [12, 18, 24, 29]
[2026-05-19 07:42:26] Drought composite end date: 2016-08-27 06:00:00
[2026-05-19 07:42:26] Land cover year: 2015
[2026-05-19 07:42:28] VIIRS Veg composite: 2016-08-04 → 2016-08-20
[2026-05-19 07:42:31] Started export task: fire_209_dynamic_2016-08-30
[2026-05-19 07:42:31] ------ Processing date=2016-08-31 ------
[2026-05-19 07:42:31] Using viirs_af_path: viirs_af_path
[2026-05-19 07:42:31] VIIRS Image Date: ['2016-08-31 00:00:00']
[2026-05-19 07:42:32] Weather image size: 1
[2026-05-19 07:42:32] Forecast duration: 2016-09-01 00:00:00 to 2016-09-02 00:00:00
[2026-05-19 07:42:32] Number of forecast images: 24
[2026-05-19 07:42:32] Using forecast run: 2016-08-31 18:00:00 UTC
[2026-05-19 07:42:33] Forecast Rain Available hours: [6, 7, 8, 9, 10, 11, 12, 13, 14, 15, 16, 17, 18, 19, 20, 21, 22, 23, 24, 25, 26, 27, 28, 29]
[2026-05-19 07:42:33] Valid hours for sum: [12, 18, 24, 29]
[2026-05-19 07:42:34] Drought composite end date: 2016-08-27 06:00:00
[2026-05-19 07:42:35] Land cover year: 2015
[2026-05-19 07:42:36] VIIRS Veg composite: 2016-08-04 → 2016-08-20
[2026-05-19 07:42:38] Started export task: fire_209_dynamic_2016-08-31
[2026-05-19 07:42:38] ------ Processing date=2016-09-01 ------
[2026-05-19 07:42:38] Using viirs_af_path: viirs_af_path
[2026-05-19 07:42:39] VIIRS Image Date: ['2016-09-01 00:00:00']
[2026-05-19 07:42:39] Weather image size: 1
[2026-05-19 07:42:39] Forecast duration: 2016-09-02 00:00:00 to 2016-09-03 00:00:00
[2026-05-19 07:42:40] Number of forecast images: 24
[2026-05-19 07:42:40] Using forecast run: 2016-09-01 18:00:00 UTC
[2026-05-19 07:42:41] Forecast Rain Available hours: [6, 7, 8, 9, 10, 11, 12, 13, 14, 15, 16, 17, 18, 19, 20, 21, 22, 23, 24, 25, 26, 27, 28, 29]
[2026-05-19 07:42:41] Valid hours for sum: [12, 18, 24, 29]
[2026-05-19 07:42:42] Drought composite end date: 2016-08-27 06:00:00
[2026-05-19 07:42:42] Land cover year: 2015
[2026-05-19 07:42:43] VIIRS Veg composite: 2016-08-04 → 2016-08-20
[2026-05-19 07:42:46] Started export task: fire_209_dynamic_2016-09-01
[2026-05-19 07:42:46] ------ Processing date=2016-09-02 ------
[2026-05-19 07:42:46] Using viirs_af_path: viirs_af_path
[2026-05-19 07:42:47] VIIRS Image Date: ['2016-09-02 00:00:00']
[2026-05-19 07:42:47] Weather image size: 1
[2026-05-19 07:42:47] Forecast duration: 2016-09-03 00:00:00 to 2016-09-04 00:00:00
[2026-05-19 07:42:48] Number of forecast images: 24
[2026-05-19 07:42:48] Using forecast run: 2016-09-02 18:00:00 UTC
[2026-05-19 07:42:48] Forecast Rain Available hours: [6, 7, 8, 9, 10, 11, 12, 13, 14, 15, 16, 17, 18, 19, 20, 21, 22, 23, 24, 25, 26, 27, 28, 29]
[2026-05-19 07:42:48] Valid hours for sum: [12, 18, 24, 29]
[2026-05-19 07:42:50] Drought composite end date: 2016-09-01 06:00:00
[2026-05-19 07:42:50] Land cover year: 2015
[2026-05-19 07:42:51] VIIRS Veg composite: 2016-08-04 → 2016-08-20
[2026-05-19 07:42:54] Started export task: fire_209_dynamic_2016-09-02
[2026-05-19 07:42:55] ------ Processing date=2016-09-03 ------
[2026-05-19 07:42:55] Using viirs_af_path: viirs_af_path
[2026-05-19 07:42:55] VIIRS Image Date: ['2016-09-03 00:00:00']
[2026-05-19 07:42:55] Weather image size: 1
[2026-05-19 07:42:55] Forecast duration: 2016-09-04 00:00:00 to 2016-09-05 00:00:00
[2026-05-19 07:42:56] Number of forecast images: 24
[2026-05-19 07:42:56] Using forecast run: 2016-09-03 18:00:00 UTC
[2026-05-19 07:42:57] Forecast Rain Available hours: [6, 7, 8, 9, 10, 11, 12, 13, 14, 15, 16, 17, 18, 19, 20, 21, 22, 23, 24, 25, 26, 27, 28, 29]
[2026-05-19 07:42:57] Valid hours for sum: [12, 18, 24, 29]
[2026-05-19 07:42:58] Drought composite end date: 2016-09-01 06:00:00
[2026-05-19 07:42:58] Land cover year: 2015
[2026-05-19 07:42:59] VIIRS Veg composite: 2016-08-04 → 2016-08-20
[2026-05-19 07:43:02] Started export task: fire_209_dynamic_2016-09-03
[2026-05-19 07:43:02] ------ Processing date=2016-09-04 ------
[2026-05-19 07:43:02] Using viirs_af_path: viirs_af_path
[2026-05-19 07:43:02] VIIRS Image Date: ['2016-09-04 00:00:00']
[2026-05-19 07:43:02] Weather image size: 1
[2026-05-19 07:43:02] Forecast duration: 2016-09-05 00:00:00 to 2016-09-06 00:00:00
[2026-05-19 07:43:03] Number of forecast images: 24
[2026-05-19 07:43:03] Using forecast run: 2016-09-04 18:00:00 UTC
[2026-05-19 07:43:04] Forecast Rain Available hours: [6, 7, 8, 9, 10, 11, 12, 13, 14, 15, 16, 17, 18, 19, 20, 21, 22, 23, 24, 25, 26, 27, 28, 29]
[2026-05-19 07:43:04] Valid hours for sum: [12, 18, 24, 29]
[2026-05-19 07:43:06] Drought composite end date: 2016-09-01 06:00:00
[2026-05-19 07:43:06] Land cover year: 2015
[2026-05-19 07:43:07] VIIRS Veg composite: 2016-08-04 → 2016-08-20
[2026-05-19 07:43:10] Started export task: fire_209_dynamic_2016-09-04
[2026-05-19 07:43:10] END: ----------Event fire_209----------- (Duration: 3.34m)
[2026-05-19 07:43:10] ========= Run finished. ========= 

[2026-05-19 07:43:10] Success count: 1
[2026-05-19 07:43:10] Failure count: 0
[2026-05-19 07:43:10] END: Dataset Creation Run (Duration: 3.37m)