[2026-05-19 08:18:57] START: Dataset Creation Run
[2026-05-19 08:18:57] Loading config from /Users/rabinatwayana/2_CDE_MT/CL/CDE_Master_Thesis_Wildfire_CL/dataset_creation/output_events_yaml/manual_selected_events_2018.yaml
[2026-05-19 08:18:57] Using key file: key/gcloud_key.json
[2026-05-19 08:18:57] Using service account: None
[2026-05-19 08:18:57] Using VIIRS AF asset path: projects/wsts-dataset-creation/assets/viirs_snpp_fire_archive_jun2016_apr2026
[2026-05-19 08:18:57] START: Earth Engine Initialization
[2026-05-19 08:18:58] VIIRS AF asset accessible: projects/wsts-dataset-creation/assets/viirs_snpp_fire_archive_jun2016_apr2026
[2026-05-19 08:18:58] END: Earth Engine Initialization (Duration: 1.76s)
[2026-05-19 08:18:58] Total fire events to process: 1
[2026-05-19 08:18:58] =======Config=============
[2026-05-19 08:18:58] output_bucket: wsts_dataset
[2026-05-19 08:18:58] global_degree_bbox_size: 1.0
[2026-05-19 08:18:58] year: 2018
[2026-05-19 08:18:58] export_crs: EPSG:5070
[2026-05-19 08:18:58] export_resolution: 375
[2026-05-19 08:18:58] pre_buffer_days: 8
[2026-05-19 08:18:58] post_buffer_days: 2
[2026-05-19 08:18:58] START: ----------Event fire_211-----------
[2026-05-19 08:18:59] ------ Processing date=2018-07-21 ------
[2026-05-19 08:18:59] Using viirs_af_path: viirs_af_path
[2026-05-19 08:19:00] VIIRS Image Date: ['2018-07-21 00:00:00']
[2026-05-19 08:19:01] Weather image size: 1
[2026-05-19 08:19:01] Forecast duration: 2018-07-22 00:00:00 to 2018-07-23 00:00:00
[2026-05-19 08:19:01] Number of forecast images: 24
[2026-05-19 08:19:01] Using forecast run: 2018-07-21 18:00:00 UTC
[2026-05-19 08:19:02] Forecast Rain Available hours: [6, 7, 8, 9, 10, 11, 12, 13, 14, 15, 16, 17, 18, 19, 20, 21, 22, 23, 24, 25, 26, 27, 28, 29]
[2026-05-19 08:19:02] Valid hours for sum: [12, 18, 24, 29]
[2026-05-19 08:19:04] Drought composite end date: 2018-07-19 06:00:00
[2026-05-19 08:19:04] Land cover year: 2017
[2026-05-19 08:19:05] VIIRS Veg composite: 2018-07-12 → 2018-07-28
[2026-05-19 08:19:10] Started export task: fire_211_static
[2026-05-19 08:19:10] Started export task: fire_211_dynamic_2018-07-21
[2026-05-19 08:19:10] ------ Processing date=2018-07-22 ------
[2026-05-19 08:19:10] Using viirs_af_path: viirs_af_path
[2026-05-19 08:19:11] VIIRS Image Date: ['2018-07-22 00:00:00']
[2026-05-19 08:19:12] Weather image size: 1
[2026-05-19 08:19:12] Forecast duration: 2018-07-23 00:00:00 to 2018-07-24 00:00:00
[2026-05-19 08:19:13] Number of forecast images: 24
[2026-05-19 08:19:13] Using forecast run: 2018-07-22 18:00:00 UTC
[2026-05-19 08:19:14] Forecast Rain Available hours: [6, 7, 8, 9, 10, 11, 12, 13, 14, 15, 16, 17, 18, 19, 20, 21, 22, 23, 24, 25, 26, 27, 28, 29]
[2026-05-19 08:19:14] Valid hours for sum: [12, 18, 24, 29]
[2026-05-19 08:19:16] Drought composite end date: 2018-07-19 06:00:00
[2026-05-19 08:19:16] Land cover year: 2017
[2026-05-19 08:19:17] VIIRS Veg composite: 2018-07-12 → 2018-07-28
[2026-05-19 08:19:22] Started export task: fire_211_dynamic_2018-07-22
[2026-05-19 08:19:22] ------ Processing date=2018-07-23 ------
[2026-05-19 08:19:22] Using viirs_af_path: viirs_af_path
[2026-05-19 08:19:23] VIIRS Image Date: ['2018-07-23 00:00:00']
[2026-05-19 08:19:23] Weather image size: 1
[2026-05-19 08:19:23] Forecast duration: 2018-07-24 00:00:00 to 2018-07-25 00:00:00
[2026-05-19 08:19:24] Number of forecast images: 24
[2026-05-19 08:19:24] Using forecast run: 2018-07-23 18:00:00 UTC
[2026-05-19 08:19:25] Forecast Rain Available hours: [6, 7, 8, 9, 10, 11, 12, 13, 14, 15, 16, 17, 18, 19, 20, 21, 22, 23, 24, 25, 26, 27, 28, 29]
[2026-05-19 08:19:25] Valid hours for sum: [12, 18, 24, 29]
[2026-05-19 08:19:28] Drought composite end date: 2018-07-19 06:00:00
[2026-05-19 08:19:28] Land cover year: 2017
[2026-05-19 08:19:30] VIIRS Veg composite: 2018-07-12 → 2018-07-28
[2026-05-19 08:19:34] Started export task: fire_211_dynamic_2018-07-23
[2026-05-19 08:19:34] ------ Processing date=2018-07-24 ------
[2026-05-19 08:19:34] Using viirs_af_path: viirs_af_path
[2026-05-19 08:19:34] VIIRS Image Date: ['2018-07-24 00:00:00']
[2026-05-19 08:19:35] Weather image size: 1
[2026-05-19 08:19:35] Forecast duration: 2018-07-25 00:00:00 to 2018-07-26 00:00:00
[2026-05-19 08:19:36] Number of forecast images: 24
[2026-05-19 08:19:36] Using forecast run: 2018-07-24 18:00:00 UTC
[2026-05-19 08:19:37] Forecast Rain Available hours: [6, 7, 8, 9, 10, 11, 12, 13, 14, 15, 16, 17, 18, 19, 20, 21, 22, 23, 24, 25, 26, 27, 28, 29]
[2026-05-19 08:19:37] Valid hours for sum: [12, 18, 24, 29]
[2026-05-19 08:19:40] Drought composite end date: 2018-07-19 06:00:00
[2026-05-19 08:19:40] Land cover year: 2017
[2026-05-19 08:19:41] VIIRS Veg composite: 2018-07-12 → 2018-07-28
[2026-05-19 08:19:44] Started export task: fire_211_dynamic_2018-07-24
[2026-05-19 08:19:45] ------ Processing date=2018-07-25 ------
[2026-05-19 08:19:45] Using viirs_af_path: viirs_af_path
[2026-05-19 08:19:46] VIIRS Image Date: ['2018-07-25 00:00:00']
[2026-05-19 08:19:47] Weather image size: 1
[2026-05-19 08:19:47] Forecast duration: 2018-07-26 00:00:00 to 2018-07-27 00:00:00
[2026-05-19 08:19:48] Number of forecast images: 24
[2026-05-19 08:19:48] Using forecast run: 2018-07-25 18:00:00 UTC
[2026-05-19 08:19:49] Forecast Rain Available hours: [6, 7, 8, 9, 10, 11, 12, 13, 14, 15, 16, 17, 18, 19, 20, 21, 22, 23, 24, 25, 26, 27, 28, 29]
[2026-05-19 08:19:49] Valid hours for sum: [12, 18, 24, 29]
[2026-05-19 08:19:53] Drought composite end date: 2018-07-24 06:00:00
[2026-05-19 08:19:53] Land cover year: 2017
[2026-05-19 08:19:55] VIIRS Veg composite: 2018-07-12 → 2018-07-28
[2026-05-19 08:19:59] Started export task: fire_211_dynamic_2018-07-25
[2026-05-19 08:20:00] ------ Processing date=2018-07-26 ------
[2026-05-19 08:20:00] Using viirs_af_path: viirs_af_path
[2026-05-19 08:20:00] VIIRS Image Date: ['2018-07-26 00:00:00']
[2026-05-19 08:20:00] Weather image size: 1
[2026-05-19 08:20:00] Forecast duration: 2018-07-27 00:00:00 to 2018-07-28 00:00:00
[2026-05-19 08:20:01] Number of forecast images: 24
[2026-05-19 08:20:01] Using forecast run: 2018-07-26 18:00:00 UTC
[2026-05-19 08:20:02] Forecast Rain Available hours: [6, 7, 8, 9, 10, 11, 12, 13, 14, 15, 16, 17, 18, 19, 20, 21, 22, 23, 24, 25, 26, 27, 28, 29]
[2026-05-19 08:20:02] Valid hours for sum: [12, 18, 24, 29]
[2026-05-19 08:20:03] Drought composite end date: 2018-07-24 06:00:00
[2026-05-19 08:20:04] Land cover year: 2017
[2026-05-19 08:20:05] VIIRS Veg composite: 2018-07-12 → 2018-07-28
[2026-05-19 08:20:09] Started export task: fire_211_dynamic_2018-07-26
[2026-05-19 08:20:09] ------ Processing date=2018-07-27 ------
[2026-05-19 08:20:09] Using viirs_af_path: viirs_af_path
[2026-05-19 08:20:10] VIIRS Image Date: ['2018-07-27 00:00:00']
[2026-05-19 08:20:10] Weather image size: 1
[2026-05-19 08:20:10] Forecast duration: 2018-07-28 00:00:00 to 2018-07-29 00:00:00
[2026-05-19 08:20:11] Number of forecast images: 24
[2026-05-19 08:20:11] Using forecast run: 2018-07-27 18:00:00 UTC
[2026-05-19 08:20:12] Forecast Rain Available hours: [6, 7, 8, 9, 10, 11, 12, 13, 14, 15, 16, 17, 18, 19, 20, 21, 22, 23, 24, 25, 26, 27, 28, 29]
[2026-05-19 08:20:12] Valid hours for sum: [12, 18, 24, 29]
[2026-05-19 08:20:14] Drought composite end date: 2018-07-24 06:00:00
[2026-05-19 08:20:14] Land cover year: 2017
[2026-05-19 08:20:16] VIIRS Veg composite: 2018-07-12 → 2018-07-28
[2026-05-19 08:20:21] Started export task: fire_211_dynamic_2018-07-27
[2026-05-19 08:20:22] ------ Processing date=2018-07-28 ------
[2026-05-19 08:20:22] Using viirs_af_path: viirs_af_path
[2026-05-19 08:20:22] VIIRS Image Date: ['2018-07-28 00:00:00']
[2026-05-19 08:20:23] Weather image size: 1
[2026-05-19 08:20:23] Forecast duration: 2018-07-29 00:00:00 to 2018-07-30 00:00:00
[2026-05-19 08:20:24] Number of forecast images: 24
[2026-05-19 08:20:24] Using forecast run: 2018-07-28 18:00:00 UTC
[2026-05-19 08:20:24] Forecast Rain Available hours: [6, 7, 8, 9, 10, 11, 12, 13, 14, 15, 16, 17, 18, 19, 20, 21, 22, 23, 24, 25, 26, 27, 28, 29]
[2026-05-19 08:20:24] Valid hours for sum: [12, 18, 24, 29]
[2026-05-19 08:20:27] Drought composite end date: 2018-07-24 06:00:00
[2026-05-19 08:20:27] Land cover year: 2017
[2026-05-19 08:20:28] VIIRS Veg composite: 2018-07-12 → 2018-07-28
[2026-05-19 08:20:35] Started export task: fire_211_dynamic_2018-07-28
[2026-05-19 08:20:35] ------ Processing date=2018-07-29 ------
[2026-05-19 08:20:35] Using viirs_af_path: viirs_af_path
[2026-05-19 08:20:36] VIIRS Image Date: ['2018-07-29 00:00:00']
[2026-05-19 08:20:37] Weather image size: 1
[2026-05-19 08:20:37] Forecast duration: 2018-07-30 00:00:00 to 2018-07-31 00:00:00
[2026-05-19 08:20:38] Number of forecast images: 24
[2026-05-19 08:20:38] Using forecast run: 2018-07-29 18:00:00 UTC
[2026-05-19 08:20:38] Forecast Rain Available hours: [6, 7, 8, 9, 10, 11, 12, 13, 14, 15, 16, 17, 18, 19, 20, 21, 22, 23, 24, 25, 26, 27, 28, 29]
[2026-05-19 08:20:38] Valid hours for sum: [12, 18, 24, 29]
[2026-05-19 08:20:40] Drought composite end date: 2018-07-24 06:00:00
[2026-05-19 08:20:40] Land cover year: 2017
[2026-05-19 08:20:42] VIIRS Veg composite: 2018-07-12 → 2018-07-28
[2026-05-19 08:20:47] Started export task: fire_211_dynamic_2018-07-29
[2026-05-19 08:20:47] ------ Processing date=2018-07-30 ------
[2026-05-19 08:20:47] Using viirs_af_path: viirs_af_path
[2026-05-19 08:20:48] VIIRS Image Date: ['2018-07-30 00:00:00']
[2026-05-19 08:20:48] Weather image size: 1
[2026-05-19 08:20:48] Forecast duration: 2018-07-31 00:00:00 to 2018-08-01 00:00:00
[2026-05-19 08:20:49] Number of forecast images: 24
[2026-05-19 08:20:49] Using forecast run: 2018-07-30 18:00:00 UTC
[2026-05-19 08:20:49] Forecast Rain Available hours: [6, 7, 8, 9, 10, 11, 12, 13, 14, 15, 16, 17, 18, 19, 20, 21, 22, 23, 24, 25, 26, 27, 28, 29]
[2026-05-19 08:20:49] Valid hours for sum: [12, 18, 24, 29]
[2026-05-19 08:20:52] Drought composite end date: 2018-07-29 06:00:00
[2026-05-19 08:20:53] Land cover year: 2017
[2026-05-19 08:20:54] VIIRS Veg composite: 2018-07-12 → 2018-07-28
[2026-05-19 08:20:59] Started export task: fire_211_dynamic_2018-07-30
[2026-05-19 08:20:59] ------ Processing date=2018-07-31 ------
[2026-05-19 08:20:59] Using viirs_af_path: viirs_af_path
[2026-05-19 08:21:00] VIIRS Image Date: ['2018-07-31 00:00:00']
[2026-05-19 08:21:00] Weather image size: 1
[2026-05-19 08:21:00] Forecast duration: 2018-08-01 00:00:00 to 2018-08-02 00:00:00
[2026-05-19 08:21:01] Number of forecast images: 24
[2026-05-19 08:21:01] Using forecast run: 2018-07-31 18:00:00 UTC
[2026-05-19 08:21:02] Forecast Rain Available hours: [6, 7, 8, 9, 10, 11, 12, 13, 14, 15, 16, 17, 18, 19, 20, 21, 22, 23, 24, 25, 26, 27, 28, 29]
[2026-05-19 08:21:02] Valid hours for sum: [12, 18, 24, 29]
[2026-05-19 08:21:04] Drought composite end date: 2018-07-29 06:00:00
[2026-05-19 08:21:04] Land cover year: 2017
[2026-05-19 08:21:05] VIIRS Veg composite: 2018-07-12 → 2018-07-28
[2026-05-19 08:21:09] Started export task: fire_211_dynamic_2018-07-31
[2026-05-19 08:21:10] ------ Processing date=2018-08-01 ------
[2026-05-19 08:21:10] Using viirs_af_path: viirs_af_path
[2026-05-19 08:21:11] VIIRS Image Date: ['2018-08-01 00:00:00']
[2026-05-19 08:21:11] Weather image size: 1
[2026-05-19 08:21:11] Forecast duration: 2018-08-02 00:00:00 to 2018-08-03 00:00:00
[2026-05-19 08:21:12] Number of forecast images: 24
[2026-05-19 08:21:12] Using forecast run: 2018-08-01 18:00:00 UTC
[2026-05-19 08:21:12] Forecast Rain Available hours: [6, 7, 8, 9, 10, 11, 12, 13, 14, 15, 16, 17, 18, 19, 20, 21, 22, 23, 24, 25, 26, 27, 28, 29]
[2026-05-19 08:21:12] Valid hours for sum: [12, 18, 24, 29]
[2026-05-19 08:21:13] Drought composite end date: 2018-07-29 06:00:00
[2026-05-19 08:21:14] Land cover year: 2017
[2026-05-19 08:21:15] VIIRS Veg composite: 2018-07-12 → 2018-07-28
[2026-05-19 08:21:20] Started export task: fire_211_dynamic_2018-08-01
[2026-05-19 08:21:20] ------ Processing date=2018-08-02 ------
[2026-05-19 08:21:20] Using viirs_af_path: viirs_af_path
[2026-05-19 08:21:20] VIIRS Image Date: ['2018-08-02 00:00:00']
[2026-05-19 08:21:20] Weather image size: 1
[2026-05-19 08:21:20] Forecast duration: 2018-08-03 00:00:00 to 2018-08-04 00:00:00
[2026-05-19 08:21:21] Number of forecast images: 24
[2026-05-19 08:21:21] Using forecast run: 2018-08-02 18:00:00 UTC
[2026-05-19 08:21:22] Forecast Rain Available hours: [6, 7, 8, 9, 10, 11, 12, 13, 14, 15, 16, 17, 18, 19, 20, 21, 22, 23, 24, 25, 26, 27, 28, 29]
[2026-05-19 08:21:22] Valid hours for sum: [12, 18, 24, 29]
[2026-05-19 08:21:23] Drought composite end date: 2018-07-29 06:00:00
[2026-05-19 08:21:24] Land cover year: 2017
[2026-05-19 08:21:25] VIIRS Veg composite: 2018-07-12 → 2018-07-28
[2026-05-19 08:21:28] Started export task: fire_211_dynamic_2018-08-02
[2026-05-19 08:21:29] ------ Processing date=2018-08-03 ------
[2026-05-19 08:21:29] Using viirs_af_path: viirs_af_path
[2026-05-19 08:21:29] VIIRS Image Date: ['2018-08-03 00:00:00']
[2026-05-19 08:21:29] Weather image size: 1
[2026-05-19 08:21:29] Forecast duration: 2018-08-04 00:00:00 to 2018-08-05 00:00:00
[2026-05-19 08:21:30] Number of forecast images: 24
[2026-05-19 08:21:30] Using forecast run: 2018-08-03 18:00:00 UTC
[2026-05-19 08:21:31] Forecast Rain Available hours: [6, 7, 8, 9, 10, 11, 12, 13, 14, 15, 16, 17, 18, 19, 20, 21, 22, 23, 24, 25, 26, 27, 28, 29]
[2026-05-19 08:21:31] Valid hours for sum: [12, 18, 24, 29]
[2026-05-19 08:21:33] Drought composite end date: 2018-07-29 06:00:00
[2026-05-19 08:21:33] Land cover year: 2017
[2026-05-19 08:21:34] VIIRS Veg composite: 2018-07-12 → 2018-07-28
[2026-05-19 08:21:39] Started export task: fire_211_dynamic_2018-08-03
[2026-05-19 08:21:39] ------ Processing date=2018-08-04 ------
[2026-05-19 08:21:39] Using viirs_af_path: viirs_af_path
[2026-05-19 08:21:40] VIIRS Image Date: ['2018-08-04 00:00:00']
[2026-05-19 08:21:40] Weather image size: 1
[2026-05-19 08:21:40] Forecast duration: 2018-08-05 00:00:00 to 2018-08-06 00:00:00
[2026-05-19 08:21:41] Number of forecast images: 24
[2026-05-19 08:21:41] Using forecast run: 2018-08-04 18:00:00 UTC
[2026-05-19 08:21:42] Forecast Rain Available hours: [6, 7, 8, 9, 10, 11, 12, 13, 14, 15, 16, 17, 18, 19, 20, 21, 22, 23, 24, 25, 26, 27, 28, 29]
[2026-05-19 08:21:42] Valid hours for sum: [12, 18, 24, 29]
[2026-05-19 08:21:44] Drought composite end date: 2018-08-03 06:00:00
[2026-05-19 08:21:44] Land cover year: 2017
[2026-05-19 08:21:45] VIIRS Veg composite: 2018-07-12 → 2018-07-28
[2026-05-19 08:21:48] Started export task: fire_211_dynamic_2018-08-04
[2026-05-19 08:21:48] ------ Processing date=2018-08-05 ------
[2026-05-19 08:21:48] Using viirs_af_path: viirs_af_path
[2026-05-19 08:21:49] VIIRS Image Date: ['2018-08-05 00:00:00']
[2026-05-19 08:21:49] Weather image size: 1
[2026-05-19 08:21:49] Forecast duration: 2018-08-06 00:00:00 to 2018-08-07 00:00:00
[2026-05-19 08:21:50] Number of forecast images: 24
[2026-05-19 08:21:50] Using forecast run: 2018-08-05 18:00:00 UTC
[2026-05-19 08:21:51] Forecast Rain Available hours: [6, 7, 8, 9, 10, 11, 12, 13, 14, 15, 16, 17, 18, 19, 20, 21, 22, 23, 24, 25, 26, 27, 28, 29]
[2026-05-19 08:21:51] Valid hours for sum: [12, 18, 24, 29]
[2026-05-19 08:21:53] Drought composite end date: 2018-08-03 06:00:00
[2026-05-19 08:21:54] Land cover year: 2017
[2026-05-19 08:21:55] VIIRS Veg composite: 2018-07-12 → 2018-07-28
[2026-05-19 08:21:59] Started export task: fire_211_dynamic_2018-08-05
[2026-05-19 08:21:59] ------ Processing date=2018-08-06 ------
[2026-05-19 08:21:59] Using viirs_af_path: viirs_af_path
[2026-05-19 08:21:59] VIIRS Image Date: ['2018-08-06 00:00:00']
[2026-05-19 08:22:00] Weather image size: 1
[2026-05-19 08:22:00] Forecast duration: 2018-08-07 00:00:00 to 2018-08-08 00:00:00
[2026-05-19 08:22:01] Number of forecast images: 24
[2026-05-19 08:22:01] Using forecast run: 2018-08-06 18:00:00 UTC
[2026-05-19 08:22:01] Forecast Rain Available hours: [6, 7, 8, 9, 10, 11, 12, 13, 14, 15, 16, 17, 18, 19, 20, 21, 22, 23, 24, 25, 26, 27, 28, 29]
[2026-05-19 08:22:01] Valid hours for sum: [12, 18, 24, 29]
[2026-05-19 08:22:04] Drought composite end date: 2018-08-03 06:00:00
[2026-05-19 08:22:05] Land cover year: 2017
[2026-05-19 08:22:06] VIIRS Veg composite: 2018-07-12 → 2018-07-28
[2026-05-19 08:22:09] Started export task: fire_211_dynamic_2018-08-06
[2026-05-19 08:22:09] ------ Processing date=2018-08-07 ------
[2026-05-19 08:22:09] Using viirs_af_path: viirs_af_path
[2026-05-19 08:22:09] VIIRS Image Date: ['2018-08-07 00:00:00']
[2026-05-19 08:22:10] Weather image size: 1
[2026-05-19 08:22:10] Forecast duration: 2018-08-08 00:00:00 to 2018-08-09 00:00:00
[2026-05-19 08:22:11] Number of forecast images: 24
[2026-05-19 08:22:11] Using forecast run: 2018-08-07 18:00:00 UTC
[2026-05-19 08:22:12] Forecast Rain Available hours: [6, 7, 8, 9, 10, 11, 12, 13, 14, 15, 16, 17, 18, 19, 20, 21, 22, 23, 24, 25, 26, 27, 28, 29]
[2026-05-19 08:22:12] Valid hours for sum: [12, 18, 24, 29]
[2026-05-19 08:22:13] Drought composite end date: 2018-08-03 06:00:00
[2026-05-19 08:22:14] Land cover year: 2017
[2026-05-19 08:22:15] VIIRS Veg composite: 2018-07-12 → 2018-07-28
[2026-05-19 08:22:20] Started export task: fire_211_dynamic_2018-08-07
[2026-05-19 08:22:20] ------ Processing date=2018-08-08 ------
[2026-05-19 08:22:20] Using viirs_af_path: viirs_af_path
[2026-05-19 08:22:21] VIIRS Image Date: ['2018-08-08 00:00:00']
[2026-05-19 08:22:21] Weather image size: 1
[2026-05-19 08:22:21] Forecast duration: 2018-08-09 00:00:00 to 2018-08-10 00:00:00
[2026-05-19 08:22:22] Number of forecast images: 24
[2026-05-19 08:22:22] Using forecast run: 2018-08-08 18:00:00 UTC
[2026-05-19 08:22:23] Forecast Rain Available hours: [6, 7, 8, 9, 10, 11, 12, 13, 14, 15, 16, 17, 18, 19, 20, 21, 22, 23, 24, 25, 26, 27, 28, 29]
[2026-05-19 08:22:23] Valid hours for sum: [12, 18, 24, 29]
[2026-05-19 08:22:25] Drought composite end date: 2018-08-03 06:00:00
[2026-05-19 08:22:25] Land cover year: 2017
[2026-05-19 08:22:26] VIIRS Veg composite: 2018-07-12 → 2018-07-28
[2026-05-19 08:22:30] Started export task: fire_211_dynamic_2018-08-08
[2026-05-19 08:22:31] ------ Processing date=2018-08-09 ------
[2026-05-19 08:22:31] Using viirs_af_path: viirs_af_path
[2026-05-19 08:22:32] VIIRS Image Date: ['2018-08-09 00:00:00']
[2026-05-19 08:22:32] Weather image size: 1
[2026-05-19 08:22:32] Forecast duration: 2018-08-10 00:00:00 to 2018-08-11 00:00:00
[2026-05-19 08:22:33] Number of forecast images: 24
[2026-05-19 08:22:33] Using forecast run: 2018-08-09 18:00:00 UTC
[2026-05-19 08:22:33] Forecast Rain Available hours: [6, 7, 8, 9, 10, 11, 12, 13, 14, 15, 16, 17, 18, 19, 20, 21, 22, 23, 24, 25, 26, 27, 28, 29]
[2026-05-19 08:22:33] Valid hours for sum: [12, 18, 24, 29]
[2026-05-19 08:22:35] Drought composite end date: 2018-08-08 06:00:00
[2026-05-19 08:22:35] Land cover year: 2017
[2026-05-19 08:22:37] VIIRS Veg composite: 2018-07-12 → 2018-07-28
[2026-05-19 08:22:40] Started export task: fire_211_dynamic_2018-08-09
[2026-05-19 08:22:40] ------ Processing date=2018-08-10 ------
[2026-05-19 08:22:40] Using viirs_af_path: viirs_af_path
[2026-05-19 08:22:41] VIIRS Image Date: ['2018-08-10 00:00:00']
[2026-05-19 08:22:41] Weather image size: 1
[2026-05-19 08:22:41] Forecast duration: 2018-08-11 00:00:00 to 2018-08-12 00:00:00
[2026-05-19 08:22:42] Number of forecast images: 24
[2026-05-19 08:22:42] Using forecast run: 2018-08-10 18:00:00 UTC
[2026-05-19 08:22:42] Forecast Rain Available hours: [6, 7, 8, 9, 10, 11, 12, 13, 14, 15, 16, 17, 18, 19, 20, 21, 22, 23, 24, 25, 26, 27, 28, 29]
[2026-05-19 08:22:42] Valid hours for sum: [12, 18, 24, 29]
[2026-05-19 08:22:45] Drought composite end date: 2018-08-08 06:00:00
[2026-05-19 08:22:45] Land cover year: 2017
[2026-05-19 08:22:46] VIIRS Veg composite: 2018-07-12 → 2018-07-28
[2026-05-19 08:22:49] Started export task: fire_211_dynamic_2018-08-10
[2026-05-19 08:22:49] ------ Processing date=2018-08-11 ------
[2026-05-19 08:22:49] Using viirs_af_path: viirs_af_path
[2026-05-19 08:22:49] VIIRS Image Date: ['2018-08-11 00:00:00']
[2026-05-19 08:22:50] Weather image size: 1
[2026-05-19 08:22:50] Forecast duration: 2018-08-12 00:00:00 to 2018-08-13 00:00:00
[2026-05-19 08:22:50] Number of forecast images: 24
[2026-05-19 08:22:50] Using forecast run: 2018-08-11 18:00:00 UTC
[2026-05-19 08:22:51] Forecast Rain Available hours: [6, 7, 8, 9, 10, 11, 12, 13, 14, 15, 16, 17, 18, 19, 20, 21, 22, 23, 24, 25, 26, 27, 28, 29]
[2026-05-19 08:22:51] Valid hours for sum: [12, 18, 24, 29]
[2026-05-19 08:22:52] Drought composite end date: 2018-08-08 06:00:00
[2026-05-19 08:22:53] Land cover year: 2017
[2026-05-19 08:22:54] VIIRS Veg composite: 2018-07-12 → 2018-07-28
[2026-05-19 08:22:57] Started export task: fire_211_dynamic_2018-08-11
[2026-05-19 08:22:57] ------ Processing date=2018-08-12 ------
[2026-05-19 08:22:57] Using viirs_af_path: viirs_af_path
[2026-05-19 08:22:58] VIIRS Image Date: ['2018-08-12 00:00:00']
[2026-05-19 08:22:58] Weather image size: 1
[2026-05-19 08:22:58] Forecast duration: 2018-08-13 00:00:00 to 2018-08-14 00:00:00
[2026-05-19 08:22:59] Number of forecast images: 24
[2026-05-19 08:22:59] Using forecast run: 2018-08-12 18:00:00 UTC
[2026-05-19 08:22:59] Forecast Rain Available hours: [6, 7, 8, 9, 10, 11, 12, 13, 14, 15, 16, 17, 18, 19, 20, 21, 22, 23, 24, 25, 26, 27, 28, 29]
[2026-05-19 08:22:59] Valid hours for sum: [12, 18, 24, 29]
[2026-05-19 08:23:01] Drought composite end date: 2018-08-08 06:00:00
[2026-05-19 08:23:01] Land cover year: 2017
[2026-05-19 08:23:02] VIIRS Veg composite: 2018-07-12 → 2018-07-28
[2026-05-19 08:23:06] Started export task: fire_211_dynamic_2018-08-12
[2026-05-19 08:23:06] ------ Processing date=2018-08-13 ------
[2026-05-19 08:23:06] Using viirs_af_path: viirs_af_path
[2026-05-19 08:23:06] VIIRS Image Date: ['2018-08-13 00:00:00']
[2026-05-19 08:23:06] Weather image size: 1
[2026-05-19 08:23:06] Forecast duration: 2018-08-14 00:00:00 to 2018-08-15 00:00:00
[2026-05-19 08:23:07] Number of forecast images: 24
[2026-05-19 08:23:07] Using forecast run: 2018-08-13 18:00:00 UTC
[2026-05-19 08:23:08] Forecast Rain Available hours: [6, 7, 8, 9, 10, 11, 12, 13, 14, 15, 16, 17, 18, 19, 20, 21, 22, 23, 24, 25, 26, 27, 28, 29]
[2026-05-19 08:23:08] Valid hours for sum: [12, 18, 24, 29]
[2026-05-19 08:23:09] Drought composite end date: 2018-08-08 06:00:00
[2026-05-19 08:23:10] Land cover year: 2017
[2026-05-19 08:23:11] VIIRS Veg composite: 2018-07-12 → 2018-07-28
[2026-05-19 08:23:14] Started export task: fire_211_dynamic_2018-08-13
[2026-05-19 08:23:14] ------ Processing date=2018-08-14 ------
[2026-05-19 08:23:14] Using viirs_af_path: viirs_af_path
[2026-05-19 08:23:14] VIIRS Image Date: ['2018-08-14 00:00:00']
[2026-05-19 08:23:15] Weather image size: 1
[2026-05-19 08:23:15] Forecast duration: 2018-08-15 00:00:00 to 2018-08-16 00:00:00
[2026-05-19 08:23:16] Number of forecast images: 24
[2026-05-19 08:23:16] Using forecast run: 2018-08-14 18:00:00 UTC
[2026-05-19 08:23:16] Forecast Rain Available hours: [6, 7, 8, 9, 10, 11, 12, 13, 14, 15, 16, 17, 18, 19, 20, 21, 22, 23, 24, 25, 26, 27, 28, 29]
[2026-05-19 08:23:16] Valid hours for sum: [12, 18, 24, 29]
[2026-05-19 08:23:19] Drought composite end date: 2018-08-13 06:00:00
[2026-05-19 08:23:19] Land cover year: 2017
[2026-05-19 08:23:20] VIIRS Veg composite: 2018-07-12 → 2018-07-28
[2026-05-19 08:23:23] Started export task: fire_211_dynamic_2018-08-14
[2026-05-19 08:23:23] ------ Processing date=2018-08-15 ------
[2026-05-19 08:23:23] Using viirs_af_path: viirs_af_path
[2026-05-19 08:23:24] VIIRS Image Date: ['2018-08-15 00:00:00']
[2026-05-19 08:23:24] Weather image size: 1
[2026-05-19 08:23:24] Forecast duration: 2018-08-16 00:00:00 to 2018-08-17 00:00:00
[2026-05-19 08:23:25] Number of forecast images: 24
[2026-05-19 08:23:25] Using forecast run: 2018-08-15 18:00:00 UTC
[2026-05-19 08:23:25] Forecast Rain Available hours: [6, 7, 8, 9, 10, 11, 12, 13, 14, 15, 16, 17, 18, 19, 20, 21, 22, 23, 24, 25, 26, 27, 28, 29]
[2026-05-19 08:23:25] Valid hours for sum: [12, 18, 24, 29]
[2026-05-19 08:23:27] Drought composite end date: 2018-08-13 06:00:00
[2026-05-19 08:23:28] Land cover year: 2017
[2026-05-19 08:23:29] VIIRS Veg composite: 2018-07-12 → 2018-07-28
[2026-05-19 08:23:33] Started export task: fire_211_dynamic_2018-08-15
[2026-05-19 08:23:34] ------ Processing date=2018-08-16 ------
[2026-05-19 08:23:34] Using viirs_af_path: viirs_af_path
[2026-05-19 08:23:34] VIIRS Image Date: ['2018-08-16 00:00:00']
[2026-05-19 08:23:34] Weather image size: 1
[2026-05-19 08:23:34] Forecast duration: 2018-08-17 00:00:00 to 2018-08-18 00:00:00
[2026-05-19 08:23:35] Number of forecast images: 24
[2026-05-19 08:23:35] Using forecast run: 2018-08-16 18:00:00 UTC
[2026-05-19 08:23:36] Forecast Rain Available hours: [6, 7, 8, 9, 10, 11, 12, 13, 14, 15, 16, 17, 18, 19, 20, 21, 22, 23, 24, 25, 26, 27, 28, 29]
[2026-05-19 08:23:36] Valid hours for sum: [12, 18, 24, 29]
[2026-05-19 08:23:38] Drought composite end date: 2018-08-13 06:00:00
[2026-05-19 08:23:38] Land cover year: 2017
[2026-05-19 08:23:39] VIIRS Veg composite: 2018-07-12 → 2018-07-28
[2026-05-19 08:23:42] Started export task: fire_211_dynamic_2018-08-16
[2026-05-19 08:23:43] ------ Processing date=2018-08-17 ------
[2026-05-19 08:23:43] Using viirs_af_path: viirs_af_path
[2026-05-19 08:23:43] VIIRS Image Date: ['2018-08-17 00:00:00']
[2026-05-19 08:23:43] Weather image size: 1
[2026-05-19 08:23:43] Forecast duration: 2018-08-18 00:00:00 to 2018-08-19 00:00:00
[2026-05-19 08:23:44] Number of forecast images: 24
[2026-05-19 08:23:44] Using forecast run: 2018-08-17 18:00:00 UTC
[2026-05-19 08:23:44] Forecast Rain Available hours: [6, 7, 8, 9, 10, 11, 12, 13, 14, 15, 16, 17, 18, 19, 20, 21, 22, 23, 24, 25, 26, 27, 28, 29]
[2026-05-19 08:23:44] Valid hours for sum: [12, 18, 24, 29]
[2026-05-19 08:23:46] Drought composite end date: 2018-08-13 06:00:00
[2026-05-19 08:23:46] Land cover year: 2017
[2026-05-19 08:23:47] VIIRS Veg composite: 2018-07-12 → 2018-07-28
[2026-05-19 08:23:50] Started export task: fire_211_dynamic_2018-08-17
[2026-05-19 08:23:51] ------ Processing date=2018-08-18 ------
[2026-05-19 08:23:51] Using viirs_af_path: viirs_af_path
[2026-05-19 08:23:51] VIIRS Image Date: ['2018-08-18 00:00:00']
[2026-05-19 08:23:52] Weather image size: 1
[2026-05-19 08:23:52] Forecast duration: 2018-08-19 00:00:00 to 2018-08-20 00:00:00
[2026-05-19 08:23:52] Number of forecast images: 24
[2026-05-19 08:23:52] Using forecast run: 2018-08-18 18:00:00 UTC
[2026-05-19 08:23:53] Forecast Rain Available hours: [6, 7, 8, 9, 10, 11, 12, 13, 14, 15, 16, 17, 18, 19, 20, 21, 22, 23, 24, 25, 26, 27, 28, 29]
[2026-05-19 08:23:53] Valid hours for sum: [12, 18, 24, 29]
[2026-05-19 08:23:55] Drought composite end date: 2018-08-13 06:00:00
[2026-05-19 08:23:55] Land cover year: 2017
[2026-05-19 08:23:56] VIIRS Veg composite: 2018-07-12 → 2018-07-28
[2026-05-19 08:24:00] Started export task: fire_211_dynamic_2018-08-18
[2026-05-19 08:24:00] ------ Processing date=2018-08-19 ------
[2026-05-19 08:24:00] Using viirs_af_path: viirs_af_path
[2026-05-19 08:24:01] VIIRS Image Date: ['2018-08-19 00:00:00']
[2026-05-19 08:24:01] Weather image size: 1
[2026-05-19 08:24:01] Forecast duration: 2018-08-20 00:00:00 to 2018-08-21 00:00:00
[2026-05-19 08:24:02] Number of forecast images: 24
[2026-05-19 08:24:02] Using forecast run: 2018-08-19 18:00:00 UTC
[2026-05-19 08:24:02] Forecast Rain Available hours: [6, 7, 8, 9, 10, 11, 12, 13, 14, 15, 16, 17, 18, 19, 20, 21, 22, 23, 24, 25, 26, 27, 28, 29]
[2026-05-19 08:24:02] Valid hours for sum: [12, 18, 24, 29]
[2026-05-19 08:24:04] Drought composite end date: 2018-08-18 06:00:00
[2026-05-19 08:24:04] Land cover year: 2017
[2026-05-19 08:24:05] VIIRS Veg composite: 2018-07-12 → 2018-07-28
[2026-05-19 08:24:08] Started export task: fire_211_dynamic_2018-08-19
[2026-05-19 08:24:08] ------ Processing date=2018-08-20 ------
[2026-05-19 08:24:08] Using viirs_af_path: viirs_af_path
[2026-05-19 08:24:09] VIIRS Image Date: ['2018-08-20 00:00:00']
[2026-05-19 08:24:09] Weather image size: 1
[2026-05-19 08:24:09] Forecast duration: 2018-08-21 00:00:00 to 2018-08-22 00:00:00
[2026-05-19 08:24:10] Number of forecast images: 24
[2026-05-19 08:24:10] Using forecast run: 2018-08-20 18:00:00 UTC
[2026-05-19 08:24:11] Forecast Rain Available hours: [6, 7, 8, 9, 10, 11, 12, 13, 14, 15, 16, 17, 18, 19, 20, 21, 22, 23, 24, 25, 26, 27, 28, 29]
[2026-05-19 08:24:11] Valid hours for sum: [12, 18, 24, 29]
[2026-05-19 08:24:12] Drought composite end date: 2018-08-18 06:00:00
[2026-05-19 08:24:12] Land cover year: 2017
[2026-05-19 08:24:13] VIIRS Veg composite: 2018-07-12 → 2018-07-28
[2026-05-19 08:24:18] Started export task: fire_211_dynamic_2018-08-20
[2026-05-19 08:24:18] ------ Processing date=2018-08-21 ------
[2026-05-19 08:24:18] Using viirs_af_path: viirs_af_path
[2026-05-19 08:24:19] VIIRS Image Date: ['2018-08-21 00:00:00']
[2026-05-19 08:24:19] Weather image size: 1
[2026-05-19 08:24:19] Forecast duration: 2018-08-22 00:00:00 to 2018-08-23 00:00:00
[2026-05-19 08:24:20] Number of forecast images: 24
[2026-05-19 08:24:20] Using forecast run: 2018-08-21 18:00:00 UTC
[2026-05-19 08:24:20] Forecast Rain Available hours: [6, 7, 8, 9, 10, 11, 12, 13, 14, 15, 16, 17, 18, 19, 20, 21, 22, 23, 24, 25, 26, 27, 28, 29]
[2026-05-19 08:24:20] Valid hours for sum: [12, 18, 24, 29]
[2026-05-19 08:24:21] Drought composite end date: 2018-08-18 06:00:00
[2026-05-19 08:24:22] Land cover year: 2017
[2026-05-19 08:24:23] VIIRS Veg composite: 2018-07-12 → 2018-07-28
[2026-05-19 08:24:26] Started export task: fire_211_dynamic_2018-08-21
[2026-05-19 08:24:27] ------ Processing date=2018-08-22 ------
[2026-05-19 08:24:27] Using viirs_af_path: viirs_af_path
[2026-05-19 08:24:27] VIIRS Image Date: ['2018-08-22 00:00:00']
[2026-05-19 08:24:27] Weather image size: 1
[2026-05-19 08:24:27] Forecast duration: 2018-08-23 00:00:00 to 2018-08-24 00:00:00
[2026-05-19 08:24:28] Number of forecast images: 24
[2026-05-19 08:24:28] Using forecast run: 2018-08-22 18:00:00 UTC
[2026-05-19 08:24:29] Forecast Rain Available hours: [6, 7, 8, 9, 10, 11, 12, 13, 14, 15, 16, 17, 18, 19, 20, 21, 22, 23, 24, 25, 26, 27, 28, 29]
[2026-05-19 08:24:29] Valid hours for sum: [12, 18, 24, 29]
[2026-05-19 08:24:31] Drought composite end date: 2018-08-18 06:00:00
[2026-05-19 08:24:32] Land cover year: 2017
[2026-05-19 08:24:32] VIIRS Veg composite: 2018-07-12 → 2018-07-28
[2026-05-19 08:24:37] Started export task: fire_211_dynamic_2018-08-22
[2026-05-19 08:24:37] ------ Processing date=2018-08-23 ------
[2026-05-19 08:24:37] Using viirs_af_path: viirs_af_path
[2026-05-19 08:24:37] VIIRS Image Date: ['2018-08-23 00:00:00']
[2026-05-19 08:24:38] Weather image size: 1
[2026-05-19 08:24:38] Forecast duration: 2018-08-24 00:00:00 to 2018-08-25 00:00:00
[2026-05-19 08:24:39] Number of forecast images: 24
[2026-05-19 08:24:39] Using forecast run: 2018-08-23 18:00:00 UTC
[2026-05-19 08:24:39] Forecast Rain Available hours: [6, 7, 8, 9, 10, 11, 12, 13, 14, 15, 16, 17, 18, 19, 20, 21, 22, 23, 24, 25, 26, 27, 28, 29]
[2026-05-19 08:24:39] Valid hours for sum: [12, 18, 24, 29]
[2026-05-19 08:24:40] Drought composite end date: 2018-08-18 06:00:00
[2026-05-19 08:24:40] Land cover year: 2017
[2026-05-19 08:24:41] VIIRS Veg composite: 2018-07-12 → 2018-07-28
[2026-05-19 08:24:45] Started export task: fire_211_dynamic_2018-08-23
[2026-05-19 08:24:45] ------ Processing date=2018-08-24 ------
[2026-05-19 08:24:45] Using viirs_af_path: viirs_af_path
[2026-05-19 08:24:46] VIIRS Image Date: ['2018-08-24 00:00:00']
[2026-05-19 08:24:46] Weather image size: 1
[2026-05-19 08:24:46] Forecast duration: 2018-08-25 00:00:00 to 2018-08-26 00:00:00
[2026-05-19 08:24:47] Number of forecast images: 24
[2026-05-19 08:24:47] Using forecast run: 2018-08-24 18:00:00 UTC
[2026-05-19 08:24:48] Forecast Rain Available hours: [6, 7, 8, 9, 10, 11, 12, 13, 14, 15, 16, 17, 18, 19, 20, 21, 22, 23, 24, 25, 26, 27, 28, 29]
[2026-05-19 08:24:48] Valid hours for sum: [12, 18, 24, 29]
[2026-05-19 08:24:50] Drought composite end date: 2018-08-23 06:00:00
[2026-05-19 08:24:50] Land cover year: 2017
[2026-05-19 08:24:51] VIIRS Veg composite: 2018-07-12 → 2018-07-28
[2026-05-19 08:24:56] Started export task: fire_211_dynamic_2018-08-24
[2026-05-19 08:24:56] ------ Processing date=2018-08-25 ------
[2026-05-19 08:24:56] Using viirs_af_path: viirs_af_path
[2026-05-19 08:24:56] VIIRS Image Date: ['2018-08-25 00:00:00']
[2026-05-19 08:24:56] Weather image size: 1
[2026-05-19 08:24:56] Forecast duration: 2018-08-26 00:00:00 to 2018-08-27 00:00:00
[2026-05-19 08:24:57] Number of forecast images: 24
[2026-05-19 08:24:57] Using forecast run: 2018-08-25 18:00:00 UTC
[2026-05-19 08:24:58] Forecast Rain Available hours: [6, 7, 8, 9, 10, 11, 12, 13, 14, 15, 16, 17, 18, 19, 20, 21, 22, 23, 24, 25, 26, 27, 28, 29]
[2026-05-19 08:24:58] Valid hours for sum: [12, 18, 24, 29]
[2026-05-19 08:24:59] Drought composite end date: 2018-08-23 06:00:00
[2026-05-19 08:25:00] Land cover year: 2017
[2026-05-19 08:25:00] VIIRS Veg composite: 2018-07-12 → 2018-07-28
[2026-05-19 08:25:03] Started export task: fire_211_dynamic_2018-08-25
[2026-05-19 08:25:03] ------ Processing date=2018-08-26 ------
[2026-05-19 08:25:03] Using viirs_af_path: viirs_af_path
[2026-05-19 08:25:03] VIIRS Image Date: ['2018-08-26 00:00:00']
[2026-05-19 08:25:04] Weather image size: 1
[2026-05-19 08:25:04] Forecast duration: 2018-08-27 00:00:00 to 2018-08-28 00:00:00
[2026-05-19 08:25:05] Number of forecast images: 24
[2026-05-19 08:25:05] Using forecast run: 2018-08-26 18:00:00 UTC
[2026-05-19 08:25:06] Forecast Rain Available hours: [6, 7, 8, 9, 10, 11, 12, 13, 14, 15, 16, 17, 18, 19, 20, 21, 22, 23, 24, 25, 26, 27, 28, 29]
[2026-05-19 08:25:06] Valid hours for sum: [12, 18, 24, 29]
[2026-05-19 08:25:08] Drought composite end date: 2018-08-23 06:00:00
[2026-05-19 08:25:08] Land cover year: 2017
[2026-05-19 08:25:09] VIIRS Veg composite: 2018-07-12 → 2018-07-28
[2026-05-19 08:25:11] Started export task: fire_211_dynamic_2018-08-26
[2026-05-19 08:25:11] ------ Processing date=2018-08-27 ------
[2026-05-19 08:25:11] Using viirs_af_path: viirs_af_path
[2026-05-19 08:25:12] VIIRS Image Date: ['2018-08-27 00:00:00']
[2026-05-19 08:25:12] Weather image size: 1
[2026-05-19 08:25:12] Forecast duration: 2018-08-28 00:00:00 to 2018-08-29 00:00:00
[2026-05-19 08:25:13] Number of forecast images: 24
[2026-05-19 08:25:13] Using forecast run: 2018-08-27 18:00:00 UTC
[2026-05-19 08:25:13] Forecast Rain Available hours: [6, 7, 8, 9, 10, 11, 12, 13, 14, 15, 16, 17, 18, 19, 20, 21, 22, 23, 24, 25, 26, 27, 28, 29]
[2026-05-19 08:25:13] Valid hours for sum: [12, 18, 24, 29]
[2026-05-19 08:25:16] Drought composite end date: 2018-08-23 06:00:00
[2026-05-19 08:25:16] Land cover year: 2017
[2026-05-19 08:25:17] VIIRS Veg composite: 2018-07-12 → 2018-07-28
[2026-05-19 08:25:20] Started export task: fire_211_dynamic_2018-08-27
[2026-05-19 08:25:21] ------ Processing date=2018-08-28 ------
[2026-05-19 08:25:21] Using viirs_af_path: viirs_af_path
[2026-05-19 08:25:21] VIIRS Image Date: ['2018-08-28 00:00:00']
[2026-05-19 08:25:22] Weather image size: 1
[2026-05-19 08:25:22] Forecast duration: 2018-08-29 00:00:00 to 2018-08-30 00:00:00
[2026-05-19 08:25:23] Number of forecast images: 24
[2026-05-19 08:25:23] Using forecast run: 2018-08-28 18:00:00 UTC
[2026-05-19 08:25:24] Forecast Rain Available hours: [6, 7, 8, 9, 10, 11, 12, 13, 14, 15, 16, 17, 18, 19, 20, 21, 22, 23, 24, 25, 26, 27, 28, 29]
[2026-05-19 08:25:24] Valid hours for sum: [12, 18, 24, 29]
[2026-05-19 08:25:25] Drought composite end date: 2018-08-23 06:00:00
[2026-05-19 08:25:25] Land cover year: 2017
[2026-05-19 08:25:27] VIIRS Veg composite: 2018-07-12 → 2018-07-28
[2026-05-19 08:25:30] Started export task: fire_211_dynamic_2018-08-28
[2026-05-19 08:25:30] ------ Processing date=2018-08-29 ------
[2026-05-19 08:25:30] Using viirs_af_path: viirs_af_path
[2026-05-19 08:25:30] VIIRS Image Date: ['2018-08-29 00:00:00']
[2026-05-19 08:25:31] Weather image size: 1
[2026-05-19 08:25:31] Forecast duration: 2018-08-30 00:00:00 to 2018-08-31 00:00:00
[2026-05-19 08:25:31] Number of forecast images: 24
[2026-05-19 08:25:31] Using forecast run: 2018-08-29 18:00:00 UTC
[2026-05-19 08:25:32] Forecast Rain Available hours: [6, 7, 8, 9, 10, 11, 12, 13, 14, 15, 16, 17, 18, 19, 20, 21, 22, 23, 24, 25, 26, 27, 28, 29]
[2026-05-19 08:25:32] Valid hours for sum: [12, 18, 24, 29]
[2026-05-19 08:25:34] Drought composite end date: 2018-08-28 06:00:00
[2026-05-19 08:25:35] Land cover year: 2017
[2026-05-19 08:25:35] VIIRS Veg composite: 2018-07-12 → 2018-07-28
[2026-05-19 08:25:39] Started export task: fire_211_dynamic_2018-08-29
[2026-05-19 08:25:39] ------ Processing date=2018-08-30 ------
[2026-05-19 08:25:39] Using viirs_af_path: viirs_af_path
[2026-05-19 08:25:39] VIIRS Image Date: ['2018-08-30 00:00:00']
[2026-05-19 08:25:39] Weather image size: 1
[2026-05-19 08:25:39] Forecast duration: 2018-08-31 00:00:00 to 2018-09-01 00:00:00
[2026-05-19 08:25:40] Number of forecast images: 24
[2026-05-19 08:25:40] Using forecast run: 2018-08-30 18:00:00 UTC
[2026-05-19 08:25:41] Forecast Rain Available hours: [6, 7, 8, 9, 10, 11, 12, 13, 14, 15, 16, 17, 18, 19, 20, 21, 22, 23, 24, 25, 26, 27, 28, 29]
[2026-05-19 08:25:41] Valid hours for sum: [12, 18, 24, 29]
[2026-05-19 08:25:43] Drought composite end date: 2018-08-28 06:00:00
[2026-05-19 08:25:43] Land cover year: 2017
[2026-05-19 08:25:44] VIIRS Veg composite: 2018-07-12 → 2018-07-28
[2026-05-19 08:25:46] Started export task: fire_211_dynamic_2018-08-30
[2026-05-19 08:25:47] ------ Processing date=2018-08-31 ------
[2026-05-19 08:25:47] Using viirs_af_path: viirs_af_path
[2026-05-19 08:25:47] VIIRS Image Date: ['2018-08-31 00:00:00']
[2026-05-19 08:25:47] Weather image size: 1
[2026-05-19 08:25:47] Forecast duration: 2018-09-01 00:00:00 to 2018-09-02 00:00:00
[2026-05-19 08:25:48] Number of forecast images: 24
[2026-05-19 08:25:48] Using forecast run: 2018-08-31 18:00:00 UTC
[2026-05-19 08:25:49] Forecast Rain Available hours: [6, 7, 8, 9, 10, 11, 12, 13, 14, 15, 16, 17, 18, 19, 20, 21, 22, 23, 24, 25, 26, 27, 28, 29]
[2026-05-19 08:25:49] Valid hours for sum: [12, 18, 24, 29]
[2026-05-19 08:25:50] Drought composite end date: 2018-08-28 06:00:00
[2026-05-19 08:25:50] Land cover year: 2017
[2026-05-19 08:25:51] VIIRS Veg composite: 2018-07-12 → 2018-07-28
[2026-05-19 08:25:55] Started export task: fire_211_dynamic_2018-08-31
[2026-05-19 08:25:55] ------ Processing date=2018-09-01 ------
[2026-05-19 08:25:55] Using viirs_af_path: viirs_af_path
[2026-05-19 08:25:55] VIIRS Image Date: ['2018-09-01 00:00:00']
[2026-05-19 08:25:56] Weather image size: 1
[2026-05-19 08:25:56] Forecast duration: 2018-09-02 00:00:00 to 2018-09-03 00:00:00
[2026-05-19 08:25:57] Number of forecast images: 24
[2026-05-19 08:25:57] Using forecast run: 2018-09-01 18:00:00 UTC
[2026-05-19 08:25:57] Forecast Rain Available hours: [6, 7, 8, 9, 10, 11, 12, 13, 14, 15, 16, 17, 18, 19, 20, 21, 22, 23, 24, 25, 26, 27, 28, 29]
[2026-05-19 08:25:57] Valid hours for sum: [12, 18, 24, 29]
[2026-05-19 08:25:59] Drought composite end date: 2018-08-28 06:00:00
[2026-05-19 08:25:59] Land cover year: 2017
[2026-05-19 08:26:00] VIIRS Veg composite: 2018-07-12 → 2018-07-28
[2026-05-19 08:26:03] Started export task: fire_211_dynamic_2018-09-01
[2026-05-19 08:26:03] ------ Processing date=2018-09-02 ------
[2026-05-19 08:26:03] Using viirs_af_path: viirs_af_path
[2026-05-19 08:26:03] VIIRS Image Date: ['2018-09-02 00:00:00']
[2026-05-19 08:26:03] Weather image size: 1
[2026-05-19 08:26:03] Forecast duration: 2018-09-03 00:00:00 to 2018-09-04 00:00:00
[2026-05-19 08:26:04] Number of forecast images: 24
[2026-05-19 08:26:04] Using forecast run: 2018-09-02 18:00:00 UTC
[2026-05-19 08:26:05] Forecast Rain Available hours: [6, 7, 8, 9, 10, 11, 12, 13, 14, 15, 16, 17, 18, 19, 20, 21, 22, 23, 24, 25, 26, 27, 28, 29]
[2026-05-19 08:26:05] Valid hours for sum: [12, 18, 24, 29]
[2026-05-19 08:26:08] Drought composite end date: 2018-08-28 06:00:00
[2026-05-19 08:26:08] Land cover year: 2017
[2026-05-19 08:26:09] VIIRS Veg composite: 2018-07-12 → 2018-07-28
[2026-05-19 08:26:12] Started export task: fire_211_dynamic_2018-09-02
[2026-05-19 08:26:13] ------ Processing date=2018-09-03 ------
[2026-05-19 08:26:13] Using viirs_af_path: viirs_af_path
[2026-05-19 08:26:13] VIIRS Image Date: ['2018-09-03 00:00:00']
[2026-05-19 08:26:13] Weather image size: 1
[2026-05-19 08:26:13] Forecast duration: 2018-09-04 00:00:00 to 2018-09-05 00:00:00
[2026-05-19 08:26:14] Number of forecast images: 24
[2026-05-19 08:26:14] Using forecast run: 2018-09-03 18:00:00 UTC
[2026-05-19 08:26:14] Forecast Rain Available hours: [6, 7, 8, 9, 10, 11, 12, 13, 14, 15, 16, 17, 18, 19, 20, 21, 22, 23, 24, 25, 26, 27, 28, 29]
[2026-05-19 08:26:14] Valid hours for sum: [12, 18, 24, 29]
[2026-05-19 08:26:16] Drought composite end date: 2018-09-02 06:00:00
[2026-05-19 08:26:17] Land cover year: 2017
[2026-05-19 08:26:17] VIIRS Veg composite: 2018-07-12 → 2018-07-28
[2026-05-19 08:26:21] Started export task: fire_211_dynamic_2018-09-03
[2026-05-19 08:26:22] ------ Processing date=2018-09-04 ------
[2026-05-19 08:26:22] Using viirs_af_path: viirs_af_path
[2026-05-19 08:26:22] VIIRS Image Date: ['2018-09-04 00:00:00']
[2026-05-19 08:26:22] Weather image size: 1
[2026-05-19 08:26:22] Forecast duration: 2018-09-05 00:00:00 to 2018-09-06 00:00:00
[2026-05-19 08:26:23] Number of forecast images: 24
[2026-05-19 08:26:23] Using forecast run: 2018-09-04 18:00:00 UTC
[2026-05-19 08:26:24] Forecast Rain Available hours: [6, 7, 8, 9, 10, 11, 12, 13, 14, 15, 16, 17, 18, 19, 20, 21, 22, 23, 24, 25, 26, 27, 28, 29]
[2026-05-19 08:26:24] Valid hours for sum: [12, 18, 24, 29]
[2026-05-19 08:26:25] Drought composite end date: 2018-09-02 06:00:00
[2026-05-19 08:26:25] Land cover year: 2017
[2026-05-19 08:26:26] VIIRS Veg composite: 2018-07-12 → 2018-07-28
[2026-05-19 08:26:30] Started export task: fire_211_dynamic_2018-09-04
[2026-05-19 08:26:31] ------ Processing date=2018-09-05 ------
[2026-05-19 08:26:31] Using viirs_af_path: viirs_af_path
[2026-05-19 08:26:31] VIIRS Image Date: ['2018-09-05 00:00:00']
[2026-05-19 08:26:32] Weather image size: 1
[2026-05-19 08:26:32] Forecast duration: 2018-09-06 00:00:00 to 2018-09-07 00:00:00
[2026-05-19 08:26:32] Number of forecast images: 24
[2026-05-19 08:26:32] Using forecast run: 2018-09-05 18:00:00 UTC
[2026-05-19 08:26:33] Forecast Rain Available hours: [6, 7, 8, 9, 10, 11, 12, 13, 14, 15, 16, 17, 18, 19, 20, 21, 22, 23, 24, 25, 26, 27, 28, 29]
[2026-05-19 08:26:33] Valid hours for sum: [12, 18, 24, 29]
[2026-05-19 08:26:35] Drought composite end date: 2018-09-02 06:00:00
[2026-05-19 08:26:35] Land cover year: 2017
[2026-05-19 08:26:36] VIIRS Veg composite: 2018-07-12 → 2018-07-28
[2026-05-19 08:26:41] Started export task: fire_211_dynamic_2018-09-05
[2026-05-19 08:26:42] ------ Processing date=2018-09-06 ------
[2026-05-19 08:26:42] Using viirs_af_path: viirs_af_path
[2026-05-19 08:26:42] VIIRS Image Date: ['2018-09-06 00:00:00']
[2026-05-19 08:26:42] Weather image size: 1
[2026-05-19 08:26:42] Forecast duration: 2018-09-07 00:00:00 to 2018-09-08 00:00:00
[2026-05-19 08:26:43] Number of forecast images: 24
[2026-05-19 08:26:43] Using forecast run: 2018-09-06 18:00:00 UTC
[2026-05-19 08:26:44] Forecast Rain Available hours: [6, 7, 8, 9, 10, 11, 12, 13, 14, 15, 16, 17, 18, 19, 20, 21, 22, 23, 24, 25, 26, 27, 28, 29]
[2026-05-19 08:26:44] Valid hours for sum: [12, 18, 24, 29]
[2026-05-19 08:26:46] Drought composite end date: 2018-09-02 06:00:00
[2026-05-19 08:26:46] Land cover year: 2017
[2026-05-19 08:26:48] VIIRS Veg composite: 2018-07-12 → 2018-07-28
[2026-05-19 08:26:51] Started export task: fire_211_dynamic_2018-09-06
[2026-05-19 08:26:52] ------ Processing date=2018-09-07 ------
[2026-05-19 08:26:52] Using viirs_af_path: viirs_af_path
[2026-05-19 08:26:52] VIIRS Image Date: ['2018-09-07 00:00:00']
[2026-05-19 08:26:52] Weather image size: 1
[2026-05-19 08:26:52] Forecast duration: 2018-09-08 00:00:00 to 2018-09-09 00:00:00
[2026-05-19 08:26:53] Number of forecast images: 24
[2026-05-19 08:26:53] Using forecast run: 2018-09-07 18:00:00 UTC
[2026-05-19 08:26:53] Forecast Rain Available hours: [6, 7, 8, 9, 10, 11, 12, 13, 14, 15, 16, 17, 18, 19, 20, 21, 22, 23, 24, 25, 26, 27, 28, 29]
[2026-05-19 08:26:53] Valid hours for sum: [12, 18, 24, 29]
[2026-05-19 08:26:55] Drought composite end date: 2018-09-02 06:00:00
[2026-05-19 08:26:55] Land cover year: 2017
[2026-05-19 08:26:56] VIIRS Veg composite: 2018-07-12 → 2018-07-28
[2026-05-19 08:26:59] Started export task: fire_211_dynamic_2018-09-07
[2026-05-19 08:27:00] ------ Processing date=2018-09-08 ------
[2026-05-19 08:27:00] Using viirs_af_path: viirs_af_path
[2026-05-19 08:27:00] VIIRS Image Date: ['2018-09-08 00:00:00']
[2026-05-19 08:27:00] Weather image size: 1
[2026-05-19 08:27:00] Forecast duration: 2018-09-09 00:00:00 to 2018-09-10 00:00:00
[2026-05-19 08:27:01] Number of forecast images: 24
[2026-05-19 08:27:01] Using forecast run: 2018-09-08 18:00:00 UTC
[2026-05-19 08:27:01] Forecast Rain Available hours: [6, 7, 8, 9, 10, 11, 12, 13, 14, 15, 16, 17, 18, 19, 20, 21, 22, 23, 24, 25, 26, 27, 28, 29]
[2026-05-19 08:27:01] Valid hours for sum: [12, 18, 24, 29]
[2026-05-19 08:27:03] Drought composite end date: 2018-09-07 06:00:00
[2026-05-19 08:27:03] Land cover year: 2017
[2026-05-19 08:27:04] VIIRS Veg composite: 2018-07-12 → 2018-07-28
[2026-05-19 08:27:08] Started export task: fire_211_dynamic_2018-09-08
[2026-05-19 08:27:08] ------ Processing date=2018-09-09 ------
[2026-05-19 08:27:08] Using viirs_af_path: viirs_af_path
[2026-05-19 08:27:08] VIIRS Image Date: ['2018-09-09 00:00:00']
[2026-05-19 08:27:09] Weather image size: 1
[2026-05-19 08:27:09] Forecast duration: 2018-09-10 00:00:00 to 2018-09-11 00:00:00
[2026-05-19 08:27:09] Number of forecast images: 24
[2026-05-19 08:27:09] Using forecast run: 2018-09-09 18:00:00 UTC
[2026-05-19 08:27:10] Forecast Rain Available hours: [6, 7, 8, 9, 10, 11, 12, 13, 14, 15, 16, 17, 18, 19, 20, 21, 22, 23, 24, 25, 26, 27, 28, 29]
[2026-05-19 08:27:10] Valid hours for sum: [12, 18, 24, 29]
[2026-05-19 08:27:12] Drought composite end date: 2018-09-07 06:00:00
[2026-05-19 08:27:12] Land cover year: 2017
[2026-05-19 08:27:14] VIIRS Veg composite: 2018-07-12 → 2018-07-28
[2026-05-19 08:27:17] Started export task: fire_211_dynamic_2018-09-09
[2026-05-19 08:27:17] ------ Processing date=2018-09-10 ------
[2026-05-19 08:27:17] Using viirs_af_path: viirs_af_path
[2026-05-19 08:27:17] VIIRS Image Date: ['2018-09-10 00:00:00']
[2026-05-19 08:27:18] Weather image size: 1
[2026-05-19 08:27:18] Forecast duration: 2018-09-11 00:00:00 to 2018-09-12 00:00:00
[2026-05-19 08:27:18] Number of forecast images: 24
[2026-05-19 08:27:18] Using forecast run: 2018-09-10 18:00:00 UTC
[2026-05-19 08:27:19] Forecast Rain Available hours: [6, 7, 8, 9, 10, 11, 12, 13, 14, 15, 16, 17, 18, 19, 20, 21, 22, 23, 24, 25, 26, 27, 28, 29]
[2026-05-19 08:27:19] Valid hours for sum: [12, 18, 24, 29]
[2026-05-19 08:27:20] Drought composite end date: 2018-09-07 06:00:00
[2026-05-19 08:27:20] Land cover year: 2017
[2026-05-19 08:27:21] VIIRS Veg composite: 2018-07-12 → 2018-07-28
[2026-05-19 08:27:24] Started export task: fire_211_dynamic_2018-09-10
[2026-05-19 08:27:25] ------ Processing date=2018-09-11 ------
[2026-05-19 08:27:25] Using viirs_af_path: viirs_af_path
[2026-05-19 08:27:25] VIIRS Image Date: ['2018-09-11 00:00:00']
[2026-05-19 08:27:25] Weather image size: 1
[2026-05-19 08:27:25] Forecast duration: 2018-09-12 00:00:00 to 2018-09-13 00:00:00
[2026-05-19 08:27:26] Number of forecast images: 24
[2026-05-19 08:27:26] Using forecast run: 2018-09-11 18:00:00 UTC
[2026-05-19 08:27:26] Forecast Rain Available hours: [6, 7, 8, 9, 10, 11, 12, 13, 14, 15, 16, 17, 18, 19, 20, 21, 22, 23, 24, 25, 26, 27, 28, 29]
[2026-05-19 08:27:26] Valid hours for sum: [12, 18, 24, 29]
[2026-05-19 08:27:29] Drought composite end date: 2018-09-07 06:00:00
[2026-05-19 08:27:29] Land cover year: 2017
[2026-05-19 08:27:30] VIIRS Veg composite: 2018-07-12 → 2018-07-28
[2026-05-19 08:27:32] Started export task: fire_211_dynamic_2018-09-11
[2026-05-19 08:27:33] ------ Processing date=2018-09-12 ------
[2026-05-19 08:27:33] Using viirs_af_path: viirs_af_path
[2026-05-19 08:27:33] VIIRS Image Date: ['2018-09-12 00:00:00']
[2026-05-19 08:27:33] Weather image size: 1
[2026-05-19 08:27:33] Forecast duration: 2018-09-13 00:00:00 to 2018-09-14 00:00:00
[2026-05-19 08:27:34] Number of forecast images: 24
[2026-05-19 08:27:34] Using forecast run: 2018-09-12 18:00:00 UTC
[2026-05-19 08:27:34] Forecast Rain Available hours: [6, 7, 8, 9, 10, 11, 12, 13, 14, 15, 16, 17, 18, 19, 20, 21, 22, 23, 24, 25, 26, 27, 28, 29]
[2026-05-19 08:27:34] Valid hours for sum: [12, 18, 24, 29]
[2026-05-19 08:27:36] Drought composite end date: 2018-09-07 06:00:00
[2026-05-19 08:27:37] Land cover year: 2017
[2026-05-19 08:27:37] VIIRS Veg composite: 2018-07-12 → 2018-07-28
[2026-05-19 08:27:41] Started export task: fire_211_dynamic_2018-09-12
[2026-05-19 08:27:41] ------ Processing date=2018-09-13 ------
[2026-05-19 08:27:41] Using viirs_af_path: viirs_af_path
[2026-05-19 08:27:42] VIIRS Image Date: ['2018-09-13 00:00:00']
[2026-05-19 08:27:42] Weather image size: 1
[2026-05-19 08:27:42] Forecast duration: 2018-09-14 00:00:00 to 2018-09-15 00:00:00
[2026-05-19 08:27:43] Number of forecast images: 24
[2026-05-19 08:27:43] Using forecast run: 2018-09-13 18:00:00 UTC
[2026-05-19 08:27:43] Forecast Rain Available hours: [6, 7, 8, 9, 10, 11, 12, 13, 14, 15, 16, 17, 18, 19, 20, 21, 22, 23, 24, 25, 26, 27, 28, 29]
[2026-05-19 08:27:43] Valid hours for sum: [12, 18, 24, 29]
[2026-05-19 08:27:45] Drought composite end date: 2018-09-12 06:00:00
[2026-05-19 08:27:46] Land cover year: 2017
[2026-05-19 08:27:46] VIIRS Veg composite: 2018-07-12 → 2018-07-28
[2026-05-19 08:27:50] Started export task: fire_211_dynamic_2018-09-13
[2026-05-19 08:27:51] ------ Processing date=2018-09-14 ------
[2026-05-19 08:27:51] Using viirs_af_path: viirs_af_path
[2026-05-19 08:27:51] VIIRS Image Date: ['2018-09-14 00:00:00']
[2026-05-19 08:27:51] Weather image size: 1
[2026-05-19 08:27:51] Forecast duration: 2018-09-15 00:00:00 to 2018-09-16 00:00:00
[2026-05-19 08:27:52] Number of forecast images: 24
[2026-05-19 08:27:52] Using forecast run: 2018-09-14 18:00:00 UTC
[2026-05-19 08:27:53] Forecast Rain Available hours: [6, 7, 8, 9, 10, 11, 12, 13, 14, 15, 16, 17, 18, 19, 20, 21, 22, 23, 24, 25, 26, 27, 28, 29]
[2026-05-19 08:27:53] Valid hours for sum: [12, 18, 24, 29]
[2026-05-19 08:27:54] Drought composite end date: 2018-09-12 06:00:00
[2026-05-19 08:27:55] Land cover year: 2017
[2026-05-19 08:27:56] VIIRS Veg composite: 2018-07-12 → 2018-07-28
[2026-05-19 08:27:59] Started export task: fire_211_dynamic_2018-09-14
[2026-05-19 08:28:00] END: ----------Event fire_211----------- (Duration: 9.02m)
[2026-05-19 08:28:00] ========= Run finished. ========= 

[2026-05-19 08:28:00] Success count: 1
[2026-05-19 08:28:00] Failure count: 0
[2026-05-19 08:28:00] END: Dataset Creation Run (Duration: 9.06m)