[2026-05-19 08:40:37] START: Dataset Creation Run
[2026-05-19 08:40:37] Loading config from /Users/rabinatwayana/2_CDE_MT/CL/CDE_Master_Thesis_Wildfire_CL/dataset_creation/output_events_yaml/manual_selected_events_2022.yaml
[2026-05-19 08:40:37] Using key file: key/gcloud_key.json
[2026-05-19 08:40:37] Using service account: None
[2026-05-19 08:40:37] Using VIIRS AF asset path: projects/wsts-dataset-creation/assets/viirs_snpp_fire_archive_jun2016_apr2026
[2026-05-19 08:40:37] START: Earth Engine Initialization
[2026-05-19 08:40:39] VIIRS AF asset accessible: projects/wsts-dataset-creation/assets/viirs_snpp_fire_archive_jun2016_apr2026
[2026-05-19 08:40:39] END: Earth Engine Initialization (Duration: 1.72s)
[2026-05-19 08:40:39] Total fire events to process: 1
[2026-05-19 08:40:39] =======Config=============
[2026-05-19 08:40:39] output_bucket: wsts_dataset
[2026-05-19 08:40:39] global_degree_bbox_size: 1.0
[2026-05-19 08:40:39] year: 2022
[2026-05-19 08:40:39] export_crs: EPSG:5070
[2026-05-19 08:40:39] export_resolution: 375
[2026-05-19 08:40:39] pre_buffer_days: 8
[2026-05-19 08:40:39] post_buffer_days: 2
[2026-05-19 08:40:39] START: ----------Event fire_158-----------
[2026-05-19 08:40:39] ------ Processing date=2022-07-08 ------
[2026-05-19 08:40:39] Using viirs_af_path: viirs_af_path
[2026-05-19 08:40:39] VIIRS Image Date: ['2022-07-08 00:00:00']
[2026-05-19 08:40:40] Weather image size: 1
[2026-05-19 08:40:40] Forecast duration: 2022-07-09 00:00:00 to 2022-07-10 00:00:00
[2026-05-19 08:40:41] Number of forecast images: 24
[2026-05-19 08:40:41] Using forecast run: 2022-07-08 18:00:00 UTC
[2026-05-19 08:40:41] Forecast Rain Available hours: [6, 7, 8, 9, 10, 11, 12, 13, 14, 15, 16, 17, 18, 19, 20, 21, 22, 23, 24, 25, 26, 27, 28, 29]
[2026-05-19 08:40:41] Valid hours for sum: [12, 18, 24, 29]
[2026-05-19 08:40:43] Drought composite end date: 2022-07-04 06:00:00
[2026-05-19 08:40:43] Land cover year: 2021
[2026-05-19 08:40:44] VIIRS Veg composite: 2022-06-26 → 2022-07-12
[2026-05-19 08:40:49] Started export task: fire_158_static
[2026-05-19 08:40:49] Started export task: fire_158_dynamic_2022-07-08
[2026-05-19 08:40:49] ------ Processing date=2022-07-09 ------
[2026-05-19 08:40:49] Using viirs_af_path: viirs_af_path
[2026-05-19 08:40:50] VIIRS Image Date: ['2022-07-09 00:00:00']
[2026-05-19 08:40:51] Weather image size: 1
[2026-05-19 08:40:51] Forecast duration: 2022-07-10 00:00:00 to 2022-07-11 00:00:00
[2026-05-19 08:40:52] Number of forecast images: 24
[2026-05-19 08:40:52] Using forecast run: 2022-07-09 18:00:00 UTC
[2026-05-19 08:40:52] Forecast Rain Available hours: [6, 7, 8, 9, 10, 11, 12, 13, 14, 15, 16, 17, 18, 19, 20, 21, 22, 23, 24, 25, 26, 27, 28, 29]
[2026-05-19 08:40:52] Valid hours for sum: [12, 18, 24, 29]
[2026-05-19 08:40:54] Drought composite end date: 2022-07-04 06:00:00
[2026-05-19 08:40:55] Land cover year: 2021
[2026-05-19 08:40:55] VIIRS Veg composite: 2022-06-26 → 2022-07-12
[2026-05-19 08:41:00] Started export task: fire_158_dynamic_2022-07-09
[2026-05-19 08:41:01] ------ Processing date=2022-07-10 ------
[2026-05-19 08:41:01] Using viirs_af_path: viirs_af_path
[2026-05-19 08:41:01] VIIRS Image Date: ['2022-07-10 00:00:00']
[2026-05-19 08:41:01] Weather image size: 1
[2026-05-19 08:41:01] Forecast duration: 2022-07-11 00:00:00 to 2022-07-12 00:00:00
[2026-05-19 08:41:02] Number of forecast images: 24
[2026-05-19 08:41:02] Using forecast run: 2022-07-10 18:00:00 UTC
[2026-05-19 08:41:03] Forecast Rain Available hours: [6, 7, 8, 9, 10, 11, 12, 13, 14, 15, 16, 17, 18, 19, 20, 21, 22, 23, 24, 25, 26, 27, 28, 29]
[2026-05-19 08:41:03] Valid hours for sum: [12, 18, 24, 29]
[2026-05-19 08:41:05] Drought composite end date: 2022-07-09 06:00:00
[2026-05-19 08:41:05] Land cover year: 2021
[2026-05-19 08:41:06] VIIRS Veg composite: 2022-06-26 → 2022-07-12
[2026-05-19 08:41:10] Started export task: fire_158_dynamic_2022-07-10
[2026-05-19 08:41:10] ------ Processing date=2022-07-11 ------
[2026-05-19 08:41:10] Using viirs_af_path: viirs_af_path
[2026-05-19 08:41:11] VIIRS Image Date: ['2022-07-11 00:00:00']
[2026-05-19 08:41:11] Weather image size: 1
[2026-05-19 08:41:11] Forecast duration: 2022-07-12 00:00:00 to 2022-07-13 00:00:00
[2026-05-19 08:41:12] Number of forecast images: 24
[2026-05-19 08:41:12] Using forecast run: 2022-07-11 18:00:00 UTC
[2026-05-19 08:41:12] Forecast Rain Available hours: [6, 7, 8, 9, 10, 11, 12, 13, 14, 15, 16, 17, 18, 19, 20, 21, 22, 23, 24, 25, 26, 27, 28, 29]
[2026-05-19 08:41:12] Valid hours for sum: [12, 18, 24, 29]
[2026-05-19 08:41:14] Drought composite end date: 2022-07-09 06:00:00
[2026-05-19 08:41:14] Land cover year: 2021
[2026-05-19 08:41:15] VIIRS Veg composite: 2022-06-26 → 2022-07-12
[2026-05-19 08:41:19] Started export task: fire_158_dynamic_2022-07-11
[2026-05-19 08:41:20] ------ Processing date=2022-07-12 ------
[2026-05-19 08:41:20] Using viirs_af_path: viirs_af_path
[2026-05-19 08:41:20] VIIRS Image Date: ['2022-07-12 00:00:00']
[2026-05-19 08:41:20] Weather image size: 1
[2026-05-19 08:41:20] Forecast duration: 2022-07-13 00:00:00 to 2022-07-14 00:00:00
[2026-05-19 08:41:22] Number of forecast images: 24
[2026-05-19 08:41:22] Using forecast run: 2022-07-12 18:00:00 UTC
[2026-05-19 08:41:22] Forecast Rain Available hours: [6, 7, 8, 9, 10, 11, 12, 13, 14, 15, 16, 17, 18, 19, 20, 21, 22, 23, 24, 25, 26, 27, 28, 29]
[2026-05-19 08:41:22] Valid hours for sum: [12, 18, 24, 29]
[2026-05-19 08:41:24] Drought composite end date: 2022-07-09 06:00:00
[2026-05-19 08:41:24] Land cover year: 2021
[2026-05-19 08:41:25] VIIRS Veg composite: 2022-06-26 → 2022-07-12
[2026-05-19 08:41:29] Started export task: fire_158_dynamic_2022-07-12
[2026-05-19 08:41:30] ------ Processing date=2022-07-13 ------
[2026-05-19 08:41:30] Using viirs_af_path: viirs_af_path
[2026-05-19 08:41:30] VIIRS Image Date: ['2022-07-13 00:00:00']
[2026-05-19 08:41:30] Weather image size: 1
[2026-05-19 08:41:30] Forecast duration: 2022-07-14 00:00:00 to 2022-07-15 00:00:00
[2026-05-19 08:41:32] Number of forecast images: 24
[2026-05-19 08:41:32] Using forecast run: 2022-07-13 18:00:00 UTC
[2026-05-19 08:41:32] Forecast Rain Available hours: [6, 7, 8, 9, 10, 11, 12, 13, 14, 15, 16, 17, 18, 19, 20, 21, 22, 23, 24, 25, 26, 27, 28, 29]
[2026-05-19 08:41:32] Valid hours for sum: [12, 18, 24, 29]
[2026-05-19 08:41:34] Drought composite end date: 2022-07-09 06:00:00
[2026-05-19 08:41:34] Land cover year: 2021
[2026-05-19 08:41:35] VIIRS Veg composite: 2022-06-26 → 2022-07-12
[2026-05-19 08:41:38] Started export task: fire_158_dynamic_2022-07-13
[2026-05-19 08:41:39] ------ Processing date=2022-07-14 ------
[2026-05-19 08:41:39] Using viirs_af_path: viirs_af_path
[2026-05-19 08:41:39] VIIRS Image Date: ['2022-07-14 00:00:00']
[2026-05-19 08:41:39] Weather image size: 1
[2026-05-19 08:41:39] Forecast duration: 2022-07-15 00:00:00 to 2022-07-16 00:00:00
[2026-05-19 08:41:40] Number of forecast images: 24
[2026-05-19 08:41:40] Using forecast run: 2022-07-14 18:00:00 UTC
[2026-05-19 08:41:40] Forecast Rain Available hours: [6, 7, 8, 9, 10, 11, 12, 13, 14, 15, 16, 17, 18, 19, 20, 21, 22, 23, 24, 25, 26, 27, 28, 29]
[2026-05-19 08:41:40] Valid hours for sum: [12, 18, 24, 29]
[2026-05-19 08:41:42] Drought composite end date: 2022-07-09 06:00:00
[2026-05-19 08:41:43] Land cover year: 2021
[2026-05-19 08:41:44] VIIRS Veg composite: 2022-06-26 → 2022-07-12
[2026-05-19 08:41:47] Started export task: fire_158_dynamic_2022-07-14
[2026-05-19 08:41:48] ------ Processing date=2022-07-15 ------
[2026-05-19 08:41:48] Using viirs_af_path: viirs_af_path
[2026-05-19 08:41:48] VIIRS Image Date: ['2022-07-15 00:00:00']
[2026-05-19 08:41:48] Weather image size: 1
[2026-05-19 08:41:48] Forecast duration: 2022-07-16 00:00:00 to 2022-07-17 00:00:00
[2026-05-19 08:41:49] Number of forecast images: 24
[2026-05-19 08:41:49] Using forecast run: 2022-07-15 18:00:00 UTC
[2026-05-19 08:41:50] Forecast Rain Available hours: [6, 7, 8, 9, 10, 11, 12, 13, 14, 15, 16, 17, 18, 19, 20, 21, 22, 23, 24, 25, 26, 27, 28, 29]
[2026-05-19 08:41:50] Valid hours for sum: [12, 18, 24, 29]
[2026-05-19 08:41:52] Drought composite end date: 2022-07-14 06:00:00
[2026-05-19 08:41:52] Land cover year: 2021
[2026-05-19 08:41:54] VIIRS Veg composite: 2022-06-26 → 2022-07-12
[2026-05-19 08:41:58] Started export task: fire_158_dynamic_2022-07-15
[2026-05-19 08:41:58] ------ Processing date=2022-07-16 ------
[2026-05-19 08:41:58] Using viirs_af_path: viirs_af_path
[2026-05-19 08:41:59] VIIRS Image Date: ['2022-07-16 00:00:00']
[2026-05-19 08:41:59] Weather image size: 1
[2026-05-19 08:41:59] Forecast duration: 2022-07-17 00:00:00 to 2022-07-18 00:00:00
[2026-05-19 08:42:00] Number of forecast images: 24
[2026-05-19 08:42:00] Using forecast run: 2022-07-16 18:00:00 UTC
[2026-05-19 08:42:01] Forecast Rain Available hours: [6, 7, 8, 9, 10, 11, 12, 13, 14, 15, 16, 17, 18, 19, 20, 21, 22, 23, 24, 25, 26, 27, 28, 29]
[2026-05-19 08:42:01] Valid hours for sum: [12, 18, 24, 29]
[2026-05-19 08:42:02] Drought composite end date: 2022-07-14 06:00:00
[2026-05-19 08:42:03] Land cover year: 2021
[2026-05-19 08:42:03] VIIRS Veg composite: 2022-06-26 → 2022-07-12
[2026-05-19 08:42:07] Started export task: fire_158_dynamic_2022-07-16
[2026-05-19 08:42:07] ------ Processing date=2022-07-17 ------
[2026-05-19 08:42:07] Using viirs_af_path: viirs_af_path
[2026-05-19 08:42:07] VIIRS Image Date: ['2022-07-17 00:00:00']
[2026-05-19 08:42:08] Weather image size: 1
[2026-05-19 08:42:08] Forecast duration: 2022-07-18 00:00:00 to 2022-07-19 00:00:00
[2026-05-19 08:42:08] Number of forecast images: 24
[2026-05-19 08:42:08] Using forecast run: 2022-07-17 18:00:00 UTC
[2026-05-19 08:42:09] Forecast Rain Available hours: [6, 7, 8, 9, 10, 11, 12, 13, 14, 15, 16, 17, 18, 19, 20, 21, 22, 23, 24, 25, 26, 27, 28, 29]
[2026-05-19 08:42:09] Valid hours for sum: [12, 18, 24, 29]
[2026-05-19 08:42:10] Drought composite end date: 2022-07-14 06:00:00
[2026-05-19 08:42:11] Land cover year: 2021
[2026-05-19 08:42:12] VIIRS Veg composite: 2022-06-26 → 2022-07-12
[2026-05-19 08:42:15] Started export task: fire_158_dynamic_2022-07-17
[2026-05-19 08:42:16] ------ Processing date=2022-07-18 ------
[2026-05-19 08:42:16] Using viirs_af_path: viirs_af_path
[2026-05-19 08:42:16] VIIRS Image Date: ['2022-07-18 00:00:00']
[2026-05-19 08:42:16] Weather image size: 1
[2026-05-19 08:42:16] Forecast duration: 2022-07-19 00:00:00 to 2022-07-20 00:00:00
[2026-05-19 08:42:17] Number of forecast images: 24
[2026-05-19 08:42:17] Using forecast run: 2022-07-18 18:00:00 UTC
[2026-05-19 08:42:17] Forecast Rain Available hours: [6, 7, 8, 9, 10, 11, 12, 13, 14, 15, 16, 17, 18, 19, 20, 21, 22, 23, 24, 25, 26, 27, 28, 29]
[2026-05-19 08:42:17] Valid hours for sum: [12, 18, 24, 29]
[2026-05-19 08:42:19] Drought composite end date: 2022-07-14 06:00:00
[2026-05-19 08:42:19] Land cover year: 2021
[2026-05-19 08:42:21] VIIRS Veg composite: 2022-06-26 → 2022-07-12
[2026-05-19 08:42:24] Started export task: fire_158_dynamic_2022-07-18
[2026-05-19 08:42:25] ------ Processing date=2022-07-19 ------
[2026-05-19 08:42:25] Using viirs_af_path: viirs_af_path
[2026-05-19 08:42:25] VIIRS Image Date: ['2022-07-19 00:00:00']
[2026-05-19 08:42:25] Weather image size: 1
[2026-05-19 08:42:25] Forecast duration: 2022-07-20 00:00:00 to 2022-07-21 00:00:00
[2026-05-19 08:42:26] Number of forecast images: 24
[2026-05-19 08:42:26] Using forecast run: 2022-07-19 18:00:00 UTC
[2026-05-19 08:42:27] Forecast Rain Available hours: [6, 7, 8, 9, 10, 11, 12, 13, 14, 15, 16, 17, 18, 19, 20, 21, 22, 23, 24, 25, 26, 27, 28, 29]
[2026-05-19 08:42:27] Valid hours for sum: [12, 18, 24, 29]
[2026-05-19 08:42:29] Drought composite end date: 2022-07-14 06:00:00
[2026-05-19 08:42:29] Land cover year: 2021
[2026-05-19 08:42:30] VIIRS Veg composite: 2022-06-26 → 2022-07-12
[2026-05-19 08:42:35] Started export task: fire_158_dynamic_2022-07-19
[2026-05-19 08:42:35] ------ Processing date=2022-07-20 ------
[2026-05-19 08:42:35] Using viirs_af_path: viirs_af_path
[2026-05-19 08:42:35] VIIRS Image Date: ['2022-07-20 00:00:00']
[2026-05-19 08:42:36] Weather image size: 1
[2026-05-19 08:42:36] Forecast duration: 2022-07-21 00:00:00 to 2022-07-22 00:00:00
[2026-05-19 08:42:37] Number of forecast images: 24
[2026-05-19 08:42:37] Using forecast run: 2022-07-20 18:00:00 UTC
[2026-05-19 08:42:37] Forecast Rain Available hours: [6, 7, 8, 9, 10, 11, 12, 13, 14, 15, 16, 17, 18, 19, 20, 21, 22, 23, 24, 25, 26, 27, 28, 29]
[2026-05-19 08:42:37] Valid hours for sum: [12, 18, 24, 29]
[2026-05-19 08:42:39] Drought composite end date: 2022-07-19 06:00:00
[2026-05-19 08:42:39] Land cover year: 2021
[2026-05-19 08:42:40] VIIRS Veg composite: 2022-06-26 → 2022-07-12
[2026-05-19 08:42:43] Started export task: fire_158_dynamic_2022-07-20
[2026-05-19 08:42:44] ------ Processing date=2022-07-21 ------
[2026-05-19 08:42:44] Using viirs_af_path: viirs_af_path
[2026-05-19 08:42:44] VIIRS Image Date: ['2022-07-21 00:00:00']
[2026-05-19 08:42:44] Weather image size: 1
[2026-05-19 08:42:44] Forecast duration: 2022-07-22 00:00:00 to 2022-07-23 00:00:00
[2026-05-19 08:42:45] Number of forecast images: 24
[2026-05-19 08:42:45] Using forecast run: 2022-07-21 18:00:00 UTC
[2026-05-19 08:42:45] Forecast Rain Available hours: [6, 7, 8, 9, 10, 11, 12, 13, 14, 15, 16, 17, 18, 19, 20, 21, 22, 23, 24, 25, 26, 27, 28, 29]
[2026-05-19 08:42:45] Valid hours for sum: [12, 18, 24, 29]
[2026-05-19 08:42:47] Drought composite end date: 2022-07-19 06:00:00
[2026-05-19 08:42:48] Land cover year: 2021
[2026-05-19 08:42:49] VIIRS Veg composite: 2022-06-26 → 2022-07-12
[2026-05-19 08:42:51] Started export task: fire_158_dynamic_2022-07-21
[2026-05-19 08:42:52] ------ Processing date=2022-07-22 ------
[2026-05-19 08:42:52] Using viirs_af_path: viirs_af_path
[2026-05-19 08:42:52] VIIRS Image Date: ['2022-07-22 00:00:00']
[2026-05-19 08:42:52] Weather image size: 1
[2026-05-19 08:42:52] Forecast duration: 2022-07-23 00:00:00 to 2022-07-24 00:00:00
[2026-05-19 08:42:53] Number of forecast images: 24
[2026-05-19 08:42:53] Using forecast run: 2022-07-22 18:00:00 UTC
[2026-05-19 08:42:53] Forecast Rain Available hours: [6, 7, 8, 9, 10, 11, 12, 13, 14, 15, 16, 17, 18, 19, 20, 21, 22, 23, 24, 25, 26, 27, 28, 29]
[2026-05-19 08:42:53] Valid hours for sum: [12, 18, 24, 29]
[2026-05-19 08:42:55] Drought composite end date: 2022-07-19 06:00:00
[2026-05-19 08:42:55] Land cover year: 2021
[2026-05-19 08:42:56] VIIRS Veg composite: 2022-06-26 → 2022-07-12
[2026-05-19 08:43:00] Started export task: fire_158_dynamic_2022-07-22
[2026-05-19 08:43:00] ------ Processing date=2022-07-23 ------
[2026-05-19 08:43:00] Using viirs_af_path: viirs_af_path
[2026-05-19 08:43:01] VIIRS Image Date: ['2022-07-23 00:00:00']
[2026-05-19 08:43:01] Weather image size: 1
[2026-05-19 08:43:01] Forecast duration: 2022-07-24 00:00:00 to 2022-07-25 00:00:00
[2026-05-19 08:43:02] Number of forecast images: 24
[2026-05-19 08:43:02] Using forecast run: 2022-07-23 18:00:00 UTC
[2026-05-19 08:43:02] Forecast Rain Available hours: [6, 7, 8, 9, 10, 11, 12, 13, 14, 15, 16, 17, 18, 19, 20, 21, 22, 23, 24, 25, 26, 27, 28, 29]
[2026-05-19 08:43:02] Valid hours for sum: [12, 18, 24, 29]
[2026-05-19 08:43:04] Drought composite end date: 2022-07-19 06:00:00
[2026-05-19 08:43:04] Land cover year: 2021
[2026-05-19 08:43:05] VIIRS Veg composite: 2022-06-26 → 2022-07-12
[2026-05-19 08:43:09] Started export task: fire_158_dynamic_2022-07-23
[2026-05-19 08:43:09] ------ Processing date=2022-07-24 ------
[2026-05-19 08:43:09] Using viirs_af_path: viirs_af_path
[2026-05-19 08:43:09] VIIRS Image Date: ['2022-07-24 00:00:00']
[2026-05-19 08:43:10] Weather image size: 1
[2026-05-19 08:43:10] Forecast duration: 2022-07-25 00:00:00 to 2022-07-26 00:00:00
[2026-05-19 08:43:10] Number of forecast images: 24
[2026-05-19 08:43:10] Using forecast run: 2022-07-24 18:00:00 UTC
[2026-05-19 08:43:11] Forecast Rain Available hours: [6, 7, 8, 9, 10, 11, 12, 13, 14, 15, 16, 17, 18, 19, 20, 21, 22, 23, 24, 25, 26, 27, 28, 29]
[2026-05-19 08:43:11] Valid hours for sum: [12, 18, 24, 29]
[2026-05-19 08:43:12] Drought composite end date: 2022-07-19 06:00:00
[2026-05-19 08:43:12] Land cover year: 2021
[2026-05-19 08:43:13] VIIRS Veg composite: 2022-06-26 → 2022-07-12
[2026-05-19 08:43:17] Started export task: fire_158_dynamic_2022-07-24
[2026-05-19 08:43:18] ------ Processing date=2022-07-25 ------
[2026-05-19 08:43:18] Using viirs_af_path: viirs_af_path
[2026-05-19 08:43:18] VIIRS Image Date: ['2022-07-25 00:00:00']
[2026-05-19 08:43:18] Weather image size: 1
[2026-05-19 08:43:18] Forecast duration: 2022-07-26 00:00:00 to 2022-07-27 00:00:00
[2026-05-19 08:43:19] Number of forecast images: 24
[2026-05-19 08:43:19] Using forecast run: 2022-07-25 18:00:00 UTC
[2026-05-19 08:43:20] Forecast Rain Available hours: [6, 7, 8, 9, 10, 11, 12, 13, 14, 15, 16, 17, 18, 19, 20, 21, 22, 23, 24, 25, 26, 27, 28, 29]
[2026-05-19 08:43:20] Valid hours for sum: [12, 18, 24, 29]
[2026-05-19 08:43:21] Drought composite end date: 2022-07-24 06:00:00
[2026-05-19 08:43:21] Land cover year: 2021
[2026-05-19 08:43:22] VIIRS Veg composite: 2022-06-26 → 2022-07-12
[2026-05-19 08:43:25] Started export task: fire_158_dynamic_2022-07-25
[2026-05-19 08:43:26] ------ Processing date=2022-07-26 ------
[2026-05-19 08:43:26] Using viirs_af_path: viirs_af_path
[2026-05-19 08:43:26] VIIRS Image Date: ['2022-07-26 00:00:00']
[2026-05-19 08:43:26] Weather image size: 1
[2026-05-19 08:43:26] Forecast duration: 2022-07-27 00:00:00 to 2022-07-28 00:00:00
[2026-05-19 08:43:27] Number of forecast images: 24
[2026-05-19 08:43:27] Using forecast run: 2022-07-26 18:00:00 UTC
[2026-05-19 08:43:27] Forecast Rain Available hours: [6, 7, 8, 9, 10, 11, 12, 13, 14, 15, 16, 17, 18, 19, 20, 21, 22, 23, 24, 25, 26, 27, 28, 29]
[2026-05-19 08:43:27] Valid hours for sum: [12, 18, 24, 29]
[2026-05-19 08:43:29] Drought composite end date: 2022-07-24 06:00:00
[2026-05-19 08:43:29] Land cover year: 2021
[2026-05-19 08:43:30] VIIRS Veg composite: 2022-06-26 → 2022-07-12
[2026-05-19 08:43:33] Started export task: fire_158_dynamic_2022-07-26
[2026-05-19 08:43:33] ------ Processing date=2022-07-27 ------
[2026-05-19 08:43:33] Using viirs_af_path: viirs_af_path
[2026-05-19 08:43:33] VIIRS Image Date: []
[2026-05-19 08:43:33] *** ERROR FLAG ***: VIIRS: no data for 2022-07-27, attempting interpolation...
[2026-05-19 08:43:36] *** ERROR FLAG ***: VIIRS: no valid image within 10 days AFTER 2022-07-27 → assigning zeros
[2026-05-19 08:43:36] Weather image size: 1
[2026-05-19 08:43:36] Forecast duration: 2022-07-28 00:00:00 to 2022-07-29 00:00:00
[2026-05-19 08:43:37] Number of forecast images: 24
[2026-05-19 08:43:37] Using forecast run: 2022-07-27 18:00:00 UTC
[2026-05-19 08:43:37] Forecast Rain Available hours: [6, 7, 8, 9, 10, 11, 12, 13, 14, 15, 16, 17, 18, 19, 20, 21, 22, 23, 24, 25, 26, 27, 28, 29]
[2026-05-19 08:43:37] Valid hours for sum: [12, 18, 24, 29]
[2026-05-19 08:43:39] Drought composite end date: 2022-07-24 06:00:00
[2026-05-19 08:43:39] Land cover year: 2021
[2026-05-19 08:43:40] VIIRS Veg composite: 2022-06-26 → 2022-07-12
[2026-05-19 08:43:44] Started export task: fire_158_dynamic_2022-07-27
[2026-05-19 08:43:45] ------ Processing date=2022-07-28 ------
[2026-05-19 08:43:45] Using viirs_af_path: viirs_af_path
[2026-05-19 08:43:45] VIIRS Image Date: []
[2026-05-19 08:43:45] *** ERROR FLAG ***: VIIRS: no data for 2022-07-28, attempting interpolation...
[2026-05-19 08:43:48] *** ERROR FLAG ***: VIIRS: no valid image within 10 days AFTER 2022-07-28 → assigning zeros
[2026-05-19 08:43:48] Weather image size: 1
[2026-05-19 08:43:48] Forecast duration: 2022-07-29 00:00:00 to 2022-07-30 00:00:00
[2026-05-19 08:43:49] Number of forecast images: 24
[2026-05-19 08:43:49] Using forecast run: 2022-07-28 18:00:00 UTC
[2026-05-19 08:43:49] Forecast Rain Available hours: [6, 7, 8, 9, 10, 11, 12, 13, 14, 15, 16, 17, 18, 19, 20, 21, 22, 23, 24, 25, 26, 27, 28, 29]
[2026-05-19 08:43:49] Valid hours for sum: [12, 18, 24, 29]
[2026-05-19 08:43:51] Drought composite end date: 2022-07-24 06:00:00
[2026-05-19 08:43:52] Land cover year: 2021
[2026-05-19 08:43:52] VIIRS Veg composite: 2022-06-26 → 2022-07-12
[2026-05-19 08:43:57] Started export task: fire_158_dynamic_2022-07-28
[2026-05-19 08:43:57] ------ Processing date=2022-07-29 ------
[2026-05-19 08:43:57] Using viirs_af_path: viirs_af_path
[2026-05-19 08:43:57] VIIRS Image Date: []
[2026-05-19 08:43:57] *** ERROR FLAG ***: VIIRS: no data for 2022-07-29, attempting interpolation...
[2026-05-19 08:44:00] *** ERROR FLAG ***: VIIRS: no valid image within 10 days AFTER 2022-07-29 → assigning zeros
[2026-05-19 08:44:00] Weather image size: 1
[2026-05-19 08:44:00] Forecast duration: 2022-07-30 00:00:00 to 2022-07-31 00:00:00
[2026-05-19 08:44:01] Number of forecast images: 24
[2026-05-19 08:44:01] Using forecast run: 2022-07-29 18:00:00 UTC
[2026-05-19 08:44:02] Forecast Rain Available hours: [6, 7, 8, 9, 10, 11, 12, 13, 14, 15, 16, 17, 18, 19, 20, 21, 22, 23, 24, 25, 26, 27, 28, 29]
[2026-05-19 08:44:02] Valid hours for sum: [12, 18, 24, 29]
[2026-05-19 08:44:03] Drought composite end date: 2022-07-24 06:00:00
[2026-05-19 08:44:03] Land cover year: 2021
[2026-05-19 08:44:04] VIIRS Veg composite: 2022-06-26 → 2022-07-12
[2026-05-19 08:44:08] Started export task: fire_158_dynamic_2022-07-29
[2026-05-19 08:44:08] ------ Processing date=2022-07-30 ------
[2026-05-19 08:44:08] Using viirs_af_path: viirs_af_path
[2026-05-19 08:44:08] VIIRS Image Date: []
[2026-05-19 08:44:08] *** ERROR FLAG ***: VIIRS: no data for 2022-07-30, attempting interpolation...
[2026-05-19 08:44:12] *** ERROR FLAG ***: VIIRS: no valid image within 10 days AFTER 2022-07-30 → assigning zeros
[2026-05-19 08:44:12] Weather image size: 1
[2026-05-19 08:44:12] Forecast duration: 2022-07-31 00:00:00 to 2022-08-01 00:00:00
[2026-05-19 08:44:17] Number of forecast images: 24
[2026-05-19 08:44:17] Using forecast run: 2022-07-30 18:00:00 UTC
[2026-05-19 08:44:17] Forecast Rain Available hours: [6, 7, 8, 9, 10, 11, 12, 13, 14, 15, 16, 17, 18, 19, 20, 21, 22, 23, 24, 25, 26, 27, 28, 29]
[2026-05-19 08:44:17] Valid hours for sum: [12, 18, 24, 29]
[2026-05-19 08:44:19] Drought composite end date: 2022-07-29 06:00:00
[2026-05-19 08:44:19] Land cover year: 2021
[2026-05-19 08:44:20] VIIRS Veg composite: 2022-06-26 → 2022-07-12
[2026-05-19 08:44:23] Started export task: fire_158_dynamic_2022-07-30
[2026-05-19 08:44:24] ------ Processing date=2022-07-31 ------
[2026-05-19 08:44:24] Using viirs_af_path: viirs_af_path
[2026-05-19 08:44:24] VIIRS Image Date: []
[2026-05-19 08:44:24] *** ERROR FLAG ***: VIIRS: no data for 2022-07-31, attempting interpolation...
[2026-05-19 08:44:28] *** ERROR FLAG ***: VIIRS: no valid image within 10 days AFTER 2022-07-31 → assigning zeros
[2026-05-19 08:44:28] Weather image size: 1
[2026-05-19 08:44:28] Forecast duration: 2022-08-01 00:00:00 to 2022-08-02 00:00:00
[2026-05-19 08:44:29] Number of forecast images: 24
[2026-05-19 08:44:29] Using forecast run: 2022-07-31 18:00:00 UTC
[2026-05-19 08:44:30] Forecast Rain Available hours: [6, 7, 8, 9, 10, 11, 12, 13, 14, 15, 16, 17, 18, 19, 20, 21, 22, 23, 24, 25, 26, 27, 28, 29]
[2026-05-19 08:44:30] Valid hours for sum: [12, 18, 24, 29]
[2026-05-19 08:44:31] Drought composite end date: 2022-07-29 06:00:00
[2026-05-19 08:44:32] Land cover year: 2021
[2026-05-19 08:44:32] VIIRS Veg composite: 2022-06-26 → 2022-07-12
[2026-05-19 08:44:37] Started export task: fire_158_dynamic_2022-07-31
[2026-05-19 08:44:37] ------ Processing date=2022-08-01 ------
[2026-05-19 08:44:37] Using viirs_af_path: viirs_af_path
[2026-05-19 08:44:37] VIIRS Image Date: []
[2026-05-19 08:44:37] *** ERROR FLAG ***: VIIRS: no data for 2022-08-01, attempting interpolation...
[2026-05-19 08:44:40] VIIRS interpolation gap: 2022-07-26 → 2022-08-11 (16 days apart)
[2026-05-19 08:44:40] VIIRS interpolated: prev=2022-07-26, next=2022-08-11, weight=0.375
[2026-05-19 08:44:41] Weather image size: 1
[2026-05-19 08:44:41] Forecast duration: 2022-08-02 00:00:00 to 2022-08-03 00:00:00
[2026-05-19 08:44:42] Number of forecast images: 24
[2026-05-19 08:44:42] Using forecast run: 2022-08-01 18:00:00 UTC
[2026-05-19 08:44:42] Forecast Rain Available hours: [6, 7, 8, 9, 10, 11, 12, 13, 14, 15, 16, 17, 18, 19, 20, 21, 22, 23, 24, 25, 26, 27, 28, 29]
[2026-05-19 08:44:42] Valid hours for sum: [12, 18, 24, 29]
[2026-05-19 08:44:45] Drought composite end date: 2022-07-29 06:00:00
[2026-05-19 08:44:46] Land cover year: 2021
[2026-05-19 08:44:46] VIIRS Veg composite: 2022-06-26 → 2022-07-12
[2026-05-19 08:44:49] Started export task: fire_158_dynamic_2022-08-01
[2026-05-19 08:44:50] ------ Processing date=2022-08-02 ------
[2026-05-19 08:44:50] Using viirs_af_path: viirs_af_path
[2026-05-19 08:44:50] VIIRS Image Date: []
[2026-05-19 08:44:50] *** ERROR FLAG ***: VIIRS: no data for 2022-08-02, attempting interpolation...
[2026-05-19 08:44:54] VIIRS interpolation gap: 2022-07-26 → 2022-08-11 (16 days apart)
[2026-05-19 08:44:54] VIIRS interpolated: prev=2022-07-26, next=2022-08-11, weight=0.438
[2026-05-19 08:44:54] Weather image size: 1
[2026-05-19 08:44:54] Forecast duration: 2022-08-03 00:00:00 to 2022-08-04 00:00:00
[2026-05-19 08:44:55] Number of forecast images: 24
[2026-05-19 08:44:55] Using forecast run: 2022-08-02 18:00:00 UTC
[2026-05-19 08:44:55] Forecast Rain Available hours: [6, 7, 8, 9, 10, 11, 12, 13, 14, 15, 16, 17, 18, 19, 20, 21, 22, 23, 24, 25, 26, 27, 28, 29]
[2026-05-19 08:44:55] Valid hours for sum: [12, 18, 24, 29]
[2026-05-19 08:44:58] Drought composite end date: 2022-07-29 06:00:00
[2026-05-19 08:44:58] Land cover year: 2021
[2026-05-19 08:44:59] VIIRS Veg composite: 2022-06-26 → 2022-07-12
[2026-05-19 08:45:04] Started export task: fire_158_dynamic_2022-08-02
[2026-05-19 08:45:04] ------ Processing date=2022-08-03 ------
[2026-05-19 08:45:04] Using viirs_af_path: viirs_af_path
[2026-05-19 08:45:04] VIIRS Image Date: []
[2026-05-19 08:45:04] *** ERROR FLAG ***: VIIRS: no data for 2022-08-03, attempting interpolation...
[2026-05-19 08:45:08] VIIRS interpolation gap: 2022-07-26 → 2022-08-11 (16 days apart)
[2026-05-19 08:45:08] VIIRS interpolated: prev=2022-07-26, next=2022-08-11, weight=0.500
[2026-05-19 08:45:08] Weather image size: 1
[2026-05-19 08:45:08] Forecast duration: 2022-08-04 00:00:00 to 2022-08-05 00:00:00
[2026-05-19 08:45:09] Number of forecast images: 24
[2026-05-19 08:45:09] Using forecast run: 2022-08-03 18:00:00 UTC
[2026-05-19 08:45:09] Forecast Rain Available hours: [6, 7, 8, 9, 10, 11, 12, 13, 14, 15, 16, 17, 18, 19, 20, 21, 22, 23, 24, 25, 26, 27, 28, 29]
[2026-05-19 08:45:09] Valid hours for sum: [12, 18, 24, 29]
[2026-05-19 08:45:11] Drought composite end date: 2022-07-29 06:00:00
[2026-05-19 08:45:11] Land cover year: 2021
[2026-05-19 08:45:12] VIIRS Veg composite: 2022-06-26 → 2022-07-12
[2026-05-19 08:45:15] Started export task: fire_158_dynamic_2022-08-03
[2026-05-19 08:45:15] ------ Processing date=2022-08-04 ------
[2026-05-19 08:45:15] Using viirs_af_path: viirs_af_path
[2026-05-19 08:45:16] VIIRS Image Date: []
[2026-05-19 08:45:16] *** ERROR FLAG ***: VIIRS: no data for 2022-08-04, attempting interpolation...
[2026-05-19 08:45:19] VIIRS interpolation gap: 2022-07-26 → 2022-08-11 (16 days apart)
[2026-05-19 08:45:19] VIIRS interpolated: prev=2022-07-26, next=2022-08-11, weight=0.562
[2026-05-19 08:45:19] Weather image size: 1
[2026-05-19 08:45:19] Forecast duration: 2022-08-05 00:00:00 to 2022-08-06 00:00:00
[2026-05-19 08:45:20] Number of forecast images: 24
[2026-05-19 08:45:20] Using forecast run: 2022-08-04 18:00:00 UTC
[2026-05-19 08:45:21] Forecast Rain Available hours: [6, 7, 8, 9, 10, 11, 12, 13, 14, 15, 16, 17, 18, 19, 20, 21, 22, 23, 24, 25, 26, 27, 28, 29]
[2026-05-19 08:45:21] Valid hours for sum: [12, 18, 24, 29]
[2026-05-19 08:45:23] Drought composite end date: 2022-08-03 06:00:00
[2026-05-19 08:45:23] Land cover year: 2021
[2026-05-19 08:45:24] VIIRS Veg composite: 2022-06-26 → 2022-07-12
[2026-05-19 08:45:28] Started export task: fire_158_dynamic_2022-08-04
[2026-05-19 08:45:28] ------ Processing date=2022-08-05 ------
[2026-05-19 08:45:28] Using viirs_af_path: viirs_af_path
[2026-05-19 08:45:28] VIIRS Image Date: []
[2026-05-19 08:45:28] *** ERROR FLAG ***: VIIRS: no data for 2022-08-05, attempting interpolation...
[2026-05-19 08:45:32] VIIRS interpolation gap: 2022-07-26 → 2022-08-11 (16 days apart)
[2026-05-19 08:45:32] VIIRS interpolated: prev=2022-07-26, next=2022-08-11, weight=0.625
[2026-05-19 08:45:32] Weather image size: 1
[2026-05-19 08:45:32] Forecast duration: 2022-08-06 00:00:00 to 2022-08-07 00:00:00
[2026-05-19 08:45:33] Number of forecast images: 24
[2026-05-19 08:45:33] Using forecast run: 2022-08-05 18:00:00 UTC
[2026-05-19 08:45:33] Forecast Rain Available hours: [6, 7, 8, 9, 10, 11, 12, 13, 14, 15, 16, 17, 18, 19, 20, 21, 22, 23, 24, 25, 26, 27, 28, 29]
[2026-05-19 08:45:33] Valid hours for sum: [12, 18, 24, 29]
[2026-05-19 08:45:36] Drought composite end date: 2022-08-03 06:00:00
[2026-05-19 08:45:37] Land cover year: 2021
[2026-05-19 08:45:37] VIIRS Veg composite: 2022-06-26 → 2022-07-12
[2026-05-19 08:45:40] Started export task: fire_158_dynamic_2022-08-05
[2026-05-19 08:45:41] ------ Processing date=2022-08-06 ------
[2026-05-19 08:45:41] Using viirs_af_path: viirs_af_path
[2026-05-19 08:45:41] VIIRS Image Date: []
[2026-05-19 08:45:41] *** ERROR FLAG ***: VIIRS: no data for 2022-08-06, attempting interpolation...
[2026-05-19 08:45:44] *** ERROR FLAG ***: VIIRS: no valid image within 10 days BEFORE 2022-08-06 → assigning zeros
[2026-05-19 08:45:44] Weather image size: 1
[2026-05-19 08:45:44] Forecast duration: 2022-08-07 00:00:00 to 2022-08-08 00:00:00
[2026-05-19 08:45:45] Number of forecast images: 24
[2026-05-19 08:45:45] Using forecast run: 2022-08-06 18:00:00 UTC
[2026-05-19 08:45:45] Forecast Rain Available hours: [6, 7, 8, 9, 10, 11, 12, 13, 14, 15, 16, 17, 18, 19, 20, 21, 22, 23, 24, 25, 26, 27, 28, 29]
[2026-05-19 08:45:45] Valid hours for sum: [12, 18, 24, 29]
[2026-05-19 08:45:47] Drought composite end date: 2022-08-03 06:00:00
[2026-05-19 08:45:48] Land cover year: 2021
[2026-05-19 08:45:49] VIIRS Veg composite: 2022-06-26 → 2022-07-12
[2026-05-19 08:45:53] Started export task: fire_158_dynamic_2022-08-06
[2026-05-19 08:45:54] ------ Processing date=2022-08-07 ------
[2026-05-19 08:45:54] Using viirs_af_path: viirs_af_path
[2026-05-19 08:45:54] VIIRS Image Date: []
[2026-05-19 08:45:54] *** ERROR FLAG ***: VIIRS: no data for 2022-08-07, attempting interpolation...
[2026-05-19 08:45:57] *** ERROR FLAG ***: VIIRS: no valid image within 10 days BEFORE 2022-08-07 → assigning zeros
[2026-05-19 08:45:57] Weather image size: 1
[2026-05-19 08:45:57] Forecast duration: 2022-08-08 00:00:00 to 2022-08-09 00:00:00
[2026-05-19 08:45:58] Number of forecast images: 24
[2026-05-19 08:45:58] Using forecast run: 2022-08-07 18:00:00 UTC
[2026-05-19 08:45:58] Forecast Rain Available hours: [6, 7, 8, 9, 10, 11, 12, 13, 14, 15, 16, 17, 18, 19, 20, 21, 22, 23, 24, 25, 26, 27, 28, 29]
[2026-05-19 08:45:58] Valid hours for sum: [12, 18, 24, 29]
[2026-05-19 08:46:00] Drought composite end date: 2022-08-03 06:00:00
[2026-05-19 08:46:00] Land cover year: 2021
[2026-05-19 08:46:01] VIIRS Veg composite: 2022-06-26 → 2022-07-12
[2026-05-19 08:46:03] Started export task: fire_158_dynamic_2022-08-07
[2026-05-19 08:46:04] ------ Processing date=2022-08-08 ------
[2026-05-19 08:46:04] Using viirs_af_path: viirs_af_path
[2026-05-19 08:46:04] VIIRS Image Date: []
[2026-05-19 08:46:04] *** ERROR FLAG ***: VIIRS: no data for 2022-08-08, attempting interpolation...
[2026-05-19 08:46:07] *** ERROR FLAG ***: VIIRS: no valid image within 10 days BEFORE 2022-08-08 → assigning zeros
[2026-05-19 08:46:07] Weather image size: 1
[2026-05-19 08:46:07] Forecast duration: 2022-08-09 00:00:00 to 2022-08-10 00:00:00
[2026-05-19 08:46:08] Number of forecast images: 24
[2026-05-19 08:46:08] Using forecast run: 2022-08-08 18:00:00 UTC
[2026-05-19 08:46:08] Forecast Rain Available hours: [6, 7, 8, 9, 10, 11, 12, 13, 14, 15, 16, 17, 18, 19, 20, 21, 22, 23, 24, 25, 26, 27, 28, 29]
[2026-05-19 08:46:08] Valid hours for sum: [12, 18, 24, 29]
[2026-05-19 08:46:10] Drought composite end date: 2022-08-03 06:00:00
[2026-05-19 08:46:10] Land cover year: 2021
[2026-05-19 08:46:11] VIIRS Veg composite: 2022-06-26 → 2022-07-12
[2026-05-19 08:46:17] Started export task: fire_158_dynamic_2022-08-08
[2026-05-19 08:46:17] ------ Processing date=2022-08-09 ------
[2026-05-19 08:46:17] Using viirs_af_path: viirs_af_path
[2026-05-19 08:46:17] VIIRS Image Date: []
[2026-05-19 08:46:17] *** ERROR FLAG ***: VIIRS: no data for 2022-08-09, attempting interpolation...
[2026-05-19 08:46:20] *** ERROR FLAG ***: VIIRS: no valid image within 10 days BEFORE 2022-08-09 → assigning zeros
[2026-05-19 08:46:20] Weather image size: 1
[2026-05-19 08:46:20] Forecast duration: 2022-08-10 00:00:00 to 2022-08-11 00:00:00
[2026-05-19 08:46:21] Number of forecast images: 24
[2026-05-19 08:46:21] Using forecast run: 2022-08-09 18:00:00 UTC
[2026-05-19 08:46:21] Forecast Rain Available hours: [6, 7, 8, 9, 10, 11, 12, 13, 14, 15, 16, 17, 18, 19, 20, 21, 22, 23, 24, 25, 26, 27, 28, 29]
[2026-05-19 08:46:21] Valid hours for sum: [12, 18, 24, 29]
[2026-05-19 08:46:23] Drought composite end date: 2022-08-08 06:00:00
[2026-05-19 08:46:23] Land cover year: 2021
[2026-05-19 08:46:24] VIIRS Veg composite: 2022-06-26 → 2022-07-12
[2026-05-19 08:46:26] Started export task: fire_158_dynamic_2022-08-09
[2026-05-19 08:46:27] ------ Processing date=2022-08-10 ------
[2026-05-19 08:46:27] Using viirs_af_path: viirs_af_path
[2026-05-19 08:46:27] VIIRS Image Date: []
[2026-05-19 08:46:27] *** ERROR FLAG ***: VIIRS: no data for 2022-08-10, attempting interpolation...
[2026-05-19 08:46:30] *** ERROR FLAG ***: VIIRS: no valid image within 10 days BEFORE 2022-08-10 → assigning zeros
[2026-05-19 08:46:30] Weather image size: 1
[2026-05-19 08:46:30] Forecast duration: 2022-08-11 00:00:00 to 2022-08-12 00:00:00
[2026-05-19 08:46:30] Number of forecast images: 24
[2026-05-19 08:46:30] Using forecast run: 2022-08-10 18:00:00 UTC
[2026-05-19 08:46:31] Forecast Rain Available hours: [6, 7, 8, 9, 10, 11, 12, 13, 14, 15, 16, 17, 18, 19, 20, 21, 22, 23, 24, 25, 26, 27, 28, 29]
[2026-05-19 08:46:31] Valid hours for sum: [12, 18, 24, 29]
[2026-05-19 08:46:33] Drought composite end date: 2022-08-08 06:00:00
[2026-05-19 08:46:34] Land cover year: 2021
[2026-05-19 08:46:34] VIIRS Veg composite: 2022-06-26 → 2022-07-12
[2026-05-19 08:46:38] Started export task: fire_158_dynamic_2022-08-10
[2026-05-19 08:46:39] ------ Processing date=2022-08-11 ------
[2026-05-19 08:46:39] Using viirs_af_path: viirs_af_path
[2026-05-19 08:46:39] VIIRS Image Date: ['2022-08-11 00:00:00']
[2026-05-19 08:46:39] Weather image size: 1
[2026-05-19 08:46:39] Forecast duration: 2022-08-12 00:00:00 to 2022-08-13 00:00:00
[2026-05-19 08:46:40] Number of forecast images: 24
[2026-05-19 08:46:40] Using forecast run: 2022-08-11 18:00:00 UTC
[2026-05-19 08:46:40] Forecast Rain Available hours: [6, 7, 8, 9, 10, 11, 12, 13, 14, 15, 16, 17, 18, 19, 20, 21, 22, 23, 24, 25, 26, 27, 28, 29]
[2026-05-19 08:46:40] Valid hours for sum: [12, 18, 24, 29]
[2026-05-19 08:46:42] Drought composite end date: 2022-08-08 06:00:00
[2026-05-19 08:46:43] Land cover year: 2021
[2026-05-19 08:46:43] VIIRS Veg composite: 2022-06-26 → 2022-07-12
[2026-05-19 08:46:46] Started export task: fire_158_dynamic_2022-08-11
[2026-05-19 08:46:47] ------ Processing date=2022-08-12 ------
[2026-05-19 08:46:47] Using viirs_af_path: viirs_af_path
[2026-05-19 08:46:47] VIIRS Image Date: ['2022-08-12 00:00:00']
[2026-05-19 08:46:47] Weather image size: 1
[2026-05-19 08:46:47] Forecast duration: 2022-08-13 00:00:00 to 2022-08-14 00:00:00
[2026-05-19 08:46:48] Number of forecast images: 24
[2026-05-19 08:46:48] Using forecast run: 2022-08-12 18:00:00 UTC
[2026-05-19 08:46:48] Forecast Rain Available hours: [6, 7, 8, 9, 10, 11, 12, 13, 14, 15, 16, 17, 18, 19, 20, 21, 22, 23, 24, 25, 26, 27, 28, 29]
[2026-05-19 08:46:48] Valid hours for sum: [12, 18, 24, 29]
[2026-05-19 08:46:50] Drought composite end date: 2022-08-08 06:00:00
[2026-05-19 08:46:50] Land cover year: 2021
[2026-05-19 08:46:51] VIIRS Veg composite: 2022-06-26 → 2022-07-12
[2026-05-19 08:46:55] Started export task: fire_158_dynamic_2022-08-12
[2026-05-19 08:46:56] ------ Processing date=2022-08-13 ------
[2026-05-19 08:46:56] Using viirs_af_path: viirs_af_path
[2026-05-19 08:46:56] VIIRS Image Date: ['2022-08-13 00:00:00']
[2026-05-19 08:46:56] Weather image size: 1
[2026-05-19 08:46:56] Forecast duration: 2022-08-14 00:00:00 to 2022-08-15 00:00:00
[2026-05-19 08:46:57] Number of forecast images: 24
[2026-05-19 08:46:57] Using forecast run: 2022-08-13 18:00:00 UTC
[2026-05-19 08:46:57] Forecast Rain Available hours: [6, 7, 8, 9, 10, 11, 12, 13, 14, 15, 16, 17, 18, 19, 20, 21, 22, 23, 24, 25, 26, 27, 28, 29]
[2026-05-19 08:46:57] Valid hours for sum: [12, 18, 24, 29]
[2026-05-19 08:46:59] Drought composite end date: 2022-08-08 06:00:00
[2026-05-19 08:46:59] Land cover year: 2021
[2026-05-19 08:47:00] VIIRS Veg composite: 2022-06-26 → 2022-07-12
[2026-05-19 08:47:04] Started export task: fire_158_dynamic_2022-08-13
[2026-05-19 08:47:05] ------ Processing date=2022-08-14 ------
[2026-05-19 08:47:05] Using viirs_af_path: viirs_af_path
[2026-05-19 08:47:05] VIIRS Image Date: ['2022-08-14 00:00:00']
[2026-05-19 08:47:05] Weather image size: 1
[2026-05-19 08:47:05] Forecast duration: 2022-08-15 00:00:00 to 2022-08-16 00:00:00
[2026-05-19 08:47:06] Number of forecast images: 24
[2026-05-19 08:47:06] Using forecast run: 2022-08-14 18:00:00 UTC
[2026-05-19 08:47:06] Forecast Rain Available hours: [6, 7, 8, 9, 10, 11, 12, 13, 14, 15, 16, 17, 18, 19, 20, 21, 22, 23, 24, 25, 26, 27, 28, 29]
[2026-05-19 08:47:06] Valid hours for sum: [12, 18, 24, 29]
[2026-05-19 08:47:08] Drought composite end date: 2022-08-13 06:00:00
[2026-05-19 08:47:08] Land cover year: 2021
[2026-05-19 08:47:09] VIIRS Veg composite: 2022-06-26 → 2022-07-12
[2026-05-19 08:47:15] Started export task: fire_158_dynamic_2022-08-14
[2026-05-19 08:47:15] ------ Processing date=2022-08-15 ------
[2026-05-19 08:47:15] Using viirs_af_path: viirs_af_path
[2026-05-19 08:47:16] VIIRS Image Date: ['2022-08-15 00:00:00']
[2026-05-19 08:47:16] Weather image size: 1
[2026-05-19 08:47:16] Forecast duration: 2022-08-16 00:00:00 to 2022-08-17 00:00:00
[2026-05-19 08:47:17] Number of forecast images: 24
[2026-05-19 08:47:17] Using forecast run: 2022-08-15 18:00:00 UTC
[2026-05-19 08:47:17] Forecast Rain Available hours: [6, 7, 8, 9, 10, 11, 12, 13, 14, 15, 16, 17, 18, 19, 20, 21, 22, 23, 24, 25, 26, 27, 28, 29]
[2026-05-19 08:47:17] Valid hours for sum: [12, 18, 24, 29]
[2026-05-19 08:47:20] Drought composite end date: 2022-08-13 06:00:00
[2026-05-19 08:47:20] Land cover year: 2021
[2026-05-19 08:47:21] VIIRS Veg composite: 2022-06-26 → 2022-07-12
[2026-05-19 08:47:24] Started export task: fire_158_dynamic_2022-08-15
[2026-05-19 08:47:25] ------ Processing date=2022-08-16 ------
[2026-05-19 08:47:25] Using viirs_af_path: viirs_af_path
[2026-05-19 08:47:25] VIIRS Image Date: ['2022-08-16 00:00:00']
[2026-05-19 08:47:25] Weather image size: 1
[2026-05-19 08:47:25] Forecast duration: 2022-08-17 00:00:00 to 2022-08-18 00:00:00
[2026-05-19 08:47:26] Number of forecast images: 24
[2026-05-19 08:47:26] Using forecast run: 2022-08-16 18:00:00 UTC
[2026-05-19 08:47:26] Forecast Rain Available hours: [6, 7, 8, 9, 10, 11, 12, 13, 14, 15, 16, 17, 18, 19, 20, 21, 22, 23, 24, 25, 26, 27, 28, 29]
[2026-05-19 08:47:26] Valid hours for sum: [12, 18, 24, 29]
[2026-05-19 08:47:28] Drought composite end date: 2022-08-13 06:00:00
[2026-05-19 08:47:28] Land cover year: 2021
[2026-05-19 08:47:30] VIIRS Veg composite: 2022-06-26 → 2022-07-12
[2026-05-19 08:47:33] Started export task: fire_158_dynamic_2022-08-16
[2026-05-19 08:47:34] ------ Processing date=2022-08-17 ------
[2026-05-19 08:47:34] Using viirs_af_path: viirs_af_path
[2026-05-19 08:47:34] VIIRS Image Date: ['2022-08-17 00:00:00']
[2026-05-19 08:47:34] Weather image size: 1
[2026-05-19 08:47:34] Forecast duration: 2022-08-18 00:00:00 to 2022-08-19 00:00:00
[2026-05-19 08:47:35] Number of forecast images: 24
[2026-05-19 08:47:35] Using forecast run: 2022-08-17 18:00:00 UTC
[2026-05-19 08:47:35] Forecast Rain Available hours: [6, 7, 8, 9, 10, 11, 12, 13, 14, 15, 16, 17, 18, 19, 20, 21, 22, 23, 24, 25, 26, 27, 28, 29]
[2026-05-19 08:47:35] Valid hours for sum: [12, 18, 24, 29]
[2026-05-19 08:47:37] Drought composite end date: 2022-08-13 06:00:00
[2026-05-19 08:47:38] Land cover year: 2021
[2026-05-19 08:47:38] VIIRS Veg composite: 2022-06-26 → 2022-07-12
[2026-05-19 08:47:41] Started export task: fire_158_dynamic_2022-08-17
[2026-05-19 08:47:41] ------ Processing date=2022-08-18 ------
[2026-05-19 08:47:41] Using viirs_af_path: viirs_af_path
[2026-05-19 08:47:41] VIIRS Image Date: ['2022-08-18 00:00:00']
[2026-05-19 08:47:42] Weather image size: 1
[2026-05-19 08:47:42] Forecast duration: 2022-08-19 00:00:00 to 2022-08-20 00:00:00
[2026-05-19 08:47:43] Number of forecast images: 24
[2026-05-19 08:47:43] Using forecast run: 2022-08-18 18:00:00 UTC
[2026-05-19 08:47:43] Forecast Rain Available hours: [6, 7, 8, 9, 10, 11, 12, 13, 14, 15, 16, 17, 18, 19, 20, 21, 22, 23, 24, 25, 26, 27, 28, 29]
[2026-05-19 08:47:43] Valid hours for sum: [12, 18, 24, 29]
[2026-05-19 08:47:45] Drought composite end date: 2022-08-13 06:00:00
[2026-05-19 08:47:46] Land cover year: 2021
[2026-05-19 08:47:46] VIIRS Veg composite: 2022-06-26 → 2022-07-12
[2026-05-19 08:47:50] Started export task: fire_158_dynamic_2022-08-18
[2026-05-19 08:47:51] ------ Processing date=2022-08-19 ------
[2026-05-19 08:47:51] Using viirs_af_path: viirs_af_path
[2026-05-19 08:47:51] VIIRS Image Date: ['2022-08-19 00:00:00']
[2026-05-19 08:47:52] Weather image size: 1
[2026-05-19 08:47:52] Forecast duration: 2022-08-20 00:00:00 to 2022-08-21 00:00:00
[2026-05-19 08:47:52] Number of forecast images: 24
[2026-05-19 08:47:52] Using forecast run: 2022-08-19 18:00:00 UTC
[2026-05-19 08:47:53] Forecast Rain Available hours: [6, 7, 8, 9, 10, 11, 12, 13, 14, 15, 16, 17, 18, 19, 20, 21, 22, 23, 24, 25, 26, 27, 28, 29]
[2026-05-19 08:47:53] Valid hours for sum: [12, 18, 24, 29]
[2026-05-19 08:47:55] Drought composite end date: 2022-08-18 06:00:00
[2026-05-19 08:47:55] Land cover year: 2021
[2026-05-19 08:47:56] VIIRS Veg composite: 2022-06-26 → 2022-07-12
[2026-05-19 08:48:00] Started export task: fire_158_dynamic_2022-08-19
[2026-05-19 08:48:01] ------ Processing date=2022-08-20 ------
[2026-05-19 08:48:01] Using viirs_af_path: viirs_af_path
[2026-05-19 08:48:01] VIIRS Image Date: ['2022-08-20 00:00:00']
[2026-05-19 08:48:01] Weather image size: 1
[2026-05-19 08:48:01] Forecast duration: 2022-08-21 00:00:00 to 2022-08-22 00:00:00
[2026-05-19 08:48:02] Number of forecast images: 24
[2026-05-19 08:48:02] Using forecast run: 2022-08-20 18:00:00 UTC
[2026-05-19 08:48:02] Forecast Rain Available hours: [6, 7, 8, 9, 10, 11, 12, 13, 14, 15, 16, 17, 18, 19, 20, 21, 22, 23, 24, 25, 26, 27, 28, 29]
[2026-05-19 08:48:02] Valid hours for sum: [12, 18, 24, 29]
[2026-05-19 08:48:04] Drought composite end date: 2022-08-18 06:00:00
[2026-05-19 08:48:04] Land cover year: 2021
[2026-05-19 08:48:05] VIIRS Veg composite: 2022-06-26 → 2022-07-12
[2026-05-19 08:48:08] Started export task: fire_158_dynamic_2022-08-20
[2026-05-19 08:48:08] ------ Processing date=2022-08-21 ------
[2026-05-19 08:48:08] Using viirs_af_path: viirs_af_path
[2026-05-19 08:48:09] VIIRS Image Date: ['2022-08-21 00:00:00']
[2026-05-19 08:48:09] Weather image size: 1
[2026-05-19 08:48:09] Forecast duration: 2022-08-22 00:00:00 to 2022-08-23 00:00:00
[2026-05-19 08:48:10] Number of forecast images: 24
[2026-05-19 08:48:10] Using forecast run: 2022-08-21 18:00:00 UTC
[2026-05-19 08:48:11] Forecast Rain Available hours: [6, 7, 8, 9, 10, 11, 12, 13, 14, 15, 16, 17, 18, 19, 20, 21, 22, 23, 24, 25, 26, 27, 28, 29]
[2026-05-19 08:48:11] Valid hours for sum: [12, 18, 24, 29]
[2026-05-19 08:48:12] Drought composite end date: 2022-08-18 06:00:00
[2026-05-19 08:48:12] Land cover year: 2021
[2026-05-19 08:48:13] VIIRS Veg composite: 2022-06-26 → 2022-07-12
[2026-05-19 08:48:18] Started export task: fire_158_dynamic_2022-08-21
[2026-05-19 08:48:18] ------ Processing date=2022-08-22 ------
[2026-05-19 08:48:18] Using viirs_af_path: viirs_af_path
[2026-05-19 08:48:18] VIIRS Image Date: ['2022-08-22 00:00:00']
[2026-05-19 08:48:18] Weather image size: 1
[2026-05-19 08:48:18] Forecast duration: 2022-08-23 00:00:00 to 2022-08-24 00:00:00
[2026-05-19 08:48:19] Number of forecast images: 24
[2026-05-19 08:48:19] Using forecast run: 2022-08-22 18:00:00 UTC
[2026-05-19 08:48:20] Forecast Rain Available hours: [6, 7, 8, 9, 10, 11, 12, 13, 14, 15, 16, 17, 18, 19, 20, 21, 22, 23, 24, 25, 26, 27, 28, 29]
[2026-05-19 08:48:20] Valid hours for sum: [12, 18, 24, 29]
[2026-05-19 08:48:21] Drought composite end date: 2022-08-18 06:00:00
[2026-05-19 08:48:21] Land cover year: 2021
[2026-05-19 08:48:22] VIIRS Veg composite: 2022-06-26 → 2022-07-12
[2026-05-19 08:48:28] Started export task: fire_158_dynamic_2022-08-22
[2026-05-19 08:48:28] ------ Processing date=2022-08-23 ------
[2026-05-19 08:48:28] Using viirs_af_path: viirs_af_path
[2026-05-19 08:48:28] VIIRS Image Date: ['2022-08-23 00:00:00']
[2026-05-19 08:48:29] Weather image size: 1
[2026-05-19 08:48:29] Forecast duration: 2022-08-24 00:00:00 to 2022-08-25 00:00:00
[2026-05-19 08:48:30] Number of forecast images: 24
[2026-05-19 08:48:30] Using forecast run: 2022-08-23 18:00:00 UTC
[2026-05-19 08:48:30] Forecast Rain Available hours: [6, 7, 8, 9, 10, 11, 12, 13, 14, 15, 16, 17, 18, 19, 20, 21, 22, 23, 24, 25, 26, 27, 28, 29]
[2026-05-19 08:48:30] Valid hours for sum: [12, 18, 24, 29]
[2026-05-19 08:48:31] Drought composite end date: 2022-08-18 06:00:00
[2026-05-19 08:48:32] Land cover year: 2021
[2026-05-19 08:48:32] VIIRS Veg composite: 2022-06-26 → 2022-07-12
[2026-05-19 08:48:35] Started export task: fire_158_dynamic_2022-08-23
[2026-05-19 08:48:35] ------ Processing date=2022-08-24 ------
[2026-05-19 08:48:35] Using viirs_af_path: viirs_af_path
[2026-05-19 08:48:36] VIIRS Image Date: ['2022-08-24 00:00:00']
[2026-05-19 08:48:36] Weather image size: 1
[2026-05-19 08:48:36] Forecast duration: 2022-08-25 00:00:00 to 2022-08-26 00:00:00
[2026-05-19 08:48:37] Number of forecast images: 24
[2026-05-19 08:48:37] Using forecast run: 2022-08-24 18:00:00 UTC
[2026-05-19 08:48:37] Forecast Rain Available hours: [6, 7, 8, 9, 10, 11, 12, 13, 14, 15, 16, 17, 18, 19, 20, 21, 22, 23, 24, 25, 26, 27, 28, 29]
[2026-05-19 08:48:37] Valid hours for sum: [12, 18, 24, 29]
[2026-05-19 08:48:39] Drought composite end date: 2022-08-23 06:00:00
[2026-05-19 08:48:39] Land cover year: 2021
[2026-05-19 08:48:41] VIIRS Veg composite: 2022-06-26 → 2022-07-12
[2026-05-19 08:48:44] Started export task: fire_158_dynamic_2022-08-24
[2026-05-19 08:48:45] ------ Processing date=2022-08-25 ------
[2026-05-19 08:48:45] Using viirs_af_path: viirs_af_path
[2026-05-19 08:48:45] VIIRS Image Date: ['2022-08-25 00:00:00']
[2026-05-19 08:48:45] Weather image size: 1
[2026-05-19 08:48:45] Forecast duration: 2022-08-26 00:00:00 to 2022-08-27 00:00:00
[2026-05-19 08:48:46] Number of forecast images: 24
[2026-05-19 08:48:46] Using forecast run: 2022-08-25 18:00:00 UTC
[2026-05-19 08:48:47] Forecast Rain Available hours: [6, 7, 8, 9, 10, 11, 12, 13, 14, 15, 16, 17, 18, 19, 20, 21, 22, 23, 24, 25, 26, 27, 28, 29]
[2026-05-19 08:48:47] Valid hours for sum: [12, 18, 24, 29]
[2026-05-19 08:48:49] Drought composite end date: 2022-08-23 06:00:00
[2026-05-19 08:48:49] Land cover year: 2021
[2026-05-19 08:48:50] VIIRS Veg composite: 2022-06-26 → 2022-07-12
[2026-05-19 08:48:53] Started export task: fire_158_dynamic_2022-08-25
[2026-05-19 08:48:54] ------ Processing date=2022-08-26 ------
[2026-05-19 08:48:54] Using viirs_af_path: viirs_af_path
[2026-05-19 08:48:54] VIIRS Image Date: ['2022-08-26 00:00:00']
[2026-05-19 08:48:54] Weather image size: 1
[2026-05-19 08:48:54] Forecast duration: 2022-08-27 00:00:00 to 2022-08-28 00:00:00
[2026-05-19 08:48:55] Number of forecast images: 23
[2026-05-19 08:48:55] Using forecast run: 2022-08-26 18:00:00 UTC
[2026-05-19 08:48:55] Forecast Rain Available hours: [6, 7, 8, 9, 10, 11, 12, 13, 15, 16, 17, 18, 19, 20, 21, 22, 23, 24, 25, 26, 27, 28, 29]
[2026-05-19 08:48:55] Valid hours for sum: [12, 18, 24, 29]
[2026-05-19 08:48:57] Drought composite end date: 2022-08-23 06:00:00
[2026-05-19 08:48:57] Land cover year: 2021
[2026-05-19 08:48:58] VIIRS Veg composite: 2022-06-26 → 2022-07-12
[2026-05-19 08:49:00] Started export task: fire_158_dynamic_2022-08-26
[2026-05-19 08:49:01] ------ Processing date=2022-08-27 ------
[2026-05-19 08:49:01] Using viirs_af_path: viirs_af_path
[2026-05-19 08:49:01] VIIRS Image Date: ['2022-08-27 00:00:00']
[2026-05-19 08:49:01] Weather image size: 1
[2026-05-19 08:49:01] Forecast duration: 2022-08-28 00:00:00 to 2022-08-29 00:00:00
[2026-05-19 08:49:02] Number of forecast images: 24
[2026-05-19 08:49:02] Using forecast run: 2022-08-27 18:00:00 UTC
[2026-05-19 08:49:02] Forecast Rain Available hours: [6, 7, 8, 9, 10, 11, 12, 13, 14, 15, 16, 17, 18, 19, 20, 21, 22, 23, 24, 25, 26, 27, 28, 29]
[2026-05-19 08:49:02] Valid hours for sum: [12, 18, 24, 29]
[2026-05-19 08:49:05] Drought composite end date: 2022-08-23 06:00:00
[2026-05-19 08:49:05] Land cover year: 2021
[2026-05-19 08:49:06] VIIRS Veg composite: 2022-06-26 → 2022-07-12
[2026-05-19 08:49:11] Started export task: fire_158_dynamic_2022-08-27
[2026-05-19 08:49:12] ------ Processing date=2022-08-28 ------
[2026-05-19 08:49:12] Using viirs_af_path: viirs_af_path
[2026-05-19 08:49:12] VIIRS Image Date: ['2022-08-28 00:00:00']
[2026-05-19 08:49:12] Weather image size: 1
[2026-05-19 08:49:12] Forecast duration: 2022-08-29 00:00:00 to 2022-08-30 00:00:00
[2026-05-19 08:49:13] Number of forecast images: 23
[2026-05-19 08:49:13] Using forecast run: 2022-08-28 18:00:00 UTC
[2026-05-19 08:49:13] Forecast Rain Available hours: [6, 7, 8, 9, 10, 11, 12, 13, 14, 16, 17, 18, 19, 20, 21, 22, 23, 24, 25, 26, 27, 28, 29]
[2026-05-19 08:49:13] Valid hours for sum: [12, 18, 24, 29]
[2026-05-19 08:49:15] Drought composite end date: 2022-08-23 06:00:00
[2026-05-19 08:49:15] Land cover year: 2021
[2026-05-19 08:49:16] VIIRS Veg composite: 2022-06-26 → 2022-07-12
[2026-05-19 08:49:19] Started export task: fire_158_dynamic_2022-08-28
[2026-05-19 08:49:20] ------ Processing date=2022-08-29 ------
[2026-05-19 08:49:20] Using viirs_af_path: viirs_af_path
[2026-05-19 08:49:20] VIIRS Image Date: ['2022-08-29 00:00:00']
[2026-05-19 08:49:21] Weather image size: 1
[2026-05-19 08:49:21] Forecast duration: 2022-08-30 00:00:00 to 2022-08-31 00:00:00
[2026-05-19 08:49:22] Number of forecast images: 24
[2026-05-19 08:49:22] Using forecast run: 2022-08-29 18:00:00 UTC
[2026-05-19 08:49:22] Forecast Rain Available hours: [6, 7, 8, 9, 10, 11, 12, 13, 14, 15, 16, 17, 18, 19, 20, 21, 22, 23, 24, 25, 26, 27, 28, 29]
[2026-05-19 08:49:22] Valid hours for sum: [12, 18, 24, 29]
[2026-05-19 08:49:25] Drought composite end date: 2022-08-28 06:00:00
[2026-05-19 08:49:25] Land cover year: 2021
[2026-05-19 08:49:26] VIIRS Veg composite: 2022-06-26 → 2022-07-12
[2026-05-19 08:49:30] Started export task: fire_158_dynamic_2022-08-29
[2026-05-19 08:49:30] ------ Processing date=2022-08-30 ------
[2026-05-19 08:49:30] Using viirs_af_path: viirs_af_path
[2026-05-19 08:49:30] VIIRS Image Date: ['2022-08-30 00:00:00']
[2026-05-19 08:49:30] Weather image size: 1
[2026-05-19 08:49:30] Forecast duration: 2022-08-31 00:00:00 to 2022-09-01 00:00:00
[2026-05-19 08:49:31] Number of forecast images: 24
[2026-05-19 08:49:31] Using forecast run: 2022-08-30 18:00:00 UTC
[2026-05-19 08:49:32] Forecast Rain Available hours: [6, 7, 8, 9, 10, 11, 12, 13, 14, 15, 16, 17, 18, 19, 20, 21, 22, 23, 24, 25, 26, 27, 28, 29]
[2026-05-19 08:49:32] Valid hours for sum: [12, 18, 24, 29]
[2026-05-19 08:49:33] Drought composite end date: 2022-08-28 06:00:00
[2026-05-19 08:49:34] Land cover year: 2021
[2026-05-19 08:49:34] VIIRS Veg composite: 2022-06-26 → 2022-07-12
[2026-05-19 08:49:38] Started export task: fire_158_dynamic_2022-08-30
[2026-05-19 08:49:38] ------ Processing date=2022-08-31 ------
[2026-05-19 08:49:38] Using viirs_af_path: viirs_af_path
[2026-05-19 08:49:39] VIIRS Image Date: ['2022-08-31 00:00:00']
[2026-05-19 08:49:39] Weather image size: 1
[2026-05-19 08:49:39] Forecast duration: 2022-09-01 00:00:00 to 2022-09-02 00:00:00
[2026-05-19 08:49:40] Number of forecast images: 24
[2026-05-19 08:49:40] Using forecast run: 2022-08-31 18:00:00 UTC
[2026-05-19 08:49:40] Forecast Rain Available hours: [6, 7, 8, 9, 10, 11, 12, 13, 14, 15, 16, 17, 18, 19, 20, 21, 22, 23, 24, 25, 26, 27, 28, 29]
[2026-05-19 08:49:40] Valid hours for sum: [12, 18, 24, 29]
[2026-05-19 08:49:42] Drought composite end date: 2022-08-28 06:00:00
[2026-05-19 08:49:43] Land cover year: 2021
[2026-05-19 08:49:43] VIIRS Veg composite: 2022-06-26 → 2022-07-12
[2026-05-19 08:49:48] Started export task: fire_158_dynamic_2022-08-31
[2026-05-19 08:49:48] ------ Processing date=2022-09-01 ------
[2026-05-19 08:49:48] Using viirs_af_path: viirs_af_path
[2026-05-19 08:49:48] VIIRS Image Date: ['2022-09-01 00:00:00']
[2026-05-19 08:49:48] Weather image size: 1
[2026-05-19 08:49:48] Forecast duration: 2022-09-02 00:00:00 to 2022-09-03 00:00:00
[2026-05-19 08:49:49] Number of forecast images: 23
[2026-05-19 08:49:49] Using forecast run: 2022-09-01 18:00:00 UTC
[2026-05-19 08:49:50] Forecast Rain Available hours: [6, 7, 8, 9, 10, 11, 12, 13, 14, 15, 16, 17, 18, 20, 21, 22, 23, 24, 25, 26, 27, 28, 29]
[2026-05-19 08:49:50] Valid hours for sum: [12, 18, 24, 29]
[2026-05-19 08:49:52] Drought composite end date: 2022-08-28 06:00:00
[2026-05-19 08:49:52] Land cover year: 2021
[2026-05-19 08:49:53] VIIRS Veg composite: 2022-06-26 → 2022-07-12
[2026-05-19 08:49:57] Started export task: fire_158_dynamic_2022-09-01
[2026-05-19 08:49:57] ------ Processing date=2022-09-02 ------
[2026-05-19 08:49:57] Using viirs_af_path: viirs_af_path
[2026-05-19 08:49:58] VIIRS Image Date: ['2022-09-02 00:00:00']
[2026-05-19 08:49:58] Weather image size: 1
[2026-05-19 08:49:58] Forecast duration: 2022-09-03 00:00:00 to 2022-09-04 00:00:00
[2026-05-19 08:49:59] Number of forecast images: 24
[2026-05-19 08:49:59] Using forecast run: 2022-09-02 18:00:00 UTC
[2026-05-19 08:49:59] Forecast Rain Available hours: [6, 7, 8, 9, 10, 11, 12, 13, 14, 15, 16, 17, 18, 19, 20, 21, 22, 23, 24, 25, 26, 27, 28, 29]
[2026-05-19 08:49:59] Valid hours for sum: [12, 18, 24, 29]
[2026-05-19 08:50:02] Drought composite end date: 2022-08-28 06:00:00
[2026-05-19 08:50:02] Land cover year: 2021
[2026-05-19 08:50:03] VIIRS Veg composite: 2022-06-26 → 2022-07-12
[2026-05-19 08:50:07] Started export task: fire_158_dynamic_2022-09-02
[2026-05-19 08:50:07] ------ Processing date=2022-09-03 ------
[2026-05-19 08:50:07] Using viirs_af_path: viirs_af_path
[2026-05-19 08:50:07] VIIRS Image Date: ['2022-09-03 00:00:00']
[2026-05-19 08:50:07] Weather image size: 1
[2026-05-19 08:50:07] Forecast duration: 2022-09-04 00:00:00 to 2022-09-05 00:00:00
[2026-05-19 08:50:08] Number of forecast images: 24
[2026-05-19 08:50:08] Using forecast run: 2022-09-03 18:00:00 UTC
[2026-05-19 08:50:09] Forecast Rain Available hours: [6, 7, 8, 9, 10, 11, 12, 13, 14, 15, 16, 17, 18, 19, 20, 21, 22, 23, 24, 25, 26, 27, 28, 29]
[2026-05-19 08:50:09] Valid hours for sum: [12, 18, 24, 29]
[2026-05-19 08:50:11] Drought composite end date: 2022-09-02 06:00:00
[2026-05-19 08:50:12] Land cover year: 2021
[2026-05-19 08:50:12] VIIRS Veg composite: 2022-06-26 → 2022-07-12
[2026-05-19 08:50:17] Started export task: fire_158_dynamic_2022-09-03
[2026-05-19 08:50:17] ------ Processing date=2022-09-04 ------
[2026-05-19 08:50:17] Using viirs_af_path: viirs_af_path
[2026-05-19 08:50:17] VIIRS Image Date: ['2022-09-04 00:00:00']
[2026-05-19 08:50:18] Weather image size: 1
[2026-05-19 08:50:18] Forecast duration: 2022-09-05 00:00:00 to 2022-09-06 00:00:00
[2026-05-19 08:50:18] Number of forecast images: 24
[2026-05-19 08:50:18] Using forecast run: 2022-09-04 18:00:00 UTC
[2026-05-19 08:50:19] Forecast Rain Available hours: [6, 7, 8, 9, 10, 11, 12, 13, 14, 15, 16, 17, 18, 19, 20, 21, 22, 23, 24, 25, 26, 27, 28, 29]
[2026-05-19 08:50:19] Valid hours for sum: [12, 18, 24, 29]
[2026-05-19 08:50:21] Drought composite end date: 2022-09-02 06:00:00
[2026-05-19 08:50:22] Land cover year: 2021
[2026-05-19 08:50:23] VIIRS Veg composite: 2022-06-26 → 2022-07-12
[2026-05-19 08:50:25] Started export task: fire_158_dynamic_2022-09-04
[2026-05-19 08:50:26] ------ Processing date=2022-09-05 ------
[2026-05-19 08:50:26] Using viirs_af_path: viirs_af_path
[2026-05-19 08:50:26] VIIRS Image Date: ['2022-09-05 00:00:00']
[2026-05-19 08:50:26] Weather image size: 1
[2026-05-19 08:50:26] Forecast duration: 2022-09-06 00:00:00 to 2022-09-07 00:00:00
[2026-05-19 08:50:27] Number of forecast images: 24
[2026-05-19 08:50:27] Using forecast run: 2022-09-05 18:00:00 UTC
[2026-05-19 08:50:28] Forecast Rain Available hours: [6, 7, 8, 9, 10, 11, 12, 13, 14, 15, 16, 17, 18, 19, 20, 21, 22, 23, 24, 25, 26, 27, 28, 29]
[2026-05-19 08:50:28] Valid hours for sum: [12, 18, 24, 29]
[2026-05-19 08:50:30] Drought composite end date: 2022-09-02 06:00:00
[2026-05-19 08:50:30] Land cover year: 2021
[2026-05-19 08:50:31] VIIRS Veg composite: 2022-06-26 → 2022-07-12
[2026-05-19 08:50:34] Started export task: fire_158_dynamic_2022-09-05
[2026-05-19 08:50:35] ------ Processing date=2022-09-06 ------
[2026-05-19 08:50:35] Using viirs_af_path: viirs_af_path
[2026-05-19 08:50:35] VIIRS Image Date: ['2022-09-06 00:00:00']
[2026-05-19 08:50:35] Weather image size: 1
[2026-05-19 08:50:35] Forecast duration: 2022-09-07 00:00:00 to 2022-09-08 00:00:00
[2026-05-19 08:50:36] Number of forecast images: 24
[2026-05-19 08:50:36] Using forecast run: 2022-09-06 18:00:00 UTC
[2026-05-19 08:50:37] Forecast Rain Available hours: [6, 7, 8, 9, 10, 11, 12, 13, 14, 15, 16, 17, 18, 19, 20, 21, 22, 23, 24, 25, 26, 27, 28, 29]
[2026-05-19 08:50:37] Valid hours for sum: [12, 18, 24, 29]
[2026-05-19 08:50:38] Drought composite end date: 2022-09-02 06:00:00
[2026-05-19 08:50:39] Land cover year: 2021
[2026-05-19 08:50:39] VIIRS Veg composite: 2022-06-26 → 2022-07-12
[2026-05-19 08:50:44] Started export task: fire_158_dynamic_2022-09-06
[2026-05-19 08:50:44] ------ Processing date=2022-09-07 ------
[2026-05-19 08:50:44] Using viirs_af_path: viirs_af_path
[2026-05-19 08:50:44] VIIRS Image Date: ['2022-09-07 00:00:00']
[2026-05-19 08:50:45] Weather image size: 1
[2026-05-19 08:50:45] Forecast duration: 2022-09-08 00:00:00 to 2022-09-09 00:00:00
[2026-05-19 08:50:46] Number of forecast images: 24
[2026-05-19 08:50:46] Using forecast run: 2022-09-07 18:00:00 UTC
[2026-05-19 08:50:46] Forecast Rain Available hours: [6, 7, 8, 9, 10, 11, 12, 13, 14, 15, 16, 17, 18, 19, 20, 21, 22, 23, 24, 25, 26, 27, 28, 29]
[2026-05-19 08:50:46] Valid hours for sum: [12, 18, 24, 29]
[2026-05-19 08:50:48] Drought composite end date: 2022-09-02 06:00:00
[2026-05-19 08:50:48] Land cover year: 2021
[2026-05-19 08:50:49] VIIRS Veg composite: 2022-06-26 → 2022-07-12
[2026-05-19 08:50:52] Started export task: fire_158_dynamic_2022-09-07
[2026-05-19 08:50:53] ------ Processing date=2022-09-08 ------
[2026-05-19 08:50:53] Using viirs_af_path: viirs_af_path
[2026-05-19 08:50:53] VIIRS Image Date: ['2022-09-08 00:00:00']
[2026-05-19 08:50:53] Weather image size: 1
[2026-05-19 08:50:53] Forecast duration: 2022-09-09 00:00:00 to 2022-09-10 00:00:00
[2026-05-19 08:50:54] Number of forecast images: 24
[2026-05-19 08:50:54] Using forecast run: 2022-09-08 18:00:00 UTC
[2026-05-19 08:50:55] Forecast Rain Available hours: [6, 7, 8, 9, 10, 11, 12, 13, 14, 15, 16, 17, 18, 19, 20, 21, 22, 23, 24, 25, 26, 27, 28, 29]
[2026-05-19 08:50:55] Valid hours for sum: [12, 18, 24, 29]
[2026-05-19 08:50:56] Drought composite end date: 2022-09-07 06:00:00
[2026-05-19 08:50:57] Land cover year: 2021
[2026-05-19 08:50:58] VIIRS Veg composite: 2022-06-26 → 2022-07-12
[2026-05-19 08:51:02] Started export task: fire_158_dynamic_2022-09-08
[2026-05-19 08:51:03] ------ Processing date=2022-09-09 ------
[2026-05-19 08:51:03] Using viirs_af_path: viirs_af_path
[2026-05-19 08:51:03] VIIRS Image Date: ['2022-09-09 00:00:00']
[2026-05-19 08:51:03] Weather image size: 1
[2026-05-19 08:51:03] Forecast duration: 2022-09-10 00:00:00 to 2022-09-11 00:00:00
[2026-05-19 08:51:04] Number of forecast images: 24
[2026-05-19 08:51:04] Using forecast run: 2022-09-09 18:00:00 UTC
[2026-05-19 08:51:05] Forecast Rain Available hours: [6, 7, 8, 9, 10, 11, 12, 13, 14, 15, 16, 17, 18, 19, 20, 21, 22, 23, 24, 25, 26, 27, 28, 29]
[2026-05-19 08:51:05] Valid hours for sum: [12, 18, 24, 29]
[2026-05-19 08:51:07] Drought composite end date: 2022-09-07 06:00:00
[2026-05-19 08:51:07] Land cover year: 2021
[2026-05-19 08:51:08] VIIRS Veg composite: 2022-06-26 → 2022-07-12
[2026-05-19 08:51:13] Started export task: fire_158_dynamic_2022-09-09
[2026-05-19 08:51:13] ------ Processing date=2022-09-10 ------
[2026-05-19 08:51:13] Using viirs_af_path: viirs_af_path
[2026-05-19 08:51:13] VIIRS Image Date: ['2022-09-10 00:00:00']
[2026-05-19 08:51:14] Weather image size: 1
[2026-05-19 08:51:14] Forecast duration: 2022-09-11 00:00:00 to 2022-09-12 00:00:00
[2026-05-19 08:51:14] Number of forecast images: 24
[2026-05-19 08:51:14] Using forecast run: 2022-09-10 18:00:00 UTC
[2026-05-19 08:51:15] Forecast Rain Available hours: [6, 7, 8, 9, 10, 11, 12, 13, 14, 15, 16, 17, 18, 19, 20, 21, 22, 23, 24, 25, 26, 27, 28, 29]
[2026-05-19 08:51:15] Valid hours for sum: [12, 18, 24, 29]
[2026-05-19 08:51:16] Drought composite end date: 2022-09-07 06:00:00
[2026-05-19 08:51:17] Land cover year: 2021
[2026-05-19 08:51:18] VIIRS Veg composite: 2022-06-26 → 2022-07-12
[2026-05-19 08:51:21] Started export task: fire_158_dynamic_2022-09-10
[2026-05-19 08:51:21] ------ Processing date=2022-09-11 ------
[2026-05-19 08:51:21] Using viirs_af_path: viirs_af_path
[2026-05-19 08:51:22] VIIRS Image Date: ['2022-09-11 00:00:00']
[2026-05-19 08:51:22] Weather image size: 1
[2026-05-19 08:51:22] Forecast duration: 2022-09-12 00:00:00 to 2022-09-13 00:00:00
[2026-05-19 08:51:23] Number of forecast images: 23
[2026-05-19 08:51:23] Using forecast run: 2022-09-11 18:00:00 UTC
[2026-05-19 08:51:23] Forecast Rain Available hours: [6, 7, 8, 9, 10, 11, 12, 13, 14, 15, 16, 17, 18, 19, 21, 22, 23, 24, 25, 26, 27, 28, 29]
[2026-05-19 08:51:23] Valid hours for sum: [12, 18, 24, 29]
[2026-05-19 08:51:26] Drought composite end date: 2022-09-07 06:00:00
[2026-05-19 08:51:26] Land cover year: 2021
[2026-05-19 08:51:27] VIIRS Veg composite: 2022-06-26 → 2022-07-12
[2026-05-19 08:51:31] Started export task: fire_158_dynamic_2022-09-11
[2026-05-19 08:51:31] ------ Processing date=2022-09-12 ------
[2026-05-19 08:51:31] Using viirs_af_path: viirs_af_path
[2026-05-19 08:51:31] VIIRS Image Date: ['2022-09-12 00:00:00']
[2026-05-19 08:51:32] Weather image size: 1
[2026-05-19 08:51:32] Forecast duration: 2022-09-13 00:00:00 to 2022-09-14 00:00:00
[2026-05-19 08:51:33] Number of forecast images: 24
[2026-05-19 08:51:33] Using forecast run: 2022-09-12 18:00:00 UTC
[2026-05-19 08:51:33] Forecast Rain Available hours: [6, 7, 8, 9, 10, 11, 12, 13, 14, 15, 16, 17, 18, 19, 20, 21, 22, 23, 24, 25, 26, 27, 28, 29]
[2026-05-19 08:51:33] Valid hours for sum: [12, 18, 24, 29]
[2026-05-19 08:51:36] Drought composite end date: 2022-09-07 06:00:00
[2026-05-19 08:51:36] Land cover year: 2021
[2026-05-19 08:51:37] VIIRS Veg composite: 2022-06-26 → 2022-07-12
[2026-05-19 08:51:41] Started export task: fire_158_dynamic_2022-09-12
[2026-05-19 08:51:41] ------ Processing date=2022-09-13 ------
[2026-05-19 08:51:41] Using viirs_af_path: viirs_af_path
[2026-05-19 08:51:41] VIIRS Image Date: ['2022-09-13 00:00:00']
[2026-05-19 08:51:42] Weather image size: 1
[2026-05-19 08:51:42] Forecast duration: 2022-09-14 00:00:00 to 2022-09-15 00:00:00
[2026-05-19 08:51:43] Number of forecast images: 24
[2026-05-19 08:51:43] Using forecast run: 2022-09-13 18:00:00 UTC
[2026-05-19 08:51:44] Forecast Rain Available hours: [6, 7, 8, 9, 10, 11, 12, 13, 14, 15, 16, 17, 18, 19, 20, 21, 22, 23, 24, 25, 26, 27, 28, 29]
[2026-05-19 08:51:44] Valid hours for sum: [12, 18, 24, 29]
[2026-05-19 08:51:45] Drought composite end date: 2022-09-12 06:00:00
[2026-05-19 08:51:46] Land cover year: 2021
[2026-05-19 08:51:46] VIIRS Veg composite: 2022-06-26 → 2022-07-12
[2026-05-19 08:51:49] Started export task: fire_158_dynamic_2022-09-13
[2026-05-19 08:51:50] ------ Processing date=2022-09-14 ------
[2026-05-19 08:51:50] Using viirs_af_path: viirs_af_path
[2026-05-19 08:51:50] VIIRS Image Date: ['2022-09-14 00:00:00']
[2026-05-19 08:51:50] Weather image size: 1
[2026-05-19 08:51:50] Forecast duration: 2022-09-15 00:00:00 to 2022-09-16 00:00:00
[2026-05-19 08:51:51] Number of forecast images: 24
[2026-05-19 08:51:51] Using forecast run: 2022-09-14 18:00:00 UTC
[2026-05-19 08:51:51] Forecast Rain Available hours: [6, 7, 8, 9, 10, 11, 12, 13, 14, 15, 16, 17, 18, 19, 20, 21, 22, 23, 24, 25, 26, 27, 28, 29]
[2026-05-19 08:51:51] Valid hours for sum: [12, 18, 24, 29]
[2026-05-19 08:51:53] Drought composite end date: 2022-09-12 06:00:00
[2026-05-19 08:51:53] Land cover year: 2021
[2026-05-19 08:51:54] VIIRS Veg composite: 2022-06-26 → 2022-07-12
[2026-05-19 08:51:58] Started export task: fire_158_dynamic_2022-09-14
[2026-05-19 08:51:58] ------ Processing date=2022-09-15 ------
[2026-05-19 08:51:58] Using viirs_af_path: viirs_af_path
[2026-05-19 08:51:59] VIIRS Image Date: ['2022-09-15 00:00:00']
[2026-05-19 08:51:59] Weather image size: 1
[2026-05-19 08:51:59] Forecast duration: 2022-09-16 00:00:00 to 2022-09-17 00:00:00
[2026-05-19 08:52:00] Number of forecast images: 24
[2026-05-19 08:52:00] Using forecast run: 2022-09-15 18:00:00 UTC
[2026-05-19 08:52:00] Forecast Rain Available hours: [6, 7, 8, 9, 10, 11, 12, 13, 14, 15, 16, 17, 18, 19, 20, 21, 22, 23, 24, 25, 26, 27, 28, 29]
[2026-05-19 08:52:00] Valid hours for sum: [12, 18, 24, 29]
[2026-05-19 08:52:02] Drought composite end date: 2022-09-12 06:00:00
[2026-05-19 08:52:02] Land cover year: 2021
[2026-05-19 08:52:03] VIIRS Veg composite: 2022-06-26 → 2022-07-12
[2026-05-19 08:52:07] Started export task: fire_158_dynamic_2022-09-15
[2026-05-19 08:52:07] END: ----------Event fire_158----------- (Duration: 11.47m)
[2026-05-19 08:52:07] ========= Run finished. ========= 

[2026-05-19 08:52:07] Success count: 1
[2026-05-19 08:52:07] Failure count: 0
[2026-05-19 08:52:07] END: Dataset Creation Run (Duration: 11.50m)