[2026-05-19 21:11:39] START: Dataset Creation Run
[2026-05-19 21:11:39] Loading config from /Users/rabinatwayana/2_CDE_MT/CL/CDE_Master_Thesis_Wildfire_CL/dataset_creation/output_events_yaml/nan_viirs_2022.yaml
[2026-05-19 21:11:39] Using key file: key/gcloud_key.json
[2026-05-19 21:11:39] Using service account: None
[2026-05-19 21:11:39] Using VIIRS AF asset path: projects/wsts-dataset-creation/assets/viirs_snpp_fire_archive_jun2016_apr2026
[2026-05-19 21:11:39] START: Earth Engine Initialization
[2026-05-19 21:11:42] VIIRS AF asset accessible: projects/wsts-dataset-creation/assets/viirs_snpp_fire_archive_jun2016_apr2026
[2026-05-19 21:11:42] END: Earth Engine Initialization (Duration: 3.38s)
[2026-05-19 21:11:42] Total fire events to process: 3
[2026-05-19 21:11:42] =======Config=============
[2026-05-19 21:11:42] output_bucket: wsts_dataset
[2026-05-19 21:11:42] global_degree_bbox_size: 1.0
[2026-05-19 21:11:42] year: 2022
[2026-05-19 21:11:42] export_crs: EPSG:5070
[2026-05-19 21:11:42] export_resolution: 375
[2026-05-19 21:11:42] pre_buffer_days: 0
[2026-05-19 21:11:42] post_buffer_days: 0
[2026-05-19 21:11:42] START: ----------Event fire_142-----------
[2026-05-19 21:11:43] ------ Processing date=2022-06-28 ------
[2026-05-19 21:11:43] Using viirs_af_path: viirs_af_path
[2026-05-19 21:11:43] VIIRS Image Date: ['2022-06-28 00:00:00']
[2026-05-19 21:11:44] *** ERROR FLAG ***: VIIRS: data exists for 2022-06-28 but all pixels NaN → attempting interpolation...
[2026-05-19 21:11:47] VIIRS interpolation gap: 2022-06-27 → 2022-06-29 (2 days apart)
[2026-05-19 21:11:47] VIIRS interpolated: prev=2022-06-27, next=2022-06-29, weight=0.500
[2026-05-19 21:11:47] Weather image size: 1
[2026-05-19 21:11:47] Forecast duration: 2022-06-29 00:00:00 to 2022-06-30 00:00:00
[2026-05-19 21:11:48] Number of forecast images: 24
[2026-05-19 21:11:48] Using forecast run: 2022-06-28 18:00:00 UTC
[2026-05-19 21:11:48] Forecast Rain Available hours: [6, 7, 8, 9, 10, 11, 12, 13, 14, 15, 16, 17, 18, 19, 20, 21, 22, 23, 24, 25, 26, 27, 28, 29]
[2026-05-19 21:11:48] Valid hours for sum: [12, 18, 24, 29]
[2026-05-19 21:11:52] Drought composite end date: 2022-06-24 06:00:00
[2026-05-19 21:11:52] Land cover year: 2021
[2026-05-19 21:11:53] VIIRS Veg composite: 2022-06-10 → 2022-06-26
[2026-05-19 21:11:59] Started export task: fire_142_static
[2026-05-19 21:11:59] Started export task: fire_142_dynamic_2022-06-28
[2026-05-19 21:12:00] END: ----------Event fire_142----------- (Duration: 18.14s)
[2026-05-19 21:12:00] START: ----------Event fire_158-----------
[2026-05-19 21:12:01] ------ Processing date=2022-07-26 ------
[2026-05-19 21:12:01] Using viirs_af_path: viirs_af_path
[2026-05-19 21:12:01] VIIRS Image Date: ['2022-07-26 00:00:00']
[2026-05-19 21:12:02] *** ERROR FLAG ***: VIIRS: data exists for 2022-07-26 but all pixels NaN → attempting interpolation...
[2026-05-19 21:12:13] VIIRS interpolation gap: 2022-07-25 → 2022-08-11 (17 days apart)
[2026-05-19 21:12:13] VIIRS interpolated: prev=2022-07-25, next=2022-08-11, weight=0.059
[2026-05-19 21:12:13] Weather image size: 1
[2026-05-19 21:12:13] Forecast duration: 2022-07-27 00:00:00 to 2022-07-28 00:00:00
[2026-05-19 21:12:15] Number of forecast images: 24
[2026-05-19 21:12:15] Using forecast run: 2022-07-26 18:00:00 UTC
[2026-05-19 21:12:15] Forecast Rain Available hours: [6, 7, 8, 9, 10, 11, 12, 13, 14, 15, 16, 17, 18, 19, 20, 21, 22, 23, 24, 25, 26, 27, 28, 29]
[2026-05-19 21:12:15] Valid hours for sum: [12, 18, 24, 29]
[2026-05-19 21:12:18] Drought composite end date: 2022-07-24 06:00:00
[2026-05-19 21:12:18] Land cover year: 2021
[2026-05-19 21:12:20] VIIRS Veg composite: 2022-07-04 → 2022-07-20
[2026-05-19 21:12:25] Started export task: fire_158_static
[2026-05-19 21:12:26] Started export task: fire_158_dynamic_2022-07-26
[2026-05-19 21:12:27] ------ Processing date=2022-07-27 ------
[2026-05-19 21:12:27] Using viirs_af_path: viirs_af_path
[2026-05-19 21:12:27] VIIRS Image Date: []
[2026-05-19 21:12:27] *** ERROR FLAG ***: VIIRS: no data for 2022-07-27, attempting interpolation...
[2026-05-19 21:12:37] VIIRS interpolation gap: 2022-07-25 → 2022-08-11 (17 days apart)
[2026-05-19 21:12:37] VIIRS interpolated: prev=2022-07-25, next=2022-08-11, weight=0.118
[2026-05-19 21:12:38] Weather image size: 1
[2026-05-19 21:12:38] Forecast duration: 2022-07-28 00:00:00 to 2022-07-29 00:00:00
[2026-05-19 21:12:40] Number of forecast images: 24
[2026-05-19 21:12:40] Using forecast run: 2022-07-27 18:00:00 UTC
[2026-05-19 21:12:40] Forecast Rain Available hours: [6, 7, 8, 9, 10, 11, 12, 13, 14, 15, 16, 17, 18, 19, 20, 21, 22, 23, 24, 25, 26, 27, 28, 29]
[2026-05-19 21:12:40] Valid hours for sum: [12, 18, 24, 29]
[2026-05-19 21:12:42] Drought composite end date: 2022-07-24 06:00:00
[2026-05-19 21:12:43] Land cover year: 2021
[2026-05-19 21:12:45] VIIRS Veg composite: 2022-07-04 → 2022-07-20
[2026-05-19 21:12:49] Started export task: fire_158_dynamic_2022-07-27
[2026-05-19 21:12:50] ------ Processing date=2022-07-28 ------
[2026-05-19 21:12:50] Using viirs_af_path: viirs_af_path
[2026-05-19 21:12:50] VIIRS Image Date: []
[2026-05-19 21:12:50] *** ERROR FLAG ***: VIIRS: no data for 2022-07-28, attempting interpolation...
[2026-05-19 21:12:58] VIIRS interpolation gap: 2022-07-25 → 2022-08-11 (17 days apart)
[2026-05-19 21:12:58] VIIRS interpolated: prev=2022-07-25, next=2022-08-11, weight=0.176
[2026-05-19 21:12:58] Weather image size: 1
[2026-05-19 21:12:58] Forecast duration: 2022-07-29 00:00:00 to 2022-07-30 00:00:00
[2026-05-19 21:12:59] Number of forecast images: 24
[2026-05-19 21:12:59] Using forecast run: 2022-07-28 18:00:00 UTC
[2026-05-19 21:12:59] Forecast Rain Available hours: [6, 7, 8, 9, 10, 11, 12, 13, 14, 15, 16, 17, 18, 19, 20, 21, 22, 23, 24, 25, 26, 27, 28, 29]
[2026-05-19 21:12:59] Valid hours for sum: [12, 18, 24, 29]
[2026-05-19 21:13:02] Drought composite end date: 2022-07-24 06:00:00
[2026-05-19 21:13:03] Land cover year: 2021
[2026-05-19 21:13:04] VIIRS Veg composite: 2022-07-04 → 2022-07-20
[2026-05-19 21:13:08] Started export task: fire_158_dynamic_2022-07-28
[2026-05-19 21:13:09] ------ Processing date=2022-07-29 ------
[2026-05-19 21:13:09] Using viirs_af_path: viirs_af_path
[2026-05-19 21:13:09] VIIRS Image Date: []
[2026-05-19 21:13:09] *** ERROR FLAG ***: VIIRS: no data for 2022-07-29, attempting interpolation...
[2026-05-19 21:13:17] VIIRS interpolation gap: 2022-07-25 → 2022-08-11 (17 days apart)
[2026-05-19 21:13:17] VIIRS interpolated: prev=2022-07-25, next=2022-08-11, weight=0.235
[2026-05-19 21:13:17] Weather image size: 1
[2026-05-19 21:13:17] Forecast duration: 2022-07-30 00:00:00 to 2022-07-31 00:00:00
[2026-05-19 21:13:18] Number of forecast images: 24
[2026-05-19 21:13:18] Using forecast run: 2022-07-29 18:00:00 UTC
[2026-05-19 21:13:19] Forecast Rain Available hours: [6, 7, 8, 9, 10, 11, 12, 13, 14, 15, 16, 17, 18, 19, 20, 21, 22, 23, 24, 25, 26, 27, 28, 29]
[2026-05-19 21:13:19] Valid hours for sum: [12, 18, 24, 29]
[2026-05-19 21:13:21] Drought composite end date: 2022-07-24 06:00:00
[2026-05-19 21:13:21] Land cover year: 2021
[2026-05-19 21:13:24] VIIRS Veg composite: 2022-07-04 → 2022-07-20
[2026-05-19 21:13:29] Started export task: fire_158_dynamic_2022-07-29
[2026-05-19 21:13:30] ------ Processing date=2022-07-30 ------
[2026-05-19 21:13:30] Using viirs_af_path: viirs_af_path
[2026-05-19 21:13:31] VIIRS Image Date: []
[2026-05-19 21:13:31] *** ERROR FLAG ***: VIIRS: no data for 2022-07-30, attempting interpolation...
[2026-05-19 21:13:38] VIIRS interpolation gap: 2022-07-25 → 2022-08-11 (17 days apart)
[2026-05-19 21:13:38] VIIRS interpolated: prev=2022-07-25, next=2022-08-11, weight=0.294
[2026-05-19 21:13:38] Weather image size: 1
[2026-05-19 21:13:38] Forecast duration: 2022-07-31 00:00:00 to 2022-08-01 00:00:00
[2026-05-19 21:13:40] Number of forecast images: 24
[2026-05-19 21:13:40] Using forecast run: 2022-07-30 18:00:00 UTC
[2026-05-19 21:13:40] Forecast Rain Available hours: [6, 7, 8, 9, 10, 11, 12, 13, 14, 15, 16, 17, 18, 19, 20, 21, 22, 23, 24, 25, 26, 27, 28, 29]
[2026-05-19 21:13:40] Valid hours for sum: [12, 18, 24, 29]
[2026-05-19 21:13:43] Drought composite end date: 2022-07-29 06:00:00
[2026-05-19 21:13:43] Land cover year: 2021
[2026-05-19 21:13:44] VIIRS Veg composite: 2022-07-04 → 2022-07-20
[2026-05-19 21:13:47] Started export task: fire_158_dynamic_2022-07-30
[2026-05-19 21:13:48] ------ Processing date=2022-07-31 ------
[2026-05-19 21:13:48] Using viirs_af_path: viirs_af_path
[2026-05-19 21:13:48] VIIRS Image Date: []
[2026-05-19 21:13:48] *** ERROR FLAG ***: VIIRS: no data for 2022-07-31, attempting interpolation...
[2026-05-19 21:13:54] VIIRS interpolation gap: 2022-07-25 → 2022-08-11 (17 days apart)
[2026-05-19 21:13:54] VIIRS interpolated: prev=2022-07-25, next=2022-08-11, weight=0.353
[2026-05-19 21:13:55] Weather image size: 1
[2026-05-19 21:13:55] Forecast duration: 2022-08-01 00:00:00 to 2022-08-02 00:00:00
[2026-05-19 21:13:56] Number of forecast images: 24
[2026-05-19 21:13:56] Using forecast run: 2022-07-31 18:00:00 UTC
[2026-05-19 21:13:56] Forecast Rain Available hours: [6, 7, 8, 9, 10, 11, 12, 13, 14, 15, 16, 17, 18, 19, 20, 21, 22, 23, 24, 25, 26, 27, 28, 29]
[2026-05-19 21:13:56] Valid hours for sum: [12, 18, 24, 29]
[2026-05-19 21:13:58] Drought composite end date: 2022-07-29 06:00:00
[2026-05-19 21:13:58] Land cover year: 2021
[2026-05-19 21:13:59] VIIRS Veg composite: 2022-07-04 → 2022-07-20
[2026-05-19 21:14:03] Started export task: fire_158_dynamic_2022-07-31
[2026-05-19 21:14:04] ------ Processing date=2022-08-01 ------
[2026-05-19 21:14:04] Using viirs_af_path: viirs_af_path
[2026-05-19 21:14:04] VIIRS Image Date: []
[2026-05-19 21:14:04] *** ERROR FLAG ***: VIIRS: no data for 2022-08-01, attempting interpolation...
[2026-05-19 21:14:10] VIIRS interpolation gap: 2022-07-25 → 2022-08-11 (17 days apart)
[2026-05-19 21:14:10] VIIRS interpolated: prev=2022-07-25, next=2022-08-11, weight=0.412
[2026-05-19 21:14:11] Weather image size: 1
[2026-05-19 21:14:11] Forecast duration: 2022-08-02 00:00:00 to 2022-08-03 00:00:00
[2026-05-19 21:14:12] Number of forecast images: 24
[2026-05-19 21:14:12] Using forecast run: 2022-08-01 18:00:00 UTC
[2026-05-19 21:14:13] Forecast Rain Available hours: [6, 7, 8, 9, 10, 11, 12, 13, 14, 15, 16, 17, 18, 19, 20, 21, 22, 23, 24, 25, 26, 27, 28, 29]
[2026-05-19 21:14:13] Valid hours for sum: [12, 18, 24, 29]
[2026-05-19 21:14:15] Drought composite end date: 2022-07-29 06:00:00
[2026-05-19 21:14:15] Land cover year: 2021
[2026-05-19 21:14:17] VIIRS Veg composite: 2022-07-04 → 2022-07-20
[2026-05-19 21:14:19] Started export task: fire_158_dynamic_2022-08-01
[2026-05-19 21:14:20] ------ Processing date=2022-08-02 ------
[2026-05-19 21:14:20] Using viirs_af_path: viirs_af_path
[2026-05-19 21:14:20] VIIRS Image Date: []
[2026-05-19 21:14:20] *** ERROR FLAG ***: VIIRS: no data for 2022-08-02, attempting interpolation...
[2026-05-19 21:14:27] VIIRS interpolation gap: 2022-07-25 → 2022-08-11 (17 days apart)
[2026-05-19 21:14:27] VIIRS interpolated: prev=2022-07-25, next=2022-08-11, weight=0.471
[2026-05-19 21:14:27] Weather image size: 1
[2026-05-19 21:14:27] Forecast duration: 2022-08-03 00:00:00 to 2022-08-04 00:00:00
[2026-05-19 21:14:28] Number of forecast images: 24
[2026-05-19 21:14:28] Using forecast run: 2022-08-02 18:00:00 UTC
[2026-05-19 21:14:29] Forecast Rain Available hours: [6, 7, 8, 9, 10, 11, 12, 13, 14, 15, 16, 17, 18, 19, 20, 21, 22, 23, 24, 25, 26, 27, 28, 29]
[2026-05-19 21:14:29] Valid hours for sum: [12, 18, 24, 29]
[2026-05-19 21:14:32] Drought composite end date: 2022-07-29 06:00:00
[2026-05-19 21:14:33] Land cover year: 2021
[2026-05-19 21:14:34] VIIRS Veg composite: 2022-07-04 → 2022-07-20
[2026-05-19 21:14:38] Started export task: fire_158_dynamic_2022-08-02
[2026-05-19 21:14:38] ------ Processing date=2022-08-03 ------
[2026-05-19 21:14:38] Using viirs_af_path: viirs_af_path
[2026-05-19 21:14:39] VIIRS Image Date: []
[2026-05-19 21:14:39] *** ERROR FLAG ***: VIIRS: no data for 2022-08-03, attempting interpolation...
[2026-05-19 21:14:44] VIIRS interpolation gap: 2022-07-25 → 2022-08-11 (17 days apart)
[2026-05-19 21:14:44] VIIRS interpolated: prev=2022-07-25, next=2022-08-11, weight=0.529
[2026-05-19 21:14:44] Weather image size: 1
[2026-05-19 21:14:44] Forecast duration: 2022-08-04 00:00:00 to 2022-08-05 00:00:00
[2026-05-19 21:14:45] Number of forecast images: 24
[2026-05-19 21:14:45] Using forecast run: 2022-08-03 18:00:00 UTC
[2026-05-19 21:14:45] Forecast Rain Available hours: [6, 7, 8, 9, 10, 11, 12, 13, 14, 15, 16, 17, 18, 19, 20, 21, 22, 23, 24, 25, 26, 27, 28, 29]
[2026-05-19 21:14:45] Valid hours for sum: [12, 18, 24, 29]
[2026-05-19 21:14:47] Drought composite end date: 2022-07-29 06:00:00
[2026-05-19 21:14:47] Land cover year: 2021
[2026-05-19 21:14:48] VIIRS Veg composite: 2022-07-04 → 2022-07-20
[2026-05-19 21:14:51] Started export task: fire_158_dynamic_2022-08-03
[2026-05-19 21:14:51] ------ Processing date=2022-08-04 ------
[2026-05-19 21:14:51] Using viirs_af_path: viirs_af_path
[2026-05-19 21:14:52] VIIRS Image Date: []
[2026-05-19 21:14:52] *** ERROR FLAG ***: VIIRS: no data for 2022-08-04, attempting interpolation...
[2026-05-19 21:14:57] VIIRS interpolation gap: 2022-07-25 → 2022-08-11 (17 days apart)
[2026-05-19 21:14:57] VIIRS interpolated: prev=2022-07-25, next=2022-08-11, weight=0.588
[2026-05-19 21:14:57] Weather image size: 1
[2026-05-19 21:14:57] Forecast duration: 2022-08-05 00:00:00 to 2022-08-06 00:00:00
[2026-05-19 21:14:58] Number of forecast images: 24
[2026-05-19 21:14:58] Using forecast run: 2022-08-04 18:00:00 UTC
[2026-05-19 21:14:58] Forecast Rain Available hours: [6, 7, 8, 9, 10, 11, 12, 13, 14, 15, 16, 17, 18, 19, 20, 21, 22, 23, 24, 25, 26, 27, 28, 29]
[2026-05-19 21:14:58] Valid hours for sum: [12, 18, 24, 29]
[2026-05-19 21:15:00] Drought composite end date: 2022-08-03 06:00:00
[2026-05-19 21:15:00] Land cover year: 2021
[2026-05-19 21:15:01] VIIRS Veg composite: 2022-07-04 → 2022-07-20
[2026-05-19 21:15:05] Started export task: fire_158_dynamic_2022-08-04
[2026-05-19 21:15:05] ------ Processing date=2022-08-05 ------
[2026-05-19 21:15:05] Using viirs_af_path: viirs_af_path
[2026-05-19 21:15:05] VIIRS Image Date: []
[2026-05-19 21:15:05] *** ERROR FLAG ***: VIIRS: no data for 2022-08-05, attempting interpolation...
[2026-05-19 21:15:11] VIIRS interpolation gap: 2022-07-25 → 2022-08-11 (17 days apart)
[2026-05-19 21:15:11] VIIRS interpolated: prev=2022-07-25, next=2022-08-11, weight=0.647
[2026-05-19 21:15:11] Weather image size: 1
[2026-05-19 21:15:11] Forecast duration: 2022-08-06 00:00:00 to 2022-08-07 00:00:00
[2026-05-19 21:15:13] Number of forecast images: 24
[2026-05-19 21:15:13] Using forecast run: 2022-08-05 18:00:00 UTC
[2026-05-19 21:15:13] Forecast Rain Available hours: [6, 7, 8, 9, 10, 11, 12, 13, 14, 15, 16, 17, 18, 19, 20, 21, 22, 23, 24, 25, 26, 27, 28, 29]
[2026-05-19 21:15:13] Valid hours for sum: [12, 18, 24, 29]
[2026-05-19 21:15:15] Drought composite end date: 2022-08-03 06:00:00
[2026-05-19 21:15:16] Land cover year: 2021
[2026-05-19 21:15:17] VIIRS Veg composite: 2022-07-04 → 2022-07-20
[2026-05-19 21:15:21] Started export task: fire_158_dynamic_2022-08-05
[2026-05-19 21:15:21] END: ----------Event fire_158----------- (Duration: 3.35m)
[2026-05-19 21:15:21] START: ----------Event fire_163-----------
[2026-05-19 21:15:21] ------ Processing date=2022-07-26 ------
[2026-05-19 21:15:21] Using viirs_af_path: viirs_af_path
[2026-05-19 21:15:22] VIIRS Image Date: ['2022-07-26 00:00:00']
[2026-05-19 21:15:22] *** ERROR FLAG ***: VIIRS: data exists for 2022-07-26 but all pixels NaN → attempting interpolation...
[2026-05-19 21:15:28] VIIRS interpolation gap: 2022-07-25 → 2022-08-11 (17 days apart)
[2026-05-19 21:15:28] VIIRS interpolated: prev=2022-07-25, next=2022-08-11, weight=0.059
[2026-05-19 21:15:28] Weather image size: 1
[2026-05-19 21:15:28] Forecast duration: 2022-07-27 00:00:00 to 2022-07-28 00:00:00
[2026-05-19 21:15:30] Number of forecast images: 24
[2026-05-19 21:15:30] Using forecast run: 2022-07-26 18:00:00 UTC
[2026-05-19 21:15:30] Forecast Rain Available hours: [6, 7, 8, 9, 10, 11, 12, 13, 14, 15, 16, 17, 18, 19, 20, 21, 22, 23, 24, 25, 26, 27, 28, 29]
[2026-05-19 21:15:30] Valid hours for sum: [12, 18, 24, 29]
[2026-05-19 21:15:32] Drought composite end date: 2022-07-24 06:00:00
[2026-05-19 21:15:32] Land cover year: 2021
[2026-05-19 21:15:32] VIIRS Veg composite: 2022-07-04 → 2022-07-20
[2026-05-19 21:15:36] Started export task: fire_163_static
[2026-05-19 21:15:36] Started export task: fire_163_dynamic_2022-07-26
[2026-05-19 21:15:37] END: ----------Event fire_163----------- (Duration: 15.34s)
[2026-05-19 21:15:37] ========= Run finished. ========= 

[2026-05-19 21:15:37] Success count: 3
[2026-05-19 21:15:37] Failure count: 0
[2026-05-19 21:15:37] END: Dataset Creation Run (Duration: 3.96m)