[2026-05-20 06:34:03] START: Dataset Creation Run
[2026-05-20 06:34:03] Loading config from /Users/rabinatwayana/2_CDE_MT/CL/CDE_Master_Thesis_Wildfire_CL/dataset_creation/output_events_yaml/nan_viirs_2024.yaml
[2026-05-20 06:34:03] Using key file: key/gcloud_key.json
[2026-05-20 06:34:03] Using service account: None
[2026-05-20 06:34:03] Using VIIRS AF asset path: projects/wsts-dataset-creation/assets/viirs_snpp_fire_archive_jun2016_apr2026
[2026-05-20 06:34:03] START: Earth Engine Initialization
[2026-05-20 06:34:06] VIIRS AF asset accessible: projects/wsts-dataset-creation/assets/viirs_snpp_fire_archive_jun2016_apr2026
[2026-05-20 06:34:06] END: Earth Engine Initialization (Duration: 2.80s)
[2026-05-20 06:34:06] Total fire events to process: 9
[2026-05-20 06:34:06] =======Config=============
[2026-05-20 06:34:06] output_bucket: wsts_dataset
[2026-05-20 06:34:06] global_degree_bbox_size: 1.0
[2026-05-20 06:34:06] year: 2024
[2026-05-20 06:34:06] export_crs: EPSG:5070
[2026-05-20 06:34:06] export_resolution: 375
[2026-05-20 06:34:06] pre_buffer_days: 0
[2026-05-20 06:34:06] post_buffer_days: 0
[2026-05-20 06:34:06] START: ----------Event fire_177-----------
[2026-05-20 06:34:07] ------ Processing date=2024-07-24 ------
[2026-05-20 06:34:07] Using viirs_af_path: viirs_af_path
[2026-05-20 06:34:07] VIIRS Image Date: ['2024-07-24 00:00:00']
[2026-05-20 06:34:08] *** ERROR FLAG ***: VIIRS: data exists for 2024-07-24 but all pixels NaN → attempting interpolation...
[2026-05-20 06:34:14] VIIRS interpolation gap: 2024-07-23 → 2024-07-29 (6 days apart)
[2026-05-20 06:34:14] VIIRS interpolated: prev=2024-07-23, next=2024-07-29, weight=0.167
[2026-05-20 06:34:15] Weather image size: 1
[2026-05-20 06:34:15] Forecast duration: 2024-07-25 00:00:00 to 2024-07-26 00:00:00
[2026-05-20 06:34:16] Number of forecast images: 24
[2026-05-20 06:34:16] Using forecast run: 2024-07-24 18:00:00 UTC
[2026-05-20 06:34:17] Forecast Rain Available hours: [6, 7, 8, 9, 10, 11, 12, 13, 14, 15, 16, 17, 18, 19, 20, 21, 22, 23, 24, 25, 26, 27, 28, 29]
[2026-05-20 06:34:17] Valid hours for sum: [12, 18, 24, 29]
[2026-05-20 06:34:19] Drought composite end date: 2024-07-23 06:00:00
[2026-05-20 06:34:21] Land cover year: 2023
[2026-05-20 06:34:22] VIIRS Veg composite: 2024-07-03 → 2024-07-19
[2026-05-20 06:34:26] Started export task: fire_177_static
[2026-05-20 06:34:27] Started export task: fire_177_dynamic_2024-07-24
[2026-05-20 06:34:28] ------ Processing date=2024-07-25 ------
[2026-05-20 06:34:28] Using viirs_af_path: viirs_af_path
[2026-05-20 06:34:28] VIIRS Image Date: []
[2026-05-20 06:34:28] *** ERROR FLAG ***: VIIRS: no data for 2024-07-25, attempting interpolation...
[2026-05-20 06:34:34] VIIRS interpolation gap: 2024-07-23 → 2024-07-29 (6 days apart)
[2026-05-20 06:34:34] VIIRS interpolated: prev=2024-07-23, next=2024-07-29, weight=0.333
[2026-05-20 06:34:34] Weather image size: 1
[2026-05-20 06:34:34] Forecast duration: 2024-07-26 00:00:00 to 2024-07-27 00:00:00
[2026-05-20 06:34:36] Number of forecast images: 24
[2026-05-20 06:34:36] Using forecast run: 2024-07-25 18:00:00 UTC
[2026-05-20 06:34:36] Forecast Rain Available hours: [6, 7, 8, 9, 10, 11, 12, 13, 14, 15, 16, 17, 18, 19, 20, 21, 22, 23, 24, 25, 26, 27, 28, 29]
[2026-05-20 06:34:36] Valid hours for sum: [12, 18, 24, 29]
[2026-05-20 06:34:39] Drought composite end date: 2024-07-23 06:00:00
[2026-05-20 06:34:39] Land cover year: 2023
[2026-05-20 06:34:41] VIIRS Veg composite: 2024-07-03 → 2024-07-19
[2026-05-20 06:34:45] Started export task: fire_177_dynamic_2024-07-25
[2026-05-20 06:34:45] ------ Processing date=2024-07-26 ------
[2026-05-20 06:34:45] Using viirs_af_path: viirs_af_path
[2026-05-20 06:34:46] VIIRS Image Date: []
[2026-05-20 06:34:46] *** ERROR FLAG ***: VIIRS: no data for 2024-07-26, attempting interpolation...
[2026-05-20 06:34:51] VIIRS interpolation gap: 2024-07-23 → 2024-07-29 (6 days apart)
[2026-05-20 06:34:51] VIIRS interpolated: prev=2024-07-23, next=2024-07-29, weight=0.500
[2026-05-20 06:34:51] Weather image size: 1
[2026-05-20 06:34:51] Forecast duration: 2024-07-27 00:00:00 to 2024-07-28 00:00:00
[2026-05-20 06:34:53] Number of forecast images: 24
[2026-05-20 06:34:53] Using forecast run: 2024-07-26 18:00:00 UTC
[2026-05-20 06:34:54] Forecast Rain Available hours: [6, 7, 8, 9, 10, 11, 12, 13, 14, 15, 16, 17, 18, 19, 20, 21, 22, 23, 24, 25, 26, 27, 28, 29]
[2026-05-20 06:34:54] Valid hours for sum: [12, 18, 24, 29]
[2026-05-20 06:34:57] Drought composite end date: 2024-07-23 06:00:00
[2026-05-20 06:34:57] Land cover year: 2023
[2026-05-20 06:34:58] VIIRS Veg composite: 2024-07-03 → 2024-07-19
[2026-05-20 06:35:01] Started export task: fire_177_dynamic_2024-07-26
[2026-05-20 06:35:01] ------ Processing date=2024-07-27 ------
[2026-05-20 06:35:01] Using viirs_af_path: viirs_af_path
[2026-05-20 06:35:02] VIIRS Image Date: []
[2026-05-20 06:35:02] *** ERROR FLAG ***: VIIRS: no data for 2024-07-27, attempting interpolation...
[2026-05-20 06:35:04] VIIRS interpolation gap: 2024-07-23 → 2024-07-29 (6 days apart)
[2026-05-20 06:35:04] VIIRS interpolated: prev=2024-07-23, next=2024-07-29, weight=0.667
[2026-05-20 06:35:04] Weather image size: 1
[2026-05-20 06:35:04] Forecast duration: 2024-07-28 00:00:00 to 2024-07-29 00:00:00
[2026-05-20 06:35:05] Number of forecast images: 24
[2026-05-20 06:35:05] Using forecast run: 2024-07-27 18:00:00 UTC
[2026-05-20 06:35:06] Forecast Rain Available hours: [6, 7, 8, 9, 10, 11, 12, 13, 14, 15, 16, 17, 18, 19, 20, 21, 22, 23, 24, 25, 26, 27, 28, 29]
[2026-05-20 06:35:06] Valid hours for sum: [12, 18, 24, 29]
[2026-05-20 06:35:08] Drought composite end date: 2024-07-23 06:00:00
[2026-05-20 06:35:08] Land cover year: 2023
[2026-05-20 06:35:10] VIIRS Veg composite: 2024-07-03 → 2024-07-19
[2026-05-20 06:35:15] Started export task: fire_177_dynamic_2024-07-27
[2026-05-20 06:35:15] ------ Processing date=2024-07-28 ------
[2026-05-20 06:35:15] Using viirs_af_path: viirs_af_path
[2026-05-20 06:35:16] VIIRS Image Date: []
[2026-05-20 06:35:16] *** ERROR FLAG ***: VIIRS: no data for 2024-07-28, attempting interpolation...
[2026-05-20 06:35:19] VIIRS interpolation gap: 2024-07-23 → 2024-07-29 (6 days apart)
[2026-05-20 06:35:19] VIIRS interpolated: prev=2024-07-23, next=2024-07-29, weight=0.833
[2026-05-20 06:35:20] Weather image size: 1
[2026-05-20 06:35:20] Forecast duration: 2024-07-29 00:00:00 to 2024-07-30 00:00:00
[2026-05-20 06:35:21] Number of forecast images: 24
[2026-05-20 06:35:21] Using forecast run: 2024-07-28 18:00:00 UTC
[2026-05-20 06:35:22] Forecast Rain Available hours: [6, 7, 8, 9, 10, 11, 12, 13, 14, 15, 16, 17, 18, 19, 20, 21, 22, 23, 24, 25, 26, 27, 28, 29]
[2026-05-20 06:35:22] Valid hours for sum: [12, 18, 24, 29]
[2026-05-20 06:35:24] Drought composite end date: 2024-07-23 06:00:00
[2026-05-20 06:35:24] Land cover year: 2023
[2026-05-20 06:35:26] VIIRS Veg composite: 2024-07-03 → 2024-07-19
[2026-05-20 06:35:29] Started export task: fire_177_dynamic_2024-07-28
[2026-05-20 06:35:30] END: ----------Event fire_177----------- (Duration: 1.39m)
[2026-05-20 06:35:30] START: ----------Event fire_178-----------
[2026-05-20 06:35:30] ------ Processing date=2024-07-24 ------
[2026-05-20 06:35:30] Using viirs_af_path: viirs_af_path
[2026-05-20 06:35:31] VIIRS Image Date: ['2024-07-24 00:00:00']
[2026-05-20 06:35:32] *** ERROR FLAG ***: VIIRS: data exists for 2024-07-24 but all pixels NaN → attempting interpolation...
[2026-05-20 06:35:36] VIIRS interpolation gap: 2024-07-23 → 2024-07-29 (6 days apart)
[2026-05-20 06:35:36] VIIRS interpolated: prev=2024-07-23, next=2024-07-29, weight=0.167
[2026-05-20 06:35:36] Weather image size: 1
[2026-05-20 06:35:36] Forecast duration: 2024-07-25 00:00:00 to 2024-07-26 00:00:00
[2026-05-20 06:35:37] Number of forecast images: 24
[2026-05-20 06:35:37] Using forecast run: 2024-07-24 18:00:00 UTC
[2026-05-20 06:35:38] Forecast Rain Available hours: [6, 7, 8, 9, 10, 11, 12, 13, 14, 15, 16, 17, 18, 19, 20, 21, 22, 23, 24, 25, 26, 27, 28, 29]
[2026-05-20 06:35:38] Valid hours for sum: [12, 18, 24, 29]
[2026-05-20 06:35:40] Drought composite end date: 2024-07-23 06:00:00
[2026-05-20 06:35:40] Land cover year: 2023
[2026-05-20 06:35:42] VIIRS Veg composite: 2024-07-03 → 2024-07-19
[2026-05-20 06:35:45] Started export task: fire_178_static
[2026-05-20 06:35:46] Started export task: fire_178_dynamic_2024-07-24
[2026-05-20 06:35:47] ------ Processing date=2024-07-25 ------
[2026-05-20 06:35:47] Using viirs_af_path: viirs_af_path
[2026-05-20 06:35:47] VIIRS Image Date: []
[2026-05-20 06:35:47] *** ERROR FLAG ***: VIIRS: no data for 2024-07-25, attempting interpolation...
[2026-05-20 06:35:51] VIIRS interpolation gap: 2024-07-23 → 2024-07-29 (6 days apart)
[2026-05-20 06:35:51] VIIRS interpolated: prev=2024-07-23, next=2024-07-29, weight=0.333
[2026-05-20 06:35:51] Weather image size: 1
[2026-05-20 06:35:51] Forecast duration: 2024-07-26 00:00:00 to 2024-07-27 00:00:00
[2026-05-20 06:35:53] Number of forecast images: 24
[2026-05-20 06:35:53] Using forecast run: 2024-07-25 18:00:00 UTC
[2026-05-20 06:35:53] Forecast Rain Available hours: [6, 7, 8, 9, 10, 11, 12, 13, 14, 15, 16, 17, 18, 19, 20, 21, 22, 23, 24, 25, 26, 27, 28, 29]
[2026-05-20 06:35:53] Valid hours for sum: [12, 18, 24, 29]
[2026-05-20 06:35:55] Drought composite end date: 2024-07-23 06:00:00
[2026-05-20 06:35:56] Land cover year: 2023
[2026-05-20 06:35:57] VIIRS Veg composite: 2024-07-03 → 2024-07-19
[2026-05-20 06:36:03] Started export task: fire_178_dynamic_2024-07-25
[2026-05-20 06:36:04] ------ Processing date=2024-07-26 ------
[2026-05-20 06:36:04] Using viirs_af_path: viirs_af_path
[2026-05-20 06:36:04] VIIRS Image Date: []
[2026-05-20 06:36:04] *** ERROR FLAG ***: VIIRS: no data for 2024-07-26, attempting interpolation...
[2026-05-20 06:36:08] VIIRS interpolation gap: 2024-07-23 → 2024-07-29 (6 days apart)
[2026-05-20 06:36:08] VIIRS interpolated: prev=2024-07-23, next=2024-07-29, weight=0.500
[2026-05-20 06:36:08] Weather image size: 1
[2026-05-20 06:36:08] Forecast duration: 2024-07-27 00:00:00 to 2024-07-28 00:00:00
[2026-05-20 06:36:09] Number of forecast images: 24
[2026-05-20 06:36:09] Using forecast run: 2024-07-26 18:00:00 UTC
[2026-05-20 06:36:10] Forecast Rain Available hours: [6, 7, 8, 9, 10, 11, 12, 13, 14, 15, 16, 17, 18, 19, 20, 21, 22, 23, 24, 25, 26, 27, 28, 29]
[2026-05-20 06:36:10] Valid hours for sum: [12, 18, 24, 29]
[2026-05-20 06:36:12] Drought composite end date: 2024-07-23 06:00:00
[2026-05-20 06:36:12] Land cover year: 2023
[2026-05-20 06:36:13] VIIRS Veg composite: 2024-07-03 → 2024-07-19
[2026-05-20 06:36:16] Started export task: fire_178_dynamic_2024-07-26
[2026-05-20 06:36:17] ------ Processing date=2024-07-27 ------
[2026-05-20 06:36:17] Using viirs_af_path: viirs_af_path
[2026-05-20 06:36:17] VIIRS Image Date: []
[2026-05-20 06:36:17] *** ERROR FLAG ***: VIIRS: no data for 2024-07-27, attempting interpolation...
[2026-05-20 06:36:20] VIIRS interpolation gap: 2024-07-23 → 2024-07-29 (6 days apart)
[2026-05-20 06:36:20] VIIRS interpolated: prev=2024-07-23, next=2024-07-29, weight=0.667
[2026-05-20 06:36:20] Weather image size: 1
[2026-05-20 06:36:20] Forecast duration: 2024-07-28 00:00:00 to 2024-07-29 00:00:00
[2026-05-20 06:36:22] Number of forecast images: 24
[2026-05-20 06:36:22] Using forecast run: 2024-07-27 18:00:00 UTC
[2026-05-20 06:36:23] Forecast Rain Available hours: [6, 7, 8, 9, 10, 11, 12, 13, 14, 15, 16, 17, 18, 19, 20, 21, 22, 23, 24, 25, 26, 27, 28, 29]
[2026-05-20 06:36:23] Valid hours for sum: [12, 18, 24, 29]
[2026-05-20 06:36:25] Drought composite end date: 2024-07-23 06:00:00
[2026-05-20 06:36:25] Land cover year: 2023
[2026-05-20 06:36:26] VIIRS Veg composite: 2024-07-03 → 2024-07-19
[2026-05-20 06:36:31] Started export task: fire_178_dynamic_2024-07-27
[2026-05-20 06:36:32] ------ Processing date=2024-07-28 ------
[2026-05-20 06:36:32] Using viirs_af_path: viirs_af_path
[2026-05-20 06:36:33] VIIRS Image Date: []
[2026-05-20 06:36:33] *** ERROR FLAG ***: VIIRS: no data for 2024-07-28, attempting interpolation...
[2026-05-20 06:36:36] VIIRS interpolation gap: 2024-07-23 → 2024-07-29 (6 days apart)
[2026-05-20 06:36:36] VIIRS interpolated: prev=2024-07-23, next=2024-07-29, weight=0.833
[2026-05-20 06:36:37] Weather image size: 1
[2026-05-20 06:36:37] Forecast duration: 2024-07-29 00:00:00 to 2024-07-30 00:00:00
[2026-05-20 06:36:38] Number of forecast images: 24
[2026-05-20 06:36:38] Using forecast run: 2024-07-28 18:00:00 UTC
[2026-05-20 06:36:38] Forecast Rain Available hours: [6, 7, 8, 9, 10, 11, 12, 13, 14, 15, 16, 17, 18, 19, 20, 21, 22, 23, 24, 25, 26, 27, 28, 29]
[2026-05-20 06:36:38] Valid hours for sum: [12, 18, 24, 29]
[2026-05-20 06:36:40] Drought composite end date: 2024-07-23 06:00:00
[2026-05-20 06:36:40] Land cover year: 2023
[2026-05-20 06:36:41] VIIRS Veg composite: 2024-07-03 → 2024-07-19
[2026-05-20 06:36:47] Started export task: fire_178_dynamic_2024-07-28
[2026-05-20 06:36:48] END: ----------Event fire_178----------- (Duration: 1.30m)
[2026-05-20 06:36:48] START: ----------Event fire_180-----------
[2026-05-20 06:36:48] ------ Processing date=2024-07-24 ------
[2026-05-20 06:36:48] Using viirs_af_path: viirs_af_path
[2026-05-20 06:36:48] VIIRS Image Date: ['2024-07-24 00:00:00']
[2026-05-20 06:36:49] *** ERROR FLAG ***: VIIRS: data exists for 2024-07-24 but all pixels NaN → attempting interpolation...
[2026-05-20 06:36:51] VIIRS interpolation gap: 2024-07-23 → 2024-07-29 (6 days apart)
[2026-05-20 06:36:51] VIIRS interpolated: prev=2024-07-23, next=2024-07-29, weight=0.167
[2026-05-20 06:36:52] Weather image size: 1
[2026-05-20 06:36:52] Forecast duration: 2024-07-25 00:00:00 to 2024-07-26 00:00:00
[2026-05-20 06:36:53] Number of forecast images: 24
[2026-05-20 06:36:53] Using forecast run: 2024-07-24 18:00:00 UTC
[2026-05-20 06:36:53] Forecast Rain Available hours: [6, 7, 8, 9, 10, 11, 12, 13, 14, 15, 16, 17, 18, 19, 20, 21, 22, 23, 24, 25, 26, 27, 28, 29]
[2026-05-20 06:36:53] Valid hours for sum: [12, 18, 24, 29]
[2026-05-20 06:36:55] Drought composite end date: 2024-07-23 06:00:00
[2026-05-20 06:36:55] Land cover year: 2023
[2026-05-20 06:36:57] VIIRS Veg composite: 2024-07-03 → 2024-07-19
[2026-05-20 06:37:00] Started export task: fire_180_static
[2026-05-20 06:37:01] Started export task: fire_180_dynamic_2024-07-24
[2026-05-20 06:37:01] ------ Processing date=2024-07-25 ------
[2026-05-20 06:37:01] Using viirs_af_path: viirs_af_path
[2026-05-20 06:37:01] VIIRS Image Date: []
[2026-05-20 06:37:01] *** ERROR FLAG ***: VIIRS: no data for 2024-07-25, attempting interpolation...
[2026-05-20 06:37:05] VIIRS interpolation gap: 2024-07-23 → 2024-07-29 (6 days apart)
[2026-05-20 06:37:05] VIIRS interpolated: prev=2024-07-23, next=2024-07-29, weight=0.333
[2026-05-20 06:37:05] Weather image size: 1
[2026-05-20 06:37:05] Forecast duration: 2024-07-26 00:00:00 to 2024-07-27 00:00:00
[2026-05-20 06:37:06] Number of forecast images: 24
[2026-05-20 06:37:06] Using forecast run: 2024-07-25 18:00:00 UTC
[2026-05-20 06:37:07] Forecast Rain Available hours: [6, 7, 8, 9, 10, 11, 12, 13, 14, 15, 16, 17, 18, 19, 20, 21, 22, 23, 24, 25, 26, 27, 28, 29]
[2026-05-20 06:37:07] Valid hours for sum: [12, 18, 24, 29]
[2026-05-20 06:37:08] Drought composite end date: 2024-07-23 06:00:00
[2026-05-20 06:37:09] Land cover year: 2023
[2026-05-20 06:37:10] VIIRS Veg composite: 2024-07-03 → 2024-07-19
[2026-05-20 06:37:15] Started export task: fire_180_dynamic_2024-07-25
[2026-05-20 06:37:15] ------ Processing date=2024-07-26 ------
[2026-05-20 06:37:15] Using viirs_af_path: viirs_af_path
[2026-05-20 06:37:16] VIIRS Image Date: []
[2026-05-20 06:37:16] *** ERROR FLAG ***: VIIRS: no data for 2024-07-26, attempting interpolation...
[2026-05-20 06:37:18] VIIRS interpolation gap: 2024-07-23 → 2024-07-29 (6 days apart)
[2026-05-20 06:37:18] VIIRS interpolated: prev=2024-07-23, next=2024-07-29, weight=0.500
[2026-05-20 06:37:18] Weather image size: 1
[2026-05-20 06:37:18] Forecast duration: 2024-07-27 00:00:00 to 2024-07-28 00:00:00
[2026-05-20 06:37:19] Number of forecast images: 24
[2026-05-20 06:37:19] Using forecast run: 2024-07-26 18:00:00 UTC
[2026-05-20 06:37:20] Forecast Rain Available hours: [6, 7, 8, 9, 10, 11, 12, 13, 14, 15, 16, 17, 18, 19, 20, 21, 22, 23, 24, 25, 26, 27, 28, 29]
[2026-05-20 06:37:20] Valid hours for sum: [12, 18, 24, 29]
[2026-05-20 06:37:22] Drought composite end date: 2024-07-23 06:00:00
[2026-05-20 06:37:23] Land cover year: 2023
[2026-05-20 06:37:23] VIIRS Veg composite: 2024-07-03 → 2024-07-19
[2026-05-20 06:37:27] Started export task: fire_180_dynamic_2024-07-26
[2026-05-20 06:37:27] ------ Processing date=2024-07-27 ------
[2026-05-20 06:37:27] Using viirs_af_path: viirs_af_path
[2026-05-20 06:37:28] VIIRS Image Date: []
[2026-05-20 06:37:28] *** ERROR FLAG ***: VIIRS: no data for 2024-07-27, attempting interpolation...
[2026-05-20 06:37:31] VIIRS interpolation gap: 2024-07-23 → 2024-07-29 (6 days apart)
[2026-05-20 06:37:31] VIIRS interpolated: prev=2024-07-23, next=2024-07-29, weight=0.667
[2026-05-20 06:37:31] Weather image size: 1
[2026-05-20 06:37:31] Forecast duration: 2024-07-28 00:00:00 to 2024-07-29 00:00:00
[2026-05-20 06:37:31] Number of forecast images: 24
[2026-05-20 06:37:31] Using forecast run: 2024-07-27 18:00:00 UTC
[2026-05-20 06:37:32] Forecast Rain Available hours: [6, 7, 8, 9, 10, 11, 12, 13, 14, 15, 16, 17, 18, 19, 20, 21, 22, 23, 24, 25, 26, 27, 28, 29]
[2026-05-20 06:37:32] Valid hours for sum: [12, 18, 24, 29]
[2026-05-20 06:37:33] Drought composite end date: 2024-07-23 06:00:00
[2026-05-20 06:37:33] Land cover year: 2023
[2026-05-20 06:37:34] VIIRS Veg composite: 2024-07-03 → 2024-07-19
[2026-05-20 06:37:38] Started export task: fire_180_dynamic_2024-07-27
[2026-05-20 06:37:39] ------ Processing date=2024-07-28 ------
[2026-05-20 06:37:39] Using viirs_af_path: viirs_af_path
[2026-05-20 06:37:39] VIIRS Image Date: []
[2026-05-20 06:37:39] *** ERROR FLAG ***: VIIRS: no data for 2024-07-28, attempting interpolation...
[2026-05-20 06:37:42] VIIRS interpolation gap: 2024-07-23 → 2024-07-29 (6 days apart)
[2026-05-20 06:37:42] VIIRS interpolated: prev=2024-07-23, next=2024-07-29, weight=0.833
[2026-05-20 06:37:42] Weather image size: 1
[2026-05-20 06:37:42] Forecast duration: 2024-07-29 00:00:00 to 2024-07-30 00:00:00
[2026-05-20 06:37:43] Number of forecast images: 24
[2026-05-20 06:37:43] Using forecast run: 2024-07-28 18:00:00 UTC
[2026-05-20 06:37:43] Forecast Rain Available hours: [6, 7, 8, 9, 10, 11, 12, 13, 14, 15, 16, 17, 18, 19, 20, 21, 22, 23, 24, 25, 26, 27, 28, 29]
[2026-05-20 06:37:43] Valid hours for sum: [12, 18, 24, 29]
[2026-05-20 06:37:45] Drought composite end date: 2024-07-23 06:00:00
[2026-05-20 06:37:45] Land cover year: 2023
[2026-05-20 06:37:46] VIIRS Veg composite: 2024-07-03 → 2024-07-19
[2026-05-20 06:37:50] Started export task: fire_180_dynamic_2024-07-28
[2026-05-20 06:37:50] END: ----------Event fire_180----------- (Duration: 1.04m)
[2026-05-20 06:37:50] START: ----------Event fire_181-----------
[2026-05-20 06:37:50] ------ Processing date=2024-07-24 ------
[2026-05-20 06:37:50] Using viirs_af_path: viirs_af_path
[2026-05-20 06:37:51] VIIRS Image Date: ['2024-07-24 00:00:00']
[2026-05-20 06:37:51] *** ERROR FLAG ***: VIIRS: data exists for 2024-07-24 but all pixels NaN → attempting interpolation...
[2026-05-20 06:37:56] VIIRS interpolation gap: 2024-07-23 → 2024-07-29 (6 days apart)
[2026-05-20 06:37:56] VIIRS interpolated: prev=2024-07-23, next=2024-07-29, weight=0.167
[2026-05-20 06:37:56] Weather image size: 1
[2026-05-20 06:37:56] Forecast duration: 2024-07-25 00:00:00 to 2024-07-26 00:00:00
[2026-05-20 06:37:57] Number of forecast images: 24
[2026-05-20 06:37:57] Using forecast run: 2024-07-24 18:00:00 UTC
[2026-05-20 06:37:58] Forecast Rain Available hours: [6, 7, 8, 9, 10, 11, 12, 13, 14, 15, 16, 17, 18, 19, 20, 21, 22, 23, 24, 25, 26, 27, 28, 29]
[2026-05-20 06:37:58] Valid hours for sum: [12, 18, 24, 29]
[2026-05-20 06:38:00] Drought composite end date: 2024-07-23 06:00:00
[2026-05-20 06:38:01] Land cover year: 2023
[2026-05-20 06:38:02] VIIRS Veg composite: 2024-07-03 → 2024-07-19
[2026-05-20 06:38:04] Started export task: fire_181_static
[2026-05-20 06:38:05] Started export task: fire_181_dynamic_2024-07-24
[2026-05-20 06:38:05] ------ Processing date=2024-07-25 ------
[2026-05-20 06:38:05] Using viirs_af_path: viirs_af_path
[2026-05-20 06:38:05] VIIRS Image Date: []
[2026-05-20 06:38:05] *** ERROR FLAG ***: VIIRS: no data for 2024-07-25, attempting interpolation...
[2026-05-20 06:38:08] VIIRS interpolation gap: 2024-07-23 → 2024-07-29 (6 days apart)
[2026-05-20 06:38:08] VIIRS interpolated: prev=2024-07-23, next=2024-07-29, weight=0.333
[2026-05-20 06:38:08] Weather image size: 1
[2026-05-20 06:38:08] Forecast duration: 2024-07-26 00:00:00 to 2024-07-27 00:00:00
[2026-05-20 06:38:09] Number of forecast images: 24
[2026-05-20 06:38:09] Using forecast run: 2024-07-25 18:00:00 UTC
[2026-05-20 06:38:09] Forecast Rain Available hours: [6, 7, 8, 9, 10, 11, 12, 13, 14, 15, 16, 17, 18, 19, 20, 21, 22, 23, 24, 25, 26, 27, 28, 29]
[2026-05-20 06:38:09] Valid hours for sum: [12, 18, 24, 29]
[2026-05-20 06:38:12] Drought composite end date: 2024-07-23 06:00:00
[2026-05-20 06:38:12] Land cover year: 2023
[2026-05-20 06:38:13] VIIRS Veg composite: 2024-07-03 → 2024-07-19
[2026-05-20 06:38:17] Started export task: fire_181_dynamic_2024-07-25
[2026-05-20 06:38:17] ------ Processing date=2024-07-26 ------
[2026-05-20 06:38:17] Using viirs_af_path: viirs_af_path
[2026-05-20 06:38:17] VIIRS Image Date: []
[2026-05-20 06:38:17] *** ERROR FLAG ***: VIIRS: no data for 2024-07-26, attempting interpolation...
[2026-05-20 06:38:20] VIIRS interpolation gap: 2024-07-23 → 2024-07-29 (6 days apart)
[2026-05-20 06:38:20] VIIRS interpolated: prev=2024-07-23, next=2024-07-29, weight=0.500
[2026-05-20 06:38:21] Weather image size: 1
[2026-05-20 06:38:21] Forecast duration: 2024-07-27 00:00:00 to 2024-07-28 00:00:00
[2026-05-20 06:38:21] Number of forecast images: 24
[2026-05-20 06:38:21] Using forecast run: 2024-07-26 18:00:00 UTC
[2026-05-20 06:38:22] Forecast Rain Available hours: [6, 7, 8, 9, 10, 11, 12, 13, 14, 15, 16, 17, 18, 19, 20, 21, 22, 23, 24, 25, 26, 27, 28, 29]
[2026-05-20 06:38:22] Valid hours for sum: [12, 18, 24, 29]
[2026-05-20 06:38:25] Drought composite end date: 2024-07-23 06:00:00
[2026-05-20 06:38:26] Land cover year: 2023
[2026-05-20 06:38:27] VIIRS Veg composite: 2024-07-03 → 2024-07-19
[2026-05-20 06:38:31] Started export task: fire_181_dynamic_2024-07-26
[2026-05-20 06:38:31] ------ Processing date=2024-07-27 ------
[2026-05-20 06:38:31] Using viirs_af_path: viirs_af_path
[2026-05-20 06:38:32] VIIRS Image Date: []
[2026-05-20 06:38:32] *** ERROR FLAG ***: VIIRS: no data for 2024-07-27, attempting interpolation...
[2026-05-20 06:38:35] VIIRS interpolation gap: 2024-07-23 → 2024-07-29 (6 days apart)
[2026-05-20 06:38:35] VIIRS interpolated: prev=2024-07-23, next=2024-07-29, weight=0.667
[2026-05-20 06:38:35] Weather image size: 1
[2026-05-20 06:38:35] Forecast duration: 2024-07-28 00:00:00 to 2024-07-29 00:00:00
[2026-05-20 06:38:36] Number of forecast images: 24
[2026-05-20 06:38:36] Using forecast run: 2024-07-27 18:00:00 UTC
[2026-05-20 06:38:36] Forecast Rain Available hours: [6, 7, 8, 9, 10, 11, 12, 13, 14, 15, 16, 17, 18, 19, 20, 21, 22, 23, 24, 25, 26, 27, 28, 29]
[2026-05-20 06:38:36] Valid hours for sum: [12, 18, 24, 29]
[2026-05-20 06:38:39] Drought composite end date: 2024-07-23 06:00:00
[2026-05-20 06:38:39] Land cover year: 2023
[2026-05-20 06:38:40] VIIRS Veg composite: 2024-07-03 → 2024-07-19
[2026-05-20 06:38:44] Started export task: fire_181_dynamic_2024-07-27
[2026-05-20 06:38:44] ------ Processing date=2024-07-28 ------
[2026-05-20 06:38:44] Using viirs_af_path: viirs_af_path
[2026-05-20 06:38:45] VIIRS Image Date: []
[2026-05-20 06:38:45] *** ERROR FLAG ***: VIIRS: no data for 2024-07-28, attempting interpolation...
[2026-05-20 06:38:47] VIIRS interpolation gap: 2024-07-23 → 2024-07-29 (6 days apart)
[2026-05-20 06:38:47] VIIRS interpolated: prev=2024-07-23, next=2024-07-29, weight=0.833
[2026-05-20 06:38:47] Weather image size: 1
[2026-05-20 06:38:47] Forecast duration: 2024-07-29 00:00:00 to 2024-07-30 00:00:00
[2026-05-20 06:38:48] Number of forecast images: 24
[2026-05-20 06:38:48] Using forecast run: 2024-07-28 18:00:00 UTC
[2026-05-20 06:38:48] Forecast Rain Available hours: [6, 7, 8, 9, 10, 11, 12, 13, 14, 15, 16, 17, 18, 19, 20, 21, 22, 23, 24, 25, 26, 27, 28, 29]
[2026-05-20 06:38:48] Valid hours for sum: [12, 18, 24, 29]
[2026-05-20 06:38:50] Drought composite end date: 2024-07-23 06:00:00
[2026-05-20 06:38:50] Land cover year: 2023
[2026-05-20 06:38:51] VIIRS Veg composite: 2024-07-03 → 2024-07-19
[2026-05-20 06:38:55] Started export task: fire_181_dynamic_2024-07-28
[2026-05-20 06:38:55] END: ----------Event fire_181----------- (Duration: 1.09m)
[2026-05-20 06:38:55] START: ----------Event fire_183-----------
[2026-05-20 06:38:56] ------ Processing date=2024-07-24 ------
[2026-05-20 06:38:56] Using viirs_af_path: viirs_af_path
[2026-05-20 06:38:56] VIIRS Image Date: ['2024-07-24 00:00:00']
[2026-05-20 06:38:56] *** ERROR FLAG ***: VIIRS: data exists for 2024-07-24 but all pixels NaN → attempting interpolation...
[2026-05-20 06:38:59] VIIRS interpolation gap: 2024-07-23 → 2024-07-29 (6 days apart)
[2026-05-20 06:38:59] VIIRS interpolated: prev=2024-07-23, next=2024-07-29, weight=0.167
[2026-05-20 06:38:59] Weather image size: 1
[2026-05-20 06:38:59] Forecast duration: 2024-07-25 00:00:00 to 2024-07-26 00:00:00
[2026-05-20 06:39:00] Number of forecast images: 24
[2026-05-20 06:39:00] Using forecast run: 2024-07-24 18:00:00 UTC
[2026-05-20 06:39:00] Forecast Rain Available hours: [6, 7, 8, 9, 10, 11, 12, 13, 14, 15, 16, 17, 18, 19, 20, 21, 22, 23, 24, 25, 26, 27, 28, 29]
[2026-05-20 06:39:00] Valid hours for sum: [12, 18, 24, 29]
[2026-05-20 06:39:02] Drought composite end date: 2024-07-23 06:00:00
[2026-05-20 06:39:02] Land cover year: 2023
[2026-05-20 06:39:03] VIIRS Veg composite: 2024-07-03 → 2024-07-19
[2026-05-20 06:39:07] Started export task: fire_183_static
[2026-05-20 06:39:08] Started export task: fire_183_dynamic_2024-07-24
[2026-05-20 06:39:08] ------ Processing date=2024-07-25 ------
[2026-05-20 06:39:08] Using viirs_af_path: viirs_af_path
[2026-05-20 06:39:09] VIIRS Image Date: []
[2026-05-20 06:39:09] *** ERROR FLAG ***: VIIRS: no data for 2024-07-25, attempting interpolation...
[2026-05-20 06:39:12] VIIRS interpolation gap: 2024-07-23 → 2024-07-29 (6 days apart)
[2026-05-20 06:39:12] VIIRS interpolated: prev=2024-07-23, next=2024-07-29, weight=0.333
[2026-05-20 06:39:12] Weather image size: 1
[2026-05-20 06:39:12] Forecast duration: 2024-07-26 00:00:00 to 2024-07-27 00:00:00
[2026-05-20 06:39:13] Number of forecast images: 24
[2026-05-20 06:39:13] Using forecast run: 2024-07-25 18:00:00 UTC
[2026-05-20 06:39:14] Forecast Rain Available hours: [6, 7, 8, 9, 10, 11, 12, 13, 14, 15, 16, 17, 18, 19, 20, 21, 22, 23, 24, 25, 26, 27, 28, 29]
[2026-05-20 06:39:14] Valid hours for sum: [12, 18, 24, 29]
[2026-05-20 06:39:16] Drought composite end date: 2024-07-23 06:00:00
[2026-05-20 06:39:16] Land cover year: 2023
[2026-05-20 06:39:17] VIIRS Veg composite: 2024-07-03 → 2024-07-19
[2026-05-20 06:39:21] Started export task: fire_183_dynamic_2024-07-25
[2026-05-20 06:39:21] ------ Processing date=2024-07-26 ------
[2026-05-20 06:39:21] Using viirs_af_path: viirs_af_path
[2026-05-20 06:39:21] VIIRS Image Date: []
[2026-05-20 06:39:21] *** ERROR FLAG ***: VIIRS: no data for 2024-07-26, attempting interpolation...
[2026-05-20 06:39:24] VIIRS interpolation gap: 2024-07-23 → 2024-07-29 (6 days apart)
[2026-05-20 06:39:24] VIIRS interpolated: prev=2024-07-23, next=2024-07-29, weight=0.500
[2026-05-20 06:39:24] Weather image size: 1
[2026-05-20 06:39:24] Forecast duration: 2024-07-27 00:00:00 to 2024-07-28 00:00:00
[2026-05-20 06:39:27] Number of forecast images: 24
[2026-05-20 06:39:27] Using forecast run: 2024-07-26 18:00:00 UTC
[2026-05-20 06:39:28] Forecast Rain Available hours: [6, 7, 8, 9, 10, 11, 12, 13, 14, 15, 16, 17, 18, 19, 20, 21, 22, 23, 24, 25, 26, 27, 28, 29]
[2026-05-20 06:39:28] Valid hours for sum: [12, 18, 24, 29]
[2026-05-20 06:39:30] Drought composite end date: 2024-07-23 06:00:00
[2026-05-20 06:39:30] Land cover year: 2023
[2026-05-20 06:39:31] VIIRS Veg composite: 2024-07-03 → 2024-07-19
[2026-05-20 06:39:36] Started export task: fire_183_dynamic_2024-07-26
[2026-05-20 06:39:36] ------ Processing date=2024-07-27 ------
[2026-05-20 06:39:36] Using viirs_af_path: viirs_af_path
[2026-05-20 06:39:37] VIIRS Image Date: []
[2026-05-20 06:39:37] *** ERROR FLAG ***: VIIRS: no data for 2024-07-27, attempting interpolation...
[2026-05-20 06:39:39] VIIRS interpolation gap: 2024-07-23 → 2024-07-29 (6 days apart)
[2026-05-20 06:39:39] VIIRS interpolated: prev=2024-07-23, next=2024-07-29, weight=0.667
[2026-05-20 06:39:39] Weather image size: 1
[2026-05-20 06:39:39] Forecast duration: 2024-07-28 00:00:00 to 2024-07-29 00:00:00
[2026-05-20 06:39:40] Number of forecast images: 24
[2026-05-20 06:39:40] Using forecast run: 2024-07-27 18:00:00 UTC
[2026-05-20 06:39:41] Forecast Rain Available hours: [6, 7, 8, 9, 10, 11, 12, 13, 14, 15, 16, 17, 18, 19, 20, 21, 22, 23, 24, 25, 26, 27, 28, 29]
[2026-05-20 06:39:41] Valid hours for sum: [12, 18, 24, 29]
[2026-05-20 06:39:44] Drought composite end date: 2024-07-23 06:00:00
[2026-05-20 06:39:44] Land cover year: 2023
[2026-05-20 06:39:45] VIIRS Veg composite: 2024-07-03 → 2024-07-19
[2026-05-20 06:39:48] Started export task: fire_183_dynamic_2024-07-27
[2026-05-20 06:39:48] ------ Processing date=2024-07-28 ------
[2026-05-20 06:39:48] Using viirs_af_path: viirs_af_path
[2026-05-20 06:39:49] VIIRS Image Date: []
[2026-05-20 06:39:49] *** ERROR FLAG ***: VIIRS: no data for 2024-07-28, attempting interpolation...
[2026-05-20 06:39:51] VIIRS interpolation gap: 2024-07-23 → 2024-07-29 (6 days apart)
[2026-05-20 06:39:51] VIIRS interpolated: prev=2024-07-23, next=2024-07-29, weight=0.833
[2026-05-20 06:39:51] Weather image size: 1
[2026-05-20 06:39:51] Forecast duration: 2024-07-29 00:00:00 to 2024-07-30 00:00:00
[2026-05-20 06:39:52] Number of forecast images: 24
[2026-05-20 06:39:52] Using forecast run: 2024-07-28 18:00:00 UTC
[2026-05-20 06:39:54] Forecast Rain Available hours: [6, 7, 8, 9, 10, 11, 12, 13, 14, 15, 16, 17, 18, 19, 20, 21, 22, 23, 24, 25, 26, 27, 28, 29]
[2026-05-20 06:39:54] Valid hours for sum: [12, 18, 24, 29]
[2026-05-20 06:39:55] Drought composite end date: 2024-07-23 06:00:00
[2026-05-20 06:39:56] Land cover year: 2023
[2026-05-20 06:39:57] VIIRS Veg composite: 2024-07-03 → 2024-07-19
[2026-05-20 06:39:59] Started export task: fire_183_dynamic_2024-07-28
[2026-05-20 06:40:00] END: ----------Event fire_183----------- (Duration: 1.07m)
[2026-05-20 06:40:00] START: ----------Event fire_186-----------
[2026-05-20 06:40:00] ------ Processing date=2024-07-24 ------
[2026-05-20 06:40:00] Using viirs_af_path: viirs_af_path
[2026-05-20 06:40:00] VIIRS Image Date: ['2024-07-24 00:00:00']
[2026-05-20 06:40:02] *** ERROR FLAG ***: VIIRS: data exists for 2024-07-24 but all pixels NaN → attempting interpolation...
[2026-05-20 06:40:04] VIIRS interpolation gap: 2024-07-23 → 2024-07-29 (6 days apart)
[2026-05-20 06:40:04] VIIRS interpolated: prev=2024-07-23, next=2024-07-29, weight=0.167
[2026-05-20 06:40:05] Weather image size: 1
[2026-05-20 06:40:05] Forecast duration: 2024-07-25 00:00:00 to 2024-07-26 00:00:00
[2026-05-20 06:40:05] Number of forecast images: 24
[2026-05-20 06:40:05] Using forecast run: 2024-07-24 18:00:00 UTC
[2026-05-20 06:40:06] Forecast Rain Available hours: [6, 7, 8, 9, 10, 11, 12, 13, 14, 15, 16, 17, 18, 19, 20, 21, 22, 23, 24, 25, 26, 27, 28, 29]
[2026-05-20 06:40:06] Valid hours for sum: [12, 18, 24, 29]
[2026-05-20 06:40:08] Drought composite end date: 2024-07-23 06:00:00
[2026-05-20 06:40:08] Land cover year: 2023
[2026-05-20 06:40:10] VIIRS Veg composite: 2024-07-03 → 2024-07-19
[2026-05-20 06:40:14] Started export task: fire_186_static
[2026-05-20 06:40:15] Started export task: fire_186_dynamic_2024-07-24
[2026-05-20 06:40:15] ------ Processing date=2024-07-25 ------
[2026-05-20 06:40:15] Using viirs_af_path: viirs_af_path
[2026-05-20 06:40:16] VIIRS Image Date: []
[2026-05-20 06:40:16] *** ERROR FLAG ***: VIIRS: no data for 2024-07-25, attempting interpolation...
[2026-05-20 06:40:18] VIIRS interpolation gap: 2024-07-23 → 2024-07-29 (6 days apart)
[2026-05-20 06:40:18] VIIRS interpolated: prev=2024-07-23, next=2024-07-29, weight=0.333
[2026-05-20 06:40:18] Weather image size: 1
[2026-05-20 06:40:18] Forecast duration: 2024-07-26 00:00:00 to 2024-07-27 00:00:00
[2026-05-20 06:40:19] Number of forecast images: 24
[2026-05-20 06:40:19] Using forecast run: 2024-07-25 18:00:00 UTC
[2026-05-20 06:40:20] Forecast Rain Available hours: [6, 7, 8, 9, 10, 11, 12, 13, 14, 15, 16, 17, 18, 19, 20, 21, 22, 23, 24, 25, 26, 27, 28, 29]
[2026-05-20 06:40:20] Valid hours for sum: [12, 18, 24, 29]
[2026-05-20 06:40:22] Drought composite end date: 2024-07-23 06:00:00
[2026-05-20 06:40:22] Land cover year: 2023
[2026-05-20 06:40:23] VIIRS Veg composite: 2024-07-03 → 2024-07-19
[2026-05-20 06:40:28] Started export task: fire_186_dynamic_2024-07-25
[2026-05-20 06:40:28] ------ Processing date=2024-07-26 ------
[2026-05-20 06:40:28] Using viirs_af_path: viirs_af_path
[2026-05-20 06:40:28] VIIRS Image Date: []
[2026-05-20 06:40:28] *** ERROR FLAG ***: VIIRS: no data for 2024-07-26, attempting interpolation...
[2026-05-20 06:40:30] VIIRS interpolation gap: 2024-07-23 → 2024-07-29 (6 days apart)
[2026-05-20 06:40:30] VIIRS interpolated: prev=2024-07-23, next=2024-07-29, weight=0.500
[2026-05-20 06:40:30] Weather image size: 1
[2026-05-20 06:40:30] Forecast duration: 2024-07-27 00:00:00 to 2024-07-28 00:00:00
[2026-05-20 06:40:31] Number of forecast images: 24
[2026-05-20 06:40:31] Using forecast run: 2024-07-26 18:00:00 UTC
[2026-05-20 06:40:32] Forecast Rain Available hours: [6, 7, 8, 9, 10, 11, 12, 13, 14, 15, 16, 17, 18, 19, 20, 21, 22, 23, 24, 25, 26, 27, 28, 29]
[2026-05-20 06:40:32] Valid hours for sum: [12, 18, 24, 29]
[2026-05-20 06:40:34] Drought composite end date: 2024-07-23 06:00:00
[2026-05-20 06:40:34] Land cover year: 2023
[2026-05-20 06:40:35] VIIRS Veg composite: 2024-07-03 → 2024-07-19
[2026-05-20 06:40:39] Started export task: fire_186_dynamic_2024-07-26
[2026-05-20 06:40:40] ------ Processing date=2024-07-27 ------
[2026-05-20 06:40:40] Using viirs_af_path: viirs_af_path
[2026-05-20 06:40:40] VIIRS Image Date: []
[2026-05-20 06:40:40] *** ERROR FLAG ***: VIIRS: no data for 2024-07-27, attempting interpolation...
[2026-05-20 06:40:43] VIIRS interpolation gap: 2024-07-23 → 2024-07-29 (6 days apart)
[2026-05-20 06:40:43] VIIRS interpolated: prev=2024-07-23, next=2024-07-29, weight=0.667
[2026-05-20 06:40:43] Weather image size: 1
[2026-05-20 06:40:43] Forecast duration: 2024-07-28 00:00:00 to 2024-07-29 00:00:00
[2026-05-20 06:40:44] Number of forecast images: 24
[2026-05-20 06:40:44] Using forecast run: 2024-07-27 18:00:00 UTC
[2026-05-20 06:40:45] Forecast Rain Available hours: [6, 7, 8, 9, 10, 11, 12, 13, 14, 15, 16, 17, 18, 19, 20, 21, 22, 23, 24, 25, 26, 27, 28, 29]
[2026-05-20 06:40:45] Valid hours for sum: [12, 18, 24, 29]
[2026-05-20 06:40:46] Drought composite end date: 2024-07-23 06:00:00
[2026-05-20 06:40:47] Land cover year: 2023
[2026-05-20 06:40:48] VIIRS Veg composite: 2024-07-03 → 2024-07-19
[2026-05-20 06:40:51] Started export task: fire_186_dynamic_2024-07-27
[2026-05-20 06:40:51] ------ Processing date=2024-07-28 ------
[2026-05-20 06:40:51] Using viirs_af_path: viirs_af_path
[2026-05-20 06:40:52] VIIRS Image Date: []
[2026-05-20 06:40:52] *** ERROR FLAG ***: VIIRS: no data for 2024-07-28, attempting interpolation...
[2026-05-20 06:40:54] VIIRS interpolation gap: 2024-07-23 → 2024-07-29 (6 days apart)
[2026-05-20 06:40:54] VIIRS interpolated: prev=2024-07-23, next=2024-07-29, weight=0.833
[2026-05-20 06:40:54] Weather image size: 1
[2026-05-20 06:40:54] Forecast duration: 2024-07-29 00:00:00 to 2024-07-30 00:00:00
[2026-05-20 06:40:55] Number of forecast images: 24
[2026-05-20 06:40:55] Using forecast run: 2024-07-28 18:00:00 UTC
[2026-05-20 06:40:55] Forecast Rain Available hours: [6, 7, 8, 9, 10, 11, 12, 13, 14, 15, 16, 17, 18, 19, 20, 21, 22, 23, 24, 25, 26, 27, 28, 29]
[2026-05-20 06:40:55] Valid hours for sum: [12, 18, 24, 29]
[2026-05-20 06:40:57] Drought composite end date: 2024-07-23 06:00:00
[2026-05-20 06:40:57] Land cover year: 2023
[2026-05-20 06:40:58] VIIRS Veg composite: 2024-07-03 → 2024-07-19
[2026-05-20 06:41:01] Started export task: fire_186_dynamic_2024-07-28
[2026-05-20 06:41:02] END: ----------Event fire_186----------- (Duration: 1.04m)
[2026-05-20 06:41:02] START: ----------Event fire_187-----------
[2026-05-20 06:41:02] ------ Processing date=2024-07-24 ------
[2026-05-20 06:41:02] Using viirs_af_path: viirs_af_path
[2026-05-20 06:41:02] VIIRS Image Date: ['2024-07-24 00:00:00']
[2026-05-20 06:41:03] *** ERROR FLAG ***: VIIRS: data exists for 2024-07-24 but all pixels NaN → attempting interpolation...
[2026-05-20 06:41:06] VIIRS interpolation gap: 2024-07-23 → 2024-07-29 (6 days apart)
[2026-05-20 06:41:06] VIIRS interpolated: prev=2024-07-23, next=2024-07-29, weight=0.167
[2026-05-20 06:41:06] Weather image size: 1
[2026-05-20 06:41:06] Forecast duration: 2024-07-25 00:00:00 to 2024-07-26 00:00:00
[2026-05-20 06:41:07] Number of forecast images: 24
[2026-05-20 06:41:07] Using forecast run: 2024-07-24 18:00:00 UTC
[2026-05-20 06:41:07] Forecast Rain Available hours: [6, 7, 8, 9, 10, 11, 12, 13, 14, 15, 16, 17, 18, 19, 20, 21, 22, 23, 24, 25, 26, 27, 28, 29]
[2026-05-20 06:41:07] Valid hours for sum: [12, 18, 24, 29]
[2026-05-20 06:41:09] Drought composite end date: 2024-07-23 06:00:00
[2026-05-20 06:41:10] Land cover year: 2023
[2026-05-20 06:41:11] VIIRS Veg composite: 2024-07-03 → 2024-07-19
[2026-05-20 06:41:16] Started export task: fire_187_static
[2026-05-20 06:41:16] Started export task: fire_187_dynamic_2024-07-24
[2026-05-20 06:41:17] ------ Processing date=2024-07-25 ------
[2026-05-20 06:41:17] Using viirs_af_path: viirs_af_path
[2026-05-20 06:41:17] VIIRS Image Date: []
[2026-05-20 06:41:17] *** ERROR FLAG ***: VIIRS: no data for 2024-07-25, attempting interpolation...
[2026-05-20 06:41:19] VIIRS interpolation gap: 2024-07-23 → 2024-07-29 (6 days apart)
[2026-05-20 06:41:19] VIIRS interpolated: prev=2024-07-23, next=2024-07-29, weight=0.333
[2026-05-20 06:41:20] Weather image size: 1
[2026-05-20 06:41:20] Forecast duration: 2024-07-26 00:00:00 to 2024-07-27 00:00:00
[2026-05-20 06:41:21] Number of forecast images: 24
[2026-05-20 06:41:21] Using forecast run: 2024-07-25 18:00:00 UTC
[2026-05-20 06:41:21] Forecast Rain Available hours: [6, 7, 8, 9, 10, 11, 12, 13, 14, 15, 16, 17, 18, 19, 20, 21, 22, 23, 24, 25, 26, 27, 28, 29]
[2026-05-20 06:41:21] Valid hours for sum: [12, 18, 24, 29]
[2026-05-20 06:41:23] Drought composite end date: 2024-07-23 06:00:00
[2026-05-20 06:41:23] Land cover year: 2023
[2026-05-20 06:41:24] VIIRS Veg composite: 2024-07-03 → 2024-07-19
[2026-05-20 06:41:27] Started export task: fire_187_dynamic_2024-07-25
[2026-05-20 06:41:28] ------ Processing date=2024-07-26 ------
[2026-05-20 06:41:28] Using viirs_af_path: viirs_af_path
[2026-05-20 06:41:28] VIIRS Image Date: []
[2026-05-20 06:41:28] *** ERROR FLAG ***: VIIRS: no data for 2024-07-26, attempting interpolation...
[2026-05-20 06:41:30] VIIRS interpolation gap: 2024-07-23 → 2024-07-29 (6 days apart)
[2026-05-20 06:41:30] VIIRS interpolated: prev=2024-07-23, next=2024-07-29, weight=0.500
[2026-05-20 06:41:30] Weather image size: 1
[2026-05-20 06:41:30] Forecast duration: 2024-07-27 00:00:00 to 2024-07-28 00:00:00
[2026-05-20 06:41:31] Number of forecast images: 24
[2026-05-20 06:41:31] Using forecast run: 2024-07-26 18:00:00 UTC
[2026-05-20 06:41:31] Forecast Rain Available hours: [6, 7, 8, 9, 10, 11, 12, 13, 14, 15, 16, 17, 18, 19, 20, 21, 22, 23, 24, 25, 26, 27, 28, 29]
[2026-05-20 06:41:31] Valid hours for sum: [12, 18, 24, 29]
[2026-05-20 06:41:34] Drought composite end date: 2024-07-23 06:00:00
[2026-05-20 06:41:34] Land cover year: 2023
[2026-05-20 06:41:35] VIIRS Veg composite: 2024-07-03 → 2024-07-19
[2026-05-20 06:41:39] Started export task: fire_187_dynamic_2024-07-26
[2026-05-20 06:41:39] ------ Processing date=2024-07-27 ------
[2026-05-20 06:41:39] Using viirs_af_path: viirs_af_path
[2026-05-20 06:41:40] VIIRS Image Date: []
[2026-05-20 06:41:40] *** ERROR FLAG ***: VIIRS: no data for 2024-07-27, attempting interpolation...
[2026-05-20 06:41:42] VIIRS interpolation gap: 2024-07-23 → 2024-07-29 (6 days apart)
[2026-05-20 06:41:42] VIIRS interpolated: prev=2024-07-23, next=2024-07-29, weight=0.667
[2026-05-20 06:41:42] Weather image size: 1
[2026-05-20 06:41:42] Forecast duration: 2024-07-28 00:00:00 to 2024-07-29 00:00:00
[2026-05-20 06:41:43] Number of forecast images: 24
[2026-05-20 06:41:43] Using forecast run: 2024-07-27 18:00:00 UTC
[2026-05-20 06:41:44] Forecast Rain Available hours: [6, 7, 8, 9, 10, 11, 12, 13, 14, 15, 16, 17, 18, 19, 20, 21, 22, 23, 24, 25, 26, 27, 28, 29]
[2026-05-20 06:41:44] Valid hours for sum: [12, 18, 24, 29]
[2026-05-20 06:41:46] Drought composite end date: 2024-07-23 06:00:00
[2026-05-20 06:41:46] Land cover year: 2023
[2026-05-20 06:41:47] VIIRS Veg composite: 2024-07-03 → 2024-07-19
[2026-05-20 06:41:52] Started export task: fire_187_dynamic_2024-07-27
[2026-05-20 06:41:53] ------ Processing date=2024-07-28 ------
[2026-05-20 06:41:53] Using viirs_af_path: viirs_af_path
[2026-05-20 06:41:53] VIIRS Image Date: []
[2026-05-20 06:41:53] *** ERROR FLAG ***: VIIRS: no data for 2024-07-28, attempting interpolation...
[2026-05-20 06:41:55] VIIRS interpolation gap: 2024-07-23 → 2024-07-29 (6 days apart)
[2026-05-20 06:41:55] VIIRS interpolated: prev=2024-07-23, next=2024-07-29, weight=0.833
[2026-05-20 06:41:56] Weather image size: 1
[2026-05-20 06:41:56] Forecast duration: 2024-07-29 00:00:00 to 2024-07-30 00:00:00
[2026-05-20 06:41:57] Number of forecast images: 24
[2026-05-20 06:41:57] Using forecast run: 2024-07-28 18:00:00 UTC
[2026-05-20 06:41:57] Forecast Rain Available hours: [6, 7, 8, 9, 10, 11, 12, 13, 14, 15, 16, 17, 18, 19, 20, 21, 22, 23, 24, 25, 26, 27, 28, 29]
[2026-05-20 06:41:57] Valid hours for sum: [12, 18, 24, 29]
[2026-05-20 06:41:59] Drought composite end date: 2024-07-23 06:00:00
[2026-05-20 06:41:59] Land cover year: 2023
[2026-05-20 06:42:00] VIIRS Veg composite: 2024-07-03 → 2024-07-19
[2026-05-20 06:42:05] Started export task: fire_187_dynamic_2024-07-28
[2026-05-20 06:42:05] END: ----------Event fire_187----------- (Duration: 1.06m)
[2026-05-20 06:42:05] START: ----------Event fire_193-----------
[2026-05-20 06:42:06] ------ Processing date=2024-07-24 ------
[2026-05-20 06:42:06] Using viirs_af_path: viirs_af_path
[2026-05-20 06:42:06] VIIRS Image Date: ['2024-07-24 00:00:00']
[2026-05-20 06:42:07] *** ERROR FLAG ***: VIIRS: data exists for 2024-07-24 but all pixels NaN → attempting interpolation...
[2026-05-20 06:42:09] VIIRS interpolation gap: 2024-07-23 → 2024-07-29 (6 days apart)
[2026-05-20 06:42:09] VIIRS interpolated: prev=2024-07-23, next=2024-07-29, weight=0.167
[2026-05-20 06:42:09] Weather image size: 1
[2026-05-20 06:42:09] Forecast duration: 2024-07-25 00:00:00 to 2024-07-26 00:00:00
[2026-05-20 06:42:10] Number of forecast images: 24
[2026-05-20 06:42:10] Using forecast run: 2024-07-24 18:00:00 UTC
[2026-05-20 06:42:10] Forecast Rain Available hours: [6, 7, 8, 9, 10, 11, 12, 13, 14, 15, 16, 17, 18, 19, 20, 21, 22, 23, 24, 25, 26, 27, 28, 29]
[2026-05-20 06:42:10] Valid hours for sum: [12, 18, 24, 29]
[2026-05-20 06:42:12] Drought composite end date: 2024-07-23 06:00:00
[2026-05-20 06:42:12] Land cover year: 2023
[2026-05-20 06:42:13] VIIRS Veg composite: 2024-07-03 → 2024-07-19
[2026-05-20 06:42:16] Started export task: fire_193_static
[2026-05-20 06:42:17] Started export task: fire_193_dynamic_2024-07-24
[2026-05-20 06:42:17] ------ Processing date=2024-07-25 ------
[2026-05-20 06:42:17] Using viirs_af_path: viirs_af_path
[2026-05-20 06:42:17] VIIRS Image Date: []
[2026-05-20 06:42:17] *** ERROR FLAG ***: VIIRS: no data for 2024-07-25, attempting interpolation...
[2026-05-20 06:42:20] VIIRS interpolation gap: 2024-07-23 → 2024-07-29 (6 days apart)
[2026-05-20 06:42:20] VIIRS interpolated: prev=2024-07-23, next=2024-07-29, weight=0.333
[2026-05-20 06:42:20] Weather image size: 1
[2026-05-20 06:42:20] Forecast duration: 2024-07-26 00:00:00 to 2024-07-27 00:00:00
[2026-05-20 06:42:21] Number of forecast images: 24
[2026-05-20 06:42:21] Using forecast run: 2024-07-25 18:00:00 UTC
[2026-05-20 06:42:21] Forecast Rain Available hours: [6, 7, 8, 9, 10, 11, 12, 13, 14, 15, 16, 17, 18, 19, 20, 21, 22, 23, 24, 25, 26, 27, 28, 29]
[2026-05-20 06:42:21] Valid hours for sum: [12, 18, 24, 29]
[2026-05-20 06:42:22] Drought composite end date: 2024-07-23 06:00:00
[2026-05-20 06:42:23] Land cover year: 2023
[2026-05-20 06:42:24] VIIRS Veg composite: 2024-07-03 → 2024-07-19
[2026-05-20 06:42:27] Started export task: fire_193_dynamic_2024-07-25
[2026-05-20 06:42:27] ------ Processing date=2024-07-26 ------
[2026-05-20 06:42:27] Using viirs_af_path: viirs_af_path
[2026-05-20 06:42:27] VIIRS Image Date: []
[2026-05-20 06:42:27] *** ERROR FLAG ***: VIIRS: no data for 2024-07-26, attempting interpolation...
[2026-05-20 06:42:29] VIIRS interpolation gap: 2024-07-23 → 2024-07-29 (6 days apart)
[2026-05-20 06:42:29] VIIRS interpolated: prev=2024-07-23, next=2024-07-29, weight=0.500
[2026-05-20 06:42:29] Weather image size: 1
[2026-05-20 06:42:29] Forecast duration: 2024-07-27 00:00:00 to 2024-07-28 00:00:00
[2026-05-20 06:42:30] Number of forecast images: 24
[2026-05-20 06:42:30] Using forecast run: 2024-07-26 18:00:00 UTC
[2026-05-20 06:42:31] Forecast Rain Available hours: [6, 7, 8, 9, 10, 11, 12, 13, 14, 15, 16, 17, 18, 19, 20, 21, 22, 23, 24, 25, 26, 27, 28, 29]
[2026-05-20 06:42:31] Valid hours for sum: [12, 18, 24, 29]
[2026-05-20 06:42:33] Drought composite end date: 2024-07-23 06:00:00
[2026-05-20 06:42:33] Land cover year: 2023
[2026-05-20 06:42:35] VIIRS Veg composite: 2024-07-03 → 2024-07-19
[2026-05-20 06:42:38] Started export task: fire_193_dynamic_2024-07-26
[2026-05-20 06:42:38] ------ Processing date=2024-07-27 ------
[2026-05-20 06:42:38] Using viirs_af_path: viirs_af_path
[2026-05-20 06:42:38] VIIRS Image Date: []
[2026-05-20 06:42:38] *** ERROR FLAG ***: VIIRS: no data for 2024-07-27, attempting interpolation...
[2026-05-20 06:42:40] VIIRS interpolation gap: 2024-07-23 → 2024-07-29 (6 days apart)
[2026-05-20 06:42:40] VIIRS interpolated: prev=2024-07-23, next=2024-07-29, weight=0.667
[2026-05-20 06:42:41] Weather image size: 1
[2026-05-20 06:42:41] Forecast duration: 2024-07-28 00:00:00 to 2024-07-29 00:00:00
[2026-05-20 06:42:41] Number of forecast images: 24
[2026-05-20 06:42:41] Using forecast run: 2024-07-27 18:00:00 UTC
[2026-05-20 06:42:42] Forecast Rain Available hours: [6, 7, 8, 9, 10, 11, 12, 13, 14, 15, 16, 17, 18, 19, 20, 21, 22, 23, 24, 25, 26, 27, 28, 29]
[2026-05-20 06:42:42] Valid hours for sum: [12, 18, 24, 29]
[2026-05-20 06:42:44] Drought composite end date: 2024-07-23 06:00:00
[2026-05-20 06:42:44] Land cover year: 2023
[2026-05-20 06:42:45] VIIRS Veg composite: 2024-07-03 → 2024-07-19
[2026-05-20 06:42:49] Started export task: fire_193_dynamic_2024-07-27
[2026-05-20 06:42:49] ------ Processing date=2024-07-28 ------
[2026-05-20 06:42:49] Using viirs_af_path: viirs_af_path
[2026-05-20 06:42:50] VIIRS Image Date: []
[2026-05-20 06:42:50] *** ERROR FLAG ***: VIIRS: no data for 2024-07-28, attempting interpolation...
[2026-05-20 06:42:52] VIIRS interpolation gap: 2024-07-23 → 2024-07-29 (6 days apart)
[2026-05-20 06:42:52] VIIRS interpolated: prev=2024-07-23, next=2024-07-29, weight=0.833
[2026-05-20 06:42:52] Weather image size: 1
[2026-05-20 06:42:52] Forecast duration: 2024-07-29 00:00:00 to 2024-07-30 00:00:00
[2026-05-20 06:42:53] Number of forecast images: 24
[2026-05-20 06:42:53] Using forecast run: 2024-07-28 18:00:00 UTC
[2026-05-20 06:42:53] Forecast Rain Available hours: [6, 7, 8, 9, 10, 11, 12, 13, 14, 15, 16, 17, 18, 19, 20, 21, 22, 23, 24, 25, 26, 27, 28, 29]
[2026-05-20 06:42:53] Valid hours for sum: [12, 18, 24, 29]
[2026-05-20 06:42:55] Drought composite end date: 2024-07-23 06:00:00
[2026-05-20 06:42:56] Land cover year: 2023
[2026-05-20 06:42:57] VIIRS Veg composite: 2024-07-03 → 2024-07-19
[2026-05-20 06:43:02] Started export task: fire_193_dynamic_2024-07-28
[2026-05-20 06:43:02] END: ----------Event fire_193----------- (Duration: 56.53s)
[2026-05-20 06:43:02] START: ----------Event fire_196-----------
[2026-05-20 06:43:02] ------ Processing date=2024-07-24 ------
[2026-05-20 06:43:02] Using viirs_af_path: viirs_af_path
[2026-05-20 06:43:02] VIIRS Image Date: ['2024-07-24 00:00:00']
[2026-05-20 06:43:03] *** ERROR FLAG ***: VIIRS: data exists for 2024-07-24 but all pixels NaN → attempting interpolation...
[2026-05-20 06:43:06] VIIRS interpolation gap: 2024-07-23 → 2024-07-29 (6 days apart)
[2026-05-20 06:43:06] VIIRS interpolated: prev=2024-07-23, next=2024-07-29, weight=0.167
[2026-05-20 06:43:06] Weather image size: 1
[2026-05-20 06:43:06] Forecast duration: 2024-07-25 00:00:00 to 2024-07-26 00:00:00
[2026-05-20 06:43:07] Number of forecast images: 24
[2026-05-20 06:43:07] Using forecast run: 2024-07-24 18:00:00 UTC
[2026-05-20 06:43:07] Forecast Rain Available hours: [6, 7, 8, 9, 10, 11, 12, 13, 14, 15, 16, 17, 18, 19, 20, 21, 22, 23, 24, 25, 26, 27, 28, 29]
[2026-05-20 06:43:07] Valid hours for sum: [12, 18, 24, 29]
[2026-05-20 06:43:09] Drought composite end date: 2024-07-23 06:00:00
[2026-05-20 06:43:10] Land cover year: 2023
[2026-05-20 06:43:11] VIIRS Veg composite: 2024-07-03 → 2024-07-19
[2026-05-20 06:43:16] Started export task: fire_196_static
[2026-05-20 06:43:16] Started export task: fire_196_dynamic_2024-07-24
[2026-05-20 06:43:17] ------ Processing date=2024-07-25 ------
[2026-05-20 06:43:17] Using viirs_af_path: viirs_af_path
[2026-05-20 06:43:17] VIIRS Image Date: []
[2026-05-20 06:43:17] *** ERROR FLAG ***: VIIRS: no data for 2024-07-25, attempting interpolation...
[2026-05-20 06:43:19] VIIRS interpolation gap: 2024-07-23 → 2024-07-29 (6 days apart)
[2026-05-20 06:43:19] VIIRS interpolated: prev=2024-07-23, next=2024-07-29, weight=0.333
[2026-05-20 06:43:20] Weather image size: 1
[2026-05-20 06:43:20] Forecast duration: 2024-07-26 00:00:00 to 2024-07-27 00:00:00
[2026-05-20 06:43:21] Number of forecast images: 24
[2026-05-20 06:43:21] Using forecast run: 2024-07-25 18:00:00 UTC
[2026-05-20 06:43:21] Forecast Rain Available hours: [6, 7, 8, 9, 10, 11, 12, 13, 14, 15, 16, 17, 18, 19, 20, 21, 22, 23, 24, 25, 26, 27, 28, 29]
[2026-05-20 06:43:21] Valid hours for sum: [12, 18, 24, 29]
[2026-05-20 06:43:23] Drought composite end date: 2024-07-23 06:00:00
[2026-05-20 06:43:23] Land cover year: 2023
[2026-05-20 06:43:24] VIIRS Veg composite: 2024-07-03 → 2024-07-19
[2026-05-20 06:43:29] Started export task: fire_196_dynamic_2024-07-25
[2026-05-20 06:43:29] ------ Processing date=2024-07-26 ------
[2026-05-20 06:43:29] Using viirs_af_path: viirs_af_path
[2026-05-20 06:43:29] VIIRS Image Date: []
[2026-05-20 06:43:29] *** ERROR FLAG ***: VIIRS: no data for 2024-07-26, attempting interpolation...
[2026-05-20 06:43:32] VIIRS interpolation gap: 2024-07-23 → 2024-07-29 (6 days apart)
[2026-05-20 06:43:32] VIIRS interpolated: prev=2024-07-23, next=2024-07-29, weight=0.500
[2026-05-20 06:43:32] Weather image size: 1
[2026-05-20 06:43:32] Forecast duration: 2024-07-27 00:00:00 to 2024-07-28 00:00:00
[2026-05-20 06:43:33] Number of forecast images: 24
[2026-05-20 06:43:33] Using forecast run: 2024-07-26 18:00:00 UTC
[2026-05-20 06:43:33] Forecast Rain Available hours: [6, 7, 8, 9, 10, 11, 12, 13, 14, 15, 16, 17, 18, 19, 20, 21, 22, 23, 24, 25, 26, 27, 28, 29]
[2026-05-20 06:43:33] Valid hours for sum: [12, 18, 24, 29]
[2026-05-20 06:43:34] Drought composite end date: 2024-07-23 06:00:00
[2026-05-20 06:43:34] Land cover year: 2023
[2026-05-20 06:43:35] VIIRS Veg composite: 2024-07-03 → 2024-07-19
[2026-05-20 06:43:40] Started export task: fire_196_dynamic_2024-07-26
[2026-05-20 06:43:40] ------ Processing date=2024-07-27 ------
[2026-05-20 06:43:40] Using viirs_af_path: viirs_af_path
[2026-05-20 06:43:40] VIIRS Image Date: []
[2026-05-20 06:43:40] *** ERROR FLAG ***: VIIRS: no data for 2024-07-27, attempting interpolation...
[2026-05-20 06:43:43] VIIRS interpolation gap: 2024-07-23 → 2024-07-29 (6 days apart)
[2026-05-20 06:43:43] VIIRS interpolated: prev=2024-07-23, next=2024-07-29, weight=0.667
[2026-05-20 06:43:43] Weather image size: 1
[2026-05-20 06:43:43] Forecast duration: 2024-07-28 00:00:00 to 2024-07-29 00:00:00
[2026-05-20 06:43:44] Number of forecast images: 24
[2026-05-20 06:43:44] Using forecast run: 2024-07-27 18:00:00 UTC
[2026-05-20 06:43:44] Forecast Rain Available hours: [6, 7, 8, 9, 10, 11, 12, 13, 14, 15, 16, 17, 18, 19, 20, 21, 22, 23, 24, 25, 26, 27, 28, 29]
[2026-05-20 06:43:44] Valid hours for sum: [12, 18, 24, 29]
[2026-05-20 06:43:46] Drought composite end date: 2024-07-23 06:00:00
[2026-05-20 06:43:46] Land cover year: 2023
[2026-05-20 06:43:47] VIIRS Veg composite: 2024-07-03 → 2024-07-19
[2026-05-20 06:43:51] Started export task: fire_196_dynamic_2024-07-27
[2026-05-20 06:43:51] ------ Processing date=2024-07-28 ------
[2026-05-20 06:43:51] Using viirs_af_path: viirs_af_path
[2026-05-20 06:43:51] VIIRS Image Date: []
[2026-05-20 06:43:51] *** ERROR FLAG ***: VIIRS: no data for 2024-07-28, attempting interpolation...
[2026-05-20 06:43:53] VIIRS interpolation gap: 2024-07-23 → 2024-07-29 (6 days apart)
[2026-05-20 06:43:53] VIIRS interpolated: prev=2024-07-23, next=2024-07-29, weight=0.833
[2026-05-20 06:43:54] Weather image size: 1
[2026-05-20 06:43:54] Forecast duration: 2024-07-29 00:00:00 to 2024-07-30 00:00:00
[2026-05-20 06:43:54] Number of forecast images: 24
[2026-05-20 06:43:54] Using forecast run: 2024-07-28 18:00:00 UTC
[2026-05-20 06:43:55] Forecast Rain Available hours: [6, 7, 8, 9, 10, 11, 12, 13, 14, 15, 16, 17, 18, 19, 20, 21, 22, 23, 24, 25, 26, 27, 28, 29]
[2026-05-20 06:43:55] Valid hours for sum: [12, 18, 24, 29]
[2026-05-20 06:43:57] Drought composite end date: 2024-07-23 06:00:00
[2026-05-20 06:43:58] Land cover year: 2023
[2026-05-20 06:43:59] VIIRS Veg composite: 2024-07-03 → 2024-07-19
[2026-05-20 06:44:03] Started export task: fire_196_dynamic_2024-07-28
[2026-05-20 06:44:04] END: ----------Event fire_196----------- (Duration: 1.03m)
[2026-05-20 06:44:04] ========= Run finished. ========= 

[2026-05-20 06:44:04] Success count: 9
[2026-05-20 06:44:04] Failure count: 0
[2026-05-20 06:44:04] END: Dataset Creation Run (Duration: 10.01m)