[2026-05-19 21:17:16] START: Dataset Creation Run
[2026-05-19 21:17:16] Loading config from /Users/rabinatwayana/2_CDE_MT/CL/CDE_Master_Thesis_Wildfire_CL/dataset_creation/output_events_yaml/nan_viirs_2023.yaml
[2026-05-19 21:17:16] Using key file: key/gcloud_key.json
[2026-05-19 21:17:16] Using service account: None
[2026-05-19 21:17:16] Using VIIRS AF asset path: projects/wsts-dataset-creation/assets/viirs_snpp_fire_archive_jun2016_apr2026
[2026-05-19 21:17:16] START: Earth Engine Initialization
[2026-05-19 21:17:18] VIIRS AF asset accessible: projects/wsts-dataset-creation/assets/viirs_snpp_fire_archive_jun2016_apr2026
[2026-05-19 21:17:18] END: Earth Engine Initialization (Duration: 2.77s)
[2026-05-19 21:17:18] Total fire events to process: 18
[2026-05-19 21:17:18] =======Config=============
[2026-05-19 21:17:18] output_bucket: wsts_dataset
[2026-05-19 21:17:18] global_degree_bbox_size: 1.0
[2026-05-19 21:17:18] year: 2023
[2026-05-19 21:17:18] export_crs: EPSG:5070
[2026-05-19 21:17:18] export_resolution: 375
[2026-05-19 21:17:18] pre_buffer_days: 0
[2026-05-19 21:17:18] post_buffer_days: 0
[2026-05-19 21:17:18] START: ----------Event fire_132-----------
[2026-05-19 21:17:19] ------ Processing date=2023-07-26 ------
[2026-05-19 21:17:19] Using viirs_af_path: viirs_af_path
[2026-05-19 21:17:19] VIIRS Image Date: ['2023-07-26 00:00:00']
[2026-05-19 21:17:19] *** ERROR FLAG ***: VIIRS: data exists for 2023-07-26 but all pixels NaN → attempting interpolation...
[2026-05-19 21:17:21] VIIRS interpolation gap: 2023-07-25 → 2023-07-27 (2 days apart)
[2026-05-19 21:17:21] VIIRS interpolated: prev=2023-07-25, next=2023-07-27, weight=0.500
[2026-05-19 21:17:22] Weather image size: 1
[2026-05-19 21:17:22] Forecast duration: 2023-07-27 00:00:00 to 2023-07-28 00:00:00
[2026-05-19 21:17:23] Number of forecast images: 24
[2026-05-19 21:17:23] Using forecast run: 2023-07-26 18:00:00 UTC
[2026-05-19 21:17:24] Forecast Rain Available hours: [6, 7, 8, 9, 10, 11, 12, 13, 14, 15, 16, 17, 18, 19, 20, 21, 22, 23, 24, 25, 26, 27, 28, 29]
[2026-05-19 21:17:24] Valid hours for sum: [12, 18, 24, 29]
[2026-05-19 21:17:26] Drought composite end date: 2023-07-24 06:00:00
[2026-05-19 21:17:27] Land cover year: 2022
[2026-05-19 21:17:28] VIIRS Veg composite: 2023-07-04 → 2023-07-20
[2026-05-19 21:17:31] Started export task: fire_132_static
[2026-05-19 21:17:31] Started export task: fire_132_dynamic_2023-07-26
[2026-05-19 21:17:32] END: ----------Event fire_132----------- (Duration: 13.60s)
[2026-05-19 21:17:32] START: ----------Event fire_133-----------
[2026-05-19 21:17:33] ------ Processing date=2023-07-26 ------
[2026-05-19 21:17:33] Using viirs_af_path: viirs_af_path
[2026-05-19 21:17:34] VIIRS Image Date: ['2023-07-26 00:00:00']
[2026-05-19 21:17:34] *** ERROR FLAG ***: VIIRS: data exists for 2023-07-26 but all pixels NaN → attempting interpolation...
[2026-05-19 21:17:38] VIIRS interpolation gap: 2023-07-25 → 2023-07-27 (2 days apart)
[2026-05-19 21:17:38] VIIRS interpolated: prev=2023-07-25, next=2023-07-27, weight=0.500
[2026-05-19 21:17:38] Weather image size: 1
[2026-05-19 21:17:38] Forecast duration: 2023-07-27 00:00:00 to 2023-07-28 00:00:00
[2026-05-19 21:17:45] Number of forecast images: 24
[2026-05-19 21:17:45] Using forecast run: 2023-07-26 18:00:00 UTC
[2026-05-19 21:17:45] Forecast Rain Available hours: [6, 7, 8, 9, 10, 11, 12, 13, 14, 15, 16, 17, 18, 19, 20, 21, 22, 23, 24, 25, 26, 27, 28, 29]
[2026-05-19 21:17:45] Valid hours for sum: [12, 18, 24, 29]
[2026-05-19 21:17:47] Drought composite end date: 2023-07-24 06:00:00
[2026-05-19 21:17:47] Land cover year: 2022
[2026-05-19 21:17:49] VIIRS Veg composite: 2023-07-04 → 2023-07-20
[2026-05-19 21:17:52] Started export task: fire_133_static
[2026-05-19 21:17:53] Started export task: fire_133_dynamic_2023-07-26
[2026-05-19 21:17:53] END: ----------Event fire_133----------- (Duration: 21.06s)
[2026-05-19 21:17:53] START: ----------Event fire_134-----------
[2026-05-19 21:17:53] ------ Processing date=2023-07-26 ------
[2026-05-19 21:17:53] Using viirs_af_path: viirs_af_path
[2026-05-19 21:17:53] VIIRS Image Date: ['2023-07-26 00:00:00']
[2026-05-19 21:17:54] *** ERROR FLAG ***: VIIRS: data exists for 2023-07-26 but all pixels NaN → attempting interpolation...
[2026-05-19 21:17:55] VIIRS interpolation gap: 2023-07-25 → 2023-07-27 (2 days apart)
[2026-05-19 21:17:55] VIIRS interpolated: prev=2023-07-25, next=2023-07-27, weight=0.500
[2026-05-19 21:17:56] Weather image size: 1
[2026-05-19 21:17:56] Forecast duration: 2023-07-27 00:00:00 to 2023-07-28 00:00:00
[2026-05-19 21:17:57] Number of forecast images: 24
[2026-05-19 21:17:57] Using forecast run: 2023-07-26 18:00:00 UTC
[2026-05-19 21:17:57] Forecast Rain Available hours: [6, 7, 8, 9, 10, 11, 12, 13, 14, 15, 16, 17, 18, 19, 20, 21, 22, 23, 24, 25, 26, 27, 28, 29]
[2026-05-19 21:17:57] Valid hours for sum: [12, 18, 24, 29]
[2026-05-19 21:18:00] Drought composite end date: 2023-07-24 06:00:00
[2026-05-19 21:18:00] Land cover year: 2022
[2026-05-19 21:18:01] VIIRS Veg composite: 2023-07-04 → 2023-07-20
[2026-05-19 21:18:07] Started export task: fire_134_static
[2026-05-19 21:18:07] Started export task: fire_134_dynamic_2023-07-26
[2026-05-19 21:18:08] END: ----------Event fire_134----------- (Duration: 14.67s)
[2026-05-19 21:18:08] START: ----------Event fire_135-----------
[2026-05-19 21:18:08] ------ Processing date=2023-07-26 ------
[2026-05-19 21:18:08] Using viirs_af_path: viirs_af_path
[2026-05-19 21:18:08] VIIRS Image Date: ['2023-07-26 00:00:00']
[2026-05-19 21:18:09] *** ERROR FLAG ***: VIIRS: data exists for 2023-07-26 but all pixels NaN → attempting interpolation...
[2026-05-19 21:18:12] VIIRS interpolation gap: 2023-07-25 → 2023-07-27 (2 days apart)
[2026-05-19 21:18:12] VIIRS interpolated: prev=2023-07-25, next=2023-07-27, weight=0.500
[2026-05-19 21:18:13] Weather image size: 1
[2026-05-19 21:18:13] Forecast duration: 2023-07-27 00:00:00 to 2023-07-28 00:00:00
[2026-05-19 21:18:14] Number of forecast images: 24
[2026-05-19 21:18:14] Using forecast run: 2023-07-26 18:00:00 UTC
[2026-05-19 21:18:15] Forecast Rain Available hours: [6, 7, 8, 9, 10, 11, 12, 13, 14, 15, 16, 17, 18, 19, 20, 21, 22, 23, 24, 25, 26, 27, 28, 29]
[2026-05-19 21:18:15] Valid hours for sum: [12, 18, 24, 29]
[2026-05-19 21:18:17] Drought composite end date: 2023-07-24 06:00:00
[2026-05-19 21:18:18] Land cover year: 2022
[2026-05-19 21:18:20] VIIRS Veg composite: 2023-07-04 → 2023-07-20
[2026-05-19 21:18:24] Started export task: fire_135_static
[2026-05-19 21:18:25] Started export task: fire_135_dynamic_2023-07-26
[2026-05-19 21:18:25] END: ----------Event fire_135----------- (Duration: 17.74s)
[2026-05-19 21:18:25] START: ----------Event fire_137-----------
[2026-05-19 21:18:26] ------ Processing date=2023-07-26 ------
[2026-05-19 21:18:26] Using viirs_af_path: viirs_af_path
[2026-05-19 21:18:26] VIIRS Image Date: ['2023-07-26 00:00:00']
[2026-05-19 21:18:27] *** ERROR FLAG ***: VIIRS: data exists for 2023-07-26 but all pixels NaN → attempting interpolation...
[2026-05-19 21:18:30] VIIRS interpolation gap: 2023-07-25 → 2023-07-27 (2 days apart)
[2026-05-19 21:18:30] VIIRS interpolated: prev=2023-07-25, next=2023-07-27, weight=0.500
[2026-05-19 21:18:30] Weather image size: 1
[2026-05-19 21:18:30] Forecast duration: 2023-07-27 00:00:00 to 2023-07-28 00:00:00
[2026-05-19 21:18:31] Number of forecast images: 24
[2026-05-19 21:18:31] Using forecast run: 2023-07-26 18:00:00 UTC
[2026-05-19 21:18:32] Forecast Rain Available hours: [6, 7, 8, 9, 10, 11, 12, 13, 14, 15, 16, 17, 18, 19, 20, 21, 22, 23, 24, 25, 26, 27, 28, 29]
[2026-05-19 21:18:32] Valid hours for sum: [12, 18, 24, 29]
[2026-05-19 21:18:35] Drought composite end date: 2023-07-24 06:00:00
[2026-05-19 21:18:35] Land cover year: 2022
[2026-05-19 21:18:36] VIIRS Veg composite: 2023-07-04 → 2023-07-20
[2026-05-19 21:18:40] Started export task: fire_137_static
[2026-05-19 21:18:41] Started export task: fire_137_dynamic_2023-07-26
[2026-05-19 21:18:41] END: ----------Event fire_137----------- (Duration: 15.54s)
[2026-05-19 21:18:41] START: ----------Event fire_139-----------
[2026-05-19 21:18:41] ------ Processing date=2023-07-26 ------
[2026-05-19 21:18:41] Using viirs_af_path: viirs_af_path
[2026-05-19 21:18:42] VIIRS Image Date: ['2023-07-26 00:00:00']
[2026-05-19 21:18:42] *** ERROR FLAG ***: VIIRS: data exists for 2023-07-26 but all pixels NaN → attempting interpolation...
[2026-05-19 21:18:44] VIIRS interpolation gap: 2023-07-25 → 2023-07-27 (2 days apart)
[2026-05-19 21:18:44] VIIRS interpolated: prev=2023-07-25, next=2023-07-27, weight=0.500
[2026-05-19 21:18:44] Weather image size: 1
[2026-05-19 21:18:44] Forecast duration: 2023-07-27 00:00:00 to 2023-07-28 00:00:00
[2026-05-19 21:18:46] Number of forecast images: 24
[2026-05-19 21:18:46] Using forecast run: 2023-07-26 18:00:00 UTC
[2026-05-19 21:18:47] Forecast Rain Available hours: [6, 7, 8, 9, 10, 11, 12, 13, 14, 15, 16, 17, 18, 19, 20, 21, 22, 23, 24, 25, 26, 27, 28, 29]
[2026-05-19 21:18:47] Valid hours for sum: [12, 18, 24, 29]
[2026-05-19 21:18:49] Drought composite end date: 2023-07-24 06:00:00
[2026-05-19 21:18:49] Land cover year: 2022
[2026-05-19 21:18:51] VIIRS Veg composite: 2023-07-04 → 2023-07-20
[2026-05-19 21:18:56] Started export task: fire_139_static
[2026-05-19 21:18:57] Started export task: fire_139_dynamic_2023-07-26
[2026-05-19 21:18:57] END: ----------Event fire_139----------- (Duration: 15.89s)
[2026-05-19 21:18:57] START: ----------Event fire_142-----------
[2026-05-19 21:18:57] ------ Processing date=2023-07-26 ------
[2026-05-19 21:18:57] Using viirs_af_path: viirs_af_path
[2026-05-19 21:18:58] VIIRS Image Date: ['2023-07-26 00:00:00']
[2026-05-19 21:18:59] *** ERROR FLAG ***: VIIRS: data exists for 2023-07-26 but all pixels NaN → attempting interpolation...
[2026-05-19 21:19:01] VIIRS interpolation gap: 2023-07-25 → 2023-07-27 (2 days apart)
[2026-05-19 21:19:01] VIIRS interpolated: prev=2023-07-25, next=2023-07-27, weight=0.500
[2026-05-19 21:19:02] Weather image size: 1
[2026-05-19 21:19:02] Forecast duration: 2023-07-27 00:00:00 to 2023-07-28 00:00:00
[2026-05-19 21:19:03] Number of forecast images: 24
[2026-05-19 21:19:03] Using forecast run: 2023-07-26 18:00:00 UTC
[2026-05-19 21:19:03] Forecast Rain Available hours: [6, 7, 8, 9, 10, 11, 12, 13, 14, 15, 16, 17, 18, 19, 20, 21, 22, 23, 24, 25, 26, 27, 28, 29]
[2026-05-19 21:19:03] Valid hours for sum: [12, 18, 24, 29]
[2026-05-19 21:19:07] Drought composite end date: 2023-07-24 06:00:00
[2026-05-19 21:19:08] Land cover year: 2022
[2026-05-19 21:19:10] VIIRS Veg composite: 2023-07-04 → 2023-07-20
[2026-05-19 21:19:13] Started export task: fire_142_static
[2026-05-19 21:19:13] Started export task: fire_142_dynamic_2023-07-26
[2026-05-19 21:19:14] END: ----------Event fire_142----------- (Duration: 16.71s)
[2026-05-19 21:19:14] START: ----------Event fire_143-----------
[2026-05-19 21:19:14] ------ Processing date=2023-07-26 ------
[2026-05-19 21:19:14] Using viirs_af_path: viirs_af_path
[2026-05-19 21:19:15] VIIRS Image Date: ['2023-07-26 00:00:00']
[2026-05-19 21:19:15] *** ERROR FLAG ***: VIIRS: data exists for 2023-07-26 but all pixels NaN → attempting interpolation...
[2026-05-19 21:19:16] VIIRS interpolation gap: 2023-07-25 → 2023-07-27 (2 days apart)
[2026-05-19 21:19:16] VIIRS interpolated: prev=2023-07-25, next=2023-07-27, weight=0.500
[2026-05-19 21:19:17] Weather image size: 1
[2026-05-19 21:19:17] Forecast duration: 2023-07-27 00:00:00 to 2023-07-28 00:00:00
[2026-05-19 21:19:18] Number of forecast images: 24
[2026-05-19 21:19:18] Using forecast run: 2023-07-26 18:00:00 UTC
[2026-05-19 21:19:18] Forecast Rain Available hours: [6, 7, 8, 9, 10, 11, 12, 13, 14, 15, 16, 17, 18, 19, 20, 21, 22, 23, 24, 25, 26, 27, 28, 29]
[2026-05-19 21:19:18] Valid hours for sum: [12, 18, 24, 29]
[2026-05-19 21:19:20] Drought composite end date: 2023-07-24 06:00:00
[2026-05-19 21:19:20] Land cover year: 2022
[2026-05-19 21:19:21] VIIRS Veg composite: 2023-07-04 → 2023-07-20
[2026-05-19 21:19:24] Started export task: fire_143_static
[2026-05-19 21:19:25] Started export task: fire_143_dynamic_2023-07-26
[2026-05-19 21:19:25] END: ----------Event fire_143----------- (Duration: 11.66s)
[2026-05-19 21:19:25] START: ----------Event fire_144-----------
[2026-05-19 21:19:26] ------ Processing date=2023-07-26 ------
[2026-05-19 21:19:26] Using viirs_af_path: viirs_af_path
[2026-05-19 21:19:26] VIIRS Image Date: ['2023-07-26 00:00:00']
[2026-05-19 21:19:27] *** ERROR FLAG ***: VIIRS: data exists for 2023-07-26 but all pixels NaN → attempting interpolation...
[2026-05-19 21:19:30] VIIRS interpolation gap: 2023-07-25 → 2023-07-27 (2 days apart)
[2026-05-19 21:19:30] VIIRS interpolated: prev=2023-07-25, next=2023-07-27, weight=0.500
[2026-05-19 21:19:30] Weather image size: 1
[2026-05-19 21:19:30] Forecast duration: 2023-07-27 00:00:00 to 2023-07-28 00:00:00
[2026-05-19 21:19:31] Number of forecast images: 24
[2026-05-19 21:19:31] Using forecast run: 2023-07-26 18:00:00 UTC
[2026-05-19 21:19:31] Forecast Rain Available hours: [6, 7, 8, 9, 10, 11, 12, 13, 14, 15, 16, 17, 18, 19, 20, 21, 22, 23, 24, 25, 26, 27, 28, 29]
[2026-05-19 21:19:31] Valid hours for sum: [12, 18, 24, 29]
[2026-05-19 21:19:33] Drought composite end date: 2023-07-24 06:00:00
[2026-05-19 21:19:33] Land cover year: 2022
[2026-05-19 21:19:34] VIIRS Veg composite: 2023-07-04 → 2023-07-20
[2026-05-19 21:19:38] Started export task: fire_144_static
[2026-05-19 21:19:39] Started export task: fire_144_dynamic_2023-07-26
[2026-05-19 21:19:39] END: ----------Event fire_144----------- (Duration: 13.67s)
[2026-05-19 21:19:39] START: ----------Event fire_146-----------
[2026-05-19 21:19:39] ------ Processing date=2023-07-26 ------
[2026-05-19 21:19:39] Using viirs_af_path: viirs_af_path
[2026-05-19 21:19:39] VIIRS Image Date: ['2023-07-26 00:00:00']
[2026-05-19 21:19:40] *** ERROR FLAG ***: VIIRS: data exists for 2023-07-26 but all pixels NaN → attempting interpolation...
[2026-05-19 21:19:41] VIIRS interpolation gap: 2023-07-25 → 2023-07-27 (2 days apart)
[2026-05-19 21:19:41] VIIRS interpolated: prev=2023-07-25, next=2023-07-27, weight=0.500
[2026-05-19 21:19:42] Weather image size: 1
[2026-05-19 21:19:42] Forecast duration: 2023-07-27 00:00:00 to 2023-07-28 00:00:00
[2026-05-19 21:19:43] Number of forecast images: 24
[2026-05-19 21:19:43] Using forecast run: 2023-07-26 18:00:00 UTC
[2026-05-19 21:19:43] Forecast Rain Available hours: [6, 7, 8, 9, 10, 11, 12, 13, 14, 15, 16, 17, 18, 19, 20, 21, 22, 23, 24, 25, 26, 27, 28, 29]
[2026-05-19 21:19:43] Valid hours for sum: [12, 18, 24, 29]
[2026-05-19 21:19:45] Drought composite end date: 2023-07-24 06:00:00
[2026-05-19 21:19:46] Land cover year: 2022
[2026-05-19 21:19:48] VIIRS Veg composite: 2023-07-04 → 2023-07-20
[2026-05-19 21:19:51] Started export task: fire_146_static
[2026-05-19 21:19:51] Started export task: fire_146_dynamic_2023-07-26
[2026-05-19 21:19:52] END: ----------Event fire_146----------- (Duration: 13.01s)
[2026-05-19 21:19:52] START: ----------Event fire_150-----------
[2026-05-19 21:19:53] ------ Processing date=2023-07-26 ------
[2026-05-19 21:19:53] Using viirs_af_path: viirs_af_path
[2026-05-19 21:19:53] VIIRS Image Date: ['2023-07-26 00:00:00']
[2026-05-19 21:19:53] *** ERROR FLAG ***: VIIRS: data exists for 2023-07-26 but all pixels NaN → attempting interpolation...
[2026-05-19 21:19:54] VIIRS interpolation gap: 2023-07-25 → 2023-07-27 (2 days apart)
[2026-05-19 21:19:54] VIIRS interpolated: prev=2023-07-25, next=2023-07-27, weight=0.500
[2026-05-19 21:19:55] Weather image size: 1
[2026-05-19 21:19:55] Forecast duration: 2023-07-27 00:00:00 to 2023-07-28 00:00:00
[2026-05-19 21:19:56] Number of forecast images: 24
[2026-05-19 21:19:56] Using forecast run: 2023-07-26 18:00:00 UTC
[2026-05-19 21:19:56] Forecast Rain Available hours: [6, 7, 8, 9, 10, 11, 12, 13, 14, 15, 16, 17, 18, 19, 20, 21, 22, 23, 24, 25, 26, 27, 28, 29]
[2026-05-19 21:19:56] Valid hours for sum: [12, 18, 24, 29]
[2026-05-19 21:19:59] Drought composite end date: 2023-07-24 06:00:00
[2026-05-19 21:19:59] Land cover year: 2022
[2026-05-19 21:20:00] VIIRS Veg composite: 2023-07-04 → 2023-07-20
[2026-05-19 21:20:05] Started export task: fire_150_static
[2026-05-19 21:20:06] Started export task: fire_150_dynamic_2023-07-26
[2026-05-19 21:20:06] END: ----------Event fire_150----------- (Duration: 14.23s)
[2026-05-19 21:20:06] START: ----------Event fire_154-----------
[2026-05-19 21:20:06] ------ Processing date=2023-07-26 ------
[2026-05-19 21:20:06] Using viirs_af_path: viirs_af_path
[2026-05-19 21:20:07] VIIRS Image Date: ['2023-07-26 00:00:00']
[2026-05-19 21:20:08] *** ERROR FLAG ***: VIIRS: data exists for 2023-07-26 but all pixels NaN → attempting interpolation...
[2026-05-19 21:20:09] VIIRS interpolation gap: 2023-07-25 → 2023-07-27 (2 days apart)
[2026-05-19 21:20:09] VIIRS interpolated: prev=2023-07-25, next=2023-07-27, weight=0.500
[2026-05-19 21:20:10] Weather image size: 1
[2026-05-19 21:20:10] Forecast duration: 2023-07-27 00:00:00 to 2023-07-28 00:00:00
[2026-05-19 21:20:11] Number of forecast images: 24
[2026-05-19 21:20:11] Using forecast run: 2023-07-26 18:00:00 UTC
[2026-05-19 21:20:12] Forecast Rain Available hours: [6, 7, 8, 9, 10, 11, 12, 13, 14, 15, 16, 17, 18, 19, 20, 21, 22, 23, 24, 25, 26, 27, 28, 29]
[2026-05-19 21:20:12] Valid hours for sum: [12, 18, 24, 29]
[2026-05-19 21:20:14] Drought composite end date: 2023-07-24 06:00:00
[2026-05-19 21:20:14] Land cover year: 2022
[2026-05-19 21:20:15] VIIRS Veg composite: 2023-07-04 → 2023-07-20
[2026-05-19 21:20:19] Started export task: fire_154_static
[2026-05-19 21:20:19] Started export task: fire_154_dynamic_2023-07-26
[2026-05-19 21:20:20] END: ----------Event fire_154----------- (Duration: 13.54s)
[2026-05-19 21:20:20] START: ----------Event fire_191-----------
[2026-05-19 21:20:20] ------ Processing date=2023-11-01 ------
[2026-05-19 21:20:20] Using viirs_af_path: viirs_af_path
[2026-05-19 21:20:20] VIIRS Image Date: ['2023-11-01 00:00:00']
[2026-05-19 21:20:21] *** ERROR FLAG ***: VIIRS: data exists for 2023-11-01 but all pixels NaN → attempting interpolation...
[2026-05-19 21:20:24] VIIRS interpolation gap: 2023-10-31 → 2023-11-02 (2 days apart)
[2026-05-19 21:20:24] VIIRS interpolated: prev=2023-10-31, next=2023-11-02, weight=0.500
[2026-05-19 21:20:24] Weather image size: 1
[2026-05-19 21:20:24] Forecast duration: 2023-11-02 00:00:00 to 2023-11-03 00:00:00
[2026-05-19 21:20:26] Number of forecast images: 24
[2026-05-19 21:20:26] Using forecast run: 2023-11-01 18:00:00 UTC
[2026-05-19 21:20:26] Forecast Rain Available hours: [6, 7, 8, 9, 10, 11, 12, 13, 14, 15, 16, 17, 18, 19, 20, 21, 22, 23, 24, 25, 26, 27, 28, 29]
[2026-05-19 21:20:26] Valid hours for sum: [12, 18, 24, 29]
[2026-05-19 21:20:29] Drought composite end date: 2023-10-27 06:00:00
[2026-05-19 21:20:29] Land cover year: 2022
[2026-05-19 21:20:30] VIIRS Veg composite: 2023-10-08 → 2023-10-24
[2026-05-19 21:20:34] Started export task: fire_191_static
[2026-05-19 21:20:35] Started export task: fire_191_dynamic_2023-11-01
[2026-05-19 21:20:35] END: ----------Event fire_191----------- (Duration: 15.61s)
[2026-05-19 21:20:35] START: ----------Event fire_202-----------
[2026-05-19 21:20:36] ------ Processing date=2023-11-01 ------
[2026-05-19 21:20:36] Using viirs_af_path: viirs_af_path
[2026-05-19 21:20:36] VIIRS Image Date: ['2023-11-01 00:00:00']
[2026-05-19 21:20:36] *** ERROR FLAG ***: VIIRS: data exists for 2023-11-01 but all pixels NaN → attempting interpolation...
[2026-05-19 21:20:38] VIIRS interpolation gap: 2023-10-31 → 2023-11-02 (2 days apart)
[2026-05-19 21:20:38] VIIRS interpolated: prev=2023-10-31, next=2023-11-02, weight=0.500
[2026-05-19 21:20:38] Weather image size: 1
[2026-05-19 21:20:38] Forecast duration: 2023-11-02 00:00:00 to 2023-11-03 00:00:00
[2026-05-19 21:20:39] Number of forecast images: 24
[2026-05-19 21:20:39] Using forecast run: 2023-11-01 18:00:00 UTC
[2026-05-19 21:20:39] Forecast Rain Available hours: [6, 7, 8, 9, 10, 11, 12, 13, 14, 15, 16, 17, 18, 19, 20, 21, 22, 23, 24, 25, 26, 27, 28, 29]
[2026-05-19 21:20:39] Valid hours for sum: [12, 18, 24, 29]
[2026-05-19 21:20:41] Drought composite end date: 2023-10-27 06:00:00
[2026-05-19 21:20:42] Land cover year: 2022
[2026-05-19 21:20:43] VIIRS Veg composite: 2023-10-08 → 2023-10-24
[2026-05-19 21:20:48] Started export task: fire_202_static
[2026-05-19 21:20:48] Started export task: fire_202_dynamic_2023-11-01
[2026-05-19 21:20:49] END: ----------Event fire_202----------- (Duration: 13.41s)
[2026-05-19 21:20:49] START: ----------Event fire_227-----------
[2026-05-19 21:20:49] ------ Processing date=2023-11-01 ------
[2026-05-19 21:20:49] Using viirs_af_path: viirs_af_path
[2026-05-19 21:20:49] VIIRS Image Date: ['2023-11-01 00:00:00']
[2026-05-19 21:20:50] *** ERROR FLAG ***: VIIRS: data exists for 2023-11-01 but all pixels NaN → attempting interpolation...
[2026-05-19 21:20:51] VIIRS interpolation gap: 2023-10-31 → 2023-11-02 (2 days apart)
[2026-05-19 21:20:51] VIIRS interpolated: prev=2023-10-31, next=2023-11-02, weight=0.500
[2026-05-19 21:20:51] Weather image size: 1
[2026-05-19 21:20:51] Forecast duration: 2023-11-02 00:00:00 to 2023-11-03 00:00:00
[2026-05-19 21:20:54] Number of forecast images: 24
[2026-05-19 21:20:54] Using forecast run: 2023-11-01 18:00:00 UTC
[2026-05-19 21:20:54] Forecast Rain Available hours: [6, 7, 8, 9, 10, 11, 12, 13, 14, 15, 16, 17, 18, 19, 20, 21, 22, 23, 24, 25, 26, 27, 28, 29]
[2026-05-19 21:20:54] Valid hours for sum: [12, 18, 24, 29]
[2026-05-19 21:20:57] Drought composite end date: 2023-10-27 06:00:00
[2026-05-19 21:20:57] Land cover year: 2022
[2026-05-19 21:20:59] VIIRS Veg composite: 2023-10-08 → 2023-10-24
[2026-05-19 21:21:03] Started export task: fire_227_static
[2026-05-19 21:21:03] Started export task: fire_227_dynamic_2023-11-01
[2026-05-19 21:21:04] END: ----------Event fire_227----------- (Duration: 15.58s)
[2026-05-19 21:21:04] START: ----------Event fire_239-----------
[2026-05-19 21:21:05] ------ Processing date=2023-11-01 ------
[2026-05-19 21:21:05] Using viirs_af_path: viirs_af_path
[2026-05-19 21:21:05] VIIRS Image Date: ['2023-11-01 00:00:00']
[2026-05-19 21:21:05] *** ERROR FLAG ***: VIIRS: data exists for 2023-11-01 but all pixels NaN → attempting interpolation...
[2026-05-19 21:21:07] VIIRS interpolation gap: 2023-10-31 → 2023-11-02 (2 days apart)
[2026-05-19 21:21:07] VIIRS interpolated: prev=2023-10-31, next=2023-11-02, weight=0.500
[2026-05-19 21:21:07] Weather image size: 1
[2026-05-19 21:21:07] Forecast duration: 2023-11-02 00:00:00 to 2023-11-03 00:00:00
[2026-05-19 21:21:08] Number of forecast images: 24
[2026-05-19 21:21:08] Using forecast run: 2023-11-01 18:00:00 UTC
[2026-05-19 21:21:09] Forecast Rain Available hours: [6, 7, 8, 9, 10, 11, 12, 13, 14, 15, 16, 17, 18, 19, 20, 21, 22, 23, 24, 25, 26, 27, 28, 29]
[2026-05-19 21:21:09] Valid hours for sum: [12, 18, 24, 29]
[2026-05-19 21:21:10] Drought composite end date: 2023-10-27 06:00:00
[2026-05-19 21:21:11] Land cover year: 2022
[2026-05-19 21:21:12] VIIRS Veg composite: 2023-10-08 → 2023-10-24
[2026-05-19 21:21:17] Started export task: fire_239_static
[2026-05-19 21:21:17] Started export task: fire_239_dynamic_2023-11-01
[2026-05-19 21:21:17] END: ----------Event fire_239----------- (Duration: 13.05s)
[2026-05-19 21:21:17] START: ----------Event fire_243-----------
[2026-05-19 21:21:18] ------ Processing date=2023-11-01 ------
[2026-05-19 21:21:18] Using viirs_af_path: viirs_af_path
[2026-05-19 21:21:18] VIIRS Image Date: ['2023-11-01 00:00:00']
[2026-05-19 21:21:19] *** ERROR FLAG ***: VIIRS: data exists for 2023-11-01 but all pixels NaN → attempting interpolation...
[2026-05-19 21:21:22] VIIRS interpolation gap: 2023-10-31 → 2023-11-02 (2 days apart)
[2026-05-19 21:21:22] VIIRS interpolated: prev=2023-10-31, next=2023-11-02, weight=0.500
[2026-05-19 21:21:22] Weather image size: 1
[2026-05-19 21:21:22] Forecast duration: 2023-11-02 00:00:00 to 2023-11-03 00:00:00
[2026-05-19 21:21:23] Number of forecast images: 24
[2026-05-19 21:21:23] Using forecast run: 2023-11-01 18:00:00 UTC
[2026-05-19 21:21:23] Forecast Rain Available hours: [6, 7, 8, 9, 10, 11, 12, 13, 14, 15, 16, 17, 18, 19, 20, 21, 22, 23, 24, 25, 26, 27, 28, 29]
[2026-05-19 21:21:23] Valid hours for sum: [12, 18, 24, 29]
[2026-05-19 21:21:24] Drought composite end date: 2023-10-27 06:00:00
[2026-05-19 21:21:25] Land cover year: 2022
[2026-05-19 21:21:26] VIIRS Veg composite: 2023-10-08 → 2023-10-24
[2026-05-19 21:21:30] Started export task: fire_243_static
[2026-05-19 21:21:30] Started export task: fire_243_dynamic_2023-11-01
[2026-05-19 21:21:31] END: ----------Event fire_243----------- (Duration: 13.49s)
[2026-05-19 21:21:31] START: ----------Event fire_255-----------
[2026-05-19 21:21:31] ------ Processing date=2023-11-01 ------
[2026-05-19 21:21:31] Using viirs_af_path: viirs_af_path
[2026-05-19 21:21:31] VIIRS Image Date: ['2023-11-01 00:00:00']
[2026-05-19 21:21:32] *** ERROR FLAG ***: VIIRS: data exists for 2023-11-01 but all pixels NaN → attempting interpolation...
[2026-05-19 21:21:33] VIIRS interpolation gap: 2023-10-31 → 2023-11-02 (2 days apart)
[2026-05-19 21:21:33] VIIRS interpolated: prev=2023-10-31, next=2023-11-02, weight=0.500
[2026-05-19 21:21:34] Weather image size: 1
[2026-05-19 21:21:34] Forecast duration: 2023-11-02 00:00:00 to 2023-11-03 00:00:00
[2026-05-19 21:21:35] Number of forecast images: 24
[2026-05-19 21:21:35] Using forecast run: 2023-11-01 18:00:00 UTC
[2026-05-19 21:21:36] Forecast Rain Available hours: [6, 7, 8, 9, 10, 11, 12, 13, 14, 15, 16, 17, 18, 19, 20, 21, 22, 23, 24, 25, 26, 27, 28, 29]
[2026-05-19 21:21:36] Valid hours for sum: [12, 18, 24, 29]
[2026-05-19 21:21:38] Drought composite end date: 2023-10-27 06:00:00
[2026-05-19 21:21:39] Land cover year: 2022
[2026-05-19 21:21:40] VIIRS Veg composite: 2023-10-08 → 2023-10-24
[2026-05-19 21:21:44] Started export task: fire_255_static
[2026-05-19 21:21:45] Started export task: fire_255_dynamic_2023-11-01
[2026-05-19 21:21:45] END: ----------Event fire_255----------- (Duration: 14.40s)
[2026-05-19 21:21:45] ========= Run finished. ========= 

[2026-05-19 21:21:45] Success count: 18
[2026-05-19 21:21:45] Failure count: 0
[2026-05-19 21:21:45] END: Dataset Creation Run (Duration: 4.50m)