[2026-05-19 21:28:37] START: Dataset Creation Run
[2026-05-19 21:28:37] Loading config from /Users/rabinatwayana/2_CDE_MT/CL/CDE_Master_Thesis_Wildfire_CL/dataset_creation/output_events_yaml/nan_viirs_2024.yaml
[2026-05-19 21:28:37] Using key file: key/gcloud_key.json
[2026-05-19 21:28:37] Using service account: None
[2026-05-19 21:28:37] Using VIIRS AF asset path: projects/wsts-dataset-creation/assets/viirs_snpp_fire_archive_jun2016_apr2026
[2026-05-19 21:28:37] START: Earth Engine Initialization
[2026-05-19 21:28:39] VIIRS AF asset accessible: projects/wsts-dataset-creation/assets/viirs_snpp_fire_archive_jun2016_apr2026
[2026-05-19 21:28:39] END: Earth Engine Initialization (Duration: 2.73s)
[2026-05-19 21:28:39] Total fire events to process: 25
[2026-05-19 21:28:39] =======Config=============
[2026-05-19 21:28:39] output_bucket: wsts_dataset
[2026-05-19 21:28:39] global_degree_bbox_size: 1.0
[2026-05-19 21:28:39] year: 2024
[2026-05-19 21:28:39] export_crs: EPSG:5070
[2026-05-19 21:28:39] export_resolution: 375
[2026-05-19 21:28:39] pre_buffer_days: 0
[2026-05-19 21:28:39] post_buffer_days: 0
[2026-05-19 21:28:40] START: ----------Event fire_124-----------
[2026-05-19 21:28:40] ------ Processing date=2024-07-24 ------
[2026-05-19 21:28:40] Using viirs_af_path: viirs_af_path
[2026-05-19 21:28:40] VIIRS Image Date: ['2024-07-24 00:00:00']
[2026-05-19 21:28:41] *** ERROR FLAG ***: VIIRS: data exists for 2024-07-24 but all pixels NaN → attempting interpolation...
[2026-05-19 21:28:46] VIIRS interpolation gap: 2024-07-23 → 2024-07-29 (6 days apart)
[2026-05-19 21:28:46] VIIRS interpolated: prev=2024-07-23, next=2024-07-29, weight=0.167
[2026-05-19 21:28:47] Weather image size: 1
[2026-05-19 21:28:47] Forecast duration: 2024-07-25 00:00:00 to 2024-07-26 00:00:00
[2026-05-19 21:28:48] Number of forecast images: 24
[2026-05-19 21:28:48] Using forecast run: 2024-07-24 18:00:00 UTC
[2026-05-19 21:28:48] Forecast Rain Available hours: [6, 7, 8, 9, 10, 11, 12, 13, 14, 15, 16, 17, 18, 19, 20, 21, 22, 23, 24, 25, 26, 27, 28, 29]
[2026-05-19 21:28:48] Valid hours for sum: [12, 18, 24, 29]
[2026-05-19 21:28:52] Drought composite end date: 2024-07-23 06:00:00
[2026-05-19 21:28:52] Land cover year: 2023
[2026-05-19 21:28:54] VIIRS Veg composite: 2024-07-03 → 2024-07-19
[2026-05-19 21:28:59] Started export task: fire_124_static
[2026-05-19 21:29:00] Started export task: fire_124_dynamic_2024-07-24
[2026-05-19 21:29:00] ------ Processing date=2024-07-25 ------
[2026-05-19 21:29:00] Using viirs_af_path: viirs_af_path
[2026-05-19 21:29:00] VIIRS Image Date: []
[2026-05-19 21:29:00] *** ERROR FLAG ***: VIIRS: no data for 2024-07-25, attempting interpolation...
[2026-05-19 21:29:04] VIIRS interpolation gap: 2024-07-23 → 2024-07-29 (6 days apart)
[2026-05-19 21:29:04] VIIRS interpolated: prev=2024-07-23, next=2024-07-29, weight=0.333
[2026-05-19 21:29:05] Weather image size: 1
[2026-05-19 21:29:05] Forecast duration: 2024-07-26 00:00:00 to 2024-07-27 00:00:00
[2026-05-19 21:29:06] Number of forecast images: 24
[2026-05-19 21:29:06] Using forecast run: 2024-07-25 18:00:00 UTC
[2026-05-19 21:29:07] Forecast Rain Available hours: [6, 7, 8, 9, 10, 11, 12, 13, 14, 15, 16, 17, 18, 19, 20, 21, 22, 23, 24, 25, 26, 27, 28, 29]
[2026-05-19 21:29:07] Valid hours for sum: [12, 18, 24, 29]
[2026-05-19 21:29:09] Drought composite end date: 2024-07-23 06:00:00
[2026-05-19 21:29:09] Land cover year: 2023
[2026-05-19 21:29:11] VIIRS Veg composite: 2024-07-03 → 2024-07-19
[2026-05-19 21:29:15] Started export task: fire_124_dynamic_2024-07-25
[2026-05-19 21:29:16] ------ Processing date=2024-07-26 ------
[2026-05-19 21:29:16] Using viirs_af_path: viirs_af_path
[2026-05-19 21:29:16] VIIRS Image Date: []
[2026-05-19 21:29:16] *** ERROR FLAG ***: VIIRS: no data for 2024-07-26, attempting interpolation...
[2026-05-19 21:29:20] VIIRS interpolation gap: 2024-07-23 → 2024-07-29 (6 days apart)
[2026-05-19 21:29:20] VIIRS interpolated: prev=2024-07-23, next=2024-07-29, weight=0.500
[2026-05-19 21:29:20] Weather image size: 1
[2026-05-19 21:29:20] Forecast duration: 2024-07-27 00:00:00 to 2024-07-28 00:00:00
[2026-05-19 21:29:21] Number of forecast images: 24
[2026-05-19 21:29:21] Using forecast run: 2024-07-26 18:00:00 UTC
[2026-05-19 21:29:22] Forecast Rain Available hours: [6, 7, 8, 9, 10, 11, 12, 13, 14, 15, 16, 17, 18, 19, 20, 21, 22, 23, 24, 25, 26, 27, 28, 29]
[2026-05-19 21:29:22] Valid hours for sum: [12, 18, 24, 29]
[2026-05-19 21:29:24] Drought composite end date: 2024-07-23 06:00:00
[2026-05-19 21:29:25] Land cover year: 2023
[2026-05-19 21:29:26] VIIRS Veg composite: 2024-07-03 → 2024-07-19
[2026-05-19 21:29:29] Started export task: fire_124_dynamic_2024-07-26
[2026-05-19 21:29:29] ------ Processing date=2024-07-27 ------
[2026-05-19 21:29:29] Using viirs_af_path: viirs_af_path
[2026-05-19 21:29:30] VIIRS Image Date: []
[2026-05-19 21:29:30] *** ERROR FLAG ***: VIIRS: no data for 2024-07-27, attempting interpolation...
[2026-05-19 21:29:35] VIIRS interpolation gap: 2024-07-23 → 2024-07-29 (6 days apart)
[2026-05-19 21:29:35] VIIRS interpolated: prev=2024-07-23, next=2024-07-29, weight=0.667
[2026-05-19 21:29:35] Weather image size: 1
[2026-05-19 21:29:35] Forecast duration: 2024-07-28 00:00:00 to 2024-07-29 00:00:00
[2026-05-19 21:29:36] Number of forecast images: 24
[2026-05-19 21:29:36] Using forecast run: 2024-07-27 18:00:00 UTC
[2026-05-19 21:29:36] Forecast Rain Available hours: [6, 7, 8, 9, 10, 11, 12, 13, 14, 15, 16, 17, 18, 19, 20, 21, 22, 23, 24, 25, 26, 27, 28, 29]
[2026-05-19 21:29:36] Valid hours for sum: [12, 18, 24, 29]
[2026-05-19 21:29:38] Drought composite end date: 2024-07-23 06:00:00
[2026-05-19 21:29:38] Land cover year: 2023
[2026-05-19 21:29:39] VIIRS Veg composite: 2024-07-03 → 2024-07-19
[2026-05-19 21:29:44] Started export task: fire_124_dynamic_2024-07-27
[2026-05-19 21:29:44] ------ Processing date=2024-07-28 ------
[2026-05-19 21:29:44] Using viirs_af_path: viirs_af_path
[2026-05-19 21:29:45] VIIRS Image Date: []
[2026-05-19 21:29:45] *** ERROR FLAG ***: VIIRS: no data for 2024-07-28, attempting interpolation...
[2026-05-19 21:29:48] VIIRS interpolation gap: 2024-07-23 → 2024-07-29 (6 days apart)
[2026-05-19 21:29:48] VIIRS interpolated: prev=2024-07-23, next=2024-07-29, weight=0.833
[2026-05-19 21:29:48] Weather image size: 1
[2026-05-19 21:29:48] Forecast duration: 2024-07-29 00:00:00 to 2024-07-30 00:00:00
[2026-05-19 21:29:49] Number of forecast images: 24
[2026-05-19 21:29:49] Using forecast run: 2024-07-28 18:00:00 UTC
[2026-05-19 21:29:49] Forecast Rain Available hours: [6, 7, 8, 9, 10, 11, 12, 13, 14, 15, 16, 17, 18, 19, 20, 21, 22, 23, 24, 25, 26, 27, 28, 29]
[2026-05-19 21:29:49] Valid hours for sum: [12, 18, 24, 29]
[2026-05-19 21:29:51] Drought composite end date: 2024-07-23 06:00:00
[2026-05-19 21:29:52] Land cover year: 2023
[2026-05-19 21:29:54] VIIRS Veg composite: 2024-07-03 → 2024-07-19
[2026-05-19 21:29:59] Started export task: fire_124_dynamic_2024-07-28
[2026-05-19 21:29:59] END: ----------Event fire_124----------- (Duration: 1.33m)
[2026-05-19 21:29:59] START: ----------Event fire_128-----------
[2026-05-19 21:30:00] ------ Processing date=2024-07-24 ------
[2026-05-19 21:30:00] Using viirs_af_path: viirs_af_path
[2026-05-19 21:30:01] VIIRS Image Date: ['2024-07-24 00:00:00']
[2026-05-19 21:30:01] *** ERROR FLAG ***: VIIRS: data exists for 2024-07-24 but all pixels NaN → attempting interpolation...
[2026-05-19 21:30:08] VIIRS interpolation gap: 2024-07-23 → 2024-07-29 (6 days apart)
[2026-05-19 21:30:08] VIIRS interpolated: prev=2024-07-23, next=2024-07-29, weight=0.167
[2026-05-19 21:30:08] Weather image size: 1
[2026-05-19 21:30:08] Forecast duration: 2024-07-25 00:00:00 to 2024-07-26 00:00:00
[2026-05-19 21:30:10] Number of forecast images: 24
[2026-05-19 21:30:10] Using forecast run: 2024-07-24 18:00:00 UTC
[2026-05-19 21:30:10] Forecast Rain Available hours: [6, 7, 8, 9, 10, 11, 12, 13, 14, 15, 16, 17, 18, 19, 20, 21, 22, 23, 24, 25, 26, 27, 28, 29]
[2026-05-19 21:30:10] Valid hours for sum: [12, 18, 24, 29]
[2026-05-19 21:30:12] Drought composite end date: 2024-07-23 06:00:00
[2026-05-19 21:30:12] Land cover year: 2023
[2026-05-19 21:30:14] VIIRS Veg composite: 2024-07-03 → 2024-07-19
[2026-05-19 21:30:19] Started export task: fire_128_static
[2026-05-19 21:30:20] Started export task: fire_128_dynamic_2024-07-24
[2026-05-19 21:30:21] ------ Processing date=2024-07-25 ------
[2026-05-19 21:30:21] Using viirs_af_path: viirs_af_path
[2026-05-19 21:30:22] VIIRS Image Date: []
[2026-05-19 21:30:22] *** ERROR FLAG ***: VIIRS: no data for 2024-07-25, attempting interpolation...
[2026-05-19 21:30:27] VIIRS interpolation gap: 2024-07-23 → 2024-07-29 (6 days apart)
[2026-05-19 21:30:27] VIIRS interpolated: prev=2024-07-23, next=2024-07-29, weight=0.333
[2026-05-19 21:30:27] Weather image size: 1
[2026-05-19 21:30:27] Forecast duration: 2024-07-26 00:00:00 to 2024-07-27 00:00:00
[2026-05-19 21:30:28] Number of forecast images: 24
[2026-05-19 21:30:28] Using forecast run: 2024-07-25 18:00:00 UTC
[2026-05-19 21:30:29] Forecast Rain Available hours: [6, 7, 8, 9, 10, 11, 12, 13, 14, 15, 16, 17, 18, 19, 20, 21, 22, 23, 24, 25, 26, 27, 28, 29]
[2026-05-19 21:30:29] Valid hours for sum: [12, 18, 24, 29]
[2026-05-19 21:30:31] Drought composite end date: 2024-07-23 06:00:00
[2026-05-19 21:30:31] Land cover year: 2023
[2026-05-19 21:30:33] VIIRS Veg composite: 2024-07-03 → 2024-07-19
[2026-05-19 21:30:35] Started export task: fire_128_dynamic_2024-07-25
[2026-05-19 21:30:36] ------ Processing date=2024-07-26 ------
[2026-05-19 21:30:36] Using viirs_af_path: viirs_af_path
[2026-05-19 21:30:37] VIIRS Image Date: []
[2026-05-19 21:30:37] *** ERROR FLAG ***: VIIRS: no data for 2024-07-26, attempting interpolation...
[2026-05-19 21:30:39] VIIRS interpolation gap: 2024-07-23 → 2024-07-29 (6 days apart)
[2026-05-19 21:30:39] VIIRS interpolated: prev=2024-07-23, next=2024-07-29, weight=0.500
[2026-05-19 21:30:40] Weather image size: 1
[2026-05-19 21:30:40] Forecast duration: 2024-07-27 00:00:00 to 2024-07-28 00:00:00
[2026-05-19 21:30:41] Number of forecast images: 24
[2026-05-19 21:30:41] Using forecast run: 2024-07-26 18:00:00 UTC
[2026-05-19 21:30:41] Forecast Rain Available hours: [6, 7, 8, 9, 10, 11, 12, 13, 14, 15, 16, 17, 18, 19, 20, 21, 22, 23, 24, 25, 26, 27, 28, 29]
[2026-05-19 21:30:41] Valid hours for sum: [12, 18, 24, 29]
[2026-05-19 21:30:43] Drought composite end date: 2024-07-23 06:00:00
[2026-05-19 21:30:44] Land cover year: 2023
[2026-05-19 21:30:45] VIIRS Veg composite: 2024-07-03 → 2024-07-19
[2026-05-19 21:30:49] Started export task: fire_128_dynamic_2024-07-26
[2026-05-19 21:30:50] ------ Processing date=2024-07-27 ------
[2026-05-19 21:30:50] Using viirs_af_path: viirs_af_path
[2026-05-19 21:30:50] VIIRS Image Date: []
[2026-05-19 21:30:50] *** ERROR FLAG ***: VIIRS: no data for 2024-07-27, attempting interpolation...
[2026-05-19 21:30:52] VIIRS interpolation gap: 2024-07-23 → 2024-07-29 (6 days apart)
[2026-05-19 21:30:52] VIIRS interpolated: prev=2024-07-23, next=2024-07-29, weight=0.667
[2026-05-19 21:30:53] Weather image size: 1
[2026-05-19 21:30:53] Forecast duration: 2024-07-28 00:00:00 to 2024-07-29 00:00:00
[2026-05-19 21:30:54] Number of forecast images: 24
[2026-05-19 21:30:54] Using forecast run: 2024-07-27 18:00:00 UTC
[2026-05-19 21:30:55] Forecast Rain Available hours: [6, 7, 8, 9, 10, 11, 12, 13, 14, 15, 16, 17, 18, 19, 20, 21, 22, 23, 24, 25, 26, 27, 28, 29]
[2026-05-19 21:30:55] Valid hours for sum: [12, 18, 24, 29]
[2026-05-19 21:30:57] Drought composite end date: 2024-07-23 06:00:00
[2026-05-19 21:30:57] Land cover year: 2023
[2026-05-19 21:30:58] VIIRS Veg composite: 2024-07-03 → 2024-07-19
[2026-05-19 21:31:04] Started export task: fire_128_dynamic_2024-07-27
[2026-05-19 21:31:04] ------ Processing date=2024-07-28 ------
[2026-05-19 21:31:04] Using viirs_af_path: viirs_af_path
[2026-05-19 21:31:05] VIIRS Image Date: []
[2026-05-19 21:31:05] *** ERROR FLAG ***: VIIRS: no data for 2024-07-28, attempting interpolation...
[2026-05-19 21:31:08] VIIRS interpolation gap: 2024-07-23 → 2024-07-29 (6 days apart)
[2026-05-19 21:31:08] VIIRS interpolated: prev=2024-07-23, next=2024-07-29, weight=0.833
[2026-05-19 21:31:09] Weather image size: 1
[2026-05-19 21:31:09] Forecast duration: 2024-07-29 00:00:00 to 2024-07-30 00:00:00
[2026-05-19 21:31:10] Number of forecast images: 24
[2026-05-19 21:31:10] Using forecast run: 2024-07-28 18:00:00 UTC
[2026-05-19 21:31:10] Forecast Rain Available hours: [6, 7, 8, 9, 10, 11, 12, 13, 14, 15, 16, 17, 18, 19, 20, 21, 22, 23, 24, 25, 26, 27, 28, 29]
[2026-05-19 21:31:10] Valid hours for sum: [12, 18, 24, 29]
[2026-05-19 21:31:13] Drought composite end date: 2024-07-23 06:00:00
[2026-05-19 21:31:14] Land cover year: 2023
[2026-05-19 21:31:15] VIIRS Veg composite: 2024-07-03 → 2024-07-19
[2026-05-19 21:31:20] Started export task: fire_128_dynamic_2024-07-28
[2026-05-19 21:31:21] END: ----------Event fire_128----------- (Duration: 1.35m)
[2026-05-19 21:31:21] START: ----------Event fire_157-----------
[2026-05-19 21:31:21] ------ Processing date=2024-07-24 ------
[2026-05-19 21:31:21] Using viirs_af_path: viirs_af_path
[2026-05-19 21:31:21] VIIRS Image Date: ['2024-07-24 00:00:00']
[2026-05-19 21:31:22] *** ERROR FLAG ***: VIIRS: data exists for 2024-07-24 but all pixels NaN → attempting interpolation...
[2026-05-19 21:31:29] VIIRS interpolation gap: 2024-07-23 → 2024-07-29 (6 days apart)
[2026-05-19 21:31:29] VIIRS interpolated: prev=2024-07-23, next=2024-07-29, weight=0.167
[2026-05-19 21:31:29] Weather image size: 1
[2026-05-19 21:31:29] Forecast duration: 2024-07-25 00:00:00 to 2024-07-26 00:00:00
[2026-05-19 21:31:31] Number of forecast images: 24
[2026-05-19 21:31:31] Using forecast run: 2024-07-24 18:00:00 UTC
[2026-05-19 21:31:32] Forecast Rain Available hours: [6, 7, 8, 9, 10, 11, 12, 13, 14, 15, 16, 17, 18, 19, 20, 21, 22, 23, 24, 25, 26, 27, 28, 29]
[2026-05-19 21:31:32] Valid hours for sum: [12, 18, 24, 29]
[2026-05-19 21:31:33] Drought composite end date: 2024-07-23 06:00:00
[2026-05-19 21:31:33] Land cover year: 2023
[2026-05-19 21:31:35] VIIRS Veg composite: 2024-07-03 → 2024-07-19
[2026-05-19 21:31:40] Started export task: fire_157_static
[2026-05-19 21:31:40] Started export task: fire_157_dynamic_2024-07-24
[2026-05-19 21:31:41] ------ Processing date=2024-07-25 ------
[2026-05-19 21:31:41] Using viirs_af_path: viirs_af_path
[2026-05-19 21:31:41] VIIRS Image Date: []
[2026-05-19 21:31:41] *** ERROR FLAG ***: VIIRS: no data for 2024-07-25, attempting interpolation...
[2026-05-19 21:31:46] VIIRS interpolation gap: 2024-07-23 → 2024-07-29 (6 days apart)
[2026-05-19 21:31:46] VIIRS interpolated: prev=2024-07-23, next=2024-07-29, weight=0.333
[2026-05-19 21:31:46] Weather image size: 1
[2026-05-19 21:31:46] Forecast duration: 2024-07-26 00:00:00 to 2024-07-27 00:00:00
[2026-05-19 21:31:47] Number of forecast images: 24
[2026-05-19 21:31:47] Using forecast run: 2024-07-25 18:00:00 UTC
[2026-05-19 21:31:47] Forecast Rain Available hours: [6, 7, 8, 9, 10, 11, 12, 13, 14, 15, 16, 17, 18, 19, 20, 21, 22, 23, 24, 25, 26, 27, 28, 29]
[2026-05-19 21:31:47] Valid hours for sum: [12, 18, 24, 29]
[2026-05-19 21:31:50] Drought composite end date: 2024-07-23 06:00:00
[2026-05-19 21:31:50] Land cover year: 2023
[2026-05-19 21:31:51] VIIRS Veg composite: 2024-07-03 → 2024-07-19
[2026-05-19 21:31:54] Started export task: fire_157_dynamic_2024-07-25
[2026-05-19 21:31:55] ------ Processing date=2024-07-26 ------
[2026-05-19 21:31:55] Using viirs_af_path: viirs_af_path
[2026-05-19 21:31:55] VIIRS Image Date: []
[2026-05-19 21:31:55] *** ERROR FLAG ***: VIIRS: no data for 2024-07-26, attempting interpolation...
[2026-05-19 21:31:58] VIIRS interpolation gap: 2024-07-23 → 2024-07-29 (6 days apart)
[2026-05-19 21:31:58] VIIRS interpolated: prev=2024-07-23, next=2024-07-29, weight=0.500
[2026-05-19 21:31:58] Weather image size: 1
[2026-05-19 21:31:58] Forecast duration: 2024-07-27 00:00:00 to 2024-07-28 00:00:00
[2026-05-19 21:31:59] Number of forecast images: 24
[2026-05-19 21:31:59] Using forecast run: 2024-07-26 18:00:00 UTC
[2026-05-19 21:31:59] Forecast Rain Available hours: [6, 7, 8, 9, 10, 11, 12, 13, 14, 15, 16, 17, 18, 19, 20, 21, 22, 23, 24, 25, 26, 27, 28, 29]
[2026-05-19 21:31:59] Valid hours for sum: [12, 18, 24, 29]
[2026-05-19 21:32:02] Drought composite end date: 2024-07-23 06:00:00
[2026-05-19 21:32:02] Land cover year: 2023
[2026-05-19 21:32:03] VIIRS Veg composite: 2024-07-03 → 2024-07-19
[2026-05-19 21:32:07] Started export task: fire_157_dynamic_2024-07-26
[2026-05-19 21:32:08] ------ Processing date=2024-07-27 ------
[2026-05-19 21:32:08] Using viirs_af_path: viirs_af_path
[2026-05-19 21:32:08] VIIRS Image Date: []
[2026-05-19 21:32:08] *** ERROR FLAG ***: VIIRS: no data for 2024-07-27, attempting interpolation...
[2026-05-19 21:32:11] VIIRS interpolation gap: 2024-07-23 → 2024-07-29 (6 days apart)
[2026-05-19 21:32:11] VIIRS interpolated: prev=2024-07-23, next=2024-07-29, weight=0.667
[2026-05-19 21:32:12] Weather image size: 1
[2026-05-19 21:32:12] Forecast duration: 2024-07-28 00:00:00 to 2024-07-29 00:00:00
[2026-05-19 21:32:12] Number of forecast images: 24
[2026-05-19 21:32:12] Using forecast run: 2024-07-27 18:00:00 UTC
[2026-05-19 21:32:13] Forecast Rain Available hours: [6, 7, 8, 9, 10, 11, 12, 13, 14, 15, 16, 17, 18, 19, 20, 21, 22, 23, 24, 25, 26, 27, 28, 29]
[2026-05-19 21:32:13] Valid hours for sum: [12, 18, 24, 29]
[2026-05-19 21:32:16] Drought composite end date: 2024-07-23 06:00:00
[2026-05-19 21:32:16] Land cover year: 2023
[2026-05-19 21:32:17] VIIRS Veg composite: 2024-07-03 → 2024-07-19
[2026-05-19 21:32:22] Started export task: fire_157_dynamic_2024-07-27
[2026-05-19 21:32:22] ------ Processing date=2024-07-28 ------
[2026-05-19 21:32:22] Using viirs_af_path: viirs_af_path
[2026-05-19 21:32:23] VIIRS Image Date: []
[2026-05-19 21:32:23] *** ERROR FLAG ***: VIIRS: no data for 2024-07-28, attempting interpolation...
[2026-05-19 21:32:26] VIIRS interpolation gap: 2024-07-23 → 2024-07-29 (6 days apart)
[2026-05-19 21:32:26] VIIRS interpolated: prev=2024-07-23, next=2024-07-29, weight=0.833
[2026-05-19 21:32:26] Weather image size: 1
[2026-05-19 21:32:26] Forecast duration: 2024-07-29 00:00:00 to 2024-07-30 00:00:00
[2026-05-19 21:32:27] Number of forecast images: 24
[2026-05-19 21:32:27] Using forecast run: 2024-07-28 18:00:00 UTC
[2026-05-19 21:32:28] Forecast Rain Available hours: [6, 7, 8, 9, 10, 11, 12, 13, 14, 15, 16, 17, 18, 19, 20, 21, 22, 23, 24, 25, 26, 27, 28, 29]
[2026-05-19 21:32:28] Valid hours for sum: [12, 18, 24, 29]
[2026-05-19 21:32:29] Drought composite end date: 2024-07-23 06:00:00
[2026-05-19 21:32:30] Land cover year: 2023
[2026-05-19 21:32:30] VIIRS Veg composite: 2024-07-03 → 2024-07-19
[2026-05-19 21:32:33] Started export task: fire_157_dynamic_2024-07-28
[2026-05-19 21:32:34] END: ----------Event fire_157----------- (Duration: 1.22m)
[2026-05-19 21:32:34] START: ----------Event fire_158-----------
[2026-05-19 21:32:34] ------ Processing date=2024-07-24 ------
[2026-05-19 21:32:34] Using viirs_af_path: viirs_af_path
[2026-05-19 21:32:35] VIIRS Image Date: ['2024-07-24 00:00:00']
[2026-05-19 21:32:37] *** ERROR FLAG ***: VIIRS: data exists for 2024-07-24 but all pixels NaN → attempting interpolation...
[2026-05-19 21:32:39] VIIRS interpolation gap: 2024-07-23 → 2024-07-29 (6 days apart)
[2026-05-19 21:32:39] VIIRS interpolated: prev=2024-07-23, next=2024-07-29, weight=0.167
[2026-05-19 21:32:39] Weather image size: 1
[2026-05-19 21:32:39] Forecast duration: 2024-07-25 00:00:00 to 2024-07-26 00:00:00
[2026-05-19 21:32:40] Number of forecast images: 24
[2026-05-19 21:32:40] Using forecast run: 2024-07-24 18:00:00 UTC
[2026-05-19 21:32:41] Forecast Rain Available hours: [6, 7, 8, 9, 10, 11, 12, 13, 14, 15, 16, 17, 18, 19, 20, 21, 22, 23, 24, 25, 26, 27, 28, 29]
[2026-05-19 21:32:41] Valid hours for sum: [12, 18, 24, 29]
[2026-05-19 21:32:43] Drought composite end date: 2024-07-23 06:00:00
[2026-05-19 21:32:44] Land cover year: 2023
[2026-05-19 21:32:44] VIIRS Veg composite: 2024-07-03 → 2024-07-19
[2026-05-19 21:32:50] Started export task: fire_158_static
[2026-05-19 21:32:50] Started export task: fire_158_dynamic_2024-07-24
[2026-05-19 21:32:51] ------ Processing date=2024-07-25 ------
[2026-05-19 21:32:51] Using viirs_af_path: viirs_af_path
[2026-05-19 21:32:51] VIIRS Image Date: []
[2026-05-19 21:32:51] *** ERROR FLAG ***: VIIRS: no data for 2024-07-25, attempting interpolation...
[2026-05-19 21:32:54] VIIRS interpolation gap: 2024-07-23 → 2024-07-29 (6 days apart)
[2026-05-19 21:32:54] VIIRS interpolated: prev=2024-07-23, next=2024-07-29, weight=0.333
[2026-05-19 21:32:54] Weather image size: 1
[2026-05-19 21:32:54] Forecast duration: 2024-07-26 00:00:00 to 2024-07-27 00:00:00
[2026-05-19 21:32:55] Number of forecast images: 24
[2026-05-19 21:32:55] Using forecast run: 2024-07-25 18:00:00 UTC
[2026-05-19 21:32:55] Forecast Rain Available hours: [6, 7, 8, 9, 10, 11, 12, 13, 14, 15, 16, 17, 18, 19, 20, 21, 22, 23, 24, 25, 26, 27, 28, 29]
[2026-05-19 21:32:55] Valid hours for sum: [12, 18, 24, 29]
[2026-05-19 21:32:58] Drought composite end date: 2024-07-23 06:00:00
[2026-05-19 21:32:58] Land cover year: 2023
[2026-05-19 21:32:59] VIIRS Veg composite: 2024-07-03 → 2024-07-19
[2026-05-19 21:33:04] Started export task: fire_158_dynamic_2024-07-25
[2026-05-19 21:33:04] ------ Processing date=2024-07-26 ------
[2026-05-19 21:33:04] Using viirs_af_path: viirs_af_path
[2026-05-19 21:33:04] VIIRS Image Date: []
[2026-05-19 21:33:04] *** ERROR FLAG ***: VIIRS: no data for 2024-07-26, attempting interpolation...
[2026-05-19 21:33:06] VIIRS interpolation gap: 2024-07-23 → 2024-07-29 (6 days apart)
[2026-05-19 21:33:06] VIIRS interpolated: prev=2024-07-23, next=2024-07-29, weight=0.500
[2026-05-19 21:33:06] Weather image size: 1
[2026-05-19 21:33:06] Forecast duration: 2024-07-27 00:00:00 to 2024-07-28 00:00:00
[2026-05-19 21:33:07] Number of forecast images: 24
[2026-05-19 21:33:07] Using forecast run: 2024-07-26 18:00:00 UTC
[2026-05-19 21:33:07] Forecast Rain Available hours: [6, 7, 8, 9, 10, 11, 12, 13, 14, 15, 16, 17, 18, 19, 20, 21, 22, 23, 24, 25, 26, 27, 28, 29]
[2026-05-19 21:33:07] Valid hours for sum: [12, 18, 24, 29]
[2026-05-19 21:33:09] Drought composite end date: 2024-07-23 06:00:00
[2026-05-19 21:33:09] Land cover year: 2023
[2026-05-19 21:33:10] VIIRS Veg composite: 2024-07-03 → 2024-07-19
[2026-05-19 21:33:16] Started export task: fire_158_dynamic_2024-07-26
[2026-05-19 21:33:17] ------ Processing date=2024-07-27 ------
[2026-05-19 21:33:17] Using viirs_af_path: viirs_af_path
[2026-05-19 21:33:17] VIIRS Image Date: []
[2026-05-19 21:33:17] *** ERROR FLAG ***: VIIRS: no data for 2024-07-27, attempting interpolation...
[2026-05-19 21:33:21] VIIRS interpolation gap: 2024-07-23 → 2024-07-29 (6 days apart)
[2026-05-19 21:33:21] VIIRS interpolated: prev=2024-07-23, next=2024-07-29, weight=0.667
[2026-05-19 21:33:21] Weather image size: 1
[2026-05-19 21:33:21] Forecast duration: 2024-07-28 00:00:00 to 2024-07-29 00:00:00
[2026-05-19 21:33:22] Number of forecast images: 24
[2026-05-19 21:33:22] Using forecast run: 2024-07-27 18:00:00 UTC
[2026-05-19 21:33:22] Forecast Rain Available hours: [6, 7, 8, 9, 10, 11, 12, 13, 14, 15, 16, 17, 18, 19, 20, 21, 22, 23, 24, 25, 26, 27, 28, 29]
[2026-05-19 21:33:22] Valid hours for sum: [12, 18, 24, 29]
[2026-05-19 21:33:25] Drought composite end date: 2024-07-23 06:00:00
[2026-05-19 21:33:25] Land cover year: 2023
[2026-05-19 21:33:26] VIIRS Veg composite: 2024-07-03 → 2024-07-19
[2026-05-19 21:33:31] Started export task: fire_158_dynamic_2024-07-27
[2026-05-19 21:33:31] ------ Processing date=2024-07-28 ------
[2026-05-19 21:33:31] Using viirs_af_path: viirs_af_path
[2026-05-19 21:33:31] VIIRS Image Date: []
[2026-05-19 21:33:31] *** ERROR FLAG ***: VIIRS: no data for 2024-07-28, attempting interpolation...
[2026-05-19 21:33:34] VIIRS interpolation gap: 2024-07-23 → 2024-07-29 (6 days apart)
[2026-05-19 21:33:34] VIIRS interpolated: prev=2024-07-23, next=2024-07-29, weight=0.833
[2026-05-19 21:33:34] Weather image size: 1
[2026-05-19 21:33:34] Forecast duration: 2024-07-29 00:00:00 to 2024-07-30 00:00:00
[2026-05-19 21:33:35] Number of forecast images: 24
[2026-05-19 21:33:35] Using forecast run: 2024-07-28 18:00:00 UTC
[2026-05-19 21:33:36] Forecast Rain Available hours: [6, 7, 8, 9, 10, 11, 12, 13, 14, 15, 16, 17, 18, 19, 20, 21, 22, 23, 24, 25, 26, 27, 28, 29]
[2026-05-19 21:33:36] Valid hours for sum: [12, 18, 24, 29]
[2026-05-19 21:33:37] Drought composite end date: 2024-07-23 06:00:00
[2026-05-19 21:33:38] Land cover year: 2023
[2026-05-19 21:33:39] VIIRS Veg composite: 2024-07-03 → 2024-07-19
[2026-05-19 21:33:43] Started export task: fire_158_dynamic_2024-07-28
[2026-05-19 21:33:43] END: ----------Event fire_158----------- (Duration: 1.16m)
[2026-05-19 21:33:43] START: ----------Event fire_159-----------
[2026-05-19 21:33:43] ------ Processing date=2024-07-24 ------
[2026-05-19 21:33:43] Using viirs_af_path: viirs_af_path
[2026-05-19 21:33:44] VIIRS Image Date: ['2024-07-24 00:00:00']
[2026-05-19 21:33:44] *** ERROR FLAG ***: VIIRS: data exists for 2024-07-24 but all pixels NaN → attempting interpolation...
[2026-05-19 21:33:47] VIIRS interpolation gap: 2024-07-23 → 2024-07-29 (6 days apart)
[2026-05-19 21:33:47] VIIRS interpolated: prev=2024-07-23, next=2024-07-29, weight=0.167
[2026-05-19 21:33:47] Weather image size: 1
[2026-05-19 21:33:47] Forecast duration: 2024-07-25 00:00:00 to 2024-07-26 00:00:00
[2026-05-19 21:33:48] Number of forecast images: 24
[2026-05-19 21:33:48] Using forecast run: 2024-07-24 18:00:00 UTC
[2026-05-19 21:33:49] Forecast Rain Available hours: [6, 7, 8, 9, 10, 11, 12, 13, 14, 15, 16, 17, 18, 19, 20, 21, 22, 23, 24, 25, 26, 27, 28, 29]
[2026-05-19 21:33:49] Valid hours for sum: [12, 18, 24, 29]
[2026-05-19 21:33:51] Drought composite end date: 2024-07-23 06:00:00
[2026-05-19 21:33:52] Land cover year: 2023
[2026-05-19 21:33:53] VIIRS Veg composite: 2024-07-03 → 2024-07-19
[2026-05-19 21:33:56] Started export task: fire_159_static
[2026-05-19 21:33:56] Started export task: fire_159_dynamic_2024-07-24
[2026-05-19 21:33:57] ------ Processing date=2024-07-25 ------
[2026-05-19 21:33:57] Using viirs_af_path: viirs_af_path
[2026-05-19 21:33:57] VIIRS Image Date: []
[2026-05-19 21:33:57] *** ERROR FLAG ***: VIIRS: no data for 2024-07-25, attempting interpolation...
[2026-05-19 21:34:00] VIIRS interpolation gap: 2024-07-23 → 2024-07-29 (6 days apart)
[2026-05-19 21:34:00] VIIRS interpolated: prev=2024-07-23, next=2024-07-29, weight=0.333
[2026-05-19 21:34:00] Weather image size: 1
[2026-05-19 21:34:00] Forecast duration: 2024-07-26 00:00:00 to 2024-07-27 00:00:00
[2026-05-19 21:34:02] Number of forecast images: 24
[2026-05-19 21:34:02] Using forecast run: 2024-07-25 18:00:00 UTC
[2026-05-19 21:34:02] Forecast Rain Available hours: [6, 7, 8, 9, 10, 11, 12, 13, 14, 15, 16, 17, 18, 19, 20, 21, 22, 23, 24, 25, 26, 27, 28, 29]
[2026-05-19 21:34:02] Valid hours for sum: [12, 18, 24, 29]
[2026-05-19 21:34:04] Drought composite end date: 2024-07-23 06:00:00
[2026-05-19 21:34:05] Land cover year: 2023
[2026-05-19 21:34:06] VIIRS Veg composite: 2024-07-03 → 2024-07-19
[2026-05-19 21:34:11] Started export task: fire_159_dynamic_2024-07-25
[2026-05-19 21:34:11] ------ Processing date=2024-07-26 ------
[2026-05-19 21:34:11] Using viirs_af_path: viirs_af_path
[2026-05-19 21:34:11] VIIRS Image Date: []
[2026-05-19 21:34:11] *** ERROR FLAG ***: VIIRS: no data for 2024-07-26, attempting interpolation...
[2026-05-19 21:34:14] VIIRS interpolation gap: 2024-07-23 → 2024-07-29 (6 days apart)
[2026-05-19 21:34:14] VIIRS interpolated: prev=2024-07-23, next=2024-07-29, weight=0.500
[2026-05-19 21:34:15] Weather image size: 1
[2026-05-19 21:34:15] Forecast duration: 2024-07-27 00:00:00 to 2024-07-28 00:00:00
[2026-05-19 21:34:16] Number of forecast images: 24
[2026-05-19 21:34:16] Using forecast run: 2024-07-26 18:00:00 UTC
[2026-05-19 21:34:16] Forecast Rain Available hours: [6, 7, 8, 9, 10, 11, 12, 13, 14, 15, 16, 17, 18, 19, 20, 21, 22, 23, 24, 25, 26, 27, 28, 29]
[2026-05-19 21:34:16] Valid hours for sum: [12, 18, 24, 29]
[2026-05-19 21:34:18] Drought composite end date: 2024-07-23 06:00:00
[2026-05-19 21:34:18] Land cover year: 2023
[2026-05-19 21:34:19] VIIRS Veg composite: 2024-07-03 → 2024-07-19
[2026-05-19 21:34:24] Started export task: fire_159_dynamic_2024-07-26
[2026-05-19 21:34:25] ------ Processing date=2024-07-27 ------
[2026-05-19 21:34:25] Using viirs_af_path: viirs_af_path
[2026-05-19 21:34:25] VIIRS Image Date: []
[2026-05-19 21:34:25] *** ERROR FLAG ***: VIIRS: no data for 2024-07-27, attempting interpolation...
[2026-05-19 21:34:27] VIIRS interpolation gap: 2024-07-23 → 2024-07-29 (6 days apart)
[2026-05-19 21:34:27] VIIRS interpolated: prev=2024-07-23, next=2024-07-29, weight=0.667
[2026-05-19 21:34:27] Weather image size: 1
[2026-05-19 21:34:27] Forecast duration: 2024-07-28 00:00:00 to 2024-07-29 00:00:00
[2026-05-19 21:34:28] Number of forecast images: 24
[2026-05-19 21:34:28] Using forecast run: 2024-07-27 18:00:00 UTC
[2026-05-19 21:34:28] Forecast Rain Available hours: [6, 7, 8, 9, 10, 11, 12, 13, 14, 15, 16, 17, 18, 19, 20, 21, 22, 23, 24, 25, 26, 27, 28, 29]
[2026-05-19 21:34:28] Valid hours for sum: [12, 18, 24, 29]
[2026-05-19 21:34:30] Drought composite end date: 2024-07-23 06:00:00
[2026-05-19 21:34:30] Land cover year: 2023
[2026-05-19 21:34:31] VIIRS Veg composite: 2024-07-03 → 2024-07-19
[2026-05-19 21:34:34] Started export task: fire_159_dynamic_2024-07-27
[2026-05-19 21:34:34] ------ Processing date=2024-07-28 ------
[2026-05-19 21:34:34] Using viirs_af_path: viirs_af_path
[2026-05-19 21:34:35] VIIRS Image Date: []
[2026-05-19 21:34:35] *** ERROR FLAG ***: VIIRS: no data for 2024-07-28, attempting interpolation...
[2026-05-19 21:34:37] VIIRS interpolation gap: 2024-07-23 → 2024-07-29 (6 days apart)
[2026-05-19 21:34:37] VIIRS interpolated: prev=2024-07-23, next=2024-07-29, weight=0.833
[2026-05-19 21:34:37] Weather image size: 1
[2026-05-19 21:34:37] Forecast duration: 2024-07-29 00:00:00 to 2024-07-30 00:00:00
[2026-05-19 21:34:38] Number of forecast images: 24
[2026-05-19 21:34:38] Using forecast run: 2024-07-28 18:00:00 UTC
[2026-05-19 21:34:38] Forecast Rain Available hours: [6, 7, 8, 9, 10, 11, 12, 13, 14, 15, 16, 17, 18, 19, 20, 21, 22, 23, 24, 25, 26, 27, 28, 29]
[2026-05-19 21:34:38] Valid hours for sum: [12, 18, 24, 29]
[2026-05-19 21:34:41] Drought composite end date: 2024-07-23 06:00:00
[2026-05-19 21:34:41] Land cover year: 2023
[2026-05-19 21:34:42] VIIRS Veg composite: 2024-07-03 → 2024-07-19
[2026-05-19 21:34:47] Started export task: fire_159_dynamic_2024-07-28
[2026-05-19 21:34:47] END: ----------Event fire_159----------- (Duration: 1.07m)
[2026-05-19 21:34:47] START: ----------Event fire_160-----------
[2026-05-19 21:34:47] ------ Processing date=2024-07-24 ------
[2026-05-19 21:34:47] Using viirs_af_path: viirs_af_path
[2026-05-19 21:34:48] VIIRS Image Date: ['2024-07-24 00:00:00']
[2026-05-19 21:34:48] *** ERROR FLAG ***: VIIRS: data exists for 2024-07-24 but all pixels NaN → attempting interpolation...
[2026-05-19 21:34:51] VIIRS interpolation gap: 2024-07-23 → 2024-07-29 (6 days apart)
[2026-05-19 21:34:51] VIIRS interpolated: prev=2024-07-23, next=2024-07-29, weight=0.167
[2026-05-19 21:34:51] Weather image size: 1
[2026-05-19 21:34:51] Forecast duration: 2024-07-25 00:00:00 to 2024-07-26 00:00:00
[2026-05-19 21:34:53] Number of forecast images: 24
[2026-05-19 21:34:53] Using forecast run: 2024-07-24 18:00:00 UTC
[2026-05-19 21:34:54] Forecast Rain Available hours: [6, 7, 8, 9, 10, 11, 12, 13, 14, 15, 16, 17, 18, 19, 20, 21, 22, 23, 24, 25, 26, 27, 28, 29]
[2026-05-19 21:34:54] Valid hours for sum: [12, 18, 24, 29]
[2026-05-19 21:34:56] Drought composite end date: 2024-07-23 06:00:00
[2026-05-19 21:34:56] Land cover year: 2023
[2026-05-19 21:34:57] VIIRS Veg composite: 2024-07-03 → 2024-07-19
[2026-05-19 21:35:02] Started export task: fire_160_static
[2026-05-19 21:35:03] Started export task: fire_160_dynamic_2024-07-24
[2026-05-19 21:35:04] ------ Processing date=2024-07-25 ------
[2026-05-19 21:35:04] Using viirs_af_path: viirs_af_path
[2026-05-19 21:35:04] VIIRS Image Date: []
[2026-05-19 21:35:04] *** ERROR FLAG ***: VIIRS: no data for 2024-07-25, attempting interpolation...
[2026-05-19 21:35:06] VIIRS interpolation gap: 2024-07-23 → 2024-07-29 (6 days apart)
[2026-05-19 21:35:06] VIIRS interpolated: prev=2024-07-23, next=2024-07-29, weight=0.333
[2026-05-19 21:35:07] Weather image size: 1
[2026-05-19 21:35:07] Forecast duration: 2024-07-26 00:00:00 to 2024-07-27 00:00:00
[2026-05-19 21:35:07] Number of forecast images: 24
[2026-05-19 21:35:07] Using forecast run: 2024-07-25 18:00:00 UTC
[2026-05-19 21:35:08] Forecast Rain Available hours: [6, 7, 8, 9, 10, 11, 12, 13, 14, 15, 16, 17, 18, 19, 20, 21, 22, 23, 24, 25, 26, 27, 28, 29]
[2026-05-19 21:35:08] Valid hours for sum: [12, 18, 24, 29]
[2026-05-19 21:35:10] Drought composite end date: 2024-07-23 06:00:00
[2026-05-19 21:35:10] Land cover year: 2023
[2026-05-19 21:35:11] VIIRS Veg composite: 2024-07-03 → 2024-07-19
[2026-05-19 21:35:14] Started export task: fire_160_dynamic_2024-07-25
[2026-05-19 21:35:15] ------ Processing date=2024-07-26 ------
[2026-05-19 21:35:15] Using viirs_af_path: viirs_af_path
[2026-05-19 21:35:15] VIIRS Image Date: []
[2026-05-19 21:35:15] *** ERROR FLAG ***: VIIRS: no data for 2024-07-26, attempting interpolation...
[2026-05-19 21:35:17] VIIRS interpolation gap: 2024-07-23 → 2024-07-29 (6 days apart)
[2026-05-19 21:35:17] VIIRS interpolated: prev=2024-07-23, next=2024-07-29, weight=0.500
[2026-05-19 21:35:17] Weather image size: 1
[2026-05-19 21:35:17] Forecast duration: 2024-07-27 00:00:00 to 2024-07-28 00:00:00
[2026-05-19 21:35:18] Number of forecast images: 24
[2026-05-19 21:35:18] Using forecast run: 2024-07-26 18:00:00 UTC
[2026-05-19 21:35:18] Forecast Rain Available hours: [6, 7, 8, 9, 10, 11, 12, 13, 14, 15, 16, 17, 18, 19, 20, 21, 22, 23, 24, 25, 26, 27, 28, 29]
[2026-05-19 21:35:18] Valid hours for sum: [12, 18, 24, 29]
[2026-05-19 21:35:20] Drought composite end date: 2024-07-23 06:00:00
[2026-05-19 21:35:20] Land cover year: 2023
[2026-05-19 21:35:21] VIIRS Veg composite: 2024-07-03 → 2024-07-19
[2026-05-19 21:35:24] Started export task: fire_160_dynamic_2024-07-26
[2026-05-19 21:35:25] ------ Processing date=2024-07-27 ------
[2026-05-19 21:35:25] Using viirs_af_path: viirs_af_path
[2026-05-19 21:35:25] VIIRS Image Date: []
[2026-05-19 21:35:25] *** ERROR FLAG ***: VIIRS: no data for 2024-07-27, attempting interpolation...
[2026-05-19 21:35:28] VIIRS interpolation gap: 2024-07-23 → 2024-07-29 (6 days apart)
[2026-05-19 21:35:28] VIIRS interpolated: prev=2024-07-23, next=2024-07-29, weight=0.667
[2026-05-19 21:35:28] Weather image size: 1
[2026-05-19 21:35:28] Forecast duration: 2024-07-28 00:00:00 to 2024-07-29 00:00:00
[2026-05-19 21:35:29] Number of forecast images: 24
[2026-05-19 21:35:29] Using forecast run: 2024-07-27 18:00:00 UTC
[2026-05-19 21:35:29] Forecast Rain Available hours: [6, 7, 8, 9, 10, 11, 12, 13, 14, 15, 16, 17, 18, 19, 20, 21, 22, 23, 24, 25, 26, 27, 28, 29]
[2026-05-19 21:35:29] Valid hours for sum: [12, 18, 24, 29]
[2026-05-19 21:35:31] Drought composite end date: 2024-07-23 06:00:00
[2026-05-19 21:35:31] Land cover year: 2023
[2026-05-19 21:35:32] VIIRS Veg composite: 2024-07-03 → 2024-07-19
[2026-05-19 21:35:37] Started export task: fire_160_dynamic_2024-07-27
[2026-05-19 21:35:37] ------ Processing date=2024-07-28 ------
[2026-05-19 21:35:37] Using viirs_af_path: viirs_af_path
[2026-05-19 21:35:37] VIIRS Image Date: []
[2026-05-19 21:35:37] *** ERROR FLAG ***: VIIRS: no data for 2024-07-28, attempting interpolation...
[2026-05-19 21:35:39] VIIRS interpolation gap: 2024-07-23 → 2024-07-29 (6 days apart)
[2026-05-19 21:35:39] VIIRS interpolated: prev=2024-07-23, next=2024-07-29, weight=0.833
[2026-05-19 21:35:40] Weather image size: 1
[2026-05-19 21:35:40] Forecast duration: 2024-07-29 00:00:00 to 2024-07-30 00:00:00
[2026-05-19 21:35:40] Number of forecast images: 24
[2026-05-19 21:35:40] Using forecast run: 2024-07-28 18:00:00 UTC
[2026-05-19 21:35:41] Forecast Rain Available hours: [6, 7, 8, 9, 10, 11, 12, 13, 14, 15, 16, 17, 18, 19, 20, 21, 22, 23, 24, 25, 26, 27, 28, 29]
[2026-05-19 21:35:41] Valid hours for sum: [12, 18, 24, 29]
[2026-05-19 21:35:43] Drought composite end date: 2024-07-23 06:00:00
[2026-05-19 21:35:43] Land cover year: 2023
[2026-05-19 21:35:44] VIIRS Veg composite: 2024-07-03 → 2024-07-19
[2026-05-19 21:35:48] Started export task: fire_160_dynamic_2024-07-28
[2026-05-19 21:35:48] END: ----------Event fire_160----------- (Duration: 1.02m)
[2026-05-19 21:35:48] START: ----------Event fire_161-----------
[2026-05-19 21:35:49] ------ Processing date=2024-07-24 ------
[2026-05-19 21:35:49] Using viirs_af_path: viirs_af_path
[2026-05-19 21:35:49] VIIRS Image Date: ['2024-07-24 00:00:00']
[2026-05-19 21:35:49] *** ERROR FLAG ***: VIIRS: data exists for 2024-07-24 but all pixels NaN → attempting interpolation...
[2026-05-19 21:35:51] VIIRS interpolation gap: 2024-07-23 → 2024-07-29 (6 days apart)
[2026-05-19 21:35:51] VIIRS interpolated: prev=2024-07-23, next=2024-07-29, weight=0.167
[2026-05-19 21:35:51] Weather image size: 1
[2026-05-19 21:35:51] Forecast duration: 2024-07-25 00:00:00 to 2024-07-26 00:00:00
[2026-05-19 21:35:52] Number of forecast images: 24
[2026-05-19 21:35:52] Using forecast run: 2024-07-24 18:00:00 UTC
[2026-05-19 21:35:53] Forecast Rain Available hours: [6, 7, 8, 9, 10, 11, 12, 13, 14, 15, 16, 17, 18, 19, 20, 21, 22, 23, 24, 25, 26, 27, 28, 29]
[2026-05-19 21:35:53] Valid hours for sum: [12, 18, 24, 29]
[2026-05-19 21:35:55] Drought composite end date: 2024-07-23 06:00:00
[2026-05-19 21:35:55] Land cover year: 2023
[2026-05-19 21:35:56] VIIRS Veg composite: 2024-07-03 → 2024-07-19
[2026-05-19 21:36:00] Started export task: fire_161_static
[2026-05-19 21:36:00] Started export task: fire_161_dynamic_2024-07-24
[2026-05-19 21:36:01] ------ Processing date=2024-07-25 ------
[2026-05-19 21:36:01] Using viirs_af_path: viirs_af_path
[2026-05-19 21:36:01] VIIRS Image Date: []
[2026-05-19 21:36:01] *** ERROR FLAG ***: VIIRS: no data for 2024-07-25, attempting interpolation...
[2026-05-19 21:36:04] VIIRS interpolation gap: 2024-07-23 → 2024-07-29 (6 days apart)
[2026-05-19 21:36:04] VIIRS interpolated: prev=2024-07-23, next=2024-07-29, weight=0.333
[2026-05-19 21:36:04] Weather image size: 1
[2026-05-19 21:36:04] Forecast duration: 2024-07-26 00:00:00 to 2024-07-27 00:00:00
[2026-05-19 21:36:05] Number of forecast images: 24
[2026-05-19 21:36:05] Using forecast run: 2024-07-25 18:00:00 UTC
[2026-05-19 21:36:05] Forecast Rain Available hours: [6, 7, 8, 9, 10, 11, 12, 13, 14, 15, 16, 17, 18, 19, 20, 21, 22, 23, 24, 25, 26, 27, 28, 29]
[2026-05-19 21:36:05] Valid hours for sum: [12, 18, 24, 29]
[2026-05-19 21:36:07] Drought composite end date: 2024-07-23 06:00:00
[2026-05-19 21:36:07] Land cover year: 2023
[2026-05-19 21:36:09] VIIRS Veg composite: 2024-07-03 → 2024-07-19
[2026-05-19 21:36:12] Started export task: fire_161_dynamic_2024-07-25
[2026-05-19 21:36:12] ------ Processing date=2024-07-26 ------
[2026-05-19 21:36:12] Using viirs_af_path: viirs_af_path
[2026-05-19 21:36:13] VIIRS Image Date: []
[2026-05-19 21:36:13] *** ERROR FLAG ***: VIIRS: no data for 2024-07-26, attempting interpolation...
[2026-05-19 21:36:15] VIIRS interpolation gap: 2024-07-23 → 2024-07-29 (6 days apart)
[2026-05-19 21:36:15] VIIRS interpolated: prev=2024-07-23, next=2024-07-29, weight=0.500
[2026-05-19 21:36:15] Weather image size: 1
[2026-05-19 21:36:15] Forecast duration: 2024-07-27 00:00:00 to 2024-07-28 00:00:00
[2026-05-19 21:36:16] Number of forecast images: 24
[2026-05-19 21:36:16] Using forecast run: 2024-07-26 18:00:00 UTC
[2026-05-19 21:36:17] Forecast Rain Available hours: [6, 7, 8, 9, 10, 11, 12, 13, 14, 15, 16, 17, 18, 19, 20, 21, 22, 23, 24, 25, 26, 27, 28, 29]
[2026-05-19 21:36:17] Valid hours for sum: [12, 18, 24, 29]
[2026-05-19 21:36:20] Drought composite end date: 2024-07-23 06:00:00
[2026-05-19 21:36:20] Land cover year: 2023
[2026-05-19 21:36:21] VIIRS Veg composite: 2024-07-03 → 2024-07-19
[2026-05-19 21:36:26] Started export task: fire_161_dynamic_2024-07-26
[2026-05-19 21:36:26] ------ Processing date=2024-07-27 ------
[2026-05-19 21:36:26] Using viirs_af_path: viirs_af_path
[2026-05-19 21:36:26] VIIRS Image Date: []
[2026-05-19 21:36:26] *** ERROR FLAG ***: VIIRS: no data for 2024-07-27, attempting interpolation...
[2026-05-19 21:36:29] VIIRS interpolation gap: 2024-07-23 → 2024-07-29 (6 days apart)
[2026-05-19 21:36:29] VIIRS interpolated: prev=2024-07-23, next=2024-07-29, weight=0.667
[2026-05-19 21:36:29] Weather image size: 1
[2026-05-19 21:36:29] Forecast duration: 2024-07-28 00:00:00 to 2024-07-29 00:00:00
[2026-05-19 21:36:30] Number of forecast images: 24
[2026-05-19 21:36:30] Using forecast run: 2024-07-27 18:00:00 UTC
[2026-05-19 21:36:30] Forecast Rain Available hours: [6, 7, 8, 9, 10, 11, 12, 13, 14, 15, 16, 17, 18, 19, 20, 21, 22, 23, 24, 25, 26, 27, 28, 29]
[2026-05-19 21:36:30] Valid hours for sum: [12, 18, 24, 29]
[2026-05-19 21:36:33] Drought composite end date: 2024-07-23 06:00:00
[2026-05-19 21:36:33] Land cover year: 2023
[2026-05-19 21:36:34] VIIRS Veg composite: 2024-07-03 → 2024-07-19
[2026-05-19 21:36:38] Started export task: fire_161_dynamic_2024-07-27
[2026-05-19 21:36:38] ------ Processing date=2024-07-28 ------
[2026-05-19 21:36:38] Using viirs_af_path: viirs_af_path
[2026-05-19 21:36:38] VIIRS Image Date: []
[2026-05-19 21:36:38] *** ERROR FLAG ***: VIIRS: no data for 2024-07-28, attempting interpolation...
[2026-05-19 21:36:40] VIIRS interpolation gap: 2024-07-23 → 2024-07-29 (6 days apart)
[2026-05-19 21:36:40] VIIRS interpolated: prev=2024-07-23, next=2024-07-29, weight=0.833
[2026-05-19 21:36:40] Weather image size: 1
[2026-05-19 21:36:40] Forecast duration: 2024-07-29 00:00:00 to 2024-07-30 00:00:00
[2026-05-19 21:36:41] Number of forecast images: 24
[2026-05-19 21:36:41] Using forecast run: 2024-07-28 18:00:00 UTC
[2026-05-19 21:36:42] Forecast Rain Available hours: [6, 7, 8, 9, 10, 11, 12, 13, 14, 15, 16, 17, 18, 19, 20, 21, 22, 23, 24, 25, 26, 27, 28, 29]
[2026-05-19 21:36:42] Valid hours for sum: [12, 18, 24, 29]
[2026-05-19 21:36:44] Drought composite end date: 2024-07-23 06:00:00
[2026-05-19 21:36:44] Land cover year: 2023
[2026-05-19 21:36:45] VIIRS Veg composite: 2024-07-03 → 2024-07-19
[2026-05-19 21:36:50] Started export task: fire_161_dynamic_2024-07-28
[2026-05-19 21:36:50] END: ----------Event fire_161----------- (Duration: 1.03m)
[2026-05-19 21:36:50] START: ----------Event fire_162-----------
[2026-05-19 21:36:51] ------ Processing date=2024-07-24 ------
[2026-05-19 21:36:51] Using viirs_af_path: viirs_af_path
[2026-05-19 21:36:52] VIIRS Image Date: ['2024-07-24 00:00:00']
[2026-05-19 21:36:52] *** ERROR FLAG ***: VIIRS: data exists for 2024-07-24 but all pixels NaN → attempting interpolation...
[2026-05-19 21:36:55] VIIRS interpolation gap: 2024-07-23 → 2024-07-29 (6 days apart)
[2026-05-19 21:36:55] VIIRS interpolated: prev=2024-07-23, next=2024-07-29, weight=0.167
[2026-05-19 21:36:55] Weather image size: 1
[2026-05-19 21:36:55] Forecast duration: 2024-07-25 00:00:00 to 2024-07-26 00:00:00
[2026-05-19 21:37:03] Number of forecast images: 24
[2026-05-19 21:37:03] Using forecast run: 2024-07-24 18:00:00 UTC
[2026-05-19 21:37:03] Forecast Rain Available hours: [6, 7, 8, 9, 10, 11, 12, 13, 14, 15, 16, 17, 18, 19, 20, 21, 22, 23, 24, 25, 26, 27, 28, 29]
[2026-05-19 21:37:03] Valid hours for sum: [12, 18, 24, 29]
[2026-05-19 21:37:06] Drought composite end date: 2024-07-23 06:00:00
[2026-05-19 21:37:06] Land cover year: 2023
[2026-05-19 21:37:07] VIIRS Veg composite: 2024-07-03 → 2024-07-19
[2026-05-19 21:37:11] Started export task: fire_162_static
[2026-05-19 21:37:12] Started export task: fire_162_dynamic_2024-07-24
[2026-05-19 21:37:12] ------ Processing date=2024-07-25 ------
[2026-05-19 21:37:12] Using viirs_af_path: viirs_af_path
[2026-05-19 21:37:13] VIIRS Image Date: []
[2026-05-19 21:37:13] *** ERROR FLAG ***: VIIRS: no data for 2024-07-25, attempting interpolation...
[2026-05-19 21:37:15] VIIRS interpolation gap: 2024-07-23 → 2024-07-29 (6 days apart)
[2026-05-19 21:37:15] VIIRS interpolated: prev=2024-07-23, next=2024-07-29, weight=0.333
[2026-05-19 21:37:15] Weather image size: 1
[2026-05-19 21:37:15] Forecast duration: 2024-07-26 00:00:00 to 2024-07-27 00:00:00
[2026-05-19 21:37:16] Number of forecast images: 24
[2026-05-19 21:37:16] Using forecast run: 2024-07-25 18:00:00 UTC
[2026-05-19 21:37:16] Forecast Rain Available hours: [6, 7, 8, 9, 10, 11, 12, 13, 14, 15, 16, 17, 18, 19, 20, 21, 22, 23, 24, 25, 26, 27, 28, 29]
[2026-05-19 21:37:16] Valid hours for sum: [12, 18, 24, 29]
[2026-05-19 21:37:19] Drought composite end date: 2024-07-23 06:00:00
[2026-05-19 21:37:19] Land cover year: 2023
[2026-05-19 21:37:20] VIIRS Veg composite: 2024-07-03 → 2024-07-19
[2026-05-19 21:37:24] Started export task: fire_162_dynamic_2024-07-25
[2026-05-19 21:37:24] ------ Processing date=2024-07-26 ------
[2026-05-19 21:37:24] Using viirs_af_path: viirs_af_path
[2026-05-19 21:37:25] VIIRS Image Date: []
[2026-05-19 21:37:25] *** ERROR FLAG ***: VIIRS: no data for 2024-07-26, attempting interpolation...
[2026-05-19 21:37:27] VIIRS interpolation gap: 2024-07-23 → 2024-07-29 (6 days apart)
[2026-05-19 21:37:27] VIIRS interpolated: prev=2024-07-23, next=2024-07-29, weight=0.500
[2026-05-19 21:37:27] Weather image size: 1
[2026-05-19 21:37:27] Forecast duration: 2024-07-27 00:00:00 to 2024-07-28 00:00:00
[2026-05-19 21:37:30] Number of forecast images: 24
[2026-05-19 21:37:30] Using forecast run: 2024-07-26 18:00:00 UTC
[2026-05-19 21:37:30] Forecast Rain Available hours: [6, 7, 8, 9, 10, 11, 12, 13, 14, 15, 16, 17, 18, 19, 20, 21, 22, 23, 24, 25, 26, 27, 28, 29]
[2026-05-19 21:37:30] Valid hours for sum: [12, 18, 24, 29]
[2026-05-19 21:37:32] Drought composite end date: 2024-07-23 06:00:00
[2026-05-19 21:37:32] Land cover year: 2023
[2026-05-19 21:37:33] VIIRS Veg composite: 2024-07-03 → 2024-07-19
[2026-05-19 21:37:36] Started export task: fire_162_dynamic_2024-07-26
[2026-05-19 21:37:36] ------ Processing date=2024-07-27 ------
[2026-05-19 21:37:36] Using viirs_af_path: viirs_af_path
[2026-05-19 21:37:37] VIIRS Image Date: []
[2026-05-19 21:37:37] *** ERROR FLAG ***: VIIRS: no data for 2024-07-27, attempting interpolation...
[2026-05-19 21:37:39] VIIRS interpolation gap: 2024-07-23 → 2024-07-29 (6 days apart)
[2026-05-19 21:37:39] VIIRS interpolated: prev=2024-07-23, next=2024-07-29, weight=0.667
[2026-05-19 21:37:39] Weather image size: 1
[2026-05-19 21:37:39] Forecast duration: 2024-07-28 00:00:00 to 2024-07-29 00:00:00
[2026-05-19 21:37:40] Number of forecast images: 24
[2026-05-19 21:37:40] Using forecast run: 2024-07-27 18:00:00 UTC
[2026-05-19 21:37:40] Forecast Rain Available hours: [6, 7, 8, 9, 10, 11, 12, 13, 14, 15, 16, 17, 18, 19, 20, 21, 22, 23, 24, 25, 26, 27, 28, 29]
[2026-05-19 21:37:40] Valid hours for sum: [12, 18, 24, 29]
[2026-05-19 21:37:42] Drought composite end date: 2024-07-23 06:00:00
[2026-05-19 21:37:43] Land cover year: 2023
[2026-05-19 21:37:44] VIIRS Veg composite: 2024-07-03 → 2024-07-19
[2026-05-19 21:37:47] Started export task: fire_162_dynamic_2024-07-27
[2026-05-19 21:37:48] ------ Processing date=2024-07-28 ------
[2026-05-19 21:37:48] Using viirs_af_path: viirs_af_path
[2026-05-19 21:37:48] VIIRS Image Date: []
[2026-05-19 21:37:48] *** ERROR FLAG ***: VIIRS: no data for 2024-07-28, attempting interpolation...
[2026-05-19 21:37:50] VIIRS interpolation gap: 2024-07-23 → 2024-07-29 (6 days apart)
[2026-05-19 21:37:50] VIIRS interpolated: prev=2024-07-23, next=2024-07-29, weight=0.833
[2026-05-19 21:37:50] Weather image size: 1
[2026-05-19 21:37:50] Forecast duration: 2024-07-29 00:00:00 to 2024-07-30 00:00:00
[2026-05-19 21:37:51] Number of forecast images: 24
[2026-05-19 21:37:51] Using forecast run: 2024-07-28 18:00:00 UTC
[2026-05-19 21:37:51] Forecast Rain Available hours: [6, 7, 8, 9, 10, 11, 12, 13, 14, 15, 16, 17, 18, 19, 20, 21, 22, 23, 24, 25, 26, 27, 28, 29]
[2026-05-19 21:37:51] Valid hours for sum: [12, 18, 24, 29]
[2026-05-19 21:37:53] Drought composite end date: 2024-07-23 06:00:00
[2026-05-19 21:37:53] Land cover year: 2023
[2026-05-19 21:37:54] VIIRS Veg composite: 2024-07-03 → 2024-07-19
[2026-05-19 21:37:59] Started export task: fire_162_dynamic_2024-07-28
[2026-05-19 21:37:59] END: ----------Event fire_162----------- (Duration: 1.15m)
[2026-05-19 21:37:59] START: ----------Event fire_163-----------
[2026-05-19 21:38:00] ------ Processing date=2024-07-24 ------
[2026-05-19 21:38:00] Using viirs_af_path: viirs_af_path
[2026-05-19 21:38:00] VIIRS Image Date: ['2024-07-24 00:00:00']
[2026-05-19 21:38:00] *** ERROR FLAG ***: VIIRS: data exists for 2024-07-24 but all pixels NaN → attempting interpolation...
[2026-05-19 21:38:03] VIIRS interpolation gap: 2024-07-23 → 2024-07-29 (6 days apart)
[2026-05-19 21:38:03] VIIRS interpolated: prev=2024-07-23, next=2024-07-29, weight=0.167
[2026-05-19 21:38:03] Weather image size: 1
[2026-05-19 21:38:03] Forecast duration: 2024-07-25 00:00:00 to 2024-07-26 00:00:00
[2026-05-19 21:38:04] Number of forecast images: 24
[2026-05-19 21:38:04] Using forecast run: 2024-07-24 18:00:00 UTC
[2026-05-19 21:38:04] Forecast Rain Available hours: [6, 7, 8, 9, 10, 11, 12, 13, 14, 15, 16, 17, 18, 19, 20, 21, 22, 23, 24, 25, 26, 27, 28, 29]
[2026-05-19 21:38:04] Valid hours for sum: [12, 18, 24, 29]
[2026-05-19 21:38:06] Drought composite end date: 2024-07-23 06:00:00
[2026-05-19 21:38:06] Land cover year: 2023
[2026-05-19 21:38:07] VIIRS Veg composite: 2024-07-03 → 2024-07-19
[2026-05-19 21:38:12] Started export task: fire_163_static
[2026-05-19 21:38:12] Started export task: fire_163_dynamic_2024-07-24
[2026-05-19 21:38:12] ------ Processing date=2024-07-25 ------
[2026-05-19 21:38:12] Using viirs_af_path: viirs_af_path
[2026-05-19 21:38:13] VIIRS Image Date: []
[2026-05-19 21:38:13] *** ERROR FLAG ***: VIIRS: no data for 2024-07-25, attempting interpolation...
[2026-05-19 21:38:15] VIIRS interpolation gap: 2024-07-23 → 2024-07-29 (6 days apart)
[2026-05-19 21:38:15] VIIRS interpolated: prev=2024-07-23, next=2024-07-29, weight=0.333
[2026-05-19 21:38:15] Weather image size: 1
[2026-05-19 21:38:15] Forecast duration: 2024-07-26 00:00:00 to 2024-07-27 00:00:00
[2026-05-19 21:38:16] Number of forecast images: 24
[2026-05-19 21:38:16] Using forecast run: 2024-07-25 18:00:00 UTC
[2026-05-19 21:38:17] Forecast Rain Available hours: [6, 7, 8, 9, 10, 11, 12, 13, 14, 15, 16, 17, 18, 19, 20, 21, 22, 23, 24, 25, 26, 27, 28, 29]
[2026-05-19 21:38:17] Valid hours for sum: [12, 18, 24, 29]
[2026-05-19 21:38:19] Drought composite end date: 2024-07-23 06:00:00
[2026-05-19 21:38:19] Land cover year: 2023
[2026-05-19 21:38:20] VIIRS Veg composite: 2024-07-03 → 2024-07-19
[2026-05-19 21:38:25] Started export task: fire_163_dynamic_2024-07-25
[2026-05-19 21:38:25] ------ Processing date=2024-07-26 ------
[2026-05-19 21:38:25] Using viirs_af_path: viirs_af_path
[2026-05-19 21:38:25] VIIRS Image Date: []
[2026-05-19 21:38:25] *** ERROR FLAG ***: VIIRS: no data for 2024-07-26, attempting interpolation...
[2026-05-19 21:38:27] VIIRS interpolation gap: 2024-07-23 → 2024-07-29 (6 days apart)
[2026-05-19 21:38:27] VIIRS interpolated: prev=2024-07-23, next=2024-07-29, weight=0.500
[2026-05-19 21:38:27] Weather image size: 1
[2026-05-19 21:38:27] Forecast duration: 2024-07-27 00:00:00 to 2024-07-28 00:00:00
[2026-05-19 21:38:28] Number of forecast images: 24
[2026-05-19 21:38:28] Using forecast run: 2024-07-26 18:00:00 UTC
[2026-05-19 21:38:29] Forecast Rain Available hours: [6, 7, 8, 9, 10, 11, 12, 13, 14, 15, 16, 17, 18, 19, 20, 21, 22, 23, 24, 25, 26, 27, 28, 29]
[2026-05-19 21:38:29] Valid hours for sum: [12, 18, 24, 29]
[2026-05-19 21:38:31] Drought composite end date: 2024-07-23 06:00:00
[2026-05-19 21:38:31] Land cover year: 2023
[2026-05-19 21:38:32] VIIRS Veg composite: 2024-07-03 → 2024-07-19
[2026-05-19 21:38:37] Started export task: fire_163_dynamic_2024-07-26
[2026-05-19 21:38:37] ------ Processing date=2024-07-27 ------
[2026-05-19 21:38:37] Using viirs_af_path: viirs_af_path
[2026-05-19 21:38:37] VIIRS Image Date: []
[2026-05-19 21:38:37] *** ERROR FLAG ***: VIIRS: no data for 2024-07-27, attempting interpolation...
[2026-05-19 21:38:39] VIIRS interpolation gap: 2024-07-23 → 2024-07-29 (6 days apart)
[2026-05-19 21:38:39] VIIRS interpolated: prev=2024-07-23, next=2024-07-29, weight=0.667
[2026-05-19 21:38:39] Weather image size: 1
[2026-05-19 21:38:39] Forecast duration: 2024-07-28 00:00:00 to 2024-07-29 00:00:00
[2026-05-19 21:38:40] Number of forecast images: 24
[2026-05-19 21:38:40] Using forecast run: 2024-07-27 18:00:00 UTC
[2026-05-19 21:38:41] Forecast Rain Available hours: [6, 7, 8, 9, 10, 11, 12, 13, 14, 15, 16, 17, 18, 19, 20, 21, 22, 23, 24, 25, 26, 27, 28, 29]
[2026-05-19 21:38:41] Valid hours for sum: [12, 18, 24, 29]
[2026-05-19 21:38:43] Drought composite end date: 2024-07-23 06:00:00
[2026-05-19 21:38:43] Land cover year: 2023
[2026-05-19 21:38:44] VIIRS Veg composite: 2024-07-03 → 2024-07-19
[2026-05-19 21:38:49] Started export task: fire_163_dynamic_2024-07-27
[2026-05-19 21:38:49] ------ Processing date=2024-07-28 ------
[2026-05-19 21:38:49] Using viirs_af_path: viirs_af_path
[2026-05-19 21:38:50] VIIRS Image Date: []
[2026-05-19 21:38:50] *** ERROR FLAG ***: VIIRS: no data for 2024-07-28, attempting interpolation...
[2026-05-19 21:38:51] VIIRS interpolation gap: 2024-07-23 → 2024-07-29 (6 days apart)
[2026-05-19 21:38:51] VIIRS interpolated: prev=2024-07-23, next=2024-07-29, weight=0.833
[2026-05-19 21:38:52] Weather image size: 1
[2026-05-19 21:38:52] Forecast duration: 2024-07-29 00:00:00 to 2024-07-30 00:00:00
[2026-05-19 21:38:52] Number of forecast images: 24
[2026-05-19 21:38:52] Using forecast run: 2024-07-28 18:00:00 UTC
[2026-05-19 21:38:53] Forecast Rain Available hours: [6, 7, 8, 9, 10, 11, 12, 13, 14, 15, 16, 17, 18, 19, 20, 21, 22, 23, 24, 25, 26, 27, 28, 29]
[2026-05-19 21:38:53] Valid hours for sum: [12, 18, 24, 29]
[2026-05-19 21:38:54] Drought composite end date: 2024-07-23 06:00:00
[2026-05-19 21:38:55] Land cover year: 2023
[2026-05-19 21:38:56] VIIRS Veg composite: 2024-07-03 → 2024-07-19
[2026-05-19 21:38:59] Started export task: fire_163_dynamic_2024-07-28
[2026-05-19 21:39:00] END: ----------Event fire_163----------- (Duration: 1.01m)
[2026-05-19 21:39:00] START: ----------Event fire_165-----------
[2026-05-19 21:39:00] ------ Processing date=2024-07-24 ------
[2026-05-19 21:39:00] Using viirs_af_path: viirs_af_path
[2026-05-19 21:39:00] VIIRS Image Date: ['2024-07-24 00:00:00']
[2026-05-19 21:39:01] *** ERROR FLAG ***: VIIRS: data exists for 2024-07-24 but all pixels NaN → attempting interpolation...
[2026-05-19 21:39:03] VIIRS interpolation gap: 2024-07-23 → 2024-07-29 (6 days apart)
[2026-05-19 21:39:03] VIIRS interpolated: prev=2024-07-23, next=2024-07-29, weight=0.167
[2026-05-19 21:39:04] Weather image size: 1
[2026-05-19 21:39:04] Forecast duration: 2024-07-25 00:00:00 to 2024-07-26 00:00:00
[2026-05-19 21:39:05] Number of forecast images: 24
[2026-05-19 21:39:05] Using forecast run: 2024-07-24 18:00:00 UTC
[2026-05-19 21:39:05] Forecast Rain Available hours: [6, 7, 8, 9, 10, 11, 12, 13, 14, 15, 16, 17, 18, 19, 20, 21, 22, 23, 24, 25, 26, 27, 28, 29]
[2026-05-19 21:39:05] Valid hours for sum: [12, 18, 24, 29]
[2026-05-19 21:39:07] Drought composite end date: 2024-07-23 06:00:00
[2026-05-19 21:39:08] Land cover year: 2023
[2026-05-19 21:39:08] VIIRS Veg composite: 2024-07-03 → 2024-07-19
[2026-05-19 21:39:11] Started export task: fire_165_static
[2026-05-19 21:39:12] Started export task: fire_165_dynamic_2024-07-24
[2026-05-19 21:39:12] ------ Processing date=2024-07-25 ------
[2026-05-19 21:39:12] Using viirs_af_path: viirs_af_path
[2026-05-19 21:39:12] VIIRS Image Date: []
[2026-05-19 21:39:12] *** ERROR FLAG ***: VIIRS: no data for 2024-07-25, attempting interpolation...
[2026-05-19 21:39:14] VIIRS interpolation gap: 2024-07-23 → 2024-07-29 (6 days apart)
[2026-05-19 21:39:14] VIIRS interpolated: prev=2024-07-23, next=2024-07-29, weight=0.333
[2026-05-19 21:39:14] Weather image size: 1
[2026-05-19 21:39:14] Forecast duration: 2024-07-26 00:00:00 to 2024-07-27 00:00:00
[2026-05-19 21:39:15] Number of forecast images: 24
[2026-05-19 21:39:15] Using forecast run: 2024-07-25 18:00:00 UTC
[2026-05-19 21:39:15] Forecast Rain Available hours: [6, 7, 8, 9, 10, 11, 12, 13, 14, 15, 16, 17, 18, 19, 20, 21, 22, 23, 24, 25, 26, 27, 28, 29]
[2026-05-19 21:39:15] Valid hours for sum: [12, 18, 24, 29]
[2026-05-19 21:39:18] Drought composite end date: 2024-07-23 06:00:00
[2026-05-19 21:39:18] Land cover year: 2023
[2026-05-19 21:39:19] VIIRS Veg composite: 2024-07-03 → 2024-07-19
[2026-05-19 21:39:22] Started export task: fire_165_dynamic_2024-07-25
[2026-05-19 21:39:22] ------ Processing date=2024-07-26 ------
[2026-05-19 21:39:22] Using viirs_af_path: viirs_af_path
[2026-05-19 21:39:22] VIIRS Image Date: []
[2026-05-19 21:39:22] *** ERROR FLAG ***: VIIRS: no data for 2024-07-26, attempting interpolation...
[2026-05-19 21:39:24] VIIRS interpolation gap: 2024-07-23 → 2024-07-29 (6 days apart)
[2026-05-19 21:39:24] VIIRS interpolated: prev=2024-07-23, next=2024-07-29, weight=0.500
[2026-05-19 21:39:25] Weather image size: 1
[2026-05-19 21:39:25] Forecast duration: 2024-07-27 00:00:00 to 2024-07-28 00:00:00
[2026-05-19 21:39:25] Number of forecast images: 24
[2026-05-19 21:39:25] Using forecast run: 2024-07-26 18:00:00 UTC
[2026-05-19 21:39:26] Forecast Rain Available hours: [6, 7, 8, 9, 10, 11, 12, 13, 14, 15, 16, 17, 18, 19, 20, 21, 22, 23, 24, 25, 26, 27, 28, 29]
[2026-05-19 21:39:26] Valid hours for sum: [12, 18, 24, 29]
[2026-05-19 21:39:28] Drought composite end date: 2024-07-23 06:00:00
[2026-05-19 21:39:28] Land cover year: 2023
[2026-05-19 21:39:29] VIIRS Veg composite: 2024-07-03 → 2024-07-19
[2026-05-19 21:39:34] Started export task: fire_165_dynamic_2024-07-26
[2026-05-19 21:39:34] ------ Processing date=2024-07-27 ------
[2026-05-19 21:39:34] Using viirs_af_path: viirs_af_path
[2026-05-19 21:39:34] VIIRS Image Date: []
[2026-05-19 21:39:34] *** ERROR FLAG ***: VIIRS: no data for 2024-07-27, attempting interpolation...
[2026-05-19 21:39:36] VIIRS interpolation gap: 2024-07-23 → 2024-07-29 (6 days apart)
[2026-05-19 21:39:36] VIIRS interpolated: prev=2024-07-23, next=2024-07-29, weight=0.667
[2026-05-19 21:39:36] Weather image size: 1
[2026-05-19 21:39:36] Forecast duration: 2024-07-28 00:00:00 to 2024-07-29 00:00:00
[2026-05-19 21:39:37] Number of forecast images: 24
[2026-05-19 21:39:37] Using forecast run: 2024-07-27 18:00:00 UTC
[2026-05-19 21:39:38] Forecast Rain Available hours: [6, 7, 8, 9, 10, 11, 12, 13, 14, 15, 16, 17, 18, 19, 20, 21, 22, 23, 24, 25, 26, 27, 28, 29]
[2026-05-19 21:39:38] Valid hours for sum: [12, 18, 24, 29]
[2026-05-19 21:39:39] Drought composite end date: 2024-07-23 06:00:00
[2026-05-19 21:39:39] Land cover year: 2023
[2026-05-19 21:39:40] VIIRS Veg composite: 2024-07-03 → 2024-07-19
[2026-05-19 21:39:45] Started export task: fire_165_dynamic_2024-07-27
[2026-05-19 21:39:45] ------ Processing date=2024-07-28 ------
[2026-05-19 21:39:45] Using viirs_af_path: viirs_af_path
[2026-05-19 21:39:45] VIIRS Image Date: []
[2026-05-19 21:39:45] *** ERROR FLAG ***: VIIRS: no data for 2024-07-28, attempting interpolation...
[2026-05-19 21:39:47] VIIRS interpolation gap: 2024-07-23 → 2024-07-29 (6 days apart)
[2026-05-19 21:39:47] VIIRS interpolated: prev=2024-07-23, next=2024-07-29, weight=0.833
[2026-05-19 21:39:47] Weather image size: 1
[2026-05-19 21:39:47] Forecast duration: 2024-07-29 00:00:00 to 2024-07-30 00:00:00
[2026-05-19 21:39:49] Number of forecast images: 24
[2026-05-19 21:39:49] Using forecast run: 2024-07-28 18:00:00 UTC
[2026-05-19 21:39:50] Forecast Rain Available hours: [6, 7, 8, 9, 10, 11, 12, 13, 14, 15, 16, 17, 18, 19, 20, 21, 22, 23, 24, 25, 26, 27, 28, 29]
[2026-05-19 21:39:50] Valid hours for sum: [12, 18, 24, 29]
[2026-05-19 21:39:52] Drought composite end date: 2024-07-23 06:00:00
[2026-05-19 21:39:52] Land cover year: 2023
[2026-05-19 21:39:53] VIIRS Veg composite: 2024-07-03 → 2024-07-19
[2026-05-19 21:39:57] Started export task: fire_165_dynamic_2024-07-28
[2026-05-19 21:39:57] END: ----------Event fire_165----------- (Duration: 57.38s)
[2026-05-19 21:39:57] START: ----------Event fire_166-----------
[2026-05-19 21:39:57] ------ Processing date=2024-07-24 ------
[2026-05-19 21:39:57] Using viirs_af_path: viirs_af_path
[2026-05-19 21:39:58] VIIRS Image Date: ['2024-07-24 00:00:00']
[2026-05-19 21:39:59] *** ERROR FLAG ***: VIIRS: data exists for 2024-07-24 but all pixels NaN → attempting interpolation...
[2026-05-19 21:40:01] VIIRS interpolation gap: 2024-07-23 → 2024-07-29 (6 days apart)
[2026-05-19 21:40:01] VIIRS interpolated: prev=2024-07-23, next=2024-07-29, weight=0.167
[2026-05-19 21:40:01] Weather image size: 1
[2026-05-19 21:40:01] Forecast duration: 2024-07-25 00:00:00 to 2024-07-26 00:00:00
[2026-05-19 21:40:02] Number of forecast images: 24
[2026-05-19 21:40:02] Using forecast run: 2024-07-24 18:00:00 UTC
[2026-05-19 21:40:02] Forecast Rain Available hours: [6, 7, 8, 9, 10, 11, 12, 13, 14, 15, 16, 17, 18, 19, 20, 21, 22, 23, 24, 25, 26, 27, 28, 29]
[2026-05-19 21:40:02] Valid hours for sum: [12, 18, 24, 29]
[2026-05-19 21:40:04] Drought composite end date: 2024-07-23 06:00:00
[2026-05-19 21:40:04] Land cover year: 2023
[2026-05-19 21:40:05] VIIRS Veg composite: 2024-07-03 → 2024-07-19
[2026-05-19 21:40:08] Started export task: fire_166_static
[2026-05-19 21:40:08] Started export task: fire_166_dynamic_2024-07-24
[2026-05-19 21:40:08] ------ Processing date=2024-07-25 ------
[2026-05-19 21:40:08] Using viirs_af_path: viirs_af_path
[2026-05-19 21:40:09] VIIRS Image Date: []
[2026-05-19 21:40:09] *** ERROR FLAG ***: VIIRS: no data for 2024-07-25, attempting interpolation...
[2026-05-19 21:40:11] VIIRS interpolation gap: 2024-07-23 → 2024-07-29 (6 days apart)
[2026-05-19 21:40:11] VIIRS interpolated: prev=2024-07-23, next=2024-07-29, weight=0.333
[2026-05-19 21:40:12] Weather image size: 1
[2026-05-19 21:40:12] Forecast duration: 2024-07-26 00:00:00 to 2024-07-27 00:00:00
[2026-05-19 21:40:13] Number of forecast images: 24
[2026-05-19 21:40:13] Using forecast run: 2024-07-25 18:00:00 UTC
[2026-05-19 21:40:13] Forecast Rain Available hours: [6, 7, 8, 9, 10, 11, 12, 13, 14, 15, 16, 17, 18, 19, 20, 21, 22, 23, 24, 25, 26, 27, 28, 29]
[2026-05-19 21:40:13] Valid hours for sum: [12, 18, 24, 29]
[2026-05-19 21:40:15] Drought composite end date: 2024-07-23 06:00:00
[2026-05-19 21:40:15] Land cover year: 2023
[2026-05-19 21:40:16] VIIRS Veg composite: 2024-07-03 → 2024-07-19
[2026-05-19 21:40:19] Started export task: fire_166_dynamic_2024-07-25
[2026-05-19 21:40:19] ------ Processing date=2024-07-26 ------
[2026-05-19 21:40:19] Using viirs_af_path: viirs_af_path
[2026-05-19 21:40:20] VIIRS Image Date: []
[2026-05-19 21:40:20] *** ERROR FLAG ***: VIIRS: no data for 2024-07-26, attempting interpolation...
[2026-05-19 21:40:22] VIIRS interpolation gap: 2024-07-23 → 2024-07-29 (6 days apart)
[2026-05-19 21:40:22] VIIRS interpolated: prev=2024-07-23, next=2024-07-29, weight=0.500
[2026-05-19 21:40:22] Weather image size: 1
[2026-05-19 21:40:22] Forecast duration: 2024-07-27 00:00:00 to 2024-07-28 00:00:00
[2026-05-19 21:40:23] Number of forecast images: 24
[2026-05-19 21:40:23] Using forecast run: 2024-07-26 18:00:00 UTC
[2026-05-19 21:40:24] Forecast Rain Available hours: [6, 7, 8, 9, 10, 11, 12, 13, 14, 15, 16, 17, 18, 19, 20, 21, 22, 23, 24, 25, 26, 27, 28, 29]
[2026-05-19 21:40:24] Valid hours for sum: [12, 18, 24, 29]
[2026-05-19 21:40:25] Drought composite end date: 2024-07-23 06:00:00
[2026-05-19 21:40:26] Land cover year: 2023
[2026-05-19 21:40:27] VIIRS Veg composite: 2024-07-03 → 2024-07-19
[2026-05-19 21:40:30] Started export task: fire_166_dynamic_2024-07-26
[2026-05-19 21:40:31] ------ Processing date=2024-07-27 ------
[2026-05-19 21:40:31] Using viirs_af_path: viirs_af_path
[2026-05-19 21:40:31] VIIRS Image Date: []
[2026-05-19 21:40:31] *** ERROR FLAG ***: VIIRS: no data for 2024-07-27, attempting interpolation...
[2026-05-19 21:40:33] VIIRS interpolation gap: 2024-07-23 → 2024-07-29 (6 days apart)
[2026-05-19 21:40:33] VIIRS interpolated: prev=2024-07-23, next=2024-07-29, weight=0.667
[2026-05-19 21:40:33] Weather image size: 1
[2026-05-19 21:40:33] Forecast duration: 2024-07-28 00:00:00 to 2024-07-29 00:00:00
[2026-05-19 21:40:34] Number of forecast images: 24
[2026-05-19 21:40:34] Using forecast run: 2024-07-27 18:00:00 UTC
[2026-05-19 21:40:34] Forecast Rain Available hours: [6, 7, 8, 9, 10, 11, 12, 13, 14, 15, 16, 17, 18, 19, 20, 21, 22, 23, 24, 25, 26, 27, 28, 29]
[2026-05-19 21:40:34] Valid hours for sum: [12, 18, 24, 29]
[2026-05-19 21:40:37] Drought composite end date: 2024-07-23 06:00:00
[2026-05-19 21:40:38] Land cover year: 2023
[2026-05-19 21:40:39] VIIRS Veg composite: 2024-07-03 → 2024-07-19
[2026-05-19 21:40:41] Started export task: fire_166_dynamic_2024-07-27
[2026-05-19 21:40:42] ------ Processing date=2024-07-28 ------
[2026-05-19 21:40:42] Using viirs_af_path: viirs_af_path
[2026-05-19 21:40:42] VIIRS Image Date: []
[2026-05-19 21:40:42] *** ERROR FLAG ***: VIIRS: no data for 2024-07-28, attempting interpolation...
[2026-05-19 21:40:44] VIIRS interpolation gap: 2024-07-23 → 2024-07-29 (6 days apart)
[2026-05-19 21:40:44] VIIRS interpolated: prev=2024-07-23, next=2024-07-29, weight=0.833
[2026-05-19 21:40:44] Weather image size: 1
[2026-05-19 21:40:44] Forecast duration: 2024-07-29 00:00:00 to 2024-07-30 00:00:00
[2026-05-19 21:40:45] Number of forecast images: 24
[2026-05-19 21:40:45] Using forecast run: 2024-07-28 18:00:00 UTC
[2026-05-19 21:40:45] Forecast Rain Available hours: [6, 7, 8, 9, 10, 11, 12, 13, 14, 15, 16, 17, 18, 19, 20, 21, 22, 23, 24, 25, 26, 27, 28, 29]
[2026-05-19 21:40:45] Valid hours for sum: [12, 18, 24, 29]
[2026-05-19 21:40:48] Drought composite end date: 2024-07-23 06:00:00
[2026-05-19 21:40:48] Land cover year: 2023
[2026-05-19 21:40:49] VIIRS Veg composite: 2024-07-03 → 2024-07-19
[2026-05-19 21:40:52] Started export task: fire_166_dynamic_2024-07-28
[2026-05-19 21:40:52] END: ----------Event fire_166----------- (Duration: 55.12s)
[2026-05-19 21:40:52] START: ----------Event fire_168-----------
[2026-05-19 21:40:53] ------ Processing date=2024-07-24 ------
[2026-05-19 21:40:53] Using viirs_af_path: viirs_af_path
[2026-05-19 21:40:53] VIIRS Image Date: ['2024-07-24 00:00:00']
[2026-05-19 21:40:53] *** ERROR FLAG ***: VIIRS: data exists for 2024-07-24 but all pixels NaN → attempting interpolation...
[2026-05-19 21:40:55] VIIRS interpolation gap: 2024-07-23 → 2024-07-29 (6 days apart)
[2026-05-19 21:40:55] VIIRS interpolated: prev=2024-07-23, next=2024-07-29, weight=0.167
[2026-05-19 21:40:55] Weather image size: 1
[2026-05-19 21:40:55] Forecast duration: 2024-07-25 00:00:00 to 2024-07-26 00:00:00
[2026-05-19 21:40:56] Number of forecast images: 24
[2026-05-19 21:40:56] Using forecast run: 2024-07-24 18:00:00 UTC
[2026-05-19 21:40:57] Forecast Rain Available hours: [6, 7, 8, 9, 10, 11, 12, 13, 14, 15, 16, 17, 18, 19, 20, 21, 22, 23, 24, 25, 26, 27, 28, 29]
[2026-05-19 21:40:57] Valid hours for sum: [12, 18, 24, 29]
[2026-05-19 21:40:59] Drought composite end date: 2024-07-23 06:00:00
[2026-05-19 21:40:59] Land cover year: 2023
[2026-05-19 21:41:00] VIIRS Veg composite: 2024-07-03 → 2024-07-19
[2026-05-19 21:41:05] Started export task: fire_168_static
[2026-05-19 21:41:05] Started export task: fire_168_dynamic_2024-07-24
[2026-05-19 21:41:05] ------ Processing date=2024-07-25 ------
[2026-05-19 21:41:05] Using viirs_af_path: viirs_af_path
[2026-05-19 21:41:06] VIIRS Image Date: []
[2026-05-19 21:41:06] *** ERROR FLAG ***: VIIRS: no data for 2024-07-25, attempting interpolation...
[2026-05-19 21:41:08] VIIRS interpolation gap: 2024-07-23 → 2024-07-29 (6 days apart)
[2026-05-19 21:41:08] VIIRS interpolated: prev=2024-07-23, next=2024-07-29, weight=0.333
[2026-05-19 21:41:08] Weather image size: 1
[2026-05-19 21:41:08] Forecast duration: 2024-07-26 00:00:00 to 2024-07-27 00:00:00
[2026-05-19 21:41:09] Number of forecast images: 24
[2026-05-19 21:41:09] Using forecast run: 2024-07-25 18:00:00 UTC
[2026-05-19 21:41:09] Forecast Rain Available hours: [6, 7, 8, 9, 10, 11, 12, 13, 14, 15, 16, 17, 18, 19, 20, 21, 22, 23, 24, 25, 26, 27, 28, 29]
[2026-05-19 21:41:09] Valid hours for sum: [12, 18, 24, 29]
[2026-05-19 21:41:11] Drought composite end date: 2024-07-23 06:00:00
[2026-05-19 21:41:11] Land cover year: 2023
[2026-05-19 21:41:12] VIIRS Veg composite: 2024-07-03 → 2024-07-19
[2026-05-19 21:41:17] Started export task: fire_168_dynamic_2024-07-25
[2026-05-19 21:41:17] ------ Processing date=2024-07-26 ------
[2026-05-19 21:41:17] Using viirs_af_path: viirs_af_path
[2026-05-19 21:41:18] VIIRS Image Date: []
[2026-05-19 21:41:18] *** ERROR FLAG ***: VIIRS: no data for 2024-07-26, attempting interpolation...
[2026-05-19 21:41:20] VIIRS interpolation gap: 2024-07-23 → 2024-07-29 (6 days apart)
[2026-05-19 21:41:20] VIIRS interpolated: prev=2024-07-23, next=2024-07-29, weight=0.500
[2026-05-19 21:41:20] Weather image size: 1
[2026-05-19 21:41:20] Forecast duration: 2024-07-27 00:00:00 to 2024-07-28 00:00:00
[2026-05-19 21:41:21] Number of forecast images: 24
[2026-05-19 21:41:21] Using forecast run: 2024-07-26 18:00:00 UTC
[2026-05-19 21:41:21] Forecast Rain Available hours: [6, 7, 8, 9, 10, 11, 12, 13, 14, 15, 16, 17, 18, 19, 20, 21, 22, 23, 24, 25, 26, 27, 28, 29]
[2026-05-19 21:41:21] Valid hours for sum: [12, 18, 24, 29]
[2026-05-19 21:41:24] Drought composite end date: 2024-07-23 06:00:00
[2026-05-19 21:41:24] Land cover year: 2023
[2026-05-19 21:41:25] VIIRS Veg composite: 2024-07-03 → 2024-07-19
[2026-05-19 21:41:29] Started export task: fire_168_dynamic_2024-07-26
[2026-05-19 21:41:29] ------ Processing date=2024-07-27 ------
[2026-05-19 21:41:29] Using viirs_af_path: viirs_af_path
[2026-05-19 21:41:29] VIIRS Image Date: []
[2026-05-19 21:41:29] *** ERROR FLAG ***: VIIRS: no data for 2024-07-27, attempting interpolation...
[2026-05-19 21:41:31] VIIRS interpolation gap: 2024-07-23 → 2024-07-29 (6 days apart)
[2026-05-19 21:41:31] VIIRS interpolated: prev=2024-07-23, next=2024-07-29, weight=0.667
[2026-05-19 21:41:32] Weather image size: 1
[2026-05-19 21:41:32] Forecast duration: 2024-07-28 00:00:00 to 2024-07-29 00:00:00
[2026-05-19 21:41:33] Number of forecast images: 24
[2026-05-19 21:41:33] Using forecast run: 2024-07-27 18:00:00 UTC
[2026-05-19 21:41:33] Forecast Rain Available hours: [6, 7, 8, 9, 10, 11, 12, 13, 14, 15, 16, 17, 18, 19, 20, 21, 22, 23, 24, 25, 26, 27, 28, 29]
[2026-05-19 21:41:33] Valid hours for sum: [12, 18, 24, 29]
[2026-05-19 21:41:35] Drought composite end date: 2024-07-23 06:00:00
[2026-05-19 21:41:36] Land cover year: 2023
[2026-05-19 21:41:36] VIIRS Veg composite: 2024-07-03 → 2024-07-19
[2026-05-19 21:41:41] Started export task: fire_168_dynamic_2024-07-27
[2026-05-19 21:41:41] ------ Processing date=2024-07-28 ------
[2026-05-19 21:41:41] Using viirs_af_path: viirs_af_path
[2026-05-19 21:41:41] VIIRS Image Date: []
[2026-05-19 21:41:41] *** ERROR FLAG ***: VIIRS: no data for 2024-07-28, attempting interpolation...
[2026-05-19 21:41:43] VIIRS interpolation gap: 2024-07-23 → 2024-07-29 (6 days apart)
[2026-05-19 21:41:43] VIIRS interpolated: prev=2024-07-23, next=2024-07-29, weight=0.833
[2026-05-19 21:41:44] Weather image size: 1
[2026-05-19 21:41:44] Forecast duration: 2024-07-29 00:00:00 to 2024-07-30 00:00:00
[2026-05-19 21:41:45] Number of forecast images: 24
[2026-05-19 21:41:45] Using forecast run: 2024-07-28 18:00:00 UTC
[2026-05-19 21:41:45] Forecast Rain Available hours: [6, 7, 8, 9, 10, 11, 12, 13, 14, 15, 16, 17, 18, 19, 20, 21, 22, 23, 24, 25, 26, 27, 28, 29]
[2026-05-19 21:41:45] Valid hours for sum: [12, 18, 24, 29]
[2026-05-19 21:41:47] Drought composite end date: 2024-07-23 06:00:00
[2026-05-19 21:41:47] Land cover year: 2023
[2026-05-19 21:41:48] VIIRS Veg composite: 2024-07-03 → 2024-07-19
[2026-05-19 21:41:53] Started export task: fire_168_dynamic_2024-07-28
[2026-05-19 21:41:54] END: ----------Event fire_168----------- (Duration: 1.03m)
[2026-05-19 21:41:54] START: ----------Event fire_173-----------
[2026-05-19 21:41:54] ------ Processing date=2024-07-24 ------
[2026-05-19 21:41:54] Using viirs_af_path: viirs_af_path
[2026-05-19 21:41:54] VIIRS Image Date: ['2024-07-24 00:00:00']
[2026-05-19 21:41:55] *** ERROR FLAG ***: VIIRS: data exists for 2024-07-24 but all pixels NaN → attempting interpolation...
[2026-05-19 21:41:57] VIIRS interpolation gap: 2024-07-23 → 2024-07-29 (6 days apart)
[2026-05-19 21:41:57] VIIRS interpolated: prev=2024-07-23, next=2024-07-29, weight=0.167
[2026-05-19 21:41:57] Weather image size: 1
[2026-05-19 21:41:57] Forecast duration: 2024-07-25 00:00:00 to 2024-07-26 00:00:00
[2026-05-19 21:41:58] Number of forecast images: 24
[2026-05-19 21:41:58] Using forecast run: 2024-07-24 18:00:00 UTC
[2026-05-19 21:41:58] Forecast Rain Available hours: [6, 7, 8, 9, 10, 11, 12, 13, 14, 15, 16, 17, 18, 19, 20, 21, 22, 23, 24, 25, 26, 27, 28, 29]
[2026-05-19 21:41:58] Valid hours for sum: [12, 18, 24, 29]
[2026-05-19 21:42:00] Drought composite end date: 2024-07-23 06:00:00
[2026-05-19 21:42:00] Land cover year: 2023
[2026-05-19 21:42:01] VIIRS Veg composite: 2024-07-03 → 2024-07-19
[2026-05-19 21:42:05] Started export task: fire_173_static
[2026-05-19 21:42:05] Started export task: fire_173_dynamic_2024-07-24
[2026-05-19 21:42:05] ------ Processing date=2024-07-25 ------
[2026-05-19 21:42:05] Using viirs_af_path: viirs_af_path
[2026-05-19 21:42:06] VIIRS Image Date: []
[2026-05-19 21:42:06] *** ERROR FLAG ***: VIIRS: no data for 2024-07-25, attempting interpolation...
[2026-05-19 21:42:08] VIIRS interpolation gap: 2024-07-23 → 2024-07-29 (6 days apart)
[2026-05-19 21:42:08] VIIRS interpolated: prev=2024-07-23, next=2024-07-29, weight=0.333
[2026-05-19 21:42:08] Weather image size: 1
[2026-05-19 21:42:08] Forecast duration: 2024-07-26 00:00:00 to 2024-07-27 00:00:00
[2026-05-19 21:42:09] Number of forecast images: 24
[2026-05-19 21:42:09] Using forecast run: 2024-07-25 18:00:00 UTC
[2026-05-19 21:42:10] Forecast Rain Available hours: [6, 7, 8, 9, 10, 11, 12, 13, 14, 15, 16, 17, 18, 19, 20, 21, 22, 23, 24, 25, 26, 27, 28, 29]
[2026-05-19 21:42:10] Valid hours for sum: [12, 18, 24, 29]
[2026-05-19 21:42:12] Drought composite end date: 2024-07-23 06:00:00
[2026-05-19 21:42:12] Land cover year: 2023
[2026-05-19 21:42:13] VIIRS Veg composite: 2024-07-03 → 2024-07-19
[2026-05-19 21:42:17] Started export task: fire_173_dynamic_2024-07-25
[2026-05-19 21:42:17] ------ Processing date=2024-07-26 ------
[2026-05-19 21:42:17] Using viirs_af_path: viirs_af_path
[2026-05-19 21:42:17] VIIRS Image Date: []
[2026-05-19 21:42:17] *** ERROR FLAG ***: VIIRS: no data for 2024-07-26, attempting interpolation...
[2026-05-19 21:42:19] VIIRS interpolation gap: 2024-07-23 → 2024-07-29 (6 days apart)
[2026-05-19 21:42:19] VIIRS interpolated: prev=2024-07-23, next=2024-07-29, weight=0.500
[2026-05-19 21:42:19] Weather image size: 1
[2026-05-19 21:42:19] Forecast duration: 2024-07-27 00:00:00 to 2024-07-28 00:00:00
[2026-05-19 21:42:20] Number of forecast images: 24
[2026-05-19 21:42:20] Using forecast run: 2024-07-26 18:00:00 UTC
[2026-05-19 21:42:20] Forecast Rain Available hours: [6, 7, 8, 9, 10, 11, 12, 13, 14, 15, 16, 17, 18, 19, 20, 21, 22, 23, 24, 25, 26, 27, 28, 29]
[2026-05-19 21:42:20] Valid hours for sum: [12, 18, 24, 29]
[2026-05-19 21:42:21] Drought composite end date: 2024-07-23 06:00:00
[2026-05-19 21:42:22] Land cover year: 2023
[2026-05-19 21:42:23] VIIRS Veg composite: 2024-07-03 → 2024-07-19
[2026-05-19 21:42:27] Started export task: fire_173_dynamic_2024-07-26
[2026-05-19 21:42:27] ------ Processing date=2024-07-27 ------
[2026-05-19 21:42:27] Using viirs_af_path: viirs_af_path
[2026-05-19 21:42:27] VIIRS Image Date: []
[2026-05-19 21:42:27] *** ERROR FLAG ***: VIIRS: no data for 2024-07-27, attempting interpolation...
[2026-05-19 21:42:29] VIIRS interpolation gap: 2024-07-23 → 2024-07-29 (6 days apart)
[2026-05-19 21:42:29] VIIRS interpolated: prev=2024-07-23, next=2024-07-29, weight=0.667
[2026-05-19 21:42:29] Weather image size: 1
[2026-05-19 21:42:29] Forecast duration: 2024-07-28 00:00:00 to 2024-07-29 00:00:00
[2026-05-19 21:42:30] Number of forecast images: 24
[2026-05-19 21:42:30] Using forecast run: 2024-07-27 18:00:00 UTC
[2026-05-19 21:42:30] Forecast Rain Available hours: [6, 7, 8, 9, 10, 11, 12, 13, 14, 15, 16, 17, 18, 19, 20, 21, 22, 23, 24, 25, 26, 27, 28, 29]
[2026-05-19 21:42:30] Valid hours for sum: [12, 18, 24, 29]
[2026-05-19 21:42:32] Drought composite end date: 2024-07-23 06:00:00
[2026-05-19 21:42:32] Land cover year: 2023
[2026-05-19 21:42:33] VIIRS Veg composite: 2024-07-03 → 2024-07-19
[2026-05-19 21:42:37] Started export task: fire_173_dynamic_2024-07-27
[2026-05-19 21:42:37] ------ Processing date=2024-07-28 ------
[2026-05-19 21:42:37] Using viirs_af_path: viirs_af_path
[2026-05-19 21:42:37] VIIRS Image Date: []
[2026-05-19 21:42:37] *** ERROR FLAG ***: VIIRS: no data for 2024-07-28, attempting interpolation...
[2026-05-19 21:42:40] VIIRS interpolation gap: 2024-07-23 → 2024-07-29 (6 days apart)
[2026-05-19 21:42:40] VIIRS interpolated: prev=2024-07-23, next=2024-07-29, weight=0.833
[2026-05-19 21:42:40] Weather image size: 1
[2026-05-19 21:42:40] Forecast duration: 2024-07-29 00:00:00 to 2024-07-30 00:00:00
[2026-05-19 21:42:41] Number of forecast images: 24
[2026-05-19 21:42:41] Using forecast run: 2024-07-28 18:00:00 UTC
[2026-05-19 21:42:41] Forecast Rain Available hours: [6, 7, 8, 9, 10, 11, 12, 13, 14, 15, 16, 17, 18, 19, 20, 21, 22, 23, 24, 25, 26, 27, 28, 29]
[2026-05-19 21:42:41] Valid hours for sum: [12, 18, 24, 29]
[2026-05-19 21:42:43] Drought composite end date: 2024-07-23 06:00:00
[2026-05-19 21:42:43] Land cover year: 2023
[2026-05-19 21:42:44] VIIRS Veg composite: 2024-07-03 → 2024-07-19
[2026-05-19 21:42:48] Started export task: fire_173_dynamic_2024-07-28
[2026-05-19 21:42:48] END: ----------Event fire_173----------- (Duration: 54.06s)
[2026-05-19 21:42:48] START: ----------Event fire_174-----------
[2026-05-19 21:42:48] ------ Processing date=2024-07-24 ------
[2026-05-19 21:42:48] Using viirs_af_path: viirs_af_path
[2026-05-19 21:42:49] VIIRS Image Date: ['2024-07-24 00:00:00']
[2026-05-19 21:42:49] *** ERROR FLAG ***: VIIRS: data exists for 2024-07-24 but all pixels NaN → attempting interpolation...
[2026-05-19 21:42:52] VIIRS interpolation gap: 2024-07-23 → 2024-07-29 (6 days apart)
[2026-05-19 21:42:52] VIIRS interpolated: prev=2024-07-23, next=2024-07-29, weight=0.167
[2026-05-19 21:42:52] Weather image size: 1
[2026-05-19 21:42:52] Forecast duration: 2024-07-25 00:00:00 to 2024-07-26 00:00:00
[2026-05-19 21:42:53] Number of forecast images: 24
[2026-05-19 21:42:53] Using forecast run: 2024-07-24 18:00:00 UTC
[2026-05-19 21:42:53] Forecast Rain Available hours: [6, 7, 8, 9, 10, 11, 12, 13, 14, 15, 16, 17, 18, 19, 20, 21, 22, 23, 24, 25, 26, 27, 28, 29]
[2026-05-19 21:42:53] Valid hours for sum: [12, 18, 24, 29]
[2026-05-19 21:42:55] Drought composite end date: 2024-07-23 06:00:00
[2026-05-19 21:42:55] Land cover year: 2023
[2026-05-19 21:42:56] VIIRS Veg composite: 2024-07-03 → 2024-07-19
[2026-05-19 21:43:00] Started export task: fire_174_static
[2026-05-19 21:43:00] Started export task: fire_174_dynamic_2024-07-24
[2026-05-19 21:43:01] ------ Processing date=2024-07-25 ------
[2026-05-19 21:43:01] Using viirs_af_path: viirs_af_path
[2026-05-19 21:43:01] VIIRS Image Date: []
[2026-05-19 21:43:01] *** ERROR FLAG ***: VIIRS: no data for 2024-07-25, attempting interpolation...
[2026-05-19 21:43:03] VIIRS interpolation gap: 2024-07-23 → 2024-07-29 (6 days apart)
[2026-05-19 21:43:03] VIIRS interpolated: prev=2024-07-23, next=2024-07-29, weight=0.333
[2026-05-19 21:43:03] Weather image size: 1
[2026-05-19 21:43:03] Forecast duration: 2024-07-26 00:00:00 to 2024-07-27 00:00:00
[2026-05-19 21:43:04] Number of forecast images: 24
[2026-05-19 21:43:04] Using forecast run: 2024-07-25 18:00:00 UTC
[2026-05-19 21:43:05] Forecast Rain Available hours: [6, 7, 8, 9, 10, 11, 12, 13, 14, 15, 16, 17, 18, 19, 20, 21, 22, 23, 24, 25, 26, 27, 28, 29]
[2026-05-19 21:43:05] Valid hours for sum: [12, 18, 24, 29]
[2026-05-19 21:43:07] Drought composite end date: 2024-07-23 06:00:00
[2026-05-19 21:43:07] Land cover year: 2023
[2026-05-19 21:43:08] VIIRS Veg composite: 2024-07-03 → 2024-07-19
[2026-05-19 21:43:12] Started export task: fire_174_dynamic_2024-07-25
[2026-05-19 21:43:12] ------ Processing date=2024-07-26 ------
[2026-05-19 21:43:12] Using viirs_af_path: viirs_af_path
[2026-05-19 21:43:13] VIIRS Image Date: []
[2026-05-19 21:43:13] *** ERROR FLAG ***: VIIRS: no data for 2024-07-26, attempting interpolation...
[2026-05-19 21:43:15] VIIRS interpolation gap: 2024-07-23 → 2024-07-29 (6 days apart)
[2026-05-19 21:43:15] VIIRS interpolated: prev=2024-07-23, next=2024-07-29, weight=0.500
[2026-05-19 21:43:15] Weather image size: 1
[2026-05-19 21:43:15] Forecast duration: 2024-07-27 00:00:00 to 2024-07-28 00:00:00
[2026-05-19 21:43:16] Number of forecast images: 24
[2026-05-19 21:43:16] Using forecast run: 2024-07-26 18:00:00 UTC
[2026-05-19 21:43:16] Forecast Rain Available hours: [6, 7, 8, 9, 10, 11, 12, 13, 14, 15, 16, 17, 18, 19, 20, 21, 22, 23, 24, 25, 26, 27, 28, 29]
[2026-05-19 21:43:16] Valid hours for sum: [12, 18, 24, 29]
[2026-05-19 21:43:19] Drought composite end date: 2024-07-23 06:00:00
[2026-05-19 21:43:19] Land cover year: 2023
[2026-05-19 21:43:20] VIIRS Veg composite: 2024-07-03 → 2024-07-19
[2026-05-19 21:43:25] Started export task: fire_174_dynamic_2024-07-26
[2026-05-19 21:43:25] ------ Processing date=2024-07-27 ------
[2026-05-19 21:43:25] Using viirs_af_path: viirs_af_path
[2026-05-19 21:43:25] VIIRS Image Date: []
[2026-05-19 21:43:25] *** ERROR FLAG ***: VIIRS: no data for 2024-07-27, attempting interpolation...
[2026-05-19 21:43:28] VIIRS interpolation gap: 2024-07-23 → 2024-07-29 (6 days apart)
[2026-05-19 21:43:28] VIIRS interpolated: prev=2024-07-23, next=2024-07-29, weight=0.667
[2026-05-19 21:43:28] Weather image size: 1
[2026-05-19 21:43:28] Forecast duration: 2024-07-28 00:00:00 to 2024-07-29 00:00:00
[2026-05-19 21:43:29] Number of forecast images: 24
[2026-05-19 21:43:29] Using forecast run: 2024-07-27 18:00:00 UTC
[2026-05-19 21:43:29] Forecast Rain Available hours: [6, 7, 8, 9, 10, 11, 12, 13, 14, 15, 16, 17, 18, 19, 20, 21, 22, 23, 24, 25, 26, 27, 28, 29]
[2026-05-19 21:43:29] Valid hours for sum: [12, 18, 24, 29]
[2026-05-19 21:43:31] Drought composite end date: 2024-07-23 06:00:00
[2026-05-19 21:43:31] Land cover year: 2023
[2026-05-19 21:43:32] VIIRS Veg composite: 2024-07-03 → 2024-07-19
[2026-05-19 21:43:37] Started export task: fire_174_dynamic_2024-07-27
[2026-05-19 21:43:37] ------ Processing date=2024-07-28 ------
[2026-05-19 21:43:37] Using viirs_af_path: viirs_af_path
[2026-05-19 21:43:37] VIIRS Image Date: []
[2026-05-19 21:43:37] *** ERROR FLAG ***: VIIRS: no data for 2024-07-28, attempting interpolation...
[2026-05-19 21:43:39] VIIRS interpolation gap: 2024-07-23 → 2024-07-29 (6 days apart)
[2026-05-19 21:43:39] VIIRS interpolated: prev=2024-07-23, next=2024-07-29, weight=0.833
[2026-05-19 21:43:39] Weather image size: 1
[2026-05-19 21:43:39] Forecast duration: 2024-07-29 00:00:00 to 2024-07-30 00:00:00
[2026-05-19 21:43:40] Number of forecast images: 24
[2026-05-19 21:43:40] Using forecast run: 2024-07-28 18:00:00 UTC
[2026-05-19 21:43:41] Forecast Rain Available hours: [6, 7, 8, 9, 10, 11, 12, 13, 14, 15, 16, 17, 18, 19, 20, 21, 22, 23, 24, 25, 26, 27, 28, 29]
[2026-05-19 21:43:41] Valid hours for sum: [12, 18, 24, 29]
[2026-05-19 21:43:42] Drought composite end date: 2024-07-23 06:00:00
[2026-05-19 21:43:42] Land cover year: 2023
[2026-05-19 21:43:43] VIIRS Veg composite: 2024-07-03 → 2024-07-19
[2026-05-19 21:43:48] Started export task: fire_174_dynamic_2024-07-28
[2026-05-19 21:43:48] END: ----------Event fire_174----------- (Duration: 1.00m)
[2026-05-19 21:43:48] START: ----------Event fire_175-----------
[2026-05-19 21:43:48] ------ Processing date=2024-07-24 ------
[2026-05-19 21:43:48] Using viirs_af_path: viirs_af_path
[2026-05-19 21:43:49] VIIRS Image Date: ['2024-07-24 00:00:00']
[2026-05-19 21:43:49] *** ERROR FLAG ***: VIIRS: data exists for 2024-07-24 but all pixels NaN → attempting interpolation...
[2026-05-19 21:43:51] VIIRS interpolation gap: 2024-07-23 → 2024-07-29 (6 days apart)
[2026-05-19 21:43:51] VIIRS interpolated: prev=2024-07-23, next=2024-07-29, weight=0.167
[2026-05-19 21:43:51] Weather image size: 1
[2026-05-19 21:43:51] Forecast duration: 2024-07-25 00:00:00 to 2024-07-26 00:00:00
[2026-05-19 21:43:52] Number of forecast images: 24
[2026-05-19 21:43:52] Using forecast run: 2024-07-24 18:00:00 UTC
[2026-05-19 21:43:52] Forecast Rain Available hours: [6, 7, 8, 9, 10, 11, 12, 13, 14, 15, 16, 17, 18, 19, 20, 21, 22, 23, 24, 25, 26, 27, 28, 29]
[2026-05-19 21:43:52] Valid hours for sum: [12, 18, 24, 29]
[2026-05-19 21:43:54] Drought composite end date: 2024-07-23 06:00:00
[2026-05-19 21:43:55] Land cover year: 2023
[2026-05-19 21:43:56] VIIRS Veg composite: 2024-07-03 → 2024-07-19
[2026-05-19 21:44:00] Started export task: fire_175_static
[2026-05-19 21:44:00] Started export task: fire_175_dynamic_2024-07-24
[2026-05-19 21:44:01] ------ Processing date=2024-07-25 ------
[2026-05-19 21:44:01] Using viirs_af_path: viirs_af_path
[2026-05-19 21:44:01] VIIRS Image Date: []
[2026-05-19 21:44:01] *** ERROR FLAG ***: VIIRS: no data for 2024-07-25, attempting interpolation...
[2026-05-19 21:44:04] VIIRS interpolation gap: 2024-07-23 → 2024-07-29 (6 days apart)
[2026-05-19 21:44:04] VIIRS interpolated: prev=2024-07-23, next=2024-07-29, weight=0.333
[2026-05-19 21:44:04] Weather image size: 1
[2026-05-19 21:44:04] Forecast duration: 2024-07-26 00:00:00 to 2024-07-27 00:00:00
[2026-05-19 21:44:05] Number of forecast images: 24
[2026-05-19 21:44:05] Using forecast run: 2024-07-25 18:00:00 UTC
[2026-05-19 21:44:05] Forecast Rain Available hours: [6, 7, 8, 9, 10, 11, 12, 13, 14, 15, 16, 17, 18, 19, 20, 21, 22, 23, 24, 25, 26, 27, 28, 29]
[2026-05-19 21:44:05] Valid hours for sum: [12, 18, 24, 29]
[2026-05-19 21:44:08] Drought composite end date: 2024-07-23 06:00:00
[2026-05-19 21:44:08] Land cover year: 2023
[2026-05-19 21:44:09] VIIRS Veg composite: 2024-07-03 → 2024-07-19
[2026-05-19 21:44:14] Started export task: fire_175_dynamic_2024-07-25
[2026-05-19 21:44:14] ------ Processing date=2024-07-26 ------
[2026-05-19 21:44:14] Using viirs_af_path: viirs_af_path
[2026-05-19 21:44:14] VIIRS Image Date: []
[2026-05-19 21:44:14] *** ERROR FLAG ***: VIIRS: no data for 2024-07-26, attempting interpolation...
[2026-05-19 21:44:16] VIIRS interpolation gap: 2024-07-23 → 2024-07-29 (6 days apart)
[2026-05-19 21:44:16] VIIRS interpolated: prev=2024-07-23, next=2024-07-29, weight=0.500
[2026-05-19 21:44:16] Weather image size: 1
[2026-05-19 21:44:16] Forecast duration: 2024-07-27 00:00:00 to 2024-07-28 00:00:00
[2026-05-19 21:44:17] Number of forecast images: 24
[2026-05-19 21:44:17] Using forecast run: 2024-07-26 18:00:00 UTC
[2026-05-19 21:44:18] Forecast Rain Available hours: [6, 7, 8, 9, 10, 11, 12, 13, 14, 15, 16, 17, 18, 19, 20, 21, 22, 23, 24, 25, 26, 27, 28, 29]
[2026-05-19 21:44:18] Valid hours for sum: [12, 18, 24, 29]
[2026-05-19 21:44:19] Drought composite end date: 2024-07-23 06:00:00
[2026-05-19 21:44:19] Land cover year: 2023
[2026-05-19 21:44:20] VIIRS Veg composite: 2024-07-03 → 2024-07-19
[2026-05-19 21:44:23] Started export task: fire_175_dynamic_2024-07-26
[2026-05-19 21:44:24] ------ Processing date=2024-07-27 ------
[2026-05-19 21:44:24] Using viirs_af_path: viirs_af_path
[2026-05-19 21:44:24] VIIRS Image Date: []
[2026-05-19 21:44:24] *** ERROR FLAG ***: VIIRS: no data for 2024-07-27, attempting interpolation...
[2026-05-19 21:44:26] VIIRS interpolation gap: 2024-07-23 → 2024-07-29 (6 days apart)
[2026-05-19 21:44:26] VIIRS interpolated: prev=2024-07-23, next=2024-07-29, weight=0.667
[2026-05-19 21:44:26] Weather image size: 1
[2026-05-19 21:44:26] Forecast duration: 2024-07-28 00:00:00 to 2024-07-29 00:00:00
[2026-05-19 21:44:27] Number of forecast images: 24
[2026-05-19 21:44:27] Using forecast run: 2024-07-27 18:00:00 UTC
[2026-05-19 21:44:28] Forecast Rain Available hours: [6, 7, 8, 9, 10, 11, 12, 13, 14, 15, 16, 17, 18, 19, 20, 21, 22, 23, 24, 25, 26, 27, 28, 29]
[2026-05-19 21:44:28] Valid hours for sum: [12, 18, 24, 29]
[2026-05-19 21:44:29] Drought composite end date: 2024-07-23 06:00:00
[2026-05-19 21:44:30] Land cover year: 2023
[2026-05-19 21:44:31] VIIRS Veg composite: 2024-07-03 → 2024-07-19
[2026-05-19 21:44:34] Started export task: fire_175_dynamic_2024-07-27
[2026-05-19 21:44:34] ------ Processing date=2024-07-28 ------
[2026-05-19 21:44:34] Using viirs_af_path: viirs_af_path
[2026-05-19 21:44:35] VIIRS Image Date: []
[2026-05-19 21:44:35] *** ERROR FLAG ***: VIIRS: no data for 2024-07-28, attempting interpolation...
[2026-05-19 21:44:36] VIIRS interpolation gap: 2024-07-23 → 2024-07-29 (6 days apart)
[2026-05-19 21:44:36] VIIRS interpolated: prev=2024-07-23, next=2024-07-29, weight=0.833
[2026-05-19 21:44:37] Weather image size: 1
[2026-05-19 21:44:37] Forecast duration: 2024-07-29 00:00:00 to 2024-07-30 00:00:00
[2026-05-19 21:44:37] Number of forecast images: 24
[2026-05-19 21:44:37] Using forecast run: 2024-07-28 18:00:00 UTC
[2026-05-19 21:44:38] Forecast Rain Available hours: [6, 7, 8, 9, 10, 11, 12, 13, 14, 15, 16, 17, 18, 19, 20, 21, 22, 23, 24, 25, 26, 27, 28, 29]
[2026-05-19 21:44:38] Valid hours for sum: [12, 18, 24, 29]
[2026-05-19 21:44:40] Drought composite end date: 2024-07-23 06:00:00
[2026-05-19 21:44:41] Land cover year: 2023
[2026-05-19 21:44:42] VIIRS Veg composite: 2024-07-03 → 2024-07-19
[2026-05-19 21:44:45] Started export task: fire_175_dynamic_2024-07-28
[2026-05-19 21:44:46] END: ----------Event fire_175----------- (Duration: 57.66s)
[2026-05-19 21:44:46] START: ----------Event fire_176-----------
[2026-05-19 21:44:46] ------ Processing date=2024-07-24 ------
[2026-05-19 21:44:46] Using viirs_af_path: viirs_af_path
[2026-05-19 21:44:46] VIIRS Image Date: ['2024-07-24 00:00:00']
[2026-05-19 21:44:47] *** ERROR FLAG ***: VIIRS: data exists for 2024-07-24 but all pixels NaN → attempting interpolation...
[2026-05-19 21:44:49] VIIRS interpolation gap: 2024-07-23 → 2024-07-29 (6 days apart)
[2026-05-19 21:44:49] VIIRS interpolated: prev=2024-07-23, next=2024-07-29, weight=0.167
[2026-05-19 21:44:49] Weather image size: 1
[2026-05-19 21:44:49] Forecast duration: 2024-07-25 00:00:00 to 2024-07-26 00:00:00
[2026-05-19 21:44:50] Number of forecast images: 24
[2026-05-19 21:44:50] Using forecast run: 2024-07-24 18:00:00 UTC
[2026-05-19 21:44:50] Forecast Rain Available hours: [6, 7, 8, 9, 10, 11, 12, 13, 14, 15, 16, 17, 18, 19, 20, 21, 22, 23, 24, 25, 26, 27, 28, 29]
[2026-05-19 21:44:50] Valid hours for sum: [12, 18, 24, 29]
[2026-05-19 21:44:53] Drought composite end date: 2024-07-23 06:00:00
[2026-05-19 21:44:53] Land cover year: 2023
[2026-05-19 21:44:54] VIIRS Veg composite: 2024-07-03 → 2024-07-19
[2026-05-19 21:44:57] Started export task: fire_176_static
[2026-05-19 21:44:58] Started export task: fire_176_dynamic_2024-07-24
[2026-05-19 21:44:58] ------ Processing date=2024-07-25 ------
[2026-05-19 21:44:58] Using viirs_af_path: viirs_af_path
[2026-05-19 21:44:58] VIIRS Image Date: []
[2026-05-19 21:44:58] *** ERROR FLAG ***: VIIRS: no data for 2024-07-25, attempting interpolation...
[2026-05-19 21:45:00] VIIRS interpolation gap: 2024-07-23 → 2024-07-29 (6 days apart)
[2026-05-19 21:45:00] VIIRS interpolated: prev=2024-07-23, next=2024-07-29, weight=0.333
[2026-05-19 21:45:01] Weather image size: 1
[2026-05-19 21:45:01] Forecast duration: 2024-07-26 00:00:00 to 2024-07-27 00:00:00
[2026-05-19 21:45:02] Number of forecast images: 24
[2026-05-19 21:45:02] Using forecast run: 2024-07-25 18:00:00 UTC
[2026-05-19 21:45:02] Forecast Rain Available hours: [6, 7, 8, 9, 10, 11, 12, 13, 14, 15, 16, 17, 18, 19, 20, 21, 22, 23, 24, 25, 26, 27, 28, 29]
[2026-05-19 21:45:02] Valid hours for sum: [12, 18, 24, 29]
[2026-05-19 21:45:04] Drought composite end date: 2024-07-23 06:00:00
[2026-05-19 21:45:04] Land cover year: 2023
[2026-05-19 21:45:05] VIIRS Veg composite: 2024-07-03 → 2024-07-19
[2026-05-19 21:45:09] Started export task: fire_176_dynamic_2024-07-25
[2026-05-19 21:45:10] ------ Processing date=2024-07-26 ------
[2026-05-19 21:45:10] Using viirs_af_path: viirs_af_path
[2026-05-19 21:45:10] VIIRS Image Date: []
[2026-05-19 21:45:10] *** ERROR FLAG ***: VIIRS: no data for 2024-07-26, attempting interpolation...
[2026-05-19 21:45:12] VIIRS interpolation gap: 2024-07-23 → 2024-07-29 (6 days apart)
[2026-05-19 21:45:12] VIIRS interpolated: prev=2024-07-23, next=2024-07-29, weight=0.500
[2026-05-19 21:45:12] Weather image size: 1
[2026-05-19 21:45:12] Forecast duration: 2024-07-27 00:00:00 to 2024-07-28 00:00:00
[2026-05-19 21:45:13] Number of forecast images: 24
[2026-05-19 21:45:13] Using forecast run: 2024-07-26 18:00:00 UTC
[2026-05-19 21:45:14] Forecast Rain Available hours: [6, 7, 8, 9, 10, 11, 12, 13, 14, 15, 16, 17, 18, 19, 20, 21, 22, 23, 24, 25, 26, 27, 28, 29]
[2026-05-19 21:45:14] Valid hours for sum: [12, 18, 24, 29]
[2026-05-19 21:45:16] Drought composite end date: 2024-07-23 06:00:00
[2026-05-19 21:45:16] Land cover year: 2023
[2026-05-19 21:45:17] VIIRS Veg composite: 2024-07-03 → 2024-07-19
[2026-05-19 21:45:22] Started export task: fire_176_dynamic_2024-07-26
[2026-05-19 21:45:22] ------ Processing date=2024-07-27 ------
[2026-05-19 21:45:22] Using viirs_af_path: viirs_af_path
[2026-05-19 21:45:22] VIIRS Image Date: []
[2026-05-19 21:45:22] *** ERROR FLAG ***: VIIRS: no data for 2024-07-27, attempting interpolation...
[2026-05-19 21:45:25] VIIRS interpolation gap: 2024-07-23 → 2024-07-29 (6 days apart)
[2026-05-19 21:45:25] VIIRS interpolated: prev=2024-07-23, next=2024-07-29, weight=0.667
[2026-05-19 21:45:25] Weather image size: 1
[2026-05-19 21:45:25] Forecast duration: 2024-07-28 00:00:00 to 2024-07-29 00:00:00
[2026-05-19 21:45:26] Number of forecast images: 24
[2026-05-19 21:45:26] Using forecast run: 2024-07-27 18:00:00 UTC
[2026-05-19 21:45:26] Forecast Rain Available hours: [6, 7, 8, 9, 10, 11, 12, 13, 14, 15, 16, 17, 18, 19, 20, 21, 22, 23, 24, 25, 26, 27, 28, 29]
[2026-05-19 21:45:26] Valid hours for sum: [12, 18, 24, 29]
[2026-05-19 21:45:28] Drought composite end date: 2024-07-23 06:00:00
[2026-05-19 21:45:29] Land cover year: 2023
[2026-05-19 21:45:30] VIIRS Veg composite: 2024-07-03 → 2024-07-19
[2026-05-19 21:45:34] Started export task: fire_176_dynamic_2024-07-27
[2026-05-19 21:45:34] ------ Processing date=2024-07-28 ------
[2026-05-19 21:45:34] Using viirs_af_path: viirs_af_path
[2026-05-19 21:45:34] VIIRS Image Date: []
[2026-05-19 21:45:34] *** ERROR FLAG ***: VIIRS: no data for 2024-07-28, attempting interpolation...
[2026-05-19 21:45:37] VIIRS interpolation gap: 2024-07-23 → 2024-07-29 (6 days apart)
[2026-05-19 21:45:37] VIIRS interpolated: prev=2024-07-23, next=2024-07-29, weight=0.833
[2026-05-19 21:45:37] Weather image size: 1
[2026-05-19 21:45:37] Forecast duration: 2024-07-29 00:00:00 to 2024-07-30 00:00:00
[2026-05-19 21:45:38] Number of forecast images: 24
[2026-05-19 21:45:38] Using forecast run: 2024-07-28 18:00:00 UTC
[2026-05-19 21:45:38] Forecast Rain Available hours: [6, 7, 8, 9, 10, 11, 12, 13, 14, 15, 16, 17, 18, 19, 20, 21, 22, 23, 24, 25, 26, 27, 28, 29]
[2026-05-19 21:45:38] Valid hours for sum: [12, 18, 24, 29]
[2026-05-19 21:45:40] Drought composite end date: 2024-07-23 06:00:00
[2026-05-19 21:45:40] Land cover year: 2023
[2026-05-19 21:45:41] VIIRS Veg composite: 2024-07-03 → 2024-07-19
[2026-05-19 21:45:46] Started export task: fire_176_dynamic_2024-07-28
[2026-05-19 21:45:47] END: ----------Event fire_176----------- (Duration: 1.02m)
[2026-05-19 21:45:47] START: ----------Event fire_177-----------
[2026-05-19 21:45:47] ------ Processing date=2024-07-24 ------
[2026-05-19 21:45:47] Using viirs_af_path: viirs_af_path
[2026-05-19 21:45:47] VIIRS Image Date: ['2024-07-24 00:00:00']
[2026-05-19 21:45:47] *** ERROR FLAG ***: VIIRS: data exists for 2024-07-24 but all pixels NaN → attempting interpolation...
[2026-05-19 21:45:50] VIIRS interpolation gap: 2024-07-23 → 2024-07-29 (6 days apart)
[2026-05-19 21:45:50] VIIRS interpolated: prev=2024-07-23, next=2024-07-29, weight=0.167
[2026-05-19 21:45:50] Weather image size: 1
[2026-05-19 21:45:50] Forecast duration: 2024-07-25 00:00:00 to 2024-07-26 00:00:00
[2026-05-19 21:45:55] Number of forecast images: 24
[2026-05-19 21:45:55] Using forecast run: 2024-07-24 18:00:00 UTC
[2026-05-19 21:45:56] Forecast Rain Available hours: [6, 7, 8, 9, 10, 11, 12, 13, 14, 15, 16, 17, 18, 19, 20, 21, 22, 23, 24, 25, 26, 27, 28, 29]
[2026-05-19 21:45:56] Valid hours for sum: [12, 18, 24, 29]
[2026-05-19 21:45:58] Drought composite end date: 2024-07-23 06:00:00
[2026-05-19 21:45:58] Land cover year: 2023
[2026-05-19 21:45:59] VIIRS Veg composite: 2024-07-03 → 2024-07-19
[2026-05-19 21:46:03] Started export task: fire_177_static
[2026-05-19 21:46:03] Started export task: fire_177_dynamic_2024-07-24
[2026-05-19 21:46:04] ------ Processing date=2024-07-25 ------
[2026-05-19 21:46:04] Using viirs_af_path: viirs_af_path
[2026-05-19 21:46:04] VIIRS Image Date: []
[2026-05-19 21:46:04] *** ERROR FLAG ***: VIIRS: no data for 2024-07-25, attempting interpolation...
[2026-05-19 21:46:06] VIIRS interpolation gap: 2024-07-23 → 2024-07-29 (6 days apart)
[2026-05-19 21:46:06] VIIRS interpolated: prev=2024-07-23, next=2024-07-29, weight=0.333
[2026-05-19 21:46:07] Weather image size: 1
[2026-05-19 21:46:07] Forecast duration: 2024-07-26 00:00:00 to 2024-07-27 00:00:00
[2026-05-19 21:46:07] Number of forecast images: 24
[2026-05-19 21:46:07] Using forecast run: 2024-07-25 18:00:00 UTC
[2026-05-19 21:46:08] Forecast Rain Available hours: [6, 7, 8, 9, 10, 11, 12, 13, 14, 15, 16, 17, 18, 19, 20, 21, 22, 23, 24, 25, 26, 27, 28, 29]
[2026-05-19 21:46:08] Valid hours for sum: [12, 18, 24, 29]
[2026-05-19 21:46:10] Drought composite end date: 2024-07-23 06:00:00
[2026-05-19 21:46:10] Land cover year: 2023
[2026-05-19 21:46:11] VIIRS Veg composite: 2024-07-03 → 2024-07-19
[2026-05-20 06:12:06] END: ----------Event fire_177----------- (Duration: 1.50h)
[2026-05-20 06:12:06] END: Dataset Creation Run (Duration: 1.79h)