[2026-05-19 21:03:15] START: Dataset Creation Run
[2026-05-19 21:03:15] Loading config from /Users/rabinatwayana/2_CDE_MT/CL/CDE_Master_Thesis_Wildfire_CL/dataset_creation/output_events_yaml/nan_viirs_2017.yaml
[2026-05-19 21:03:15] Using key file: key/gcloud_key.json
[2026-05-19 21:03:15] Using service account: None
[2026-05-19 21:03:15] Using VIIRS AF asset path: projects/wsts-dataset-creation/assets/viirs_snpp_fire_archive_jun2016_apr2026
[2026-05-19 21:03:15] START: Earth Engine Initialization
[2026-05-19 21:03:17] VIIRS AF asset accessible: projects/wsts-dataset-creation/assets/viirs_snpp_fire_archive_jun2016_apr2026
[2026-05-19 21:03:17] END: Earth Engine Initialization (Duration: 2.18s)
[2026-05-19 21:03:17] Total fire events to process: 12
[2026-05-19 21:03:17] =======Config=============
[2026-05-19 21:03:17] output_bucket: wsts_dataset
[2026-05-19 21:03:17] global_degree_bbox_size: 1.0
[2026-05-19 21:03:17] year: 2017
[2026-05-19 21:03:17] export_crs: EPSG:5070
[2026-05-19 21:03:17] export_resolution: 375
[2026-05-19 21:03:17] pre_buffer_days: 0
[2026-05-19 21:03:17] post_buffer_days: 0
[2026-05-19 21:03:18] START: ----------Event fire_132-----------
[2026-05-19 21:03:18] ------ Processing date=2017-06-04 ------
[2026-05-19 21:03:18] Using viirs_af_path: viirs_af_path
[2026-05-19 21:03:18] VIIRS Image Date: ['2017-06-04 00:00:00']
[2026-05-19 21:03:19] *** ERROR FLAG ***: VIIRS: data exists for 2017-06-04 but all pixels NaN → attempting interpolation...
[2026-05-19 21:03:21] VIIRS interpolation gap: 2017-06-03 → 2017-06-05 (2 days apart)
[2026-05-19 21:03:21] VIIRS interpolated: prev=2017-06-03, next=2017-06-05, weight=0.500
[2026-05-19 21:03:21] Weather image size: 1
[2026-05-19 21:03:21] Forecast duration: 2017-06-05 00:00:00 to 2017-06-06 00:00:00
[2026-05-19 21:03:23] Number of forecast images: 24
[2026-05-19 21:03:23] Using forecast run: 2017-06-04 18:00:00 UTC
[2026-05-19 21:03:24] Forecast Rain Available hours: [6, 7, 8, 9, 10, 11, 12, 13, 14, 15, 16, 17, 18, 19, 20, 21, 22, 23, 24, 25, 26, 27, 28, 29]
[2026-05-19 21:03:24] Valid hours for sum: [12, 18, 24, 29]
[2026-05-19 21:03:26] Drought composite end date: 2017-05-30 06:00:00
[2026-05-19 21:03:26] Land cover year: 2016
[2026-05-19 21:03:28] VIIRS Veg composite: 2017-05-17 → 2017-06-02
[2026-05-19 21:03:31] Started export task: fire_132_static
[2026-05-19 21:03:31] Started export task: fire_132_dynamic_2017-06-04
[2026-05-19 21:03:32] END: ----------Event fire_132----------- (Duration: 14.44s)
[2026-05-19 21:03:32] START: ----------Event fire_182-----------
[2026-05-19 21:03:32] ------ Processing date=2017-09-29 ------
[2026-05-19 21:03:32] Using viirs_af_path: viirs_af_path
[2026-05-19 21:03:33] VIIRS Image Date: ['2017-09-29 00:00:00']
[2026-05-19 21:03:33] *** ERROR FLAG ***: VIIRS: data exists for 2017-09-29 but all pixels NaN → attempting interpolation...
[2026-05-19 21:03:36] VIIRS interpolation gap: 2017-09-28 → 2017-09-30 (2 days apart)
[2026-05-19 21:03:36] VIIRS interpolated: prev=2017-09-28, next=2017-09-30, weight=0.500
[2026-05-19 21:03:36] Weather image size: 1
[2026-05-19 21:03:36] Forecast duration: 2017-09-30 00:00:00 to 2017-10-01 00:00:00
[2026-05-19 21:03:37] Number of forecast images: 24
[2026-05-19 21:03:37] Using forecast run: 2017-09-29 18:00:00 UTC
[2026-05-19 21:03:38] Forecast Rain Available hours: [6, 7, 8, 9, 10, 11, 12, 13, 14, 15, 16, 17, 18, 19, 20, 21, 22, 23, 24, 25, 26, 27, 28, 29]
[2026-05-19 21:03:38] Valid hours for sum: [12, 18, 24, 29]
[2026-05-19 21:03:41] Drought composite end date: 2017-09-27 06:00:00
[2026-05-19 21:03:42] Land cover year: 2016
[2026-05-19 21:03:44] VIIRS Veg composite: 2017-09-06 → 2017-09-22
[2026-05-19 21:03:48] Started export task: fire_182_static
[2026-05-19 21:03:49] Started export task: fire_182_dynamic_2017-09-29
[2026-05-19 21:03:49] END: ----------Event fire_182----------- (Duration: 17.20s)
[2026-05-19 21:03:49] START: ----------Event fire_219-----------
[2026-05-19 21:03:50] ------ Processing date=2017-08-27 ------
[2026-05-19 21:03:50] Using viirs_af_path: viirs_af_path
[2026-05-19 21:03:50] VIIRS Image Date: ['2017-08-27 00:00:00']
[2026-05-19 21:03:50] *** ERROR FLAG ***: VIIRS: data exists for 2017-08-27 but all pixels NaN → attempting interpolation...
[2026-05-19 21:03:53] VIIRS interpolation gap: 2017-08-26 → 2017-08-28 (2 days apart)
[2026-05-19 21:03:53] VIIRS interpolated: prev=2017-08-26, next=2017-08-28, weight=0.500
[2026-05-19 21:03:53] Weather image size: 1
[2026-05-19 21:03:53] Forecast duration: 2017-08-28 00:00:00 to 2017-08-29 00:00:00
[2026-05-19 21:03:54] Number of forecast images: 24
[2026-05-19 21:03:54] Using forecast run: 2017-08-27 18:00:00 UTC
[2026-05-19 21:03:54] Forecast Rain Available hours: [6, 7, 8, 9, 10, 11, 12, 13, 14, 15, 16, 17, 18, 19, 20, 21, 22, 23, 24, 25, 26, 27, 28, 29]
[2026-05-19 21:03:54] Valid hours for sum: [12, 18, 24, 29]
[2026-05-19 21:03:56] Drought composite end date: 2017-08-23 06:00:00
[2026-05-19 21:03:57] Land cover year: 2016
[2026-05-19 21:03:58] VIIRS Veg composite: 2017-08-05 → 2017-08-21
[2026-05-19 21:04:02] Started export task: fire_219_static
[2026-05-19 21:04:03] Started export task: fire_219_dynamic_2017-08-27
[2026-05-19 21:04:03] END: ----------Event fire_219----------- (Duration: 14.01s)
[2026-05-19 21:04:03] START: ----------Event fire_221-----------
[2026-05-19 21:04:04] ------ Processing date=2017-08-27 ------
[2026-05-19 21:04:04] Using viirs_af_path: viirs_af_path
[2026-05-19 21:04:04] VIIRS Image Date: ['2017-08-27 00:00:00']
[2026-05-19 21:04:05] *** ERROR FLAG ***: VIIRS: data exists for 2017-08-27 but all pixels NaN → attempting interpolation...
[2026-05-19 21:04:07] VIIRS interpolation gap: 2017-08-26 → 2017-08-28 (2 days apart)
[2026-05-19 21:04:07] VIIRS interpolated: prev=2017-08-26, next=2017-08-28, weight=0.500
[2026-05-19 21:04:08] Weather image size: 1
[2026-05-19 21:04:08] Forecast duration: 2017-08-28 00:00:00 to 2017-08-29 00:00:00
[2026-05-19 21:04:09] Number of forecast images: 24
[2026-05-19 21:04:09] Using forecast run: 2017-08-27 18:00:00 UTC
[2026-05-19 21:04:09] Forecast Rain Available hours: [6, 7, 8, 9, 10, 11, 12, 13, 14, 15, 16, 17, 18, 19, 20, 21, 22, 23, 24, 25, 26, 27, 28, 29]
[2026-05-19 21:04:09] Valid hours for sum: [12, 18, 24, 29]
[2026-05-19 21:04:11] Drought composite end date: 2017-08-23 06:00:00
[2026-05-19 21:04:12] Land cover year: 2016
[2026-05-19 21:04:12] VIIRS Veg composite: 2017-08-05 → 2017-08-21
[2026-05-19 21:04:16] Started export task: fire_221_static
[2026-05-19 21:04:17] Started export task: fire_221_dynamic_2017-08-27
[2026-05-19 21:04:18] END: ----------Event fire_221----------- (Duration: 14.50s)
[2026-05-19 21:04:18] START: ----------Event fire_225-----------
[2026-05-19 21:04:18] ------ Processing date=2017-08-27 ------
[2026-05-19 21:04:18] Using viirs_af_path: viirs_af_path
[2026-05-19 21:04:19] VIIRS Image Date: ['2017-08-27 00:00:00']
[2026-05-19 21:04:19] *** ERROR FLAG ***: VIIRS: data exists for 2017-08-27 but all pixels NaN → attempting interpolation...
[2026-05-19 21:04:21] VIIRS interpolation gap: 2017-08-26 → 2017-08-28 (2 days apart)
[2026-05-19 21:04:21] VIIRS interpolated: prev=2017-08-26, next=2017-08-28, weight=0.500
[2026-05-19 21:04:21] Weather image size: 1
[2026-05-19 21:04:21] Forecast duration: 2017-08-28 00:00:00 to 2017-08-29 00:00:00
[2026-05-19 21:04:23] Number of forecast images: 24
[2026-05-19 21:04:23] Using forecast run: 2017-08-27 18:00:00 UTC
[2026-05-19 21:04:24] Forecast Rain Available hours: [6, 7, 8, 9, 10, 11, 12, 13, 14, 15, 16, 17, 18, 19, 20, 21, 22, 23, 24, 25, 26, 27, 28, 29]
[2026-05-19 21:04:24] Valid hours for sum: [12, 18, 24, 29]
[2026-05-19 21:04:25] Drought composite end date: 2017-08-23 06:00:00
[2026-05-19 21:04:26] Land cover year: 2016
[2026-05-19 21:04:27] VIIRS Veg composite: 2017-08-05 → 2017-08-21
[2026-05-19 21:04:30] Started export task: fire_225_static
[2026-05-19 21:04:31] Started export task: fire_225_dynamic_2017-08-27
[2026-05-19 21:04:31] END: ----------Event fire_225----------- (Duration: 13.64s)
[2026-05-19 21:04:31] START: ----------Event fire_228-----------
[2026-05-19 21:04:32] ------ Processing date=2017-08-27 ------
[2026-05-19 21:04:32] Using viirs_af_path: viirs_af_path
[2026-05-19 21:04:32] VIIRS Image Date: ['2017-08-27 00:00:00']
[2026-05-19 21:04:32] *** ERROR FLAG ***: VIIRS: data exists for 2017-08-27 but all pixels NaN → attempting interpolation...
[2026-05-19 21:04:34] VIIRS interpolation gap: 2017-08-26 → 2017-08-28 (2 days apart)
[2026-05-19 21:04:34] VIIRS interpolated: prev=2017-08-26, next=2017-08-28, weight=0.500
[2026-05-19 21:04:35] Weather image size: 1
[2026-05-19 21:04:35] Forecast duration: 2017-08-28 00:00:00 to 2017-08-29 00:00:00
[2026-05-19 21:04:36] Number of forecast images: 24
[2026-05-19 21:04:36] Using forecast run: 2017-08-27 18:00:00 UTC
[2026-05-19 21:04:36] Forecast Rain Available hours: [6, 7, 8, 9, 10, 11, 12, 13, 14, 15, 16, 17, 18, 19, 20, 21, 22, 23, 24, 25, 26, 27, 28, 29]
[2026-05-19 21:04:36] Valid hours for sum: [12, 18, 24, 29]
[2026-05-19 21:04:38] Drought composite end date: 2017-08-23 06:00:00
[2026-05-19 21:04:39] Land cover year: 2016
[2026-05-19 21:04:39] VIIRS Veg composite: 2017-08-05 → 2017-08-21
[2026-05-19 21:04:43] Started export task: fire_228_static
[2026-05-19 21:04:43] Started export task: fire_228_dynamic_2017-08-27
[2026-05-19 21:04:44] END: ----------Event fire_228----------- (Duration: 12.53s)
[2026-05-19 21:04:44] START: ----------Event fire_233-----------
[2026-05-19 21:04:44] ------ Processing date=2017-09-29 ------
[2026-05-19 21:04:44] Using viirs_af_path: viirs_af_path
[2026-05-19 21:04:44] VIIRS Image Date: ['2017-09-29 00:00:00']
[2026-05-19 21:04:45] *** ERROR FLAG ***: VIIRS: data exists for 2017-09-29 but all pixels NaN → attempting interpolation...
[2026-05-19 21:04:46] VIIRS interpolation gap: 2017-09-28 → 2017-09-30 (2 days apart)
[2026-05-19 21:04:46] VIIRS interpolated: prev=2017-09-28, next=2017-09-30, weight=0.500
[2026-05-19 21:04:46] Weather image size: 1
[2026-05-19 21:04:46] Forecast duration: 2017-09-30 00:00:00 to 2017-10-01 00:00:00
[2026-05-19 21:04:47] Number of forecast images: 24
[2026-05-19 21:04:47] Using forecast run: 2017-09-29 18:00:00 UTC
[2026-05-19 21:04:48] Forecast Rain Available hours: [6, 7, 8, 9, 10, 11, 12, 13, 14, 15, 16, 17, 18, 19, 20, 21, 22, 23, 24, 25, 26, 27, 28, 29]
[2026-05-19 21:04:48] Valid hours for sum: [12, 18, 24, 29]
[2026-05-19 21:04:50] Drought composite end date: 2017-09-27 06:00:00
[2026-05-19 21:04:50] Land cover year: 2016
[2026-05-19 21:04:51] VIIRS Veg composite: 2017-09-06 → 2017-09-22
[2026-05-19 21:04:53] Started export task: fire_233_static
[2026-05-19 21:04:54] Started export task: fire_233_dynamic_2017-09-29
[2026-05-19 21:04:55] END: ----------Event fire_233----------- (Duration: 10.89s)
[2026-05-19 21:04:55] START: ----------Event fire_235-----------
[2026-05-19 21:04:55] ------ Processing date=2017-08-27 ------
[2026-05-19 21:04:55] Using viirs_af_path: viirs_af_path
[2026-05-19 21:04:55] VIIRS Image Date: ['2017-08-27 00:00:00']
[2026-05-19 21:04:56] *** ERROR FLAG ***: VIIRS: data exists for 2017-08-27 but all pixels NaN → attempting interpolation...
[2026-05-19 21:04:57] VIIRS interpolation gap: 2017-08-26 → 2017-08-28 (2 days apart)
[2026-05-19 21:04:57] VIIRS interpolated: prev=2017-08-26, next=2017-08-28, weight=0.500
[2026-05-19 21:04:58] Weather image size: 1
[2026-05-19 21:04:58] Forecast duration: 2017-08-28 00:00:00 to 2017-08-29 00:00:00
[2026-05-19 21:04:58] Number of forecast images: 24
[2026-05-19 21:04:58] Using forecast run: 2017-08-27 18:00:00 UTC
[2026-05-19 21:04:59] Forecast Rain Available hours: [6, 7, 8, 9, 10, 11, 12, 13, 14, 15, 16, 17, 18, 19, 20, 21, 22, 23, 24, 25, 26, 27, 28, 29]
[2026-05-19 21:04:59] Valid hours for sum: [12, 18, 24, 29]
[2026-05-19 21:05:00] Drought composite end date: 2017-08-23 06:00:00
[2026-05-19 21:05:01] Land cover year: 2016
[2026-05-19 21:05:01] VIIRS Veg composite: 2017-08-05 → 2017-08-21
[2026-05-19 21:05:05] Started export task: fire_235_static
[2026-05-19 21:05:05] Started export task: fire_235_dynamic_2017-08-27
[2026-05-19 21:05:06] END: ----------Event fire_235----------- (Duration: 11.23s)
[2026-05-19 21:05:06] START: ----------Event fire_239-----------
[2026-05-19 21:05:06] ------ Processing date=2017-08-27 ------
[2026-05-19 21:05:06] Using viirs_af_path: viirs_af_path
[2026-05-19 21:05:06] VIIRS Image Date: ['2017-08-27 00:00:00']
[2026-05-19 21:05:07] *** ERROR FLAG ***: VIIRS: data exists for 2017-08-27 but all pixels NaN → attempting interpolation...
[2026-05-19 21:05:09] VIIRS interpolation gap: 2017-08-26 → 2017-08-28 (2 days apart)
[2026-05-19 21:05:09] VIIRS interpolated: prev=2017-08-26, next=2017-08-28, weight=0.500
[2026-05-19 21:05:09] Weather image size: 1
[2026-05-19 21:05:09] Forecast duration: 2017-08-28 00:00:00 to 2017-08-29 00:00:00
[2026-05-19 21:05:10] Number of forecast images: 24
[2026-05-19 21:05:10] Using forecast run: 2017-08-27 18:00:00 UTC
[2026-05-19 21:05:11] Forecast Rain Available hours: [6, 7, 8, 9, 10, 11, 12, 13, 14, 15, 16, 17, 18, 19, 20, 21, 22, 23, 24, 25, 26, 27, 28, 29]
[2026-05-19 21:05:11] Valid hours for sum: [12, 18, 24, 29]
[2026-05-19 21:05:13] Drought composite end date: 2017-08-23 06:00:00
[2026-05-19 21:05:13] Land cover year: 2016
[2026-05-19 21:05:14] VIIRS Veg composite: 2017-08-05 → 2017-08-21
[2026-05-19 21:05:17] Started export task: fire_239_static
[2026-05-19 21:05:17] Started export task: fire_239_dynamic_2017-08-27
[2026-05-19 21:05:18] END: ----------Event fire_239----------- (Duration: 11.79s)
[2026-05-19 21:05:18] START: ----------Event fire_250-----------
[2026-05-19 21:05:18] ------ Processing date=2017-09-29 ------
[2026-05-19 21:05:18] Using viirs_af_path: viirs_af_path
[2026-05-19 21:05:19] VIIRS Image Date: ['2017-09-29 00:00:00']
[2026-05-19 21:05:19] *** ERROR FLAG ***: VIIRS: data exists for 2017-09-29 but all pixels NaN → attempting interpolation...
[2026-05-19 21:05:21] VIIRS interpolation gap: 2017-09-28 → 2017-09-30 (2 days apart)
[2026-05-19 21:05:21] VIIRS interpolated: prev=2017-09-28, next=2017-09-30, weight=0.500
[2026-05-19 21:05:21] Weather image size: 1
[2026-05-19 21:05:21] Forecast duration: 2017-09-30 00:00:00 to 2017-10-01 00:00:00
[2026-05-19 21:05:22] Number of forecast images: 24
[2026-05-19 21:05:22] Using forecast run: 2017-09-29 18:00:00 UTC
[2026-05-19 21:05:23] Forecast Rain Available hours: [6, 7, 8, 9, 10, 11, 12, 13, 14, 15, 16, 17, 18, 19, 20, 21, 22, 23, 24, 25, 26, 27, 28, 29]
[2026-05-19 21:05:23] Valid hours for sum: [12, 18, 24, 29]
[2026-05-19 21:05:25] Drought composite end date: 2017-09-27 06:00:00
[2026-05-19 21:05:25] Land cover year: 2016
[2026-05-19 21:05:26] VIIRS Veg composite: 2017-09-06 → 2017-09-22
[2026-05-19 21:05:29] Started export task: fire_250_static
[2026-05-19 21:05:30] Started export task: fire_250_dynamic_2017-09-29
[2026-05-19 21:05:30] END: ----------Event fire_250----------- (Duration: 12.53s)
[2026-05-19 21:05:30] START: ----------Event fire_256-----------
[2026-05-19 21:05:31] ------ Processing date=2017-09-29 ------
[2026-05-19 21:05:31] Using viirs_af_path: viirs_af_path
[2026-05-19 21:05:31] VIIRS Image Date: ['2017-09-29 00:00:00']
[2026-05-19 21:05:31] *** ERROR FLAG ***: VIIRS: data exists for 2017-09-29 but all pixels NaN → attempting interpolation...
[2026-05-19 21:05:32] VIIRS interpolation gap: 2017-09-28 → 2017-09-30 (2 days apart)
[2026-05-19 21:05:32] VIIRS interpolated: prev=2017-09-28, next=2017-09-30, weight=0.500
[2026-05-19 21:05:33] Weather image size: 1
[2026-05-19 21:05:33] Forecast duration: 2017-09-30 00:00:00 to 2017-10-01 00:00:00
[2026-05-19 21:05:34] Number of forecast images: 24
[2026-05-19 21:05:34] Using forecast run: 2017-09-29 18:00:00 UTC
[2026-05-19 21:05:34] Forecast Rain Available hours: [6, 7, 8, 9, 10, 11, 12, 13, 14, 15, 16, 17, 18, 19, 20, 21, 22, 23, 24, 25, 26, 27, 28, 29]
[2026-05-19 21:05:34] Valid hours for sum: [12, 18, 24, 29]
[2026-05-19 21:05:36] Drought composite end date: 2017-09-27 06:00:00
[2026-05-19 21:05:36] Land cover year: 2016
[2026-05-19 21:05:38] VIIRS Veg composite: 2017-09-06 → 2017-09-22
[2026-05-19 21:05:42] Started export task: fire_256_static
[2026-05-19 21:05:43] Started export task: fire_256_dynamic_2017-09-29
[2026-05-19 21:05:43] END: ----------Event fire_256----------- (Duration: 12.80s)
[2026-05-19 21:05:43] START: ----------Event fire_259-----------
[2026-05-19 21:05:43] ------ Processing date=2017-09-29 ------
[2026-05-19 21:05:43] Using viirs_af_path: viirs_af_path
[2026-05-19 21:05:44] VIIRS Image Date: ['2017-09-29 00:00:00']
[2026-05-19 21:05:44] *** ERROR FLAG ***: VIIRS: data exists for 2017-09-29 but all pixels NaN → attempting interpolation...
[2026-05-19 21:05:45] VIIRS interpolation gap: 2017-09-28 → 2017-09-30 (2 days apart)
[2026-05-19 21:05:45] VIIRS interpolated: prev=2017-09-28, next=2017-09-30, weight=0.500
[2026-05-19 21:05:46] Weather image size: 1
[2026-05-19 21:05:46] Forecast duration: 2017-09-30 00:00:00 to 2017-10-01 00:00:00
[2026-05-19 21:05:47] Number of forecast images: 24
[2026-05-19 21:05:47] Using forecast run: 2017-09-29 18:00:00 UTC
[2026-05-19 21:05:47] Forecast Rain Available hours: [6, 7, 8, 9, 10, 11, 12, 13, 14, 15, 16, 17, 18, 19, 20, 21, 22, 23, 24, 25, 26, 27, 28, 29]
[2026-05-19 21:05:47] Valid hours for sum: [12, 18, 24, 29]
[2026-05-19 21:05:50] Drought composite end date: 2017-09-27 06:00:00
[2026-05-19 21:05:50] Land cover year: 2016
[2026-05-19 21:05:51] VIIRS Veg composite: 2017-09-06 → 2017-09-22
[2026-05-19 21:05:54] Started export task: fire_259_static
[2026-05-19 21:05:54] Started export task: fire_259_dynamic_2017-09-29
[2026-05-19 21:05:55] END: ----------Event fire_259----------- (Duration: 11.67s)
[2026-05-19 21:05:55] ========= Run finished. ========= 

[2026-05-19 21:05:55] Success count: 12
[2026-05-19 21:05:55] Failure count: 0
[2026-05-19 21:05:55] END: Dataset Creation Run (Duration: 2.66m)